==============================================================
Vitis HLS - High-Level Synthesis from C, C++ and OpenCL v2022.1 (64-bit)
Tool Version Limit: 2022.04
Copyright 1986-2022 Xilinx, Inc. All Rights Reserved.
==============================================================
INFO: [SYN 201-201] Setting up clock 'default' with a period of 10ns.
INFO: [HLS 200-1611] Setting target device to 'xc7z020-clg484-1'
INFO: [HLS 200-1505] Using flow_target 'vivado'
INFO: [HLS 200-1510] Running: set_part xc7z020clg484-1 
INFO: [HLS 200-1510] Running: create_clock -period 10 -name default 
INFO: [SYN 201-201] Setting up clock 'default' with a period of 10ns.
INFO: [HLS 200-1510] Running: csim_design -quiet 
INFO: [SIM 211-2] *************** CSIM start ***************
INFO: [SIM 211-4] CSIM will launch GCC as the compiler.
INFO: [SIM 211-1] CSim done with 0 errors.
INFO: [SIM 211-3] *************** CSIM finish ***************
INFO: [HLS 200-111] Finished Command csim_design CPU user time: 0 seconds. CPU system time: 1 seconds. Elapsed time: 10.121 seconds; current allocated memory: 0.000 MB.
INFO: [HLS 200-112] Total CPU user time: 5 seconds. Total CPU system time: 3 seconds. Total elapsed time: 17.462 seconds; peak allocated memory: 1.466 GB.
==============================================================
Vitis HLS - High-Level Synthesis from C, C++ and OpenCL v2022.1 (64-bit)
Tool Version Limit: 2022.04
Copyright 1986-2022 Xilinx, Inc. All Rights Reserved.
==============================================================
INFO: [SYN 201-201] Setting up clock 'default' with a period of 10ns.
INFO: [HLS 200-1611] Setting target device to 'xc7z020-clg484-1'
INFO: [HLS 200-1505] Using flow_target 'vivado'
INFO: [HLS 200-1510] Running: set_part xc7z020clg484-1 
INFO: [HLS 200-1510] Running: create_clock -period 10 -name default 
INFO: [HLS 200-1510] Running: csynth_design 
INFO: [HLS 200-111] Finished File checks and directory preparation: CPU user time: 0 seconds. CPU system time: 0 seconds. Elapsed time: 0.056 seconds; current allocated memory: 1.408 GB.
INFO: [HLS 200-10] Analyzing design file 'src/relu.cpp' ... 
INFO: [HLS 200-10] Analyzing design file 'src/maxpool.cpp' ... 
INFO: [HLS 200-10] Analyzing design file 'src/conv_engine.cpp' ... 
INFO: [HLS 200-10] Analyzing design file 'src/accel_top.cpp' ... 
INFO: [HLS 200-111] Finished Source Code Analysis and Preprocessing: CPU user time: 0 seconds. CPU system time: 1 seconds. Elapsed time: 18.151 seconds; current allocated memory: 1.408 GB.
INFO: [HLS 200-777] Using interface defaults for 'Vivado' flow target.
INFO: [HLS 214-131] Inlining function 'ssdm_int<8, true>::ssdm_int(signed char)' into 'ap_int_base<8, true>::ap_int_base(int)' (D:/Vitis_HLS/2022.1/common/technology/autopilot\ap_int_base.h:260:67)
INFO: [HLS 214-131] Inlining function 'ap_int_base<8, true>::ap_int_base(int)' into 'ap_int<8>::ap_int(int)' (D:/Vitis_HLS/2022.1/common/technology/autopilot\ap_int.h:179:57)
INFO: [HLS 214-131] Inlining function 'ssdm_int<16, true>::ssdm_int(short)' into 'ap_int_base<16, true>::ap_int_base<8, true>(ap_int_base<8, true> const&)' (D:/Vitis_HLS/2022.1/common/technology/autopilot\ap_int_base.h:231:106)
INFO: [HLS 214-131] Inlining function 'ssdm_int<16, true>::ssdm_int(short)' into 'ap_int_base<16, true>::ap_int_base(int)' (D:/Vitis_HLS/2022.1/common/technology/autopilot\ap_int_base.h:260:67)
INFO: [HLS 214-131] Inlining function 'ap_int_base<16, true>::ap_int_base<8, true>(ap_int_base<8, true> const&)' into 'ap_int_base<8, true>::RType<8, true>::mult operator*<8, true, 8, true>(ap_int_base<8, true> const&, ap_int_base<8, true> const&)' (D:/Vitis_HLS/2022.1/common/technology/autopilot\ap_int_base.h:1540:339)
INFO: [HLS 214-131] Inlining function 'ap_int<16>::ap_int<16, true>(ap_int_base<16, true> const&)' into 'ap_int_base<8, true>::RType<8, true>::mult operator*<8, true, 8, true>(ap_int_base<8, true> const&, ap_int_base<8, true> const&)' (D:/Vitis_HLS/2022.1/common/technology/autopilot\ap_int_base.h:1540:554)
INFO: [HLS 214-131] Inlining function 'ap_int_base<16, true>::ap_int_base(int)' into 'ap_int_base<8, true>::RType<8, true>::mult operator*<8, true, 8, true>(ap_int_base<8, true> const&, ap_int_base<8, true> const&)' (D:/Vitis_HLS/2022.1/common/technology/autopilot\ap_int_base.h:1540:516)
INFO: [HLS 214-131] Inlining function 'ap_int_base<16, true>::ap_int_base<8, true>(ap_int_base<8, true> const&)' into 'ap_int_base<8, true>::RType<8, true>::mult operator*<8, true, 8, true>(ap_int_base<8, true> const&, ap_int_base<8, true> const&)' (D:/Vitis_HLS/2022.1/common/technology/autopilot\ap_int_base.h:1540:427)
INFO: [HLS 214-131] Inlining function 'ap_int<8>::ap_int(int)' into 'conv_engine(ap_int<8> (*) [32][32], ap_int<8> (*) [7][7], ap_int<32>, ap_int<32> (*) [32], int, int, int, int, int, int)' (src/conv_engine.cpp:56:72)
INFO: [HLS 214-131] Inlining function 'ap_int_base<32, true>& ap_int_base<32, true>::operator+=<16, true>(ap_int_base<16, true> const&)' into 'conv_engine(ap_int<8> (*) [32][32], ap_int<8> (*) [7][7], ap_int<32>, ap_int<32> (*) [32], int, int, int, int, int, int)' (src/conv_engine.cpp:58:29)
INFO: [HLS 214-131] Inlining function 'ap_int_base<8, true>::RType<8, true>::mult operator*<8, true, 8, true>(ap_int_base<8, true> const&, ap_int_base<8, true> const&)' into 'conv_engine(ap_int<8> (*) [32][32], ap_int<8> (*) [7][7], ap_int<32>, ap_int<32> (*) [32], int, int, int, int, int, int)' (src/conv_engine.cpp:57:46)
INFO: [HLS 214-131] Inlining function 'ssdm_int<32, true>::ssdm_int(int)' into 'ap_int_base<32, true>::ap_int_base(int)' (D:/Vitis_HLS/2022.1/common/technology/autopilot\ap_int_base.h:260:67)
INFO: [HLS 214-131] Inlining function 'ap_int_base<32, true>::ap_int_base(int)' into 'bool operator<<32, true>(ap_int_base<32, true> const&, int)' (D:/Vitis_HLS/2022.1/common/technology/autopilot\ap_int_base.h:1834:713)
INFO: [HLS 214-131] Inlining function 'bool ap_int_base<32, true>::operator<<32, true>(ap_int_base<32, true> const&) const' into 'bool operator<<32, true>(ap_int_base<32, true> const&, int)' (D:/Vitis_HLS/2022.1/common/technology/autopilot\ap_int_base.h:1834:711)
INFO: [HLS 214-131] Inlining function 'ap_int_base<32, true>::ap_int_base(int)' into 'ap_int<32>::ap_int(int)' (D:/Vitis_HLS/2022.1/common/technology/autopilot\ap_int.h:179:57)
INFO: [HLS 214-131] Inlining function 'bool operator<<32, true>(ap_int_base<32, true> const&, int)' into 'relu(ap_int<32> (*) [32], int, int)' (src/relu.cpp:39:21)
INFO: [HLS 214-131] Inlining function 'ap_int<32>::ap_int(int)' into 'relu(ap_int<32> (*) [32], int, int)' (src/relu.cpp:40:37)
INFO: [HLS 214-131] Inlining function 'bool ap_int_base<32, true>::operator><32, true>(ap_int_base<32, true> const&) const' into 'maxpool_2x2(ap_int<32> (*) [32], ap_int<32> (*) [32], int, int)' (src/maxpool.cpp:60:37)
INFO: [HLS 214-131] Inlining function 'bool ap_int_base<32, true>::operator><32, true>(ap_int_base<32, true> const&) const' into 'maxpool_2x2(ap_int<32> (*) [32], ap_int<32> (*) [32], int, int)' (src/maxpool.cpp:62:38)
INFO: [HLS 214-131] Inlining function 'bool ap_int_base<32, true>::operator><32, true>(ap_int_base<32, true> const&) const' into 'maxpool_2x2(ap_int<32> (*) [32], ap_int<32> (*) [32], int, int)' (src/maxpool.cpp:61:37)
INFO: [HLS 214-178] Inlining function 'conv_engine(ap_int<8> (*) [32][32], ap_int<8> (*) [7][7], ap_int<32>, ap_int<32> (*) [32], int, int, int, int, int, int)' into 'accel_top(ap_int<8>*, ap_int<8>*, ap_int<32>*, ap_int<32>*, int, int, int, int, int, int, int, int, int)' (src/accel_top.cpp:38:0)
INFO: [HLS 214-178] Inlining function 'relu(ap_int<32> (*) [32], int, int)' into 'accel_top(ap_int<8>*, ap_int<8>*, ap_int<32>*, ap_int<32>*, int, int, int, int, int, int, int, int, int)' (src/accel_top.cpp:38:0)
INFO: [HLS 214-178] Inlining function 'maxpool_2x2(ap_int<32> (*) [32], ap_int<32> (*) [32], int, int)' into 'accel_top(ap_int<8>*, ap_int<8>*, ap_int<32>*, ap_int<32>*, int, int, int, int, int, int, int, int, int)' (src/accel_top.cpp:38:0)
INFO: [HLS 214-241] Aggregating maxi variable 'output_data' with compact=none mode in 32-bits
INFO: [HLS 214-241] Aggregating maxi variable 'bias_data' with compact=none mode in 32-bits (src/accel_top.cpp:38:0)
INFO: [HLS 214-241] Aggregating maxi variable 'weight_data' with compact=none mode in 8-bits
INFO: [HLS 214-241] Aggregating maxi variable 'input_data' with compact=none mode in 8-bits
INFO: [HLS 214-270] Inferring pragma 'array_partition type=cyclic factor=2 dim=1' for array 'conv_output' due to pipeline pragma (src/maxpool.cpp:51:9)
INFO: [HLS 214-270] Inferring pragma 'array_partition type=cyclic factor=2 dim=2' for array 'conv_output' due to pipeline pragma (src/maxpool.cpp:51:9)
INFO: [HLS 214-248] Applying array_partition to 'conv_output': Cyclic partitioning with factor 2 on dimension 1. Cyclic partitioning with factor 2 on dimension 2. (src/accel_top.cpp:75:8)
INFO: [HLS 200-111] Finished Compiling Optimization and Transform: CPU user time: 1 seconds. CPU system time: 0 seconds. Elapsed time: 5.515 seconds; current allocated memory: 1.408 GB.
INFO: [HLS 200-111] Finished Checking Pragmas: CPU user time: 0 seconds. CPU system time: 0 seconds. Elapsed time: 0.02 seconds; current allocated memory: 1.408 GB.
INFO: [HLS 200-10] Starting code transformations ...
INFO: [HLS 200-111] Finished Standard Transforms: CPU user time: 0 seconds. CPU system time: 0 seconds. Elapsed time: 0.377 seconds; current allocated memory: 1.408 GB.
INFO: [HLS 200-10] Checking synthesizability ...
INFO: [HLS 200-111] Finished Checking Synthesizability: CPU user time: 0 seconds. CPU system time: 0 seconds. Elapsed time: 0.116 seconds; current allocated memory: 1.408 GB.
INFO: [XFORM 203-401] Performing if-conversion on hyperblock from (src/conv_engine.cpp:51:9) to (src/conv_engine.cpp:50:30) in function 'accel_top'... converting 5 basic blocks.
INFO: [XFORM 203-401] Performing if-conversion on hyperblock from (src/accel_top.cpp:162:9) to (src/accel_top.cpp:161:22) in function 'accel_top'... converting 4 basic blocks.
INFO: [XFORM 203-11] Balancing expressions in function 'accel_top' (src/relu.cpp:24:13)...3 expression(s) balanced.
INFO: [HLS 200-111] Finished Loop, function and other optimizations: CPU user time: 0 seconds. CPU system time: 0 seconds. Elapsed time: 0.328 seconds; current allocated memory: 1.408 GB.
INFO: [XFORM 203-541] Flattening a loop nest 'LOAD_INPUT_H' (src/accel_top.cpp:88:32) in function 'accel_top'.
WARNING: [HLS 200-960] Cannot flatten loop 'LOAD_INPUT_CH' (src/accel_top.cpp:86:6) in function 'accel_top' the outer loop is not a perfect loop because there is nontrivial logic before entering the inner loop.
INFO: [XFORM 203-541] Flattening a loop nest 'LOAD_W_KH' (src/accel_top.cpp:107:9) in function 'accel_top'.
WARNING: [HLS 200-960] Cannot flatten loop 'LOAD_W_IC' (src/accel_top.cpp:107:9) in function 'accel_top' the outer loop is not a perfect loop because there is nontrivial logic before entering the inner loop.
INFO: [XFORM 203-541] Flattening a loop nest 'CONV_KH' (src/conv_engine.cpp:43:19) in function 'accel_top'.
INFO: [XFORM 203-541] Flattening a loop nest 'CONV_IC' (src/conv_engine.cpp:43:19) in function 'accel_top'.
WARNING: [HLS 200-960] Cannot flatten loop 'CONV_OW' (src/conv_engine.cpp:41:27) in function 'accel_top' the outer loop is not a perfect loop because there is nontrivial logic before entering the inner loop.
INFO: [XFORM 203-541] Flattening a loop nest 'CONV_OH' (src/conv_engine.cpp:38:23) in function 'accel_top'.
INFO: [XFORM 203-541] Flattening a loop nest 'RELU_ROW' (src/relu.cpp:32:24) in function 'accel_top'.
INFO: [XFORM 203-541] Flattening a loop nest 'POOL_ROW' (src/maxpool.cpp:49:24) in function 'accel_top'.
WARNING: [HLS 200-960] Cannot flatten loop 'STORE_H' (src/accel_top.cpp:108:9) in function 'accel_top' the outer loop is not a perfect loop because there is nontrivial logic before entering the inner loop.
WARNING: [HLS 200-960] Cannot flatten loop 'OUTPUT_CHANNEL' (src/accel_top.cpp:107:9) in function 'accel_top' more than one sub loop.
INFO: [HLS 200-472] Inferring partial write operation for 'local_input.V' (src/accel_top.cpp:91:24)
INFO: [HLS 200-472] Inferring partial write operation for 'local_weights.V' (src/accel_top.cpp:119:28)
INFO: [HLS 200-472] Inferring partial write operation for 'conv_output.V' (src/conv_engine.cpp:64:28)
INFO: [HLS 200-472] Inferring partial write operation for 'conv_output.V' (src/relu.cpp:40:35)
INFO: [HLS 200-472] Inferring partial write operation for 'pool_output.V' (src/maxpool.cpp:65:28)
INFO: [HLS 200-111] Finished Architecture Synthesis: CPU user time: 1 seconds. CPU system time: 0 seconds. Elapsed time: 0.437 seconds; current allocated memory: 1.408 GB.
INFO: [HLS 200-10] Starting hardware synthesis ...
INFO: [HLS 200-10] Synthesizing 'accel_top' ...
INFO: [HLS 200-10] ----------------------------------------------------------------
INFO: [HLS 200-42] -- Implementing module 'accel_top_Pipeline_LOAD_INPUT_H_LOAD_INPUT_W' 
INFO: [HLS 200-10] ----------------------------------------------------------------
INFO: [SCHED 204-11] Starting scheduling ...
INFO: [SCHED 204-61] Pipelining loop 'LOAD_INPUT_H_LOAD_INPUT_W'.
INFO: [HLS 200-1470] Pipelining result : Target II = 1, Final II = 1, Depth = 16, loop 'LOAD_INPUT_H_LOAD_INPUT_W'
INFO: [SCHED 204-11] Finished scheduling.
INFO: [HLS 200-111] Finished Scheduling: CPU user time: 0 seconds. CPU system time: 0 seconds. Elapsed time: 0.458 seconds; current allocated memory: 1.408 GB.
INFO: [BIND 205-100] Starting micro-architecture generation ...
INFO: [BIND 205-101] Performing variable lifetime analysis.
INFO: [BIND 205-101] Exploring resource sharing.
INFO: [BIND 205-101] Binding ...
INFO: [BIND 205-100] Finished micro-architecture generation.
INFO: [HLS 200-111] Finished Binding: CPU user time: 0 seconds. CPU system time: 0 seconds. Elapsed time: 0.173 seconds; current allocated memory: 1.408 GB.
INFO: [HLS 200-10] ----------------------------------------------------------------
INFO: [HLS 200-42] -- Implementing module 'accel_top_Pipeline_LOAD_W_KH_LOAD_W_KW' 
INFO: [HLS 200-10] ----------------------------------------------------------------
INFO: [SCHED 204-11] Starting scheduling ...
INFO: [SCHED 204-61] Pipelining loop 'LOAD_W_KH_LOAD_W_KW'.
INFO: [HLS 200-1470] Pipelining result : Target II = 1, Final II = 1, Depth = 13, loop 'LOAD_W_KH_LOAD_W_KW'
INFO: [SCHED 204-11] Finished scheduling.
INFO: [HLS 200-111] Finished Scheduling: CPU user time: 0 seconds. CPU system time: 0 seconds. Elapsed time: 0.18 seconds; current allocated memory: 1.408 GB.
INFO: [BIND 205-100] Starting micro-architecture generation ...
INFO: [BIND 205-101] Performing variable lifetime analysis.
INFO: [BIND 205-101] Exploring resource sharing.
INFO: [BIND 205-101] Binding ...
INFO: [BIND 205-100] Finished micro-architecture generation.
INFO: [HLS 200-111] Finished Binding: CPU user time: 0 seconds. CPU system time: 0 seconds. Elapsed time: 0.13 seconds; current allocated memory: 1.408 GB.
INFO: [HLS 200-10] ----------------------------------------------------------------
INFO: [HLS 200-42] -- Implementing module 'accel_top_Pipeline_CONV_IC_CONV_KH_CONV_KW' 
INFO: [HLS 200-10] ----------------------------------------------------------------
INFO: [SCHED 204-11] Starting scheduling ...
INFO: [HLS 200-486] Changing DSP latency (root=ret_V) to 3 in order to utilize available DSP registers.
INFO: [SCHED 204-61] Pipelining loop 'CONV_IC_CONV_KH_CONV_KW'.
INFO: [HLS 200-1470] Pipelining result : Target II = 1, Final II = 1, Depth = 8, loop 'CONV_IC_CONV_KH_CONV_KW'
WARNING: [HLS 200-871] Estimated clock period (8.584ns) exceeds the target (target clock period: 10ns, clock uncertainty: 2.7ns, effective delay budget: 7.3ns).
WARNING: [HLS 200-1016] The critical path in module 'accel_top_Pipeline_CONV_IC_CONV_KH_CONV_KW' consists of the following:	'load' operation ('kw_1_load', src/conv_engine.cpp:50) on local variable 'kw' [57]  (0 ns)
	'icmp' operation ('icmp_ln50', src/conv_engine.cpp:50) [73]  (2.47 ns)
	'select' operation ('select_ln45_3', src/conv_engine.cpp:45) [74]  (0.993 ns)
	'or' operation ('or_ln46', src/conv_engine.cpp:46) [77]  (0 ns)
	'select' operation ('select_ln46', src/conv_engine.cpp:46) [78]  (0.978 ns)
	'add' operation ('add_ln50', src/conv_engine.cpp:50) [126]  (2.55 ns)
	'store' operation ('kw_1_write_ln50', src/conv_engine.cpp:50) of variable 'add_ln50', src/conv_engine.cpp:50 on local variable 'kw' [133]  (1.59 ns)

INFO: [SCHED 204-11] Finished scheduling.
INFO: [HLS 200-111] Finished Scheduling: CPU user time: 0 seconds. CPU system time: 0 seconds. Elapsed time: 0.254 seconds; current allocated memory: 1.408 GB.
INFO: [BIND 205-100] Starting micro-architecture generation ...
INFO: [BIND 205-101] Performing variable lifetime analysis.
INFO: [BIND 205-101] Exploring resource sharing.
INFO: [BIND 205-101] Binding ...
INFO: [BIND 205-100] Finished micro-architecture generation.
INFO: [HLS 200-111] Finished Binding: CPU user time: 1 seconds. CPU system time: 0 seconds. Elapsed time: 0.167 seconds; current allocated memory: 1.408 GB.
INFO: [HLS 200-10] ----------------------------------------------------------------
INFO: [HLS 200-42] -- Implementing module 'accel_top_Pipeline_RELU_ROW_RELU_COL' 
INFO: [HLS 200-10] ----------------------------------------------------------------
INFO: [SCHED 204-11] Starting scheduling ...
INFO: [SCHED 204-61] Pipelining loop 'RELU_ROW_RELU_COL'.
INFO: [HLS 200-1470] Pipelining result : Target II = 1, Final II = 1, Depth = 5, loop 'RELU_ROW_RELU_COL'
WARNING: [HLS 200-871] Estimated clock period (7.311ns) exceeds the target (target clock period: 10ns, clock uncertainty: 2.7ns, effective delay budget: 7.3ns).
WARNING: [HLS 200-1016] The critical path in module 'accel_top_Pipeline_RELU_ROW_RELU_COL' consists of the following:	'load' operation ('w_1_load', src/relu.cpp:33) on local variable 'w' [26]  (0 ns)
	'icmp' operation ('icmp_ln33', src/relu.cpp:33) [30]  (2.47 ns)
	'select' operation ('select_ln32', src/relu.cpp:32) [31]  (0.698 ns)
	'add' operation ('add_ln33', src/relu.cpp:33) [80]  (2.55 ns)
	'store' operation ('w_1_write_ln33', src/relu.cpp:33) of variable 'add_ln33', src/relu.cpp:33 on local variable 'w' [83]  (1.59 ns)

INFO: [SCHED 204-11] Finished scheduling.
INFO: [HLS 200-111] Finished Scheduling: CPU user time: 0 seconds. CPU system time: 0 seconds. Elapsed time: 0.259 seconds; current allocated memory: 1.408 GB.
INFO: [BIND 205-100] Starting micro-architecture generation ...
INFO: [BIND 205-101] Performing variable lifetime analysis.
INFO: [BIND 205-101] Exploring resource sharing.
INFO: [BIND 205-101] Binding ...
INFO: [BIND 205-100] Finished micro-architecture generation.
INFO: [HLS 200-111] Finished Binding: CPU user time: 0 seconds. CPU system time: 0 seconds. Elapsed time: 0.103 seconds; current allocated memory: 1.408 GB.
INFO: [HLS 200-10] ----------------------------------------------------------------
INFO: [HLS 200-42] -- Implementing module 'accel_top_Pipeline_POOL_ROW_POOL_COL' 
INFO: [HLS 200-10] ----------------------------------------------------------------
INFO: [SCHED 204-11] Starting scheduling ...
INFO: [SCHED 204-61] Pipelining loop 'POOL_ROW_POOL_COL'.
INFO: [HLS 200-1470] Pipelining result : Target II = 1, Final II = 1, Depth = 5, loop 'POOL_ROW_POOL_COL'
INFO: [SCHED 204-11] Finished scheduling.
INFO: [HLS 200-111] Finished Scheduling: CPU user time: 0 seconds. CPU system time: 0 seconds. Elapsed time: 0.169 seconds; current allocated memory: 1.408 GB.
INFO: [BIND 205-100] Starting micro-architecture generation ...
INFO: [BIND 205-101] Performing variable lifetime analysis.
INFO: [BIND 205-101] Exploring resource sharing.
INFO: [BIND 205-101] Binding ...
INFO: [BIND 205-100] Finished micro-architecture generation.
INFO: [HLS 200-111] Finished Binding: CPU user time: 0 seconds. CPU system time: 0 seconds. Elapsed time: 0.113 seconds; current allocated memory: 1.408 GB.
INFO: [HLS 200-10] ----------------------------------------------------------------
INFO: [HLS 200-42] -- Implementing module 'accel_top_Pipeline_STORE_W' 
INFO: [HLS 200-10] ----------------------------------------------------------------
INFO: [SCHED 204-11] Starting scheduling ...
INFO: [SCHED 204-61] Pipelining loop 'STORE_W'.
INFO: [HLS 200-1470] Pipelining result : Target II = 1, Final II = 1, Depth = 9, loop 'STORE_W'
INFO: [SCHED 204-11] Finished scheduling.
INFO: [HLS 200-111] Finished Scheduling: CPU user time: 0 seconds. CPU system time: 0 seconds. Elapsed time: 0.156 seconds; current allocated memory: 1.408 GB.
INFO: [BIND 205-100] Starting micro-architecture generation ...
INFO: [BIND 205-101] Performing variable lifetime analysis.
INFO: [BIND 205-101] Exploring resource sharing.
INFO: [BIND 205-101] Binding ...
INFO: [BIND 205-100] Finished micro-architecture generation.
INFO: [HLS 200-111] Finished Binding: CPU user time: 0 seconds. CPU system time: 0 seconds. Elapsed time: 0.096 seconds; current allocated memory: 1.408 GB.
INFO: [HLS 200-10] ----------------------------------------------------------------
INFO: [HLS 200-42] -- Implementing module 'accel_top' 
INFO: [HLS 200-10] ----------------------------------------------------------------
INFO: [SCHED 204-11] Starting scheduling ...
INFO: [SCHED 204-11] Finished scheduling.
INFO: [HLS 200-111] Finished Scheduling: CPU user time: 0 seconds. CPU system time: 0 seconds. Elapsed time: 0.248 seconds; current allocated memory: 1.408 GB.
INFO: [BIND 205-100] Starting micro-architecture generation ...
INFO: [BIND 205-101] Performing variable lifetime analysis.
INFO: [BIND 205-101] Exploring resource sharing.
WARNING: [BIND 205-102] The specified resource core for memory 'conv_output_V' will be ignored if a simpler one can be used.
WARNING: [BIND 205-102] The specified resource core for memory 'conv_output_V_4' will be ignored if a simpler one can be used.
WARNING: [BIND 205-102] The specified resource core for memory 'conv_output_V_5' will be ignored if a simpler one can be used.
WARNING: [BIND 205-102] The specified resource core for memory 'conv_output_V_6' will be ignored if a simpler one can be used.
INFO: [BIND 205-101] Binding ...
INFO: [BIND 205-100] Finished micro-architecture generation.
INFO: [HLS 200-111] Finished Binding: CPU user time: 1 seconds. CPU system time: 0 seconds. Elapsed time: 0.447 seconds; current allocated memory: 1.408 GB.
INFO: [HLS 200-10] ----------------------------------------------------------------
INFO: [HLS 200-10] -- Generating RTL for module 'accel_top_Pipeline_LOAD_INPUT_H_LOAD_INPUT_W' 
INFO: [HLS 200-10] ----------------------------------------------------------------
INFO: [HLS 200-1030] Apply Unified Pipeline Control on module 'accel_top_Pipeline_LOAD_INPUT_H_LOAD_INPUT_W' pipeline 'LOAD_INPUT_H_LOAD_INPUT_W' pipeline type 'loop pipeline'
INFO: [RTGEN 206-100] Generating core module 'mul_31ns_31ns_32_2_1': 1 instance(s).
INFO: [RTGEN 206-100] Finished creating RTL model for 'accel_top_Pipeline_LOAD_INPUT_H_LOAD_INPUT_W'.
INFO: [HLS 200-111] Finished Creating RTL model: CPU user time: 0 seconds. CPU system time: 0 seconds. Elapsed time: 0.587 seconds; current allocated memory: 1.408 GB.
INFO: [HLS 200-10] ----------------------------------------------------------------
INFO: [HLS 200-10] -- Generating RTL for module 'accel_top_Pipeline_LOAD_W_KH_LOAD_W_KW' 
INFO: [HLS 200-10] ----------------------------------------------------------------
INFO: [HLS 200-1030] Apply Unified Pipeline Control on module 'accel_top_Pipeline_LOAD_W_KH_LOAD_W_KW' pipeline 'LOAD_W_KH_LOAD_W_KW' pipeline type 'loop pipeline'
INFO: [RTGEN 206-100] Finished creating RTL model for 'accel_top_Pipeline_LOAD_W_KH_LOAD_W_KW'.
INFO: [HLS 200-111] Finished Creating RTL model: CPU user time: 0 seconds. CPU system time: 0 seconds. Elapsed time: 0.379 seconds; current allocated memory: 1.408 GB.
INFO: [HLS 200-10] ----------------------------------------------------------------
INFO: [HLS 200-10] -- Generating RTL for module 'accel_top_Pipeline_CONV_IC_CONV_KH_CONV_KW' 
INFO: [HLS 200-10] ----------------------------------------------------------------
INFO: [HLS 200-1030] Apply Unified Pipeline Control on module 'accel_top_Pipeline_CONV_IC_CONV_KH_CONV_KW' pipeline 'CONV_IC_CONV_KH_CONV_KW' pipeline type 'loop pipeline'
INFO: [RTGEN 206-100] Generating core module 'mac_muladd_8s_8s_32s_32_4_1': 1 instance(s).
INFO: [RTGEN 206-100] Finished creating RTL model for 'accel_top_Pipeline_CONV_IC_CONV_KH_CONV_KW'.
INFO: [HLS 200-111] Finished Creating RTL model: CPU user time: 1 seconds. CPU system time: 0 seconds. Elapsed time: 0.36 seconds; current allocated memory: 1.408 GB.
INFO: [HLS 200-10] ----------------------------------------------------------------
INFO: [HLS 200-10] -- Generating RTL for module 'accel_top_Pipeline_RELU_ROW_RELU_COL' 
INFO: [HLS 200-10] ----------------------------------------------------------------
INFO: [HLS 200-1030] Apply Unified Pipeline Control on module 'accel_top_Pipeline_RELU_ROW_RELU_COL' pipeline 'RELU_ROW_RELU_COL' pipeline type 'loop pipeline'
INFO: [RTGEN 206-100] Generating core module 'mux_21_32_1_1': 3 instance(s).
INFO: [RTGEN 206-100] Finished creating RTL model for 'accel_top_Pipeline_RELU_ROW_RELU_COL'.
INFO: [HLS 200-111] Finished Creating RTL model: CPU user time: 0 seconds. CPU system time: 0 seconds. Elapsed time: 0.554 seconds; current allocated memory: 1.408 GB.
INFO: [HLS 200-10] ----------------------------------------------------------------
INFO: [HLS 200-10] -- Generating RTL for module 'accel_top_Pipeline_POOL_ROW_POOL_COL' 
INFO: [HLS 200-10] ----------------------------------------------------------------
INFO: [HLS 200-1030] Apply Unified Pipeline Control on module 'accel_top_Pipeline_POOL_ROW_POOL_COL' pipeline 'POOL_ROW_POOL_COL' pipeline type 'loop pipeline'
INFO: [RTGEN 206-100] Finished creating RTL model for 'accel_top_Pipeline_POOL_ROW_POOL_COL'.
INFO: [HLS 200-111] Finished Creating RTL model: CPU user time: 0 seconds. CPU system time: 1 seconds. Elapsed time: 0.262 seconds; current allocated memory: 1.408 GB.
INFO: [HLS 200-10] ----------------------------------------------------------------
INFO: [HLS 200-10] -- Generating RTL for module 'accel_top_Pipeline_STORE_W' 
INFO: [HLS 200-10] ----------------------------------------------------------------
INFO: [HLS 200-1030] Apply Unified Pipeline Control on module 'accel_top_Pipeline_STORE_W' pipeline 'STORE_W' pipeline type 'loop pipeline'
INFO: [RTGEN 206-100] Generating core module 'mux_21_32_1_1': 3 instance(s).
INFO: [RTGEN 206-100] Finished creating RTL model for 'accel_top_Pipeline_STORE_W'.
INFO: [HLS 200-111] Finished Creating RTL model: CPU user time: 0 seconds. CPU system time: 0 seconds. Elapsed time: 0.288 seconds; current allocated memory: 1.408 GB.
INFO: [HLS 200-10] ----------------------------------------------------------------
INFO: [HLS 200-10] -- Generating RTL for module 'accel_top' 
INFO: [HLS 200-10] ----------------------------------------------------------------
WARNING: [RTGEN 206-101] Design contains AXI ports. Reset is fixed to synchronous and active low.
INFO: [RTGEN 206-500] Setting interface mode on port 'accel_top/DATA' to 'm_axi'.
INFO: [RTGEN 206-500] Setting interface mode on port 'accel_top/input_data' to 's_axilite & ap_none'.
INFO: [RTGEN 206-500] Setting interface mode on port 'accel_top/weight_data' to 's_axilite & ap_none'.
INFO: [RTGEN 206-500] Setting interface mode on port 'accel_top/bias_data' to 's_axilite & ap_none'.
INFO: [RTGEN 206-500] Setting interface mode on port 'accel_top/output_data' to 's_axilite & ap_none'.
INFO: [RTGEN 206-500] Setting interface mode on port 'accel_top/kernel_size' to 's_axilite & ap_none'.
INFO: [RTGEN 206-500] Setting interface mode on port 'accel_top/in_channels' to 's_axilite & ap_none'.
INFO: [RTGEN 206-500] Setting interface mode on port 'accel_top/out_channels' to 's_axilite & ap_none'.
INFO: [RTGEN 206-500] Setting interface mode on port 'accel_top/in_height' to 's_axilite & ap_none'.
INFO: [RTGEN 206-500] Setting interface mode on port 'accel_top/in_width' to 's_axilite & ap_none'.
INFO: [RTGEN 206-500] Setting interface mode on port 'accel_top/stride' to 's_axilite & ap_none'.
INFO: [RTGEN 206-500] Setting interface mode on port 'accel_top/padding' to 's_axilite & ap_none'.
INFO: [RTGEN 206-500] Setting interface mode on port 'accel_top/relu_enable' to 's_axilite & ap_none'.
INFO: [RTGEN 206-500] Setting interface mode on port 'accel_top/pool_enable' to 's_axilite & ap_none'.
INFO: [RTGEN 206-500] Setting interface mode on function 'accel_top' to 's_axilite & ap_ctrl_hs'.
INFO: [RTGEN 206-100] Bundling port 'input_data', 'weight_data', 'bias_data', 'output_data', 'kernel_size', 'in_channels', 'out_channels', 'in_height', 'in_width', 'stride', 'padding', 'relu_enable', 'pool_enable' to AXI-Lite port CTRL.
INFO: [RTGEN 206-100] Generating core module 'mul_31ns_32s_32_2_1': 1 instance(s).
INFO: [RTGEN 206-100] Generating core module 'mul_32ns_32ns_63_2_1': 1 instance(s).
INFO: [RTGEN 206-100] Generating core module 'mul_32ns_32ns_64_2_1': 3 instance(s).
INFO: [RTGEN 206-100] Generating core module 'mul_32ns_64ns_96_5_1': 1 instance(s).
INFO: [RTGEN 206-100] Generating core module 'mul_32s_32s_32_2_1': 3 instance(s).
INFO: [RTGEN 206-100] Generating core module 'sdiv_32ns_32s_32_36_seq_1': 2 instance(s).
INFO: [RTGEN 206-100] Finished creating RTL model for 'accel_top'.
INFO: [HLS 200-111] Finished Creating RTL model: CPU user time: 1 seconds. CPU system time: 0 seconds. Elapsed time: 0.524 seconds; current allocated memory: 1.408 GB.
INFO: [RTMG 210-278] Implementing memory 'accel_top_local_input_V_RAM_2P_BRAM_1R1W_ram (RAM_2P_BRAM)' using block RAMs.
INFO: [RTMG 210-278] Implementing memory 'accel_top_local_weights_V_RAM_2P_BRAM_1R1W_ram (RAM_2P_BRAM)' using block RAMs.
INFO: [RTMG 210-278] Implementing memory 'accel_top_conv_output_V_RAM_2P_BRAM_1R1W_ram (RAM_2P_BRAM)' using block RAMs.
INFO: [RTMG 210-278] Implementing memory 'accel_top_pool_output_V_RAM_2P_BRAM_1R1W_ram (RAM_2P_BRAM)' using block RAMs.
INFO: [HLS 200-111] Finished Generating all RTL models: CPU user time: 1 seconds. CPU system time: 1 seconds. Elapsed time: 2.645 seconds; current allocated memory: 1.408 GB.
INFO: [HLS 200-111] Finished Updating report files: CPU user time: 1 seconds. CPU system time: 0 seconds. Elapsed time: 1.451 seconds; current allocated memory: 1.408 GB.
INFO: [VHDL 208-304] Generating VHDL RTL for accel_top.
INFO: [VLOG 209-307] Generating Verilog RTL for accel_top.
INFO: [HLS 200-790] **** Loop Constraint Status: All loop constraints were satisfied.
INFO: [HLS 200-789] **** Estimated Fmax: 116.50 MHz
INFO: [HLS 200-111] Finished Command csynth_design CPU user time: 8 seconds. CPU system time: 3 seconds. Elapsed time: 35.206 seconds; current allocated memory: 0.000 MB.
INFO: [HLS 200-112] Total CPU user time: 12 seconds. Total CPU system time: 4 seconds. Total elapsed time: 39.086 seconds; peak allocated memory: 1.408 GB.
==============================================================
Vitis HLS - High-Level Synthesis from C, C++ and OpenCL v2022.1 (64-bit)
Tool Version Limit: 2022.04
Copyright 1986-2022 Xilinx, Inc. All Rights Reserved.
==============================================================
INFO: [SYN 201-201] Setting up clock 'default' with a period of 10ns.
INFO: [SYN 201-201] Setting up clock 'default' with an uncertainty of 1.25ns.
INFO: [HLS 200-1611] Setting target device to 'xc7z020-clg484-1'
INFO: [HLS 200-1505] Using flow_target 'vivado'
INFO: [HLS 200-1510] Running: set_part xc7z020clg484-1 
INFO: [HLS 200-1510] Running: create_clock -period 10ns -name default 
INFO: [SYN 201-201] Setting up clock 'default' with a period of 10ns.
INFO: [HLS 200-1510] Running: set_clock_uncertainty 1.25ns 
INFO: [HLS 200-1510] Running: csynth_design 
INFO: [HLS 200-111] Finished File checks and directory preparation: CPU user time: 0 seconds. CPU system time: 0 seconds. Elapsed time: 0.066 seconds; current allocated memory: 917.422 MB.
INFO: [HLS 200-10] Analyzing design file 'src/relu.cpp' ... 
INFO: [HLS 200-10] Analyzing design file 'src/maxpool.cpp' ... 
INFO: [HLS 200-10] Analyzing design file 'src/conv_engine.cpp' ... 
INFO: [HLS 200-10] Analyzing design file 'src/accel_top.cpp' ... 
INFO: [HLS 200-111] Finished Source Code Analysis and Preprocessing: CPU user time: 2 seconds. CPU system time: 1 seconds. Elapsed time: 18.655 seconds; current allocated memory: 1.465 GB.
INFO: [HLS 200-777] Using interface defaults for 'Vivado' flow target.
INFO: [HLS 214-131] Inlining function 'ssdm_int<8, true>::ssdm_int(signed char)' into 'ap_int_base<8, true>::ap_int_base(int)' (D:/Vitis_HLS/2022.1/common/technology/autopilot\ap_int_base.h:260:67)
INFO: [HLS 214-131] Inlining function 'ap_int_base<8, true>::ap_int_base(int)' into 'ap_int<8>::ap_int(int)' (D:/Vitis_HLS/2022.1/common/technology/autopilot\ap_int.h:179:57)
INFO: [HLS 214-131] Inlining function 'ssdm_int<16, true>::ssdm_int(short)' into 'ap_int_base<16, true>::ap_int_base<8, true>(ap_int_base<8, true> const&)' (D:/Vitis_HLS/2022.1/common/technology/autopilot\ap_int_base.h:231:106)
INFO: [HLS 214-131] Inlining function 'ssdm_int<16, true>::ssdm_int(short)' into 'ap_int_base<16, true>::ap_int_base(int)' (D:/Vitis_HLS/2022.1/common/technology/autopilot\ap_int_base.h:260:67)
INFO: [HLS 214-131] Inlining function 'ap_int_base<16, true>::ap_int_base<8, true>(ap_int_base<8, true> const&)' into 'ap_int_base<8, true>::RType<8, true>::mult operator*<8, true, 8, true>(ap_int_base<8, true> const&, ap_int_base<8, true> const&)' (D:/Vitis_HLS/2022.1/common/technology/autopilot\ap_int_base.h:1540:339)
INFO: [HLS 214-131] Inlining function 'ap_int<16>::ap_int<16, true>(ap_int_base<16, true> const&)' into 'ap_int_base<8, true>::RType<8, true>::mult operator*<8, true, 8, true>(ap_int_base<8, true> const&, ap_int_base<8, true> const&)' (D:/Vitis_HLS/2022.1/common/technology/autopilot\ap_int_base.h:1540:554)
INFO: [HLS 214-131] Inlining function 'ap_int_base<16, true>::ap_int_base(int)' into 'ap_int_base<8, true>::RType<8, true>::mult operator*<8, true, 8, true>(ap_int_base<8, true> const&, ap_int_base<8, true> const&)' (D:/Vitis_HLS/2022.1/common/technology/autopilot\ap_int_base.h:1540:516)
INFO: [HLS 214-131] Inlining function 'ap_int_base<16, true>::ap_int_base<8, true>(ap_int_base<8, true> const&)' into 'ap_int_base<8, true>::RType<8, true>::mult operator*<8, true, 8, true>(ap_int_base<8, true> const&, ap_int_base<8, true> const&)' (D:/Vitis_HLS/2022.1/common/technology/autopilot\ap_int_base.h:1540:427)
INFO: [HLS 214-131] Inlining function 'ap_int<8>::ap_int(int)' into 'conv_engine(ap_int<8> (*) [32][32], ap_int<8> (*) [7][7], ap_int<32>, ap_int<32> (*) [32], int, int, int, int, int, int)' (src/conv_engine.cpp:54:72)
INFO: [HLS 214-131] Inlining function 'ap_int_base<32, true>& ap_int_base<32, true>::operator+=<16, true>(ap_int_base<16, true> const&)' into 'conv_engine(ap_int<8> (*) [32][32], ap_int<8> (*) [7][7], ap_int<32>, ap_int<32> (*) [32], int, int, int, int, int, int)' (src/conv_engine.cpp:57:29)
INFO: [HLS 214-131] Inlining function 'ap_int_base<8, true>::RType<8, true>::mult operator*<8, true, 8, true>(ap_int_base<8, true> const&, ap_int_base<8, true> const&)' into 'conv_engine(ap_int<8> (*) [32][32], ap_int<8> (*) [7][7], ap_int<32>, ap_int<32> (*) [32], int, int, int, int, int, int)' (src/conv_engine.cpp:56:46)
INFO: [HLS 214-131] Inlining function 'ssdm_int<32, true>::ssdm_int(int)' into 'ap_int_base<32, true>::ap_int_base(int)' (D:/Vitis_HLS/2022.1/common/technology/autopilot\ap_int_base.h:260:67)
INFO: [HLS 214-131] Inlining function 'ap_int_base<32, true>::ap_int_base(int)' into 'bool operator<<32, true>(ap_int_base<32, true> const&, int)' (D:/Vitis_HLS/2022.1/common/technology/autopilot\ap_int_base.h:1834:713)
INFO: [HLS 214-131] Inlining function 'bool ap_int_base<32, true>::operator<<32, true>(ap_int_base<32, true> const&) const' into 'bool operator<<32, true>(ap_int_base<32, true> const&, int)' (D:/Vitis_HLS/2022.1/common/technology/autopilot\ap_int_base.h:1834:711)
INFO: [HLS 214-131] Inlining function 'ap_int_base<32, true>::ap_int_base(int)' into 'ap_int<32>::ap_int(int)' (D:/Vitis_HLS/2022.1/common/technology/autopilot\ap_int.h:179:57)
INFO: [HLS 214-131] Inlining function 'bool operator<<32, true>(ap_int_base<32, true> const&, int)' into 'relu(ap_int<32> (*) [32], int, int)' (src/relu.cpp:29:21)
INFO: [HLS 214-131] Inlining function 'ap_int<32>::ap_int(int)' into 'relu(ap_int<32> (*) [32], int, int)' (src/relu.cpp:30:37)
INFO: [HLS 214-131] Inlining function 'bool ap_int_base<32, true>::operator><32, true>(ap_int_base<32, true> const&) const' into 'maxpool_2x2(ap_int<32> (*) [32], ap_int<32> (*) [32], int, int)' (src/maxpool.cpp:34:37)
INFO: [HLS 214-131] Inlining function 'bool ap_int_base<32, true>::operator><32, true>(ap_int_base<32, true> const&) const' into 'maxpool_2x2(ap_int<32> (*) [32], ap_int<32> (*) [32], int, int)' (src/maxpool.cpp:36:38)
INFO: [HLS 214-131] Inlining function 'bool ap_int_base<32, true>::operator><32, true>(ap_int_base<32, true> const&) const' into 'maxpool_2x2(ap_int<32> (*) [32], ap_int<32> (*) [32], int, int)' (src/maxpool.cpp:35:37)
INFO: [HLS 214-241] Aggregating maxi variable 'output_data' with compact=none mode in 32-bits
INFO: [HLS 214-241] Aggregating maxi variable 'bias_data' with compact=none mode in 32-bits (src/accel_top.cpp:38:0)
INFO: [HLS 214-241] Aggregating maxi variable 'weight_data' with compact=none mode in 8-bits
INFO: [HLS 214-241] Aggregating maxi variable 'input_data' with compact=none mode in 8-bits
INFO: [HLS 214-270] Inferring pragma 'array_partition type=cyclic factor=2 dim=1' for array 'conv_output' due to pipeline pragma (src/maxpool.cpp:27:9)
INFO: [HLS 214-270] Inferring pragma 'array_partition type=cyclic factor=2 dim=2' for array 'conv_output' due to pipeline pragma (src/maxpool.cpp:27:9)
INFO: [HLS 214-248] Applying array_partition to 'conv_output': Cyclic partitioning with factor 2 on dimension 1. Cyclic partitioning with factor 2 on dimension 2. (src/accel_top.cpp:75:8)
INFO: [HLS 200-111] Finished Compiling Optimization and Transform: CPU user time: 1 seconds. CPU system time: 0 seconds. Elapsed time: 5.36 seconds; current allocated memory: 1.465 GB.
INFO: [HLS 200-111] Finished Checking Pragmas: CPU user time: 0 seconds. CPU system time: 0 seconds. Elapsed time: 0.015 seconds; current allocated memory: 1.465 GB.
INFO: [HLS 200-10] Starting code transformations ...
INFO: [HLS 200-111] Finished Standard Transforms: CPU user time: 0 seconds. CPU system time: 0 seconds. Elapsed time: 0.377 seconds; current allocated memory: 1.465 GB.
INFO: [HLS 200-10] Checking synthesizability ...
INFO: [HLS 200-111] Finished Checking Synthesizability: CPU user time: 0 seconds. CPU system time: 0 seconds. Elapsed time: 0.117 seconds; current allocated memory: 1.465 GB.
INFO: [XFORM 203-401] Performing if-conversion on hyperblock from (src/conv_engine.cpp:49:9) to (src/conv_engine.cpp:48:30) in function 'conv_engine'... converting 5 basic blocks.
INFO: [XFORM 203-401] Performing if-conversion on hyperblock from (src/accel_top.cpp:162:9) to (src/accel_top.cpp:161:22) in function 'accel_top'... converting 4 basic blocks.
INFO: [XFORM 203-11] Balancing expressions in function 'conv_engine' (src/conv_engine.cpp:33:30)...3 expression(s) balanced.
INFO: [HLS 200-111] Finished Loop, function and other optimizations: CPU user time: 0 seconds. CPU system time: 0 seconds. Elapsed time: 0.3 seconds; current allocated memory: 1.465 GB.
INFO: [XFORM 203-541] Flattening a loop nest 'RELU_ROW' (src/relu.cpp:23:21) in function 'relu'.
INFO: [XFORM 203-541] Flattening a loop nest 'POOL_ROW' (src/maxpool.cpp:25:24) in function 'maxpool_2x2'.
INFO: [XFORM 203-541] Flattening a loop nest 'CONV_KH' (src/conv_engine.cpp:41:19) in function 'conv_engine'.
INFO: [XFORM 203-541] Flattening a loop nest 'CONV_IC' (src/conv_engine.cpp:41:19) in function 'conv_engine'.
WARNING: [HLS 200-960] Cannot flatten loop 'CONV_OW' (src/conv_engine.cpp:39:27) in function 'conv_engine' the outer loop is not a perfect loop because there is nontrivial logic before entering the inner loop.
INFO: [XFORM 203-541] Flattening a loop nest 'CONV_OH' (src/conv_engine.cpp:36:23) in function 'conv_engine'.
INFO: [XFORM 203-541] Flattening a loop nest 'LOAD_INPUT_H' (src/accel_top.cpp:88:32) in function 'accel_top'.
WARNING: [HLS 200-960] Cannot flatten loop 'LOAD_INPUT_CH' (src/accel_top.cpp:86:6) in function 'accel_top' the outer loop is not a perfect loop because there is nontrivial logic before entering the inner loop.
INFO: [XFORM 203-541] Flattening a loop nest 'LOAD_W_KH' (src/accel_top.cpp:107:9) in function 'accel_top'.
WARNING: [HLS 200-960] Cannot flatten loop 'LOAD_W_IC' (src/accel_top.cpp:107:9) in function 'accel_top' the outer loop is not a perfect loop because there is nontrivial logic before entering the inner loop.
WARNING: [HLS 200-960] Cannot flatten loop 'STORE_H' (src/accel_top.cpp:108:9) in function 'accel_top' the outer loop is not a perfect loop because there is nontrivial logic before entering the inner loop.
WARNING: [HLS 200-960] Cannot flatten loop 'OUTPUT_CHANNEL' (src/accel_top.cpp:107:9) in function 'accel_top' more than one sub loop.
INFO: [HLS 200-472] Inferring partial write operation for 'feature_map_0_0' (src/relu.cpp:30:35)
INFO: [HLS 200-472] Inferring partial write operation for 'output' (src/maxpool.cpp:38:28)
INFO: [HLS 200-472] Inferring partial write operation for 'output_0_0' (src/conv_engine.cpp:63:28)
INFO: [HLS 200-472] Inferring partial write operation for 'local_input.V' (src/accel_top.cpp:91:24)
INFO: [HLS 200-472] Inferring partial write operation for 'local_weights.V' (src/accel_top.cpp:119:28)
INFO: [HLS 200-111] Finished Architecture Synthesis: CPU user time: 0 seconds. CPU system time: 0 seconds. Elapsed time: 0.362 seconds; current allocated memory: 1.465 GB.
INFO: [HLS 200-10] Starting hardware synthesis ...
INFO: [HLS 200-10] Synthesizing 'accel_top' ...
INFO: [HLS 200-10] ----------------------------------------------------------------
INFO: [HLS 200-42] -- Implementing module 'accel_top_Pipeline_LOAD_INPUT_H_LOAD_INPUT_W' 
INFO: [HLS 200-10] ----------------------------------------------------------------
INFO: [SCHED 204-11] Starting scheduling ...
INFO: [SCHED 204-61] Pipelining loop 'LOAD_INPUT_H_LOAD_INPUT_W'.
INFO: [HLS 200-1470] Pipelining result : Target II = 1, Final II = 1, Depth = 13, loop 'LOAD_INPUT_H_LOAD_INPUT_W'
INFO: [SCHED 204-11] Finished scheduling.
INFO: [HLS 200-111] Finished Scheduling: CPU user time: 0 seconds. CPU system time: 0 seconds. Elapsed time: 0.421 seconds; current allocated memory: 1.465 GB.
INFO: [BIND 205-100] Starting micro-architecture generation ...
INFO: [BIND 205-101] Performing variable lifetime analysis.
INFO: [BIND 205-101] Exploring resource sharing.
INFO: [BIND 205-101] Binding ...
INFO: [BIND 205-100] Finished micro-architecture generation.
INFO: [HLS 200-111] Finished Binding: CPU user time: 0 seconds. CPU system time: 0 seconds. Elapsed time: 0.144 seconds; current allocated memory: 1.465 GB.
INFO: [HLS 200-10] ----------------------------------------------------------------
INFO: [HLS 200-42] -- Implementing module 'accel_top_Pipeline_LOAD_W_KH_LOAD_W_KW' 
INFO: [HLS 200-10] ----------------------------------------------------------------
INFO: [SCHED 204-11] Starting scheduling ...
INFO: [SCHED 204-61] Pipelining loop 'LOAD_W_KH_LOAD_W_KW'.
INFO: [HLS 200-1470] Pipelining result : Target II = 1, Final II = 1, Depth = 11, loop 'LOAD_W_KH_LOAD_W_KW'
INFO: [SCHED 204-11] Finished scheduling.
INFO: [HLS 200-111] Finished Scheduling: CPU user time: 1 seconds. CPU system time: 0 seconds. Elapsed time: 0.144 seconds; current allocated memory: 1.465 GB.
INFO: [BIND 205-100] Starting micro-architecture generation ...
INFO: [BIND 205-101] Performing variable lifetime analysis.
INFO: [BIND 205-101] Exploring resource sharing.
INFO: [BIND 205-101] Binding ...
INFO: [BIND 205-100] Finished micro-architecture generation.
INFO: [HLS 200-111] Finished Binding: CPU user time: 0 seconds. CPU system time: 0 seconds. Elapsed time: 0.09 seconds; current allocated memory: 1.465 GB.
INFO: [HLS 200-10] ----------------------------------------------------------------
INFO: [HLS 200-42] -- Implementing module 'conv_engine_Pipeline_CONV_IC_CONV_KH_CONV_KW' 
INFO: [HLS 200-10] ----------------------------------------------------------------
INFO: [SCHED 204-11] Starting scheduling ...
INFO: [HLS 200-486] Changing DSP latency (root=ret_V) to 3 in order to utilize available DSP registers.
INFO: [SCHED 204-61] Pipelining loop 'CONV_IC_CONV_KH_CONV_KW'.
INFO: [HLS 200-1470] Pipelining result : Target II = 1, Final II = 1, Depth = 8, loop 'CONV_IC_CONV_KH_CONV_KW'
INFO: [SCHED 204-11] Finished scheduling.
INFO: [HLS 200-111] Finished Scheduling: CPU user time: 0 seconds. CPU system time: 0 seconds. Elapsed time: 0.167 seconds; current allocated memory: 1.465 GB.
INFO: [BIND 205-100] Starting micro-architecture generation ...
INFO: [BIND 205-101] Performing variable lifetime analysis.
INFO: [BIND 205-101] Exploring resource sharing.
INFO: [BIND 205-101] Binding ...
INFO: [BIND 205-100] Finished micro-architecture generation.
INFO: [HLS 200-111] Finished Binding: CPU user time: 0 seconds. CPU system time: 0 seconds. Elapsed time: 0.114 seconds; current allocated memory: 1.465 GB.
INFO: [HLS 200-10] ----------------------------------------------------------------
INFO: [HLS 200-42] -- Implementing module 'conv_engine' 
INFO: [HLS 200-10] ----------------------------------------------------------------
INFO: [SCHED 204-11] Starting scheduling ...
INFO: [SCHED 204-11] Finished scheduling.
INFO: [HLS 200-111] Finished Scheduling: CPU user time: 0 seconds. CPU system time: 0 seconds. Elapsed time: 0.242 seconds; current allocated memory: 1.465 GB.
INFO: [BIND 205-100] Starting micro-architecture generation ...
INFO: [BIND 205-101] Performing variable lifetime analysis.
INFO: [BIND 205-101] Exploring resource sharing.
INFO: [BIND 205-101] Binding ...
INFO: [BIND 205-100] Finished micro-architecture generation.
INFO: [HLS 200-111] Finished Binding: CPU user time: 0 seconds. CPU system time: 0 seconds. Elapsed time: 0.24 seconds; current allocated memory: 1.465 GB.
INFO: [HLS 200-10] ----------------------------------------------------------------
INFO: [HLS 200-42] -- Implementing module 'relu_Pipeline_RELU_ROW_RELU_COL' 
INFO: [HLS 200-10] ----------------------------------------------------------------
INFO: [SCHED 204-11] Starting scheduling ...
INFO: [SCHED 204-61] Pipelining loop 'RELU_ROW_RELU_COL'.
INFO: [HLS 200-1470] Pipelining result : Target II = 1, Final II = 1, Depth = 4, loop 'RELU_ROW_RELU_COL'
INFO: [SCHED 204-11] Finished scheduling.
INFO: [HLS 200-111] Finished Scheduling: CPU user time: 1 seconds. CPU system time: 0 seconds. Elapsed time: 0.26 seconds; current allocated memory: 1.465 GB.
INFO: [BIND 205-100] Starting micro-architecture generation ...
INFO: [BIND 205-101] Performing variable lifetime analysis.
INFO: [BIND 205-101] Exploring resource sharing.
INFO: [BIND 205-101] Binding ...
INFO: [BIND 205-100] Finished micro-architecture generation.
INFO: [HLS 200-111] Finished Binding: CPU user time: 0 seconds. CPU system time: 0 seconds. Elapsed time: 0.062 seconds; current allocated memory: 1.465 GB.
INFO: [HLS 200-10] ----------------------------------------------------------------
INFO: [HLS 200-42] -- Implementing module 'relu' 
INFO: [HLS 200-10] ----------------------------------------------------------------
INFO: [SCHED 204-11] Starting scheduling ...
INFO: [SCHED 204-11] Finished scheduling.
INFO: [HLS 200-111] Finished Scheduling: CPU user time: 0 seconds. CPU system time: 0 seconds. Elapsed time: 0.075 seconds; current allocated memory: 1.465 GB.
INFO: [BIND 205-100] Starting micro-architecture generation ...
INFO: [BIND 205-101] Performing variable lifetime analysis.
INFO: [BIND 205-101] Exploring resource sharing.
INFO: [BIND 205-101] Binding ...
INFO: [BIND 205-100] Finished micro-architecture generation.
INFO: [HLS 200-111] Finished Binding: CPU user time: 0 seconds. CPU system time: 0 seconds. Elapsed time: 0.045 seconds; current allocated memory: 1.465 GB.
INFO: [HLS 200-10] ----------------------------------------------------------------
INFO: [HLS 200-42] -- Implementing module 'maxpool_2x2_Pipeline_POOL_ROW_POOL_COL' 
INFO: [HLS 200-10] ----------------------------------------------------------------
INFO: [SCHED 204-11] Starting scheduling ...
INFO: [SCHED 204-61] Pipelining loop 'POOL_ROW_POOL_COL'.
INFO: [HLS 200-1470] Pipelining result : Target II = 1, Final II = 1, Depth = 4, loop 'POOL_ROW_POOL_COL'
INFO: [SCHED 204-11] Finished scheduling.
INFO: [HLS 200-111] Finished Scheduling: CPU user time: 0 seconds. CPU system time: 0 seconds. Elapsed time: 0.091 seconds; current allocated memory: 1.465 GB.
INFO: [BIND 205-100] Starting micro-architecture generation ...
INFO: [BIND 205-101] Performing variable lifetime analysis.
INFO: [BIND 205-101] Exploring resource sharing.
INFO: [BIND 205-101] Binding ...
INFO: [BIND 205-100] Finished micro-architecture generation.
INFO: [HLS 200-111] Finished Binding: CPU user time: 0 seconds. CPU system time: 0 seconds. Elapsed time: 0.067 seconds; current allocated memory: 1.465 GB.
INFO: [HLS 200-10] ----------------------------------------------------------------
INFO: [HLS 200-42] -- Implementing module 'maxpool_2x2' 
INFO: [HLS 200-10] ----------------------------------------------------------------
INFO: [SCHED 204-11] Starting scheduling ...
INFO: [SCHED 204-11] Finished scheduling.
INFO: [HLS 200-111] Finished Scheduling: CPU user time: 0 seconds. CPU system time: 0 seconds. Elapsed time: 0.095 seconds; current allocated memory: 1.465 GB.
INFO: [BIND 205-100] Starting micro-architecture generation ...
INFO: [BIND 205-101] Performing variable lifetime analysis.
INFO: [BIND 205-101] Exploring resource sharing.
INFO: [BIND 205-101] Binding ...
INFO: [BIND 205-100] Finished micro-architecture generation.
INFO: [HLS 200-111] Finished Binding: CPU user time: 0 seconds. CPU system time: 0 seconds. Elapsed time: 0.062 seconds; current allocated memory: 1.465 GB.
INFO: [HLS 200-10] ----------------------------------------------------------------
INFO: [HLS 200-42] -- Implementing module 'accel_top_Pipeline_STORE_W' 
INFO: [HLS 200-10] ----------------------------------------------------------------
INFO: [SCHED 204-11] Starting scheduling ...
INFO: [SCHED 204-61] Pipelining loop 'STORE_W'.
INFO: [HLS 200-1470] Pipelining result : Target II = 1, Final II = 1, Depth = 9, loop 'STORE_W'
INFO: [SCHED 204-11] Finished scheduling.
INFO: [HLS 200-111] Finished Scheduling: CPU user time: 0 seconds. CPU system time: 0 seconds. Elapsed time: 0.127 seconds; current allocated memory: 1.465 GB.
INFO: [BIND 205-100] Starting micro-architecture generation ...
INFO: [BIND 205-101] Performing variable lifetime analysis.
INFO: [BIND 205-101] Exploring resource sharing.
INFO: [BIND 205-101] Binding ...
INFO: [BIND 205-100] Finished micro-architecture generation.
INFO: [HLS 200-111] Finished Binding: CPU user time: 0 seconds. CPU system time: 0 seconds. Elapsed time: 0.083 seconds; current allocated memory: 1.465 GB.
INFO: [HLS 200-10] ----------------------------------------------------------------
INFO: [HLS 200-42] -- Implementing module 'accel_top' 
INFO: [HLS 200-10] ----------------------------------------------------------------
INFO: [SCHED 204-11] Starting scheduling ...
INFO: [SCHED 204-11] Finished scheduling.
INFO: [HLS 200-111] Finished Scheduling: CPU user time: 0 seconds. CPU system time: 0 seconds. Elapsed time: 0.201 seconds; current allocated memory: 1.465 GB.
INFO: [BIND 205-100] Starting micro-architecture generation ...
INFO: [BIND 205-101] Performing variable lifetime analysis.
INFO: [BIND 205-101] Exploring resource sharing.
INFO: [BIND 205-101] Binding ...
INFO: [BIND 205-100] Finished micro-architecture generation.
INFO: [HLS 200-111] Finished Binding: CPU user time: 1 seconds. CPU system time: 0 seconds. Elapsed time: 0.378 seconds; current allocated memory: 1.465 GB.
INFO: [HLS 200-10] ----------------------------------------------------------------
INFO: [HLS 200-10] -- Generating RTL for module 'accel_top_Pipeline_LOAD_INPUT_H_LOAD_INPUT_W' 
INFO: [HLS 200-10] ----------------------------------------------------------------
INFO: [HLS 200-1030] Apply Unified Pipeline Control on module 'accel_top_Pipeline_LOAD_INPUT_H_LOAD_INPUT_W' pipeline 'LOAD_INPUT_H_LOAD_INPUT_W' pipeline type 'loop pipeline'
INFO: [RTGEN 206-100] Generating core module 'mul_31ns_31ns_32_1_1': 1 instance(s).
INFO: [RTGEN 206-100] Finished creating RTL model for 'accel_top_Pipeline_LOAD_INPUT_H_LOAD_INPUT_W'.
INFO: [HLS 200-111] Finished Creating RTL model: CPU user time: 0 seconds. CPU system time: 0 seconds. Elapsed time: 0.593 seconds; current allocated memory: 1.465 GB.
INFO: [HLS 200-10] ----------------------------------------------------------------
INFO: [HLS 200-10] -- Generating RTL for module 'accel_top_Pipeline_LOAD_W_KH_LOAD_W_KW' 
INFO: [HLS 200-10] ----------------------------------------------------------------
INFO: [HLS 200-1030] Apply Unified Pipeline Control on module 'accel_top_Pipeline_LOAD_W_KH_LOAD_W_KW' pipeline 'LOAD_W_KH_LOAD_W_KW' pipeline type 'loop pipeline'
INFO: [RTGEN 206-100] Finished creating RTL model for 'accel_top_Pipeline_LOAD_W_KH_LOAD_W_KW'.
INFO: [HLS 200-111] Finished Creating RTL model: CPU user time: 0 seconds. CPU system time: 0 seconds. Elapsed time: 0.347 seconds; current allocated memory: 1.465 GB.
INFO: [HLS 200-10] ----------------------------------------------------------------
INFO: [HLS 200-10] -- Generating RTL for module 'conv_engine_Pipeline_CONV_IC_CONV_KH_CONV_KW' 
INFO: [HLS 200-10] ----------------------------------------------------------------
INFO: [HLS 200-1030] Apply Unified Pipeline Control on module 'conv_engine_Pipeline_CONV_IC_CONV_KH_CONV_KW' pipeline 'CONV_IC_CONV_KH_CONV_KW' pipeline type 'loop pipeline'
INFO: [RTGEN 206-100] Generating core module 'mac_muladd_8s_8s_32s_32_4_1': 1 instance(s).
INFO: [RTGEN 206-100] Finished creating RTL model for 'conv_engine_Pipeline_CONV_IC_CONV_KH_CONV_KW'.
INFO: [HLS 200-111] Finished Creating RTL model: CPU user time: 0 seconds. CPU system time: 1 seconds. Elapsed time: 0.349 seconds; current allocated memory: 1.465 GB.
INFO: [HLS 200-10] ----------------------------------------------------------------
INFO: [HLS 200-10] -- Generating RTL for module 'conv_engine' 
INFO: [HLS 200-10] ----------------------------------------------------------------
INFO: [RTGEN 206-100] Generating core module 'mul_32ns_32ns_64_1_1': 2 instance(s).
INFO: [RTGEN 206-100] Generating core module 'mul_32ns_64ns_96_5_1': 1 instance(s).
INFO: [RTGEN 206-100] Generating core module 'mul_32s_32s_32_1_1': 2 instance(s).
INFO: [RTGEN 206-100] Generating core module 'sdiv_32ns_32s_32_36_seq_1': 2 instance(s).
INFO: [RTGEN 206-100] Finished creating RTL model for 'conv_engine'.
INFO: [HLS 200-111] Finished Creating RTL model: CPU user time: 1 seconds. CPU system time: 0 seconds. Elapsed time: 0.604 seconds; current allocated memory: 1.465 GB.
INFO: [HLS 200-10] ----------------------------------------------------------------
INFO: [HLS 200-10] -- Generating RTL for module 'relu_Pipeline_RELU_ROW_RELU_COL' 
INFO: [HLS 200-10] ----------------------------------------------------------------
INFO: [HLS 200-1030] Apply Unified Pipeline Control on module 'relu_Pipeline_RELU_ROW_RELU_COL' pipeline 'RELU_ROW_RELU_COL' pipeline type 'loop pipeline'
INFO: [RTGEN 206-100] Generating core module 'mux_21_32_1_1': 3 instance(s).
INFO: [RTGEN 206-100] Finished creating RTL model for 'relu_Pipeline_RELU_ROW_RELU_COL'.
INFO: [HLS 200-111] Finished Creating RTL model: CPU user time: 0 seconds. CPU system time: 0 seconds. Elapsed time: 0.521 seconds; current allocated memory: 1.465 GB.
INFO: [HLS 200-10] ----------------------------------------------------------------
INFO: [HLS 200-10] -- Generating RTL for module 'relu' 
INFO: [HLS 200-10] ----------------------------------------------------------------
INFO: [RTGEN 206-100] Generating core module 'mul_32ns_32ns_64_1_1': 1 instance(s).
INFO: [RTGEN 206-100] Finished creating RTL model for 'relu'.
INFO: [HLS 200-111] Finished Creating RTL model: CPU user time: 0 seconds. CPU system time: 0 seconds. Elapsed time: 0.253 seconds; current allocated memory: 1.465 GB.
INFO: [HLS 200-10] ----------------------------------------------------------------
INFO: [HLS 200-10] -- Generating RTL for module 'maxpool_2x2_Pipeline_POOL_ROW_POOL_COL' 
INFO: [HLS 200-10] ----------------------------------------------------------------
INFO: [HLS 200-1030] Apply Unified Pipeline Control on module 'maxpool_2x2_Pipeline_POOL_ROW_POOL_COL' pipeline 'POOL_ROW_POOL_COL' pipeline type 'loop pipeline'
INFO: [RTGEN 206-100] Finished creating RTL model for 'maxpool_2x2_Pipeline_POOL_ROW_POOL_COL'.
INFO: [HLS 200-111] Finished Creating RTL model: CPU user time: 0 seconds. CPU system time: 0 seconds. Elapsed time: 0.125 seconds; current allocated memory: 1.465 GB.
INFO: [HLS 200-10] ----------------------------------------------------------------
INFO: [HLS 200-10] -- Generating RTL for module 'maxpool_2x2' 
INFO: [HLS 200-10] ----------------------------------------------------------------
INFO: [RTGEN 206-100] Generating core module 'mul_32ns_32ns_64_1_1': 1 instance(s).
INFO: [RTGEN 206-100] Finished creating RTL model for 'maxpool_2x2'.
INFO: [HLS 200-111] Finished Creating RTL model: CPU user time: 0 seconds. CPU system time: 0 seconds. Elapsed time: 0.263 seconds; current allocated memory: 1.465 GB.
INFO: [HLS 200-10] ----------------------------------------------------------------
INFO: [HLS 200-10] -- Generating RTL for module 'accel_top_Pipeline_STORE_W' 
INFO: [HLS 200-10] ----------------------------------------------------------------
INFO: [HLS 200-1030] Apply Unified Pipeline Control on module 'accel_top_Pipeline_STORE_W' pipeline 'STORE_W' pipeline type 'loop pipeline'
INFO: [RTGEN 206-100] Generating core module 'mux_21_32_1_1': 3 instance(s).
INFO: [RTGEN 206-100] Finished creating RTL model for 'accel_top_Pipeline_STORE_W'.
INFO: [HLS 200-111] Finished Creating RTL model: CPU user time: 1 seconds. CPU system time: 0 seconds. Elapsed time: 0.219 seconds; current allocated memory: 1.465 GB.
INFO: [HLS 200-10] ----------------------------------------------------------------
INFO: [HLS 200-10] -- Generating RTL for module 'accel_top' 
INFO: [HLS 200-10] ----------------------------------------------------------------
WARNING: [RTGEN 206-101] Design contains AXI ports. Reset is fixed to synchronous and active low.
INFO: [RTGEN 206-500] Setting interface mode on port 'accel_top/DATA' to 'm_axi'.
INFO: [RTGEN 206-500] Setting interface mode on port 'accel_top/input_data' to 's_axilite & ap_none'.
INFO: [RTGEN 206-500] Setting interface mode on port 'accel_top/weight_data' to 's_axilite & ap_none'.
INFO: [RTGEN 206-500] Setting interface mode on port 'accel_top/bias_data' to 's_axilite & ap_none'.
INFO: [RTGEN 206-500] Setting interface mode on port 'accel_top/output_data' to 's_axilite & ap_none'.
INFO: [RTGEN 206-500] Setting interface mode on port 'accel_top/kernel_size' to 's_axilite & ap_none'.
INFO: [RTGEN 206-500] Setting interface mode on port 'accel_top/in_channels' to 's_axilite & ap_none'.
INFO: [RTGEN 206-500] Setting interface mode on port 'accel_top/out_channels' to 's_axilite & ap_none'.
INFO: [RTGEN 206-500] Setting interface mode on port 'accel_top/in_height' to 's_axilite & ap_none'.
INFO: [RTGEN 206-500] Setting interface mode on port 'accel_top/in_width' to 's_axilite & ap_none'.
INFO: [RTGEN 206-500] Setting interface mode on port 'accel_top/stride' to 's_axilite & ap_none'.
INFO: [RTGEN 206-500] Setting interface mode on port 'accel_top/padding' to 's_axilite & ap_none'.
INFO: [RTGEN 206-500] Setting interface mode on port 'accel_top/relu_enable' to 's_axilite & ap_none'.
INFO: [RTGEN 206-500] Setting interface mode on port 'accel_top/pool_enable' to 's_axilite & ap_none'.
INFO: [RTGEN 206-500] Setting interface mode on function 'accel_top' to 's_axilite & ap_ctrl_hs'.
INFO: [RTGEN 206-100] Bundling port 'input_data', 'weight_data', 'bias_data', 'output_data', 'kernel_size', 'in_channels', 'out_channels', 'in_height', 'in_width', 'stride', 'padding', 'relu_enable', 'pool_enable' to AXI-Lite port CTRL.
INFO: [RTGEN 206-100] Generating core module 'mul_31ns_32s_32_1_1': 1 instance(s).
INFO: [RTGEN 206-100] Generating core module 'mul_32ns_32ns_62_1_1': 1 instance(s).
INFO: [RTGEN 206-100] Generating core module 'mul_32ns_32ns_63_1_1': 1 instance(s).
INFO: [RTGEN 206-100] Generating core module 'mul_32s_32s_32_1_1': 1 instance(s).
INFO: [RTGEN 206-100] Generating core module 'sdiv_32ns_32ns_32_36_seq_1': 2 instance(s).
INFO: [RTGEN 206-100] Finished creating RTL model for 'accel_top'.
INFO: [HLS 200-111] Finished Creating RTL model: CPU user time: 0 seconds. CPU system time: 0 seconds. Elapsed time: 0.503 seconds; current allocated memory: 1.465 GB.
INFO: [RTMG 210-278] Implementing memory 'accel_top_local_input_V_RAM_2P_BRAM_1R1W_ram (RAM_2P_BRAM)' using block RAMs.
INFO: [RTMG 210-278] Implementing memory 'accel_top_local_weights_V_RAM_2P_BRAM_1R1W_ram (RAM_2P_BRAM)' using block RAMs.
INFO: [RTMG 210-278] Implementing memory 'accel_top_conv_output_V_RAM_2P_BRAM_1R1W_ram (RAM_2P_BRAM)' using block RAMs.
INFO: [RTMG 210-278] Implementing memory 'accel_top_pool_output_V_RAM_2P_BRAM_1R1W_ram (RAM_2P_BRAM)' using block RAMs.
INFO: [HLS 200-111] Finished Generating all RTL models: CPU user time: 1 seconds. CPU system time: 1 seconds. Elapsed time: 2.58 seconds; current allocated memory: 1.465 GB.
INFO: [HLS 200-111] Finished Updating report files: CPU user time: 1 seconds. CPU system time: 0 seconds. Elapsed time: 1.541 seconds; current allocated memory: 1.465 GB.
INFO: [VHDL 208-304] Generating VHDL RTL for accel_top.
INFO: [VLOG 209-307] Generating Verilog RTL for accel_top.
INFO: [HLS 200-790] **** Loop Constraint Status: All loop constraints were satisfied.
INFO: [HLS 200-789] **** Estimated Fmax: 114.29 MHz
INFO: [HLS 200-111] Finished Command csynth_design CPU user time: 10 seconds. CPU system time: 3 seconds. Elapsed time: 36.516 seconds; current allocated memory: 594.879 MB.
INFO: [HLS 200-112] Total CPU user time: 12 seconds. Total CPU system time: 4 seconds. Total elapsed time: 42.869 seconds; peak allocated memory: 1.465 GB.
==============================================================
Vitis HLS - High-Level Synthesis from C, C++ and OpenCL v2022.1 (64-bit)
Tool Version Limit: 2022.04
Copyright 1986-2022 Xilinx, Inc. All Rights Reserved.
==============================================================
INFO: [SYN 201-201] Setting up clock 'default' with a period of 10ns.
INFO: [SYN 201-201] Setting up clock 'default' with an uncertainty of 1.25ns.
INFO: [HLS 200-1611] Setting target device to 'xc7z020-clg484-1'
INFO: [HLS 200-1505] Using flow_target 'vivado'
INFO: [HLS 200-1510] Running: set_part xc7z020clg484-1 
INFO: [HLS 200-1510] Running: create_clock -period 10ns -name default 
INFO: [SYN 201-201] Setting up clock 'default' with a period of 10ns.
INFO: [HLS 200-1510] Running: set_clock_uncertainty 1.25ns 
INFO: [HLS 200-1510] Running: export_design -rtl verilog -format ip_catalog 
INFO: [IMPL 213-8] Exporting RTL as a Vivado IP.
INFO: [HLS 200-802] Generated output file cnn_accelerator/solution1/impl/export.zip
INFO: [HLS 200-111] Finished Command export_design CPU user time: 3 seconds. CPU system time: 0 seconds. Elapsed time: 28.206 seconds; current allocated memory: 590.977 MB.
INFO: [HLS 200-112] Total CPU user time: 5 seconds. Total CPU system time: 2 seconds. Total elapsed time: 35.418 seconds; peak allocated memory: 1.476 GB.
