

================================================================
== Vitis HLS Report for 'aes128_top_Pipeline_VITIS_LOOP_69_1'
================================================================
* Date:           Sun Aug 23 13:00:59 2026

* Version:        2022.1 (Build 3526262 on Mon Apr 18 15:48:16 MDT 2022)
* Project:        aes128
* Solution:       solution1 (Vivado IP Flow Target)
* Product family: zynq
* Target device:  xc7z020-clg484-1


================================================================
== Performance Estimates
================================================================
+ Timing: 
    * Summary: 
    +--------+----------+----------+------------+
    |  Clock |  Target  | Estimated| Uncertainty|
    +--------+----------+----------+------------+
    |ap_clk  |  10.00 ns|  6.232 ns|     1.25 ns|
    +--------+----------+----------+------------+

+ Latency: 
    * Summary: 
    +---------+---------+----------+----------+-----+-----+---------+
    |  Latency (cycles) |  Latency (absolute) |  Interval | Pipeline|
    |   min   |   max   |    min   |    max   | min | max |   Type  |
    +---------+---------+----------+----------+-----+-----+---------+
    |       18|       18|  0.180 us|  0.180 us|   18|   18|       no|
    +---------+---------+----------+----------+-----+-----+---------+

    + Detail: 
        * Instance: 
        N/A

        * Loop: 
        +-------------------+---------+---------+----------+-----------+-----------+------+----------+
        |                   |  Latency (cycles) | Iteration|  Initiation Interval  | Trip |          |
        |     Loop Name     |   min   |   max   |  Latency |  achieved |   target  | Count| Pipelined|
        +-------------------+---------+---------+----------+-----------+-----------+------+----------+
        |- VITIS_LOOP_69_1  |       16|       16|         2|          1|          1|    16|       yes|
        +-------------------+---------+---------+----------+-----------+-----------+------+----------+



================================================================
== Utilization Estimates
================================================================
* Summary: 
+-----------------+---------+-----+--------+-------+-----+
|       Name      | BRAM_18K| DSP |   FF   |  LUT  | URAM|
+-----------------+---------+-----+--------+-------+-----+
|DSP              |        -|    -|       -|      -|    -|
|Expression       |        -|    -|       0|     25|    -|
|FIFO             |        -|    -|       -|      -|    -|
|Instance         |        -|    -|       0|      9|    -|
|Memory           |        -|    -|       -|      -|    -|
|Multiplexer      |        -|    -|       -|     36|    -|
|Register         |        -|    -|      15|      -|    -|
+-----------------+---------+-----+--------+-------+-----+
|Total            |        0|    0|      15|     70|    0|
+-----------------+---------+-----+--------+-------+-----+
|Available        |      280|  220|  106400|  53200|    0|
+-----------------+---------+-----+--------+-------+-----+
|Utilization (%)  |        0|    0|      ~0|     ~0|    0|
+-----------------+---------+-----+--------+-------+-----+

+ Detail: 
    * Instance: 
    +-------------------+--------------+---------+----+---+----+-----+
    |      Instance     |    Module    | BRAM_18K| DSP| FF| LUT| URAM|
    +-------------------+--------------+---------+----+---+----+-----+
    |mux_21_8_1_1_U398  |mux_21_8_1_1  |        0|   0|  0|   9|    0|
    +-------------------+--------------+---------+----+---+----+-----+
    |Total              |              |        0|   0|  0|   9|    0|
    +-------------------+--------------+---------+----+---+----+-----+

    * DSP: 
    N/A

    * Memory: 
    N/A

    * FIFO: 
    N/A

    * Expression: 
    +---------------------+----------+----+---+----+------------+------------+
    |    Variable Name    | Operation| DSP| FF| LUT| Bitwidth P0| Bitwidth P1|
    +---------------------+----------+----+---+----+------------+------------+
    |add_ln69_fu_108_p2   |         +|   0|  0|  13|           5|           1|
    |icmp_ln69_fu_102_p2  |      icmp|   0|  0|  10|           5|           6|
    |ap_enable_pp0        |       xor|   0|  0|   2|           1|           2|
    +---------------------+----------+----+---+----+------------+------------+
    |Total                |          |   0|  0|  25|          11|           9|
    +---------------------+----------+----+---+----+------------+------------+

    * Multiplexer: 
    +-------------------------+----+-----------+-----+-----------+
    |           Name          | LUT| Input Size| Bits| Total Bits|
    +-------------------------+----+-----------+-----+-----------+
    |ap_done_int              |   9|          2|    1|          2|
    |ap_enable_reg_pp0_iter1  |   9|          2|    1|          2|
    |ap_sig_allocacmp_i_1     |   9|          2|    5|         10|
    |i_fu_40                  |   9|          2|    5|         10|
    +-------------------------+----+-----------+-----+-----------+
    |Total                    |  36|          8|   12|         24|
    +-------------------------+----+-----------+-----+-----------+

    * Register: 
    +---------------------------+---+----+-----+-----------+
    |            Name           | FF| LUT| Bits| Const Bits|
    +---------------------------+---+----+-----+-----------+
    |ap_CS_fsm                  |  1|   0|    1|          0|
    |ap_done_reg                |  1|   0|    1|          0|
    |ap_enable_reg_pp0_iter1    |  1|   0|    1|          0|
    |ciphertext_1_addr_reg_182  |  3|   0|    3|          0|
    |ciphertext_addr_reg_177    |  3|   0|    3|          0|
    |empty_29_reg_162           |  1|   0|    1|          0|
    |i_fu_40                    |  5|   0|    5|          0|
    +---------------------------+---+----+-----+-----------+
    |Total                      | 15|   0|   15|          0|
    +---------------------------+---+----+-----+-----------+



================================================================
== Interface
================================================================
* Summary: 
+-----------------------+-----+-----+------------+-------------------------------------+--------------+
|       RTL Ports       | Dir | Bits|  Protocol  |            Source Object            |    C Type    |
+-----------------------+-----+-----+------------+-------------------------------------+--------------+
|ap_clk                 |   in|    1|  ap_ctrl_hs|  aes128_top_Pipeline_VITIS_LOOP_69_1|  return value|
|ap_rst                 |   in|    1|  ap_ctrl_hs|  aes128_top_Pipeline_VITIS_LOOP_69_1|  return value|
|ap_start               |   in|    1|  ap_ctrl_hs|  aes128_top_Pipeline_VITIS_LOOP_69_1|  return value|
|ap_done                |  out|    1|  ap_ctrl_hs|  aes128_top_Pipeline_VITIS_LOOP_69_1|  return value|
|ap_idle                |  out|    1|  ap_ctrl_hs|  aes128_top_Pipeline_VITIS_LOOP_69_1|  return value|
|ap_ready               |  out|    1|  ap_ctrl_hs|  aes128_top_Pipeline_VITIS_LOOP_69_1|  return value|
|plaintext_address0     |  out|    3|   ap_memory|                            plaintext|         array|
|plaintext_ce0          |  out|    1|   ap_memory|                            plaintext|         array|
|plaintext_q0           |   in|    8|   ap_memory|                            plaintext|         array|
|plaintext_1_address0   |  out|    3|   ap_memory|                          plaintext_1|         array|
|plaintext_1_ce0        |  out|    1|   ap_memory|                          plaintext_1|         array|
|plaintext_1_q0         |   in|    8|   ap_memory|                          plaintext_1|         array|
|ciphertext_address0    |  out|    3|   ap_memory|                           ciphertext|         array|
|ciphertext_ce0         |  out|    1|   ap_memory|                           ciphertext|         array|
|ciphertext_we0         |  out|    1|   ap_memory|                           ciphertext|         array|
|ciphertext_d0          |  out|    8|   ap_memory|                           ciphertext|         array|
|ciphertext_1_address0  |  out|    3|   ap_memory|                         ciphertext_1|         array|
|ciphertext_1_ce0       |  out|    1|   ap_memory|                         ciphertext_1|         array|
|ciphertext_1_we0       |  out|    1|   ap_memory|                         ciphertext_1|         array|
|ciphertext_1_d0        |  out|    8|   ap_memory|                         ciphertext_1|         array|
+-----------------------+-----+-----+------------+-------------------------------------+--------------+

============================================================
+ Verbose Summary: Synthesis Manager
============================================================
InlineROM: 1
ExposeGlobal: 0
============================================================
+ Verbose Summary: CDFG Model
============================================================
IsTopModel: 0
ResetActiveHigh: 1
IsCombinational: 2
IsDatapathOnly: 2
HasWiredReturn: 1
HasMFsm: 2
HasVarLatency: 1
IsPipeline: 0
IsRtlPipelined: 0
IsInstanceOverlapped: 0
IsDontTouch: 0
HasImplIP: 0
IsGatedGlobalClock: 0

+ Individual pipeline summary: 
  * Pipeline-0: initiation interval (II) = 1, depth = 2


============================================================
+ Verbose Summary: Schedule
============================================================
* Number of FSM states : 2
* Pipeline : 1
  Pipeline-0 : II = 1, D = 2, States = { 1 2 }
* Dataflow Pipeline: 0

* FSM state transitions: 
1 --> 2 
2 --> 

* FSM state operations: 

State 1 <SV = 0> <Delay = 3.36>
ST_1 : Operation 5 [1/1] (0.00ns)   --->   "%i = alloca i32 1"   --->   Operation 5 'alloca' 'i' <Predicate = true> <Delay = 0.00>
ST_1 : Operation 6 [1/1] (1.58ns)   --->   "%store_ln0 = store i5 0, i5 %i"   --->   Operation 6 'store' 'store_ln0' <Predicate = true> <Delay = 1.58>
ST_1 : Operation 7 [1/1] (0.00ns)   --->   "%br_ln0 = br void %for.inc74"   --->   Operation 7 'br' 'br_ln0' <Predicate = true> <Delay = 0.00>
ST_1 : Operation 8 [1/1] (0.00ns)   --->   "%i_1 = load i5 %i"   --->   Operation 8 'load' 'i_1' <Predicate = true> <Delay = 0.00>
ST_1 : Operation 9 [1/1] (0.00ns)   --->   "%specpipeline_ln0 = specpipeline void @_ssdm_op_SpecPipeline, i32 4294967295, i32 0, i32 1, i32 0, void @p_str"   --->   Operation 9 'specpipeline' 'specpipeline_ln0' <Predicate = true> <Delay = 0.00>
ST_1 : Operation 10 [1/1] (1.36ns)   --->   "%icmp_ln69 = icmp_eq  i5 %i_1, i5 16" [src/aes128_top.cpp:69]   --->   Operation 10 'icmp' 'icmp_ln69' <Predicate = true> <Delay = 1.36> <CoreInst = "Cmp">   --->   Core 9 'Cmp' <Latency = 0> <II = 1> <Delay = 1.42> <FuncUnit> <Opcode : 'icmp'> <InPorts = 2> <OutPorts = 1>
ST_1 : Operation 11 [1/1] (0.00ns)   --->   "%empty = speclooptripcount i32 @_ssdm_op_SpecLoopTripCount, i64 16, i64 16, i64 16"   --->   Operation 11 'speclooptripcount' 'empty' <Predicate = true> <Delay = 0.00>
ST_1 : Operation 12 [1/1] (1.78ns)   --->   "%add_ln69 = add i5 %i_1, i5 1" [src/aes128_top.cpp:69]   --->   Operation 12 'add' 'add_ln69' <Predicate = true> <Delay = 1.78> <CoreInst = "Adder">   --->   Core 1 'Adder' <Latency = 0> <II = 1> <Delay = 1.78> <FuncUnit> <Opcode : 'add' 'sub'> <InPorts = 2> <OutPorts = 1>
ST_1 : Operation 13 [1/1] (0.00ns)   --->   "%br_ln69 = br i1 %icmp_ln69, void %for.inc74.split, void %STORE_DATA.loopexit.exitStub" [src/aes128_top.cpp:69]   --->   Operation 13 'br' 'br_ln69' <Predicate = true> <Delay = 0.00>
ST_1 : Operation 14 [1/1] (0.00ns)   --->   "%empty_29 = trunc i5 %i_1"   --->   Operation 14 'trunc' 'empty_29' <Predicate = (!icmp_ln69)> <Delay = 0.00>
ST_1 : Operation 15 [1/1] (0.00ns)   --->   "%lshr_ln = partselect i3 @_ssdm_op_PartSelect.i3.i5.i32.i32, i5 %i_1, i32 1, i32 3" [src/aes128_top.cpp:70]   --->   Operation 15 'partselect' 'lshr_ln' <Predicate = (!icmp_ln69)> <Delay = 0.00>
ST_1 : Operation 16 [1/1] (0.00ns)   --->   "%zext_ln70 = zext i3 %lshr_ln" [src/aes128_top.cpp:70]   --->   Operation 16 'zext' 'zext_ln70' <Predicate = (!icmp_ln69)> <Delay = 0.00>
ST_1 : Operation 17 [1/1] (0.00ns)   --->   "%plaintext_addr = getelementptr i8 %plaintext, i64 0, i64 %zext_ln70" [src/aes128_top.cpp:70]   --->   Operation 17 'getelementptr' 'plaintext_addr' <Predicate = (!icmp_ln69)> <Delay = 0.00>
ST_1 : Operation 18 [1/1] (0.00ns)   --->   "%plaintext_1_addr = getelementptr i8 %plaintext_1, i64 0, i64 %zext_ln70" [src/aes128_top.cpp:70]   --->   Operation 18 'getelementptr' 'plaintext_1_addr' <Predicate = (!icmp_ln69)> <Delay = 0.00>
ST_1 : Operation 19 [2/2] (2.32ns)   --->   "%plaintext_load = load i3 %plaintext_addr" [src/aes128_top.cpp:70]   --->   Operation 19 'load' 'plaintext_load' <Predicate = (!icmp_ln69)> <Delay = 2.32> <CoreInst = "RAM">   --->   Core 82 'RAM' <Latency = 1> <II = 1> <Delay = 2.32> <Storage> <Opcode : 'load' 'store'> <Ports = 2> <Width = 8> <Depth = 8> <RAM>
ST_1 : Operation 20 [2/2] (2.32ns)   --->   "%plaintext_1_load = load i3 %plaintext_1_addr" [src/aes128_top.cpp:70]   --->   Operation 20 'load' 'plaintext_1_load' <Predicate = (!icmp_ln69)> <Delay = 2.32> <CoreInst = "RAM">   --->   Core 82 'RAM' <Latency = 1> <II = 1> <Delay = 2.32> <Storage> <Opcode : 'load' 'store'> <Ports = 2> <Width = 8> <Depth = 8> <RAM>
ST_1 : Operation 21 [1/1] (0.00ns)   --->   "%ciphertext_addr = getelementptr i8 %ciphertext, i64 0, i64 %zext_ln70" [src/aes128_top.cpp:70]   --->   Operation 21 'getelementptr' 'ciphertext_addr' <Predicate = (!icmp_ln69)> <Delay = 0.00>
ST_1 : Operation 22 [1/1] (0.00ns)   --->   "%ciphertext_1_addr = getelementptr i8 %ciphertext_1, i64 0, i64 %zext_ln70" [src/aes128_top.cpp:70]   --->   Operation 22 'getelementptr' 'ciphertext_1_addr' <Predicate = (!icmp_ln69)> <Delay = 0.00>
ST_1 : Operation 23 [1/1] (0.00ns)   --->   "%br_ln70 = br i1 %empty_29, void %arrayidx73.case.0, void %arrayidx73.case.1" [src/aes128_top.cpp:70]   --->   Operation 23 'br' 'br_ln70' <Predicate = (!icmp_ln69)> <Delay = 0.00>
ST_1 : Operation 24 [1/1] (1.58ns)   --->   "%store_ln69 = store i5 %add_ln69, i5 %i" [src/aes128_top.cpp:69]   --->   Operation 24 'store' 'store_ln69' <Predicate = (!icmp_ln69)> <Delay = 1.58>
ST_1 : Operation 25 [1/1] (0.00ns)   --->   "%br_ln69 = br void %for.inc74" [src/aes128_top.cpp:69]   --->   Operation 25 'br' 'br_ln69' <Predicate = (!icmp_ln69)> <Delay = 0.00>
ST_1 : Operation 34 [1/1] (0.00ns)   --->   "%ret_ln0 = ret"   --->   Operation 34 'ret' 'ret_ln0' <Predicate = (icmp_ln69)> <Delay = 0.00>

State 2 <SV = 1> <Delay = 6.23>
ST_2 : Operation 26 [1/1] (0.00ns)   --->   "%specloopname_ln69 = specloopname void @_ssdm_op_SpecLoopName, void @empty_13" [src/aes128_top.cpp:69]   --->   Operation 26 'specloopname' 'specloopname_ln69' <Predicate = true> <Delay = 0.00>
ST_2 : Operation 27 [1/2] (2.32ns)   --->   "%plaintext_load = load i3 %plaintext_addr" [src/aes128_top.cpp:70]   --->   Operation 27 'load' 'plaintext_load' <Predicate = true> <Delay = 2.32> <CoreInst = "RAM">   --->   Core 82 'RAM' <Latency = 1> <II = 1> <Delay = 2.32> <Storage> <Opcode : 'load' 'store'> <Ports = 2> <Width = 8> <Depth = 8> <RAM>
ST_2 : Operation 28 [1/2] (2.32ns)   --->   "%plaintext_1_load = load i3 %plaintext_1_addr" [src/aes128_top.cpp:70]   --->   Operation 28 'load' 'plaintext_1_load' <Predicate = true> <Delay = 2.32> <CoreInst = "RAM">   --->   Core 82 'RAM' <Latency = 1> <II = 1> <Delay = 2.32> <Storage> <Opcode : 'load' 'store'> <Ports = 2> <Width = 8> <Depth = 8> <RAM>
ST_2 : Operation 29 [1/1] (1.58ns)   --->   "%tmp = mux i8 @_ssdm_op_Mux.ap_auto.2i8.i1, i8 %plaintext_load, i8 %plaintext_1_load, i1 %empty_29" [src/aes128_top.cpp:70]   --->   Operation 29 'mux' 'tmp' <Predicate = true> <Delay = 1.58> <CoreInst = "Multiplexer">   --->   Core 76 'Multiplexer' <Latency = 0> <II = 1> <Delay = 1.58> <FuncUnit> <Opcode : 'mux'> <InPorts = 2> <OutPorts = 1>
ST_2 : Operation 30 [1/1] (2.32ns)   --->   "%store_ln70 = store i8 %tmp, i3 %ciphertext_addr" [src/aes128_top.cpp:70]   --->   Operation 30 'store' 'store_ln70' <Predicate = (!empty_29)> <Delay = 2.32> <CoreInst = "RAM">   --->   Core 82 'RAM' <Latency = 1> <II = 1> <Delay = 2.32> <Storage> <Opcode : 'load' 'store'> <Ports = 2> <Width = 8> <Depth = 8> <RAM>
ST_2 : Operation 31 [1/1] (0.00ns)   --->   "%br_ln70 = br void %arrayidx73.exit" [src/aes128_top.cpp:70]   --->   Operation 31 'br' 'br_ln70' <Predicate = (!empty_29)> <Delay = 0.00>
ST_2 : Operation 32 [1/1] (2.32ns)   --->   "%store_ln70 = store i8 %tmp, i3 %ciphertext_1_addr" [src/aes128_top.cpp:70]   --->   Operation 32 'store' 'store_ln70' <Predicate = (empty_29)> <Delay = 2.32> <CoreInst = "RAM">   --->   Core 82 'RAM' <Latency = 1> <II = 1> <Delay = 2.32> <Storage> <Opcode : 'load' 'store'> <Ports = 2> <Width = 8> <Depth = 8> <RAM>
ST_2 : Operation 33 [1/1] (0.00ns)   --->   "%br_ln70 = br void %arrayidx73.exit" [src/aes128_top.cpp:70]   --->   Operation 33 'br' 'br_ln70' <Predicate = (empty_29)> <Delay = 0.00>


============================================================
+ Verbose Summary: Binding
============================================================
STG Binding: 
---------------- STG Properties BEGIN ----------------
- Is combinational: 0
- Is one-state seq: 0
- Is datapath-only: 0
- Is pipelined: 0
- Is top level: 0
Port [ Return ] is wired: 1; IO mode=ap_ctrl_hs:ce=0
Port [ plaintext]:  wired=1; compound=1; hidden=0; nouse=0; global=0; static=0; extern=0; dir=0; type=1; pingpong=0; private_global=0; MemPort=[13]; IO mode=ap_memory:ce=0
Port [ plaintext_1]:  wired=1; compound=1; hidden=0; nouse=0; global=0; static=0; extern=0; dir=0; type=1; pingpong=0; private_global=0; MemPort=[13]; IO mode=ap_memory:ce=0
Port [ ciphertext]:  wired=1; compound=1; hidden=0; nouse=0; global=0; static=0; extern=0; dir=1; type=1; pingpong=0; private_global=0; MemPort=[03]; IO mode=ap_memory:ce=0
Port [ ciphertext_1]:  wired=1; compound=1; hidden=0; nouse=0; global=0; static=0; extern=0; dir=1; type=1; pingpong=0; private_global=0; MemPort=[03]; IO mode=ap_memory:ce=0
---------------- STG Properties END ------------------

---------------- Datapath Model BEGIN ----------------

<LifeTime>
<method=bitvector/>
i                 (alloca           ) [ 010]
store_ln0         (store            ) [ 000]
br_ln0            (br               ) [ 000]
i_1               (load             ) [ 000]
specpipeline_ln0  (specpipeline     ) [ 000]
icmp_ln69         (icmp             ) [ 010]
empty             (speclooptripcount) [ 000]
add_ln69          (add              ) [ 000]
br_ln69           (br               ) [ 000]
empty_29          (trunc            ) [ 011]
lshr_ln           (partselect       ) [ 000]
zext_ln70         (zext             ) [ 000]
plaintext_addr    (getelementptr    ) [ 011]
plaintext_1_addr  (getelementptr    ) [ 011]
ciphertext_addr   (getelementptr    ) [ 011]
ciphertext_1_addr (getelementptr    ) [ 011]
br_ln70           (br               ) [ 000]
store_ln69        (store            ) [ 000]
br_ln69           (br               ) [ 000]
specloopname_ln69 (specloopname     ) [ 000]
plaintext_load    (load             ) [ 000]
plaintext_1_load  (load             ) [ 000]
tmp               (mux              ) [ 000]
store_ln70        (store            ) [ 000]
br_ln70           (br               ) [ 000]
store_ln70        (store            ) [ 000]
br_ln70           (br               ) [ 000]
ret_ln0           (ret              ) [ 000]
</LifeTime>

<model>

<comp_list>
<comp id="0" class="1000" name="plaintext">
<pin_list>
<pin id="1" dir="1" index="0" bw="1" slack="0"/>
</pin_list>
<bind>
<StgValue><ssdm name="plaintext"/><MemPortTyVec>1 3 </MemPortTyVec>
</StgValue>
</bind>
</comp>

<comp id="2" class="1000" name="plaintext_1">
<pin_list>
<pin id="3" dir="1" index="0" bw="1" slack="0"/>
</pin_list>
<bind>
<StgValue><ssdm name="plaintext_1"/><MemPortTyVec>1 3 </MemPortTyVec>
</StgValue>
</bind>
</comp>

<comp id="4" class="1000" name="ciphertext">
<pin_list>
<pin id="5" dir="1" index="0" bw="1" slack="0"/>
</pin_list>
<bind>
<StgValue><ssdm name="ciphertext"/><MemPortTyVec>0 3 </MemPortTyVec>
</StgValue>
</bind>
</comp>

<comp id="6" class="1000" name="ciphertext_1">
<pin_list>
<pin id="7" dir="1" index="0" bw="1" slack="0"/>
</pin_list>
<bind>
<StgValue><ssdm name="ciphertext_1"/><MemPortTyVec>0 3 </MemPortTyVec>
</StgValue>
</bind>
</comp>

<comp id="8" class="1001" name="const_8">
<pin_list>
<pin id="9" dir="1" index="0" bw="1" slack="0"/>
</pin_list>
<bind>
<StgValue><ssdm name=""/></StgValue>
</bind>
</comp>

<comp id="10" class="1001" name="const_10">
<pin_list>
<pin id="11" dir="1" index="0" bw="1" slack="0"/>
</pin_list>
<bind>
<StgValue><ssdm name=""/></StgValue>
</bind>
</comp>

<comp id="12" class="1001" name="const_12">
<pin_list>
<pin id="13" dir="1" index="0" bw="1" slack="2147483647"/>
</pin_list>
<bind>
<StgValue><ssdm name="_ssdm_op_SpecPipeline"/></StgValue>
</bind>
</comp>

<comp id="14" class="1001" name="const_14">
<pin_list>
<pin id="15" dir="1" index="0" bw="1" slack="2147483647"/>
</pin_list>
<bind>
<StgValue><ssdm name=""/></StgValue>
</bind>
</comp>

<comp id="16" class="1001" name="const_16">
<pin_list>
<pin id="17" dir="1" index="0" bw="1" slack="2147483647"/>
</pin_list>
<bind>
<StgValue><ssdm name=""/></StgValue>
</bind>
</comp>

<comp id="18" class="1001" name="const_18">
<pin_list>
<pin id="19" dir="1" index="0" bw="1" slack="2147483647"/>
</pin_list>
<bind>
<StgValue><ssdm name="p_str"/></StgValue>
</bind>
</comp>

<comp id="20" class="1001" name="const_20">
<pin_list>
<pin id="21" dir="1" index="0" bw="1" slack="0"/>
</pin_list>
<bind>
<StgValue><ssdm name=""/></StgValue>
</bind>
</comp>

<comp id="22" class="1001" name="const_22">
<pin_list>
<pin id="23" dir="1" index="0" bw="1" slack="2147483647"/>
</pin_list>
<bind>
<StgValue><ssdm name="_ssdm_op_SpecLoopTripCount"/></StgValue>
</bind>
</comp>

<comp id="24" class="1001" name="const_24">
<pin_list>
<pin id="25" dir="1" index="0" bw="1" slack="2147483647"/>
</pin_list>
<bind>
<StgValue><ssdm name=""/></StgValue>
</bind>
</comp>

<comp id="26" class="1001" name="const_26">
<pin_list>
<pin id="27" dir="1" index="0" bw="1" slack="0"/>
</pin_list>
<bind>
<StgValue><ssdm name=""/></StgValue>
</bind>
</comp>

<comp id="28" class="1001" name="const_28">
<pin_list>
<pin id="29" dir="1" index="0" bw="1" slack="0"/>
</pin_list>
<bind>
<StgValue><ssdm name="_ssdm_op_PartSelect.i3.i5.i32.i32"/></StgValue>
</bind>
</comp>

<comp id="30" class="1001" name="const_30">
<pin_list>
<pin id="31" dir="1" index="0" bw="1" slack="0"/>
</pin_list>
<bind>
<StgValue><ssdm name=""/></StgValue>
</bind>
</comp>

<comp id="32" class="1001" name="const_32">
<pin_list>
<pin id="33" dir="1" index="0" bw="1" slack="0"/>
</pin_list>
<bind>
<StgValue><ssdm name=""/></StgValue>
</bind>
</comp>

<comp id="34" class="1001" name="const_34">
<pin_list>
<pin id="35" dir="1" index="0" bw="1" slack="2147483647"/>
</pin_list>
<bind>
<StgValue><ssdm name="_ssdm_op_SpecLoopName"/></StgValue>
</bind>
</comp>

<comp id="36" class="1001" name="const_36">
<pin_list>
<pin id="37" dir="1" index="0" bw="1" slack="2147483647"/>
</pin_list>
<bind>
<StgValue><ssdm name="empty_13"/></StgValue>
</bind>
</comp>

<comp id="38" class="1001" name="const_38">
<pin_list>
<pin id="39" dir="1" index="0" bw="1" slack="0"/>
</pin_list>
<bind>
<StgValue><ssdm name="_ssdm_op_Mux.ap_auto.2i8.i1"/></StgValue>
</bind>
</comp>

<comp id="40" class="1004" name="i_fu_40">
<pin_list>
<pin id="41" dir="0" index="0" bw="1" slack="0"/>
<pin id="42" dir="1" index="1" bw="5" slack="0"/>
</pin_list>
<bind>
<opcode="alloca(26) " fcode="alloca"/>
<opset="i/1 "/>
</bind>
</comp>

<comp id="44" class="1004" name="plaintext_addr_gep_fu_44">
<pin_list>
<pin id="45" dir="0" index="0" bw="8" slack="0"/>
<pin id="46" dir="0" index="1" bw="1" slack="0"/>
<pin id="47" dir="0" index="2" bw="3" slack="0"/>
<pin id="48" dir="1" index="3" bw="3" slack="0"/>
</pin_list>
<bind>
<opcode="getelementptr(29) " fcode="getelementptr"/>
<opset="plaintext_addr/1 "/>
</bind>
</comp>

<comp id="51" class="1004" name="plaintext_1_addr_gep_fu_51">
<pin_list>
<pin id="52" dir="0" index="0" bw="8" slack="0"/>
<pin id="53" dir="0" index="1" bw="1" slack="0"/>
<pin id="54" dir="0" index="2" bw="3" slack="0"/>
<pin id="55" dir="1" index="3" bw="3" slack="0"/>
</pin_list>
<bind>
<opcode="getelementptr(29) " fcode="getelementptr"/>
<opset="plaintext_1_addr/1 "/>
</bind>
</comp>

<comp id="58" class="1004" name="grp_access_fu_58">
<pin_list>
<pin id="59" dir="0" index="0" bw="3" slack="0"/>
<pin id="60" dir="0" index="1" bw="8" slack="2147483647"/>
<pin id="61" dir="0" index="2" bw="0" slack="2147483647"/>
<pin id="62" dir="1" index="3" bw="8" slack="0"/>
</pin_list>
<bind>
<opcode="load(27) " fcode="load"/>
<opset="plaintext_load/1 "/>
</bind>
</comp>

<comp id="64" class="1004" name="grp_access_fu_64">
<pin_list>
<pin id="65" dir="0" index="0" bw="3" slack="0"/>
<pin id="66" dir="0" index="1" bw="8" slack="2147483647"/>
<pin id="67" dir="0" index="2" bw="0" slack="2147483647"/>
<pin id="68" dir="1" index="3" bw="8" slack="0"/>
</pin_list>
<bind>
<opcode="load(27) " fcode="load"/>
<opset="plaintext_1_load/1 "/>
</bind>
</comp>

<comp id="70" class="1004" name="ciphertext_addr_gep_fu_70">
<pin_list>
<pin id="71" dir="0" index="0" bw="8" slack="0"/>
<pin id="72" dir="0" index="1" bw="1" slack="0"/>
<pin id="73" dir="0" index="2" bw="3" slack="0"/>
<pin id="74" dir="1" index="3" bw="3" slack="1"/>
</pin_list>
<bind>
<opcode="getelementptr(29) " fcode="getelementptr"/>
<opset="ciphertext_addr/1 "/>
</bind>
</comp>

<comp id="77" class="1004" name="ciphertext_1_addr_gep_fu_77">
<pin_list>
<pin id="78" dir="0" index="0" bw="8" slack="0"/>
<pin id="79" dir="0" index="1" bw="1" slack="0"/>
<pin id="80" dir="0" index="2" bw="3" slack="0"/>
<pin id="81" dir="1" index="3" bw="3" slack="1"/>
</pin_list>
<bind>
<opcode="getelementptr(29) " fcode="getelementptr"/>
<opset="ciphertext_1_addr/1 "/>
</bind>
</comp>

<comp id="84" class="1004" name="store_ln70_access_fu_84">
<pin_list>
<pin id="85" dir="0" index="0" bw="3" slack="1"/>
<pin id="86" dir="0" index="1" bw="8" slack="0"/>
<pin id="87" dir="0" index="2" bw="0" slack="2147483647"/>
<pin id="88" dir="1" index="3" bw="8" slack="2147483647"/>
</pin_list>
<bind>
<opcode="store(28) " fcode="store"/>
<opset="store_ln70/2 "/>
</bind>
</comp>

<comp id="89" class="1004" name="store_ln70_access_fu_89">
<pin_list>
<pin id="90" dir="0" index="0" bw="3" slack="1"/>
<pin id="91" dir="0" index="1" bw="8" slack="0"/>
<pin id="92" dir="0" index="2" bw="0" slack="2147483647"/>
<pin id="93" dir="1" index="3" bw="8" slack="2147483647"/>
</pin_list>
<bind>
<opcode="store(28) " fcode="store"/>
<opset="store_ln70/2 "/>
</bind>
</comp>

<comp id="94" class="1004" name="store_ln0_store_fu_94">
<pin_list>
<pin id="95" dir="0" index="0" bw="1" slack="0"/>
<pin id="96" dir="0" index="1" bw="5" slack="0"/>
<pin id="97" dir="1" index="2" bw="0" slack="2147483647"/>
</pin_list>
<bind>
<opcode="store(28) " fcode="store"/>
<opset="store_ln0/1 "/>
</bind>
</comp>

<comp id="99" class="1004" name="i_1_load_fu_99">
<pin_list>
<pin id="100" dir="0" index="0" bw="5" slack="0"/>
<pin id="101" dir="1" index="1" bw="5" slack="0"/>
</pin_list>
<bind>
<opcode="load(27) " fcode="load"/>
<opset="i_1/1 "/>
</bind>
</comp>

<comp id="102" class="1004" name="icmp_ln69_fu_102">
<pin_list>
<pin id="103" dir="0" index="0" bw="5" slack="0"/>
<pin id="104" dir="0" index="1" bw="5" slack="0"/>
<pin id="105" dir="1" index="2" bw="1" slack="2147483647"/>
</pin_list>
<bind>
<opcode="icmp(45) " fcode="icmp"/>
<opset="icmp_ln69/1 "/>
</bind>
</comp>

<comp id="108" class="1004" name="add_ln69_fu_108">
<pin_list>
<pin id="109" dir="0" index="0" bw="5" slack="0"/>
<pin id="110" dir="0" index="1" bw="1" slack="0"/>
<pin id="111" dir="1" index="2" bw="5" slack="0"/>
</pin_list>
<bind>
<opcode="add(8) " fcode="add"/>
<opset="add_ln69/1 "/>
</bind>
</comp>

<comp id="114" class="1004" name="empty_29_fu_114">
<pin_list>
<pin id="115" dir="0" index="0" bw="5" slack="0"/>
<pin id="116" dir="1" index="1" bw="1" slack="1"/>
</pin_list>
<bind>
<opcode="trunc(33) " fcode="trunc"/>
<opset="empty_29/1 "/>
</bind>
</comp>

<comp id="118" class="1004" name="lshr_ln_fu_118">
<pin_list>
<pin id="119" dir="0" index="0" bw="3" slack="0"/>
<pin id="120" dir="0" index="1" bw="5" slack="0"/>
<pin id="121" dir="0" index="2" bw="1" slack="0"/>
<pin id="122" dir="0" index="3" bw="3" slack="0"/>
<pin id="123" dir="1" index="4" bw="3" slack="0"/>
</pin_list>
<bind>
<opcode="partselect(1002) " fcode="partselect"/>
<opset="lshr_ln/1 "/>
</bind>
</comp>

<comp id="128" class="1004" name="zext_ln70_fu_128">
<pin_list>
<pin id="129" dir="0" index="0" bw="3" slack="0"/>
<pin id="130" dir="1" index="1" bw="64" slack="0"/>
</pin_list>
<bind>
<opcode="zext(34) " fcode="zext"/>
<opset="zext_ln70/1 "/>
</bind>
</comp>

<comp id="136" class="1004" name="store_ln69_store_fu_136">
<pin_list>
<pin id="137" dir="0" index="0" bw="5" slack="0"/>
<pin id="138" dir="0" index="1" bw="5" slack="0"/>
<pin id="139" dir="1" index="2" bw="0" slack="2147483647"/>
</pin_list>
<bind>
<opcode="store(28) " fcode="store"/>
<opset="store_ln69/1 "/>
</bind>
</comp>

<comp id="141" class="1004" name="tmp_fu_141">
<pin_list>
<pin id="142" dir="0" index="0" bw="8" slack="0"/>
<pin id="143" dir="0" index="1" bw="8" slack="0"/>
<pin id="144" dir="0" index="2" bw="8" slack="0"/>
<pin id="145" dir="0" index="3" bw="1" slack="1"/>
<pin id="146" dir="1" index="4" bw="8" slack="0"/>
</pin_list>
<bind>
<opcode="mux(1196) " fcode="mux"/>
<opset="tmp/2 "/>
</bind>
</comp>

<comp id="152" class="1005" name="i_reg_152">
<pin_list>
<pin id="153" dir="0" index="0" bw="5" slack="0"/>
<pin id="154" dir="1" index="1" bw="5" slack="0"/>
</pin_list>
<bind>
<opset="i "/>
</bind>
</comp>

<comp id="162" class="1005" name="empty_29_reg_162">
<pin_list>
<pin id="163" dir="0" index="0" bw="1" slack="1"/>
<pin id="164" dir="1" index="1" bw="1" slack="1"/>
</pin_list>
<bind>
<opset="empty_29 "/>
</bind>
</comp>

<comp id="167" class="1005" name="plaintext_addr_reg_167">
<pin_list>
<pin id="168" dir="0" index="0" bw="3" slack="1"/>
<pin id="169" dir="1" index="1" bw="3" slack="1"/>
</pin_list>
<bind>
<opset="plaintext_addr "/>
</bind>
</comp>

<comp id="172" class="1005" name="plaintext_1_addr_reg_172">
<pin_list>
<pin id="173" dir="0" index="0" bw="3" slack="1"/>
<pin id="174" dir="1" index="1" bw="3" slack="1"/>
</pin_list>
<bind>
<opset="plaintext_1_addr "/>
</bind>
</comp>

<comp id="177" class="1005" name="ciphertext_addr_reg_177">
<pin_list>
<pin id="178" dir="0" index="0" bw="3" slack="1"/>
<pin id="179" dir="1" index="1" bw="3" slack="1"/>
</pin_list>
<bind>
<opset="ciphertext_addr "/>
</bind>
</comp>

<comp id="182" class="1005" name="ciphertext_1_addr_reg_182">
<pin_list>
<pin id="183" dir="0" index="0" bw="3" slack="1"/>
<pin id="184" dir="1" index="1" bw="3" slack="1"/>
</pin_list>
<bind>
<opset="ciphertext_1_addr "/>
</bind>
</comp>

</comp_list>

<net_list>
<net id="43"><net_src comp="8" pin="0"/><net_sink comp="40" pin=0"/></net>

<net id="49"><net_src comp="0" pin="0"/><net_sink comp="44" pin=0"/></net>

<net id="50"><net_src comp="32" pin="0"/><net_sink comp="44" pin=1"/></net>

<net id="56"><net_src comp="2" pin="0"/><net_sink comp="51" pin=0"/></net>

<net id="57"><net_src comp="32" pin="0"/><net_sink comp="51" pin=1"/></net>

<net id="63"><net_src comp="44" pin="3"/><net_sink comp="58" pin=0"/></net>

<net id="69"><net_src comp="51" pin="3"/><net_sink comp="64" pin=0"/></net>

<net id="75"><net_src comp="4" pin="0"/><net_sink comp="70" pin=0"/></net>

<net id="76"><net_src comp="32" pin="0"/><net_sink comp="70" pin=1"/></net>

<net id="82"><net_src comp="6" pin="0"/><net_sink comp="77" pin=0"/></net>

<net id="83"><net_src comp="32" pin="0"/><net_sink comp="77" pin=1"/></net>

<net id="98"><net_src comp="10" pin="0"/><net_sink comp="94" pin=0"/></net>

<net id="106"><net_src comp="99" pin="1"/><net_sink comp="102" pin=0"/></net>

<net id="107"><net_src comp="20" pin="0"/><net_sink comp="102" pin=1"/></net>

<net id="112"><net_src comp="99" pin="1"/><net_sink comp="108" pin=0"/></net>

<net id="113"><net_src comp="26" pin="0"/><net_sink comp="108" pin=1"/></net>

<net id="117"><net_src comp="99" pin="1"/><net_sink comp="114" pin=0"/></net>

<net id="124"><net_src comp="28" pin="0"/><net_sink comp="118" pin=0"/></net>

<net id="125"><net_src comp="99" pin="1"/><net_sink comp="118" pin=1"/></net>

<net id="126"><net_src comp="8" pin="0"/><net_sink comp="118" pin=2"/></net>

<net id="127"><net_src comp="30" pin="0"/><net_sink comp="118" pin=3"/></net>

<net id="131"><net_src comp="118" pin="4"/><net_sink comp="128" pin=0"/></net>

<net id="132"><net_src comp="128" pin="1"/><net_sink comp="44" pin=2"/></net>

<net id="133"><net_src comp="128" pin="1"/><net_sink comp="51" pin=2"/></net>

<net id="134"><net_src comp="128" pin="1"/><net_sink comp="70" pin=2"/></net>

<net id="135"><net_src comp="128" pin="1"/><net_sink comp="77" pin=2"/></net>

<net id="140"><net_src comp="108" pin="2"/><net_sink comp="136" pin=0"/></net>

<net id="147"><net_src comp="38" pin="0"/><net_sink comp="141" pin=0"/></net>

<net id="148"><net_src comp="58" pin="3"/><net_sink comp="141" pin=1"/></net>

<net id="149"><net_src comp="64" pin="3"/><net_sink comp="141" pin=2"/></net>

<net id="150"><net_src comp="141" pin="4"/><net_sink comp="84" pin=1"/></net>

<net id="151"><net_src comp="141" pin="4"/><net_sink comp="89" pin=1"/></net>

<net id="155"><net_src comp="40" pin="1"/><net_sink comp="152" pin=0"/></net>

<net id="156"><net_src comp="152" pin="1"/><net_sink comp="94" pin=1"/></net>

<net id="157"><net_src comp="152" pin="1"/><net_sink comp="99" pin=0"/></net>

<net id="158"><net_src comp="152" pin="1"/><net_sink comp="136" pin=1"/></net>

<net id="165"><net_src comp="114" pin="1"/><net_sink comp="162" pin=0"/></net>

<net id="166"><net_src comp="162" pin="1"/><net_sink comp="141" pin=3"/></net>

<net id="170"><net_src comp="44" pin="3"/><net_sink comp="167" pin=0"/></net>

<net id="171"><net_src comp="167" pin="1"/><net_sink comp="58" pin=0"/></net>

<net id="175"><net_src comp="51" pin="3"/><net_sink comp="172" pin=0"/></net>

<net id="176"><net_src comp="172" pin="1"/><net_sink comp="64" pin=0"/></net>

<net id="180"><net_src comp="70" pin="3"/><net_sink comp="177" pin=0"/></net>

<net id="181"><net_src comp="177" pin="1"/><net_sink comp="84" pin=0"/></net>

<net id="185"><net_src comp="77" pin="3"/><net_sink comp="182" pin=0"/></net>

<net id="186"><net_src comp="182" pin="1"/><net_sink comp="89" pin=0"/></net>

</net_list>

</model> 
---------------- Datapath Model END ------------------

* FSMD analyzer results:
  - Output states:
	Port: ciphertext | {2 }
	Port: ciphertext_1 | {2 }
 - Input state : 
	Port: aes128_top_Pipeline_VITIS_LOOP_69_1 : plaintext | {1 2 }
	Port: aes128_top_Pipeline_VITIS_LOOP_69_1 : plaintext_1 | {1 2 }
  - Chain level:
	State 1
		store_ln0 : 1
		i_1 : 1
		icmp_ln69 : 2
		add_ln69 : 2
		br_ln69 : 3
		empty_29 : 2
		lshr_ln : 2
		zext_ln70 : 3
		plaintext_addr : 4
		plaintext_1_addr : 4
		plaintext_load : 5
		plaintext_1_load : 5
		ciphertext_addr : 4
		ciphertext_1_addr : 4
		br_ln70 : 3
		store_ln69 : 3
	State 2
		tmp : 1
		store_ln70 : 2
		store_ln70 : 2


============================================================
+ Verbose Summary: Datapath Resource usage 
============================================================

* Functional unit list:
|----------|------------------|---------|---------|
| Operation|  Functional Unit |    FF   |   LUT   |
|----------|------------------|---------|---------|
|    add   |  add_ln69_fu_108 |    0    |    13   |
|----------|------------------|---------|---------|
|   icmp   | icmp_ln69_fu_102 |    0    |    9    |
|----------|------------------|---------|---------|
|    mux   |    tmp_fu_141    |    0    |    9    |
|----------|------------------|---------|---------|
|   trunc  |  empty_29_fu_114 |    0    |    0    |
|----------|------------------|---------|---------|
|partselect|  lshr_ln_fu_118  |    0    |    0    |
|----------|------------------|---------|---------|
|   zext   | zext_ln70_fu_128 |    0    |    0    |
|----------|------------------|---------|---------|
|   Total  |                  |    0    |    31   |
|----------|------------------|---------|---------|

Memories:
N/A

* Register list:
+-------------------------+--------+
|                         |   FF   |
+-------------------------+--------+
|ciphertext_1_addr_reg_182|    3   |
| ciphertext_addr_reg_177 |    3   |
|     empty_29_reg_162    |    1   |
|        i_reg_152        |    5   |
| plaintext_1_addr_reg_172|    3   |
|  plaintext_addr_reg_167 |    3   |
+-------------------------+--------+
|          Total          |   18   |
+-------------------------+--------+

* Multiplexer (MUX) list: 
|------------------|------|------|------|--------||---------||---------|
|       Comp       |  Pin | Size |  BW  | S x BW ||  Delay  ||   LUT   |
|------------------|------|------|------|--------||---------||---------|
| grp_access_fu_58 |  p0  |   2  |   3  |    6   ||    9    |
| grp_access_fu_64 |  p0  |   2  |   3  |    6   ||    9    |
|------------------|------|------|------|--------||---------||---------|
|       Total      |      |      |      |   12   ||  3.176  ||    18   |
|------------------|------|------|------|--------||---------||---------|



* Summary:
+-----------+--------+--------+--------+
|           |  Delay |   FF   |   LUT  |
+-----------+--------+--------+--------+
|  Function |    -   |    0   |   31   |
|   Memory  |    -   |    -   |    -   |
|Multiplexer|    3   |    -   |   18   |
|  Register |    -   |   18   |    -   |
+-----------+--------+--------+--------+
|   Total   |    3   |   18   |   49   |
+-----------+--------+--------+--------+
