

================================================================
== Vitis HLS Report for 'aes128_top'
================================================================
* Date:           Sun Aug 23 13:00:53 2026

* Version:        2022.1 (Build 3526262 on Mon Apr 18 15:48:16 MDT 2022)
* Project:        aes128
* Solution:       solution1 (Vivado IP Flow Target)
* Product family: zynq
* Target device:  xc7z020-clg484-1


================================================================
== Performance Estimates
================================================================
+ Timing: 
    * Summary: 
    +--------+----------+----------+------------+
    |  Clock |  Target  | Estimated| Uncertainty|
    +--------+----------+----------+------------+
    |ap_clk  |  10.00 ns|  8.750 ns|     1.25 ns|
    +--------+----------+----------+------------+

+ Latency: 
    * Summary: 
    +---------+---------+----------+----------+-----+-----+---------+
    |  Latency (cycles) |  Latency (absolute) |  Interval | Pipeline|
    |   min   |   max   |    min   |    max   | min | max |   Type  |
    +---------+---------+----------+----------+-----+-----+---------+
    |       66|      114|  0.660 us|  1.140 us|   67|  115|       no|
    +---------+---------+----------+----------+-----+-----+---------+

    + Detail: 
        * Instance: 
        +------------------------------------------------+-------------------------------------+---------+---------+-----------+-----------+-----+-----+---------+
        |                                                |                                     |  Latency (cycles) |   Latency (absolute)  |  Interval | Pipeline|
        |                    Instance                    |                Module               |   min   |   max   |    min    |    max    | min | max |   Type  |
        +------------------------------------------------+-------------------------------------+---------+---------+-----------+-----------+-----+-----+---------+
        |grp_aes128_top_Pipeline_LOAD_DATA_fu_152        |aes128_top_Pipeline_LOAD_DATA        |        7|        7|  70.000 ns|  70.000 ns|    7|    7|       no|
        |grp_aes128_top_Pipeline_LOAD_KEY_fu_161         |aes128_top_Pipeline_LOAD_KEY         |        7|        7|  70.000 ns|  70.000 ns|    7|    7|       no|
        |grp_aes128_top_Pipeline_VITIS_LOOP_69_1_fu_170  |aes128_top_Pipeline_VITIS_LOOP_69_1  |       18|       18|   0.180 us|   0.180 us|   18|   18|       no|
        |grp_aes128_encrypt_fu_178                       |aes128_encrypt                       |       66|       66|   0.660 us|   0.660 us|   66|   66|       no|
        |grp_aes128_top_Pipeline_STORE_DATA_fu_192       |aes128_top_Pipeline_STORE_DATA       |        7|        7|  70.000 ns|  70.000 ns|    7|    7|       no|
        +------------------------------------------------+-------------------------------------+---------+---------+-----------+-----------+-----+-----+---------+

        * Loop: 
        N/A

============================================================
+ Verbose Summary: Synthesis Manager
============================================================
InlineROM: 1
ExposeGlobal: 0
============================================================
+ Verbose Summary: CDFG Model
============================================================
IsTopModel: 1
ResetActiveHigh: 1
IsCombinational: 0
IsDatapathOnly: 0
HasWiredReturn: 1
HasMFsm: 0
HasVarLatency: 1
IsPipeline: 0
IsRtlPipelined: 0
IsInstanceOverlapped: 0
IsDontTouch: 0
HasImplIP: 0
IsGatedGlobalClock: 0


============================================================
+ Verbose Summary: Schedule
============================================================
* Number of FSM states : 29
* Pipeline : 0
* Dataflow Pipeline: 0

* FSM state transitions: 
1 --> 2 
2 --> 3 
3 --> 4 
4 --> 5 
5 --> 6 
6 --> 7 
7 --> 8 
8 --> 9 
9 --> 10 
10 --> 11 
11 --> 12 
12 --> 13 
13 --> 14 
14 --> 15 
15 --> 16 
16 --> 17 
17 --> 18 
18 --> 19 
19 --> 20 22 
20 --> 21 
21 --> 23 
22 --> 21 
23 --> 24 
24 --> 25 
25 --> 26 
26 --> 27 
27 --> 28 
28 --> 29 
29 --> 

* FSM state operations: 

State 1 <SV = 0> <Delay = 3.47>
ST_1 : Operation 30 [1/1] (1.00ns)   --->   "%encrypt_read = read i32 @_ssdm_op_Read.s_axilite.i32, i32 %encrypt"   --->   Operation 30 'read' 'encrypt_read' <Predicate = true> <Delay = 1.00> <CoreInst = "s_axilite">   --->   Core 114 's_axilite' <Latency = 0> <II = 1> <Delay = 1.00> <Adapter> <Opcode : 'read' 'write'>
ST_1 : Operation 31 [1/1] (1.00ns)   --->   "%data_out_read = read i64 @_ssdm_op_Read.s_axilite.i64, i64 %data_out"   --->   Operation 31 'read' 'data_out_read' <Predicate = true> <Delay = 1.00> <CoreInst = "s_axilite">   --->   Core 114 's_axilite' <Latency = 0> <II = 1> <Delay = 1.00> <Adapter> <Opcode : 'read' 'write'>
ST_1 : Operation 32 [1/1] (1.00ns)   --->   "%key_in_read = read i64 @_ssdm_op_Read.s_axilite.i64, i64 %key_in"   --->   Operation 32 'read' 'key_in_read' <Predicate = true> <Delay = 1.00> <CoreInst = "s_axilite">   --->   Core 114 's_axilite' <Latency = 0> <II = 1> <Delay = 1.00> <Adapter> <Opcode : 'read' 'write'>
ST_1 : Operation 33 [1/1] (1.00ns)   --->   "%data_in_read = read i64 @_ssdm_op_Read.s_axilite.i64, i64 %data_in"   --->   Operation 33 'read' 'data_in_read' <Predicate = true> <Delay = 1.00> <CoreInst = "s_axilite">   --->   Core 114 's_axilite' <Latency = 0> <II = 1> <Delay = 1.00> <Adapter> <Opcode : 'read' 'write'>
ST_1 : Operation 34 [1/1] (2.32ns)   --->   "%plaintext = alloca i64 1" [src/aes128_top.cpp:38]   --->   Operation 34 'alloca' 'plaintext' <Predicate = true> <Delay = 2.32>
ST_1 : Operation 35 [1/1] (2.32ns)   --->   "%plaintext_1 = alloca i64 1" [src/aes128_top.cpp:38]   --->   Operation 35 'alloca' 'plaintext_1' <Predicate = true> <Delay = 2.32>
ST_1 : Operation 36 [1/1] (2.32ns)   --->   "%key = alloca i64 1" [src/aes128_top.cpp:39]   --->   Operation 36 'alloca' 'key' <Predicate = true> <Delay = 2.32>
ST_1 : Operation 37 [1/1] (2.32ns)   --->   "%key_1 = alloca i64 1" [src/aes128_top.cpp:39]   --->   Operation 37 'alloca' 'key_1' <Predicate = true> <Delay = 2.32>
ST_1 : Operation 38 [1/1] (2.32ns)   --->   "%ciphertext = alloca i64 1" [src/aes128_top.cpp:40]   --->   Operation 38 'alloca' 'ciphertext' <Predicate = true> <Delay = 2.32>
ST_1 : Operation 39 [1/1] (2.32ns)   --->   "%ciphertext_1 = alloca i64 1" [src/aes128_top.cpp:40]   --->   Operation 39 'alloca' 'ciphertext_1' <Predicate = true> <Delay = 2.32>
ST_1 : Operation 40 [1/1] (0.00ns)   --->   "%trunc_ln = partselect i62 @_ssdm_op_PartSelect.i62.i64.i32.i32, i64 %data_in_read, i32 2, i32 63" [src/aes128_top.cpp:43]   --->   Operation 40 'partselect' 'trunc_ln' <Predicate = true> <Delay = 0.00>
ST_1 : Operation 41 [1/1] (0.00ns)   --->   "%trunc_ln1 = partselect i62 @_ssdm_op_PartSelect.i62.i64.i32.i32, i64 %key_in_read, i32 2, i32 63" [src/aes128_top.cpp:52]   --->   Operation 41 'partselect' 'trunc_ln1' <Predicate = true> <Delay = 0.00>
ST_1 : Operation 42 [1/1] (2.47ns)   --->   "%icmp_ln64 = icmp_eq  i32 %encrypt_read, i32 0" [src/aes128_top.cpp:64]   --->   Operation 42 'icmp' 'icmp_ln64' <Predicate = true> <Delay = 2.47> <CoreInst = "Cmp">   --->   Core 9 'Cmp' <Latency = 0> <II = 1> <Delay = 2.47> <FuncUnit> <Opcode : 'icmp'> <InPorts = 2> <OutPorts = 1>

State 2 <SV = 1> <Delay = 8.75>
ST_2 : Operation 43 [1/1] (0.00ns)   --->   "%sext_ln43 = sext i62 %trunc_ln" [src/aes128_top.cpp:43]   --->   Operation 43 'sext' 'sext_ln43' <Predicate = true> <Delay = 0.00>
ST_2 : Operation 44 [1/1] (0.00ns)   --->   "%DATA_addr = getelementptr i32 %DATA, i64 %sext_ln43" [src/aes128_top.cpp:43]   --->   Operation 44 'getelementptr' 'DATA_addr' <Predicate = true> <Delay = 0.00>
ST_2 : Operation 45 [7/7] (8.75ns)   --->   "%empty = readreq i1 @_ssdm_op_ReadReq.m_axi.p1i32, i32 %DATA_addr, i32 4" [src/aes128_top.cpp:43]   --->   Operation 45 'readreq' 'empty' <Predicate = true> <Delay = 8.75> <CoreInst = "m_axi">   --->   Core 113 'm_axi' <Latency = 0> <II = 1> <Delay = 1.00> <Adapter> <Opcode : 'read' 'write' 'readreq' 'writereq' 'writeresp'>

State 3 <SV = 2> <Delay = 8.75>
ST_3 : Operation 46 [6/7] (8.75ns)   --->   "%empty = readreq i1 @_ssdm_op_ReadReq.m_axi.p1i32, i32 %DATA_addr, i32 4" [src/aes128_top.cpp:43]   --->   Operation 46 'readreq' 'empty' <Predicate = true> <Delay = 8.75> <CoreInst = "m_axi">   --->   Core 113 'm_axi' <Latency = 0> <II = 1> <Delay = 1.00> <Adapter> <Opcode : 'read' 'write' 'readreq' 'writereq' 'writeresp'>

State 4 <SV = 3> <Delay = 8.75>
ST_4 : Operation 47 [5/7] (8.75ns)   --->   "%empty = readreq i1 @_ssdm_op_ReadReq.m_axi.p1i32, i32 %DATA_addr, i32 4" [src/aes128_top.cpp:43]   --->   Operation 47 'readreq' 'empty' <Predicate = true> <Delay = 8.75> <CoreInst = "m_axi">   --->   Core 113 'm_axi' <Latency = 0> <II = 1> <Delay = 1.00> <Adapter> <Opcode : 'read' 'write' 'readreq' 'writereq' 'writeresp'>

State 5 <SV = 4> <Delay = 8.75>
ST_5 : Operation 48 [4/7] (8.75ns)   --->   "%empty = readreq i1 @_ssdm_op_ReadReq.m_axi.p1i32, i32 %DATA_addr, i32 4" [src/aes128_top.cpp:43]   --->   Operation 48 'readreq' 'empty' <Predicate = true> <Delay = 8.75> <CoreInst = "m_axi">   --->   Core 113 'm_axi' <Latency = 0> <II = 1> <Delay = 1.00> <Adapter> <Opcode : 'read' 'write' 'readreq' 'writereq' 'writeresp'>

State 6 <SV = 5> <Delay = 8.75>
ST_6 : Operation 49 [3/7] (8.75ns)   --->   "%empty = readreq i1 @_ssdm_op_ReadReq.m_axi.p1i32, i32 %DATA_addr, i32 4" [src/aes128_top.cpp:43]   --->   Operation 49 'readreq' 'empty' <Predicate = true> <Delay = 8.75> <CoreInst = "m_axi">   --->   Core 113 'm_axi' <Latency = 0> <II = 1> <Delay = 1.00> <Adapter> <Opcode : 'read' 'write' 'readreq' 'writereq' 'writeresp'>

State 7 <SV = 6> <Delay = 8.75>
ST_7 : Operation 50 [2/7] (8.75ns)   --->   "%empty = readreq i1 @_ssdm_op_ReadReq.m_axi.p1i32, i32 %DATA_addr, i32 4" [src/aes128_top.cpp:43]   --->   Operation 50 'readreq' 'empty' <Predicate = true> <Delay = 8.75> <CoreInst = "m_axi">   --->   Core 113 'm_axi' <Latency = 0> <II = 1> <Delay = 1.00> <Adapter> <Opcode : 'read' 'write' 'readreq' 'writereq' 'writeresp'>

State 8 <SV = 7> <Delay = 8.75>
ST_8 : Operation 51 [1/7] (8.75ns)   --->   "%empty = readreq i1 @_ssdm_op_ReadReq.m_axi.p1i32, i32 %DATA_addr, i32 4" [src/aes128_top.cpp:43]   --->   Operation 51 'readreq' 'empty' <Predicate = true> <Delay = 8.75> <CoreInst = "m_axi">   --->   Core 113 'm_axi' <Latency = 0> <II = 1> <Delay = 1.00> <Adapter> <Opcode : 'read' 'write' 'readreq' 'writereq' 'writeresp'>

State 9 <SV = 8> <Delay = 0.00>
ST_9 : Operation 52 [2/2] (0.00ns)   --->   "%call_ln43 = call void @aes128_top_Pipeline_LOAD_DATA, i32 %DATA, i62 %trunc_ln, i8 %plaintext_1, i8 %plaintext" [src/aes128_top.cpp:43]   --->   Operation 52 'call' 'call_ln43' <Predicate = true> <Delay = 0.00> <CoreType = "Generic">   --->   Core 0 '' <Latency = 0> <II = 1> <Delay = 1.00> <Generic> <Opcode : >

State 10 <SV = 9> <Delay = 0.00>
ST_10 : Operation 53 [1/2] (0.00ns)   --->   "%call_ln43 = call void @aes128_top_Pipeline_LOAD_DATA, i32 %DATA, i62 %trunc_ln, i8 %plaintext_1, i8 %plaintext" [src/aes128_top.cpp:43]   --->   Operation 53 'call' 'call_ln43' <Predicate = true> <Delay = 0.00> <CoreType = "Generic">   --->   Core 0 '' <Latency = 0> <II = 1> <Delay = 1.00> <Generic> <Opcode : >

State 11 <SV = 10> <Delay = 8.75>
ST_11 : Operation 54 [1/1] (0.00ns)   --->   "%sext_ln52 = sext i62 %trunc_ln1" [src/aes128_top.cpp:52]   --->   Operation 54 'sext' 'sext_ln52' <Predicate = true> <Delay = 0.00>
ST_11 : Operation 55 [1/1] (0.00ns)   --->   "%DATA_addr_1 = getelementptr i32 %DATA, i64 %sext_ln52" [src/aes128_top.cpp:52]   --->   Operation 55 'getelementptr' 'DATA_addr_1' <Predicate = true> <Delay = 0.00>
ST_11 : Operation 56 [7/7] (8.75ns)   --->   "%empty_30 = readreq i1 @_ssdm_op_ReadReq.m_axi.p1i32, i32 %DATA_addr_1, i32 4" [src/aes128_top.cpp:52]   --->   Operation 56 'readreq' 'empty_30' <Predicate = true> <Delay = 8.75> <CoreInst = "m_axi">   --->   Core 113 'm_axi' <Latency = 0> <II = 1> <Delay = 1.00> <Adapter> <Opcode : 'read' 'write' 'readreq' 'writereq' 'writeresp'>

State 12 <SV = 11> <Delay = 8.75>
ST_12 : Operation 57 [6/7] (8.75ns)   --->   "%empty_30 = readreq i1 @_ssdm_op_ReadReq.m_axi.p1i32, i32 %DATA_addr_1, i32 4" [src/aes128_top.cpp:52]   --->   Operation 57 'readreq' 'empty_30' <Predicate = true> <Delay = 8.75> <CoreInst = "m_axi">   --->   Core 113 'm_axi' <Latency = 0> <II = 1> <Delay = 1.00> <Adapter> <Opcode : 'read' 'write' 'readreq' 'writereq' 'writeresp'>

State 13 <SV = 12> <Delay = 8.75>
ST_13 : Operation 58 [5/7] (8.75ns)   --->   "%empty_30 = readreq i1 @_ssdm_op_ReadReq.m_axi.p1i32, i32 %DATA_addr_1, i32 4" [src/aes128_top.cpp:52]   --->   Operation 58 'readreq' 'empty_30' <Predicate = true> <Delay = 8.75> <CoreInst = "m_axi">   --->   Core 113 'm_axi' <Latency = 0> <II = 1> <Delay = 1.00> <Adapter> <Opcode : 'read' 'write' 'readreq' 'writereq' 'writeresp'>

State 14 <SV = 13> <Delay = 8.75>
ST_14 : Operation 59 [4/7] (8.75ns)   --->   "%empty_30 = readreq i1 @_ssdm_op_ReadReq.m_axi.p1i32, i32 %DATA_addr_1, i32 4" [src/aes128_top.cpp:52]   --->   Operation 59 'readreq' 'empty_30' <Predicate = true> <Delay = 8.75> <CoreInst = "m_axi">   --->   Core 113 'm_axi' <Latency = 0> <II = 1> <Delay = 1.00> <Adapter> <Opcode : 'read' 'write' 'readreq' 'writereq' 'writeresp'>

State 15 <SV = 14> <Delay = 8.75>
ST_15 : Operation 60 [3/7] (8.75ns)   --->   "%empty_30 = readreq i1 @_ssdm_op_ReadReq.m_axi.p1i32, i32 %DATA_addr_1, i32 4" [src/aes128_top.cpp:52]   --->   Operation 60 'readreq' 'empty_30' <Predicate = true> <Delay = 8.75> <CoreInst = "m_axi">   --->   Core 113 'm_axi' <Latency = 0> <II = 1> <Delay = 1.00> <Adapter> <Opcode : 'read' 'write' 'readreq' 'writereq' 'writeresp'>

State 16 <SV = 15> <Delay = 8.75>
ST_16 : Operation 61 [2/7] (8.75ns)   --->   "%empty_30 = readreq i1 @_ssdm_op_ReadReq.m_axi.p1i32, i32 %DATA_addr_1, i32 4" [src/aes128_top.cpp:52]   --->   Operation 61 'readreq' 'empty_30' <Predicate = true> <Delay = 8.75> <CoreInst = "m_axi">   --->   Core 113 'm_axi' <Latency = 0> <II = 1> <Delay = 1.00> <Adapter> <Opcode : 'read' 'write' 'readreq' 'writereq' 'writeresp'>

State 17 <SV = 16> <Delay = 8.75>
ST_17 : Operation 62 [1/7] (8.75ns)   --->   "%empty_30 = readreq i1 @_ssdm_op_ReadReq.m_axi.p1i32, i32 %DATA_addr_1, i32 4" [src/aes128_top.cpp:52]   --->   Operation 62 'readreq' 'empty_30' <Predicate = true> <Delay = 8.75> <CoreInst = "m_axi">   --->   Core 113 'm_axi' <Latency = 0> <II = 1> <Delay = 1.00> <Adapter> <Opcode : 'read' 'write' 'readreq' 'writereq' 'writeresp'>

State 18 <SV = 17> <Delay = 0.00>
ST_18 : Operation 63 [2/2] (0.00ns)   --->   "%call_ln52 = call void @aes128_top_Pipeline_LOAD_KEY, i32 %DATA, i62 %trunc_ln1, i8 %key_1, i8 %key" [src/aes128_top.cpp:52]   --->   Operation 63 'call' 'call_ln52' <Predicate = true> <Delay = 0.00> <CoreType = "Generic">   --->   Core 0 '' <Latency = 0> <II = 1> <Delay = 1.00> <Generic> <Opcode : >

State 19 <SV = 18> <Delay = 0.00>
ST_19 : Operation 64 [1/1] (0.00ns)   --->   "%spectopmodule_ln17 = spectopmodule void @_ssdm_op_SpecTopModule, void @empty_11" [src/aes128_top.cpp:17]   --->   Operation 64 'spectopmodule' 'spectopmodule_ln17' <Predicate = true> <Delay = 0.00>
ST_19 : Operation 65 [1/1] (0.00ns)   --->   "%specinterface_ln0 = specinterface void @_ssdm_op_SpecInterface, i32 %DATA, void @empty, i32 0, i32 0, void @empty_0, i32 0, i32 4, void @empty_1, void @empty_2, void @empty_0, i32 16, i32 16, i32 16, i32 16, void @empty_0, void @empty_0, i32 4294967295, i32 0"   --->   Operation 65 'specinterface' 'specinterface_ln0' <Predicate = true> <Delay = 0.00>
ST_19 : Operation 66 [1/1] (0.00ns)   --->   "%specbitsmap_ln0 = specbitsmap void @_ssdm_op_SpecBitsMap, i32 %DATA"   --->   Operation 66 'specbitsmap' 'specbitsmap_ln0' <Predicate = true> <Delay = 0.00>
ST_19 : Operation 67 [1/1] (0.00ns)   --->   "%specinterface_ln0 = specinterface void @_ssdm_op_SpecInterface, i64 %data_in, void @empty_3, i32 0, i32 0, void @empty_0, i32 0, i32 0, void @empty_4, void @empty_5, void @empty_0, i32 0, i32 0, i32 0, i32 0, void @empty_0, void @empty_6, i32 4294967295, i32 0"   --->   Operation 67 'specinterface' 'specinterface_ln0' <Predicate = true> <Delay = 0.00>
ST_19 : Operation 68 [1/1] (0.00ns)   --->   "%specinterface_ln0 = specinterface void @_ssdm_op_SpecInterface, i64 %data_in, void @empty_7, i32 0, i32 0, void @empty_0, i32 0, i32 0, void @empty_0, void @empty_0, void @empty_0, i32 0, i32 0, i32 0, i32 0, void @empty_0, void @empty_6, i32 4294967295, i32 0"   --->   Operation 68 'specinterface' 'specinterface_ln0' <Predicate = true> <Delay = 0.00>
ST_19 : Operation 69 [1/1] (0.00ns)   --->   "%specinterface_ln0 = specinterface void @_ssdm_op_SpecInterface, i64 %key_in, void @empty_3, i32 0, i32 0, void @empty_0, i32 0, i32 0, void @empty_4, void @empty_8, void @empty_0, i32 0, i32 0, i32 0, i32 0, void @empty_0, void @empty_6, i32 4294967295, i32 0"   --->   Operation 69 'specinterface' 'specinterface_ln0' <Predicate = true> <Delay = 0.00>
ST_19 : Operation 70 [1/1] (0.00ns)   --->   "%specinterface_ln0 = specinterface void @_ssdm_op_SpecInterface, i64 %key_in, void @empty_7, i32 0, i32 0, void @empty_0, i32 0, i32 0, void @empty_0, void @empty_0, void @empty_0, i32 0, i32 0, i32 0, i32 0, void @empty_0, void @empty_6, i32 4294967295, i32 0"   --->   Operation 70 'specinterface' 'specinterface_ln0' <Predicate = true> <Delay = 0.00>
ST_19 : Operation 71 [1/1] (0.00ns)   --->   "%specinterface_ln0 = specinterface void @_ssdm_op_SpecInterface, i64 %data_out, void @empty_3, i32 0, i32 0, void @empty_0, i32 0, i32 0, void @empty_4, void @empty_9, void @empty_0, i32 0, i32 0, i32 0, i32 0, void @empty_0, void @empty_6, i32 4294967295, i32 0"   --->   Operation 71 'specinterface' 'specinterface_ln0' <Predicate = true> <Delay = 0.00>
ST_19 : Operation 72 [1/1] (0.00ns)   --->   "%specinterface_ln0 = specinterface void @_ssdm_op_SpecInterface, i64 %data_out, void @empty_7, i32 0, i32 0, void @empty_0, i32 0, i32 0, void @empty_0, void @empty_0, void @empty_0, i32 0, i32 0, i32 0, i32 0, void @empty_0, void @empty_6, i32 4294967295, i32 0"   --->   Operation 72 'specinterface' 'specinterface_ln0' <Predicate = true> <Delay = 0.00>
ST_19 : Operation 73 [1/1] (0.00ns)   --->   "%specbitsmap_ln0 = specbitsmap void @_ssdm_op_SpecBitsMap, i32 %encrypt"   --->   Operation 73 'specbitsmap' 'specbitsmap_ln0' <Predicate = true> <Delay = 0.00>
ST_19 : Operation 74 [1/1] (0.00ns)   --->   "%specinterface_ln0 = specinterface void @_ssdm_op_SpecInterface, i32 %encrypt, void @empty_3, i32 0, i32 0, void @empty_0, i32 0, i32 0, void @empty_4, void @empty_10, void @empty_0, i32 0, i32 0, i32 0, i32 0, void @empty_0, void @empty_0, i32 4294967295, i32 0"   --->   Operation 74 'specinterface' 'specinterface_ln0' <Predicate = true> <Delay = 0.00>
ST_19 : Operation 75 [1/1] (0.00ns)   --->   "%specinterface_ln0 = specinterface void @_ssdm_op_SpecInterface, i32 %encrypt, void @empty_7, i32 0, i32 0, void @empty_0, i32 0, i32 0, void @empty_0, void @empty_0, void @empty_0, i32 0, i32 0, i32 0, i32 0, void @empty_0, void @empty_0, i32 4294967295, i32 0"   --->   Operation 75 'specinterface' 'specinterface_ln0' <Predicate = true> <Delay = 0.00>
ST_19 : Operation 76 [1/1] (0.00ns)   --->   "%specinterface_ln0 = specinterface void @_ssdm_op_SpecInterface, i32 0, void @empty_3, i32 0, i32 0, void @empty_0, i32 0, i32 0, void @empty_4, void @empty_0, void @empty_0, i32 0, i32 0, i32 0, i32 0, void @empty_0, void @empty_0, i32 4294967295, i32 0"   --->   Operation 76 'specinterface' 'specinterface_ln0' <Predicate = true> <Delay = 0.00>
ST_19 : Operation 77 [1/2] (0.00ns)   --->   "%call_ln52 = call void @aes128_top_Pipeline_LOAD_KEY, i32 %DATA, i62 %trunc_ln1, i8 %key_1, i8 %key" [src/aes128_top.cpp:52]   --->   Operation 77 'call' 'call_ln52' <Predicate = true> <Delay = 0.00> <CoreType = "Generic">   --->   Core 0 '' <Latency = 0> <II = 1> <Delay = 1.00> <Generic> <Opcode : >
ST_19 : Operation 78 [1/1] (0.00ns)   --->   "%br_ln64 = br i1 %icmp_ln64, void %if.then, void %for.inc74.preheader" [src/aes128_top.cpp:64]   --->   Operation 78 'br' 'br_ln64' <Predicate = true> <Delay = 0.00>
ST_19 : Operation 79 [2/2] (0.00ns)   --->   "%call_ln0 = call void @aes128_top_Pipeline_VITIS_LOOP_69_1, i8 %plaintext, i8 %plaintext_1, i8 %ciphertext, i8 %ciphertext_1"   --->   Operation 79 'call' 'call_ln0' <Predicate = (icmp_ln64)> <Delay = 0.00> <CoreType = "Generic">   --->   Core 0 '' <Latency = 0> <II = 1> <Delay = 1.00> <Generic> <Opcode : >

State 20 <SV = 19> <Delay = 0.00>
ST_20 : Operation 80 [2/2] (0.00ns)   --->   "%call_ln65 = call void @aes128_encrypt, i8 %plaintext, i8 %plaintext_1, i8 %key, i8 %key_1, i8 %ciphertext, i8 %ciphertext_1, i8 %SBOX, i8 %RCON" [src/aes128_top.cpp:65]   --->   Operation 80 'call' 'call_ln65' <Predicate = true> <Delay = 0.00> <CoreType = "Generic">   --->   Core 0 '' <Latency = 0> <II = 1> <Delay = 1.00> <Generic> <Opcode : >

State 21 <SV = 20> <Delay = 8.75>
ST_21 : Operation 81 [1/2] (0.00ns)   --->   "%call_ln65 = call void @aes128_encrypt, i8 %plaintext, i8 %plaintext_1, i8 %key, i8 %key_1, i8 %ciphertext, i8 %ciphertext_1, i8 %SBOX, i8 %RCON" [src/aes128_top.cpp:65]   --->   Operation 81 'call' 'call_ln65' <Predicate = (!icmp_ln64)> <Delay = 0.00> <CoreType = "Generic">   --->   Core 0 '' <Latency = 0> <II = 1> <Delay = 1.00> <Generic> <Opcode : >
ST_21 : Operation 82 [1/1] (0.00ns)   --->   "%br_ln66 = br void %STORE_DATA" [src/aes128_top.cpp:66]   --->   Operation 82 'br' 'br_ln66' <Predicate = (!icmp_ln64)> <Delay = 0.00>
ST_21 : Operation 83 [1/1] (0.00ns)   --->   "%trunc_ln2 = partselect i62 @_ssdm_op_PartSelect.i62.i64.i32.i32, i64 %data_out_read, i32 2, i32 63" [src/aes128_top.cpp:77]   --->   Operation 83 'partselect' 'trunc_ln2' <Predicate = true> <Delay = 0.00>
ST_21 : Operation 84 [1/1] (0.00ns)   --->   "%sext_ln77 = sext i62 %trunc_ln2" [src/aes128_top.cpp:77]   --->   Operation 84 'sext' 'sext_ln77' <Predicate = true> <Delay = 0.00>
ST_21 : Operation 85 [1/1] (0.00ns)   --->   "%DATA_addr_2 = getelementptr i32 %DATA, i64 %sext_ln77" [src/aes128_top.cpp:77]   --->   Operation 85 'getelementptr' 'DATA_addr_2' <Predicate = true> <Delay = 0.00>
ST_21 : Operation 86 [1/1] (8.75ns)   --->   "%empty_31 = writereq i1 @_ssdm_op_WriteReq.m_axi.p1i32, i32 %DATA_addr_2, i32 4" [src/aes128_top.cpp:77]   --->   Operation 86 'writereq' 'empty_31' <Predicate = true> <Delay = 8.75> <CoreInst = "m_axi">   --->   Core 113 'm_axi' <Latency = 0> <II = 1> <Delay = 1.00> <Adapter> <Opcode : 'read' 'write' 'readreq' 'writereq' 'writeresp'>

State 22 <SV = 19> <Delay = 0.00>
ST_22 : Operation 87 [1/2] (0.00ns)   --->   "%call_ln0 = call void @aes128_top_Pipeline_VITIS_LOOP_69_1, i8 %plaintext, i8 %plaintext_1, i8 %ciphertext, i8 %ciphertext_1"   --->   Operation 87 'call' 'call_ln0' <Predicate = true> <Delay = 0.00> <CoreType = "Generic">   --->   Core 0 '' <Latency = 0> <II = 1> <Delay = 1.00> <Generic> <Opcode : >
ST_22 : Operation 88 [1/1] (0.00ns)   --->   "%br_ln0 = br void %STORE_DATA"   --->   Operation 88 'br' 'br_ln0' <Predicate = true> <Delay = 0.00>

State 23 <SV = 21> <Delay = 0.00>
ST_23 : Operation 89 [2/2] (0.00ns)   --->   "%call_ln77 = call void @aes128_top_Pipeline_STORE_DATA, i32 %DATA, i62 %trunc_ln2, i8 %ciphertext, i8 %ciphertext_1" [src/aes128_top.cpp:77]   --->   Operation 89 'call' 'call_ln77' <Predicate = true> <Delay = 0.00> <CoreType = "Generic">   --->   Core 0 '' <Latency = 0> <II = 1> <Delay = 1.00> <Generic> <Opcode : >

State 24 <SV = 22> <Delay = 0.00>
ST_24 : Operation 90 [1/2] (0.00ns)   --->   "%call_ln77 = call void @aes128_top_Pipeline_STORE_DATA, i32 %DATA, i62 %trunc_ln2, i8 %ciphertext, i8 %ciphertext_1" [src/aes128_top.cpp:77]   --->   Operation 90 'call' 'call_ln77' <Predicate = true> <Delay = 0.00> <CoreType = "Generic">   --->   Core 0 '' <Latency = 0> <II = 1> <Delay = 1.00> <Generic> <Opcode : >

State 25 <SV = 23> <Delay = 8.75>
ST_25 : Operation 91 [5/5] (8.75ns)   --->   "%empty_32 = writeresp i1 @_ssdm_op_WriteResp.m_axi.p1i32, i32 %DATA_addr_2" [src/aes128_top.cpp:84]   --->   Operation 91 'writeresp' 'empty_32' <Predicate = true> <Delay = 8.75> <CoreInst = "m_axi">   --->   Core 113 'm_axi' <Latency = 0> <II = 1> <Delay = 1.00> <Adapter> <Opcode : 'read' 'write' 'readreq' 'writereq' 'writeresp'>

State 26 <SV = 24> <Delay = 8.75>
ST_26 : Operation 92 [4/5] (8.75ns)   --->   "%empty_32 = writeresp i1 @_ssdm_op_WriteResp.m_axi.p1i32, i32 %DATA_addr_2" [src/aes128_top.cpp:84]   --->   Operation 92 'writeresp' 'empty_32' <Predicate = true> <Delay = 8.75> <CoreInst = "m_axi">   --->   Core 113 'm_axi' <Latency = 0> <II = 1> <Delay = 1.00> <Adapter> <Opcode : 'read' 'write' 'readreq' 'writereq' 'writeresp'>

State 27 <SV = 25> <Delay = 8.75>
ST_27 : Operation 93 [3/5] (8.75ns)   --->   "%empty_32 = writeresp i1 @_ssdm_op_WriteResp.m_axi.p1i32, i32 %DATA_addr_2" [src/aes128_top.cpp:84]   --->   Operation 93 'writeresp' 'empty_32' <Predicate = true> <Delay = 8.75> <CoreInst = "m_axi">   --->   Core 113 'm_axi' <Latency = 0> <II = 1> <Delay = 1.00> <Adapter> <Opcode : 'read' 'write' 'readreq' 'writereq' 'writeresp'>

State 28 <SV = 26> <Delay = 8.75>
ST_28 : Operation 94 [2/5] (8.75ns)   --->   "%empty_32 = writeresp i1 @_ssdm_op_WriteResp.m_axi.p1i32, i32 %DATA_addr_2" [src/aes128_top.cpp:84]   --->   Operation 94 'writeresp' 'empty_32' <Predicate = true> <Delay = 8.75> <CoreInst = "m_axi">   --->   Core 113 'm_axi' <Latency = 0> <II = 1> <Delay = 1.00> <Adapter> <Opcode : 'read' 'write' 'readreq' 'writereq' 'writeresp'>

State 29 <SV = 27> <Delay = 8.75>
ST_29 : Operation 95 [1/5] (8.75ns)   --->   "%empty_32 = writeresp i1 @_ssdm_op_WriteResp.m_axi.p1i32, i32 %DATA_addr_2" [src/aes128_top.cpp:84]   --->   Operation 95 'writeresp' 'empty_32' <Predicate = true> <Delay = 8.75> <CoreInst = "m_axi">   --->   Core 113 'm_axi' <Latency = 0> <II = 1> <Delay = 1.00> <Adapter> <Opcode : 'read' 'write' 'readreq' 'writereq' 'writeresp'>
ST_29 : Operation 96 [1/1] (0.00ns)   --->   "%ret_ln84 = ret" [src/aes128_top.cpp:84]   --->   Operation 96 'ret' 'ret_ln84' <Predicate = true> <Delay = 0.00>


============================================================
+ Verbose Summary: Binding
============================================================
STG Binding: 
---------------- STG Properties BEGIN ----------------
- Is combinational: 0
- Is one-state seq: 0
- Is datapath-only: 0
- Is pipelined: 0
- Is top level: 1
Port [ Return ] is wired: 1; IO mode=ap_ctrl_hs:ce=0
Port [ DATA]:  wired=1; compound=1; hidden=0; nouse=0; global=0; static=0; extern=0; dir=2; type=4; pingpong=0; private_global=0; IO mode=m_axi:ce=0
Port [ data_in]:  wired=1; compound=0; hidden=0; nouse=0; global=0; static=0; extern=0; dir=0; type=0; pingpong=0; private_global=0; IO mode=ap_none:ce=0
Port [ key_in]:  wired=1; compound=0; hidden=0; nouse=0; global=0; static=0; extern=0; dir=0; type=0; pingpong=0; private_global=0; IO mode=ap_none:ce=0
Port [ data_out]:  wired=1; compound=0; hidden=0; nouse=0; global=0; static=0; extern=0; dir=0; type=0; pingpong=0; private_global=0; IO mode=ap_none:ce=0
Port [ encrypt]:  wired=1; compound=0; hidden=0; nouse=0; global=0; static=0; extern=0; dir=0; type=0; pingpong=0; private_global=0; IO mode=ap_none:ce=0
Port [ SBOX]:  wired=0; compound=1; hidden=1; nouse=1; global=1; static=1; extern=0; dir=0; type=1; pingpong=0; private_global=0; MemPort=[1111111111111111]; IO mode=ap_memory:ce=0
Port [ RCON]:  wired=0; compound=1; hidden=1; nouse=1; global=1; static=1; extern=0; dir=0; type=1; pingpong=0; private_global=0; MemPort=[1]; IO mode=ap_memory:ce=0
---------------- STG Properties END ------------------

---------------- Datapath Model BEGIN ----------------

<LifeTime>
<method=bitvector/>
encrypt_read       (read         ) [ 000000000000000000000000000000]
data_out_read      (read         ) [ 001111111111111111111110000000]
key_in_read        (read         ) [ 000000000000000000000000000000]
data_in_read       (read         ) [ 000000000000000000000000000000]
plaintext          (alloca       ) [ 001111111111111111111110000000]
plaintext_1        (alloca       ) [ 001111111111111111111110000000]
key                (alloca       ) [ 001111111111111111111110000000]
key_1              (alloca       ) [ 001111111111111111111110000000]
ciphertext         (alloca       ) [ 001111111111111111111111100000]
ciphertext_1       (alloca       ) [ 001111111111111111111111100000]
trunc_ln           (partselect   ) [ 001111111110000000000000000000]
trunc_ln1          (partselect   ) [ 001111111111111111110000000000]
icmp_ln64          (icmp         ) [ 001111111111111111111110000000]
sext_ln43          (sext         ) [ 000000000000000000000000000000]
DATA_addr          (getelementptr) [ 000111111000000000000000000000]
empty              (readreq      ) [ 000000000000000000000000000000]
call_ln43          (call         ) [ 000000000000000000000000000000]
sext_ln52          (sext         ) [ 000000000000000000000000000000]
DATA_addr_1        (getelementptr) [ 000000000000111111000000000000]
empty_30           (readreq      ) [ 000000000000000000000000000000]
spectopmodule_ln17 (spectopmodule) [ 000000000000000000000000000000]
specinterface_ln0  (specinterface) [ 000000000000000000000000000000]
specbitsmap_ln0    (specbitsmap  ) [ 000000000000000000000000000000]
specinterface_ln0  (specinterface) [ 000000000000000000000000000000]
specinterface_ln0  (specinterface) [ 000000000000000000000000000000]
specinterface_ln0  (specinterface) [ 000000000000000000000000000000]
specinterface_ln0  (specinterface) [ 000000000000000000000000000000]
specinterface_ln0  (specinterface) [ 000000000000000000000000000000]
specinterface_ln0  (specinterface) [ 000000000000000000000000000000]
specbitsmap_ln0    (specbitsmap  ) [ 000000000000000000000000000000]
specinterface_ln0  (specinterface) [ 000000000000000000000000000000]
specinterface_ln0  (specinterface) [ 000000000000000000000000000000]
specinterface_ln0  (specinterface) [ 000000000000000000000000000000]
call_ln52          (call         ) [ 000000000000000000000000000000]
br_ln64            (br           ) [ 000000000000000000000000000000]
call_ln65          (call         ) [ 000000000000000000000000000000]
br_ln66            (br           ) [ 000000000000000000000000000000]
trunc_ln2          (partselect   ) [ 000000000000000000000001100000]
sext_ln77          (sext         ) [ 000000000000000000000000000000]
DATA_addr_2        (getelementptr) [ 000000000000000000000001111111]
empty_31           (writereq     ) [ 000000000000000000000000000000]
call_ln0           (call         ) [ 000000000000000000000000000000]
br_ln0             (br           ) [ 000000000000000000000000000000]
call_ln77          (call         ) [ 000000000000000000000000000000]
empty_32           (writeresp    ) [ 000000000000000000000000000000]
ret_ln84           (ret          ) [ 000000000000000000000000000000]
</LifeTime>

<model>

<comp_list>
<comp id="0" class="1000" name="DATA">
<pin_list>
<pin id="1" dir="1" index="0" bw="1" slack="0"/>
</pin_list>
<bind>
<StgValue><ssdm name="DATA"/></StgValue>
</bind>
</comp>

<comp id="2" class="1000" name="data_in">
<pin_list>
<pin id="3" dir="1" index="0" bw="1" slack="0"/>
</pin_list>
<bind>
<StgValue><ssdm name="data_in"/></StgValue>
</bind>
</comp>

<comp id="4" class="1000" name="key_in">
<pin_list>
<pin id="5" dir="1" index="0" bw="1" slack="0"/>
</pin_list>
<bind>
<StgValue><ssdm name="key_in"/></StgValue>
</bind>
</comp>

<comp id="6" class="1000" name="data_out">
<pin_list>
<pin id="7" dir="1" index="0" bw="1" slack="0"/>
</pin_list>
<bind>
<StgValue><ssdm name="data_out"/></StgValue>
</bind>
</comp>

<comp id="8" class="1000" name="encrypt">
<pin_list>
<pin id="9" dir="1" index="0" bw="1" slack="0"/>
</pin_list>
<bind>
<StgValue><ssdm name="encrypt"/></StgValue>
</bind>
</comp>

<comp id="10" class="1000" name="SBOX">
<pin_list>
<pin id="11" dir="1" index="0" bw="1" slack="0"/>
</pin_list>
<bind>
<StgValue><ssdm name="SBOX"/><MemPortTyVec>1 1 1 1 1 1 1 1 1 1 1 1 1 1 1 1 </MemPortTyVec>
</StgValue>
</bind>
</comp>

<comp id="12" class="1000" name="RCON">
<pin_list>
<pin id="13" dir="1" index="0" bw="1" slack="0"/>
</pin_list>
<bind>
<StgValue><ssdm name="RCON"/><MemPortTyVec>1 </MemPortTyVec>
</StgValue>
</bind>
</comp>

<comp id="14" class="1001" name="const_14">
<pin_list>
<pin id="15" dir="1" index="0" bw="1" slack="0"/>
</pin_list>
<bind>
<StgValue><ssdm name="_ssdm_op_Read.s_axilite.i32"/></StgValue>
</bind>
</comp>

<comp id="16" class="1001" name="const_16">
<pin_list>
<pin id="17" dir="1" index="0" bw="1" slack="0"/>
</pin_list>
<bind>
<StgValue><ssdm name="_ssdm_op_Read.s_axilite.i64"/></StgValue>
</bind>
</comp>

<comp id="18" class="1001" name="const_18">
<pin_list>
<pin id="19" dir="1" index="0" bw="1" slack="0"/>
</pin_list>
<bind>
<StgValue><ssdm name=""/></StgValue>
</bind>
</comp>

<comp id="20" class="1001" name="const_20">
<pin_list>
<pin id="21" dir="1" index="0" bw="1" slack="0"/>
</pin_list>
<bind>
<StgValue><ssdm name="_ssdm_op_PartSelect.i62.i64.i32.i32"/></StgValue>
</bind>
</comp>

<comp id="22" class="1001" name="const_22">
<pin_list>
<pin id="23" dir="1" index="0" bw="1" slack="0"/>
</pin_list>
<bind>
<StgValue><ssdm name=""/></StgValue>
</bind>
</comp>

<comp id="24" class="1001" name="const_24">
<pin_list>
<pin id="25" dir="1" index="0" bw="1" slack="0"/>
</pin_list>
<bind>
<StgValue><ssdm name=""/></StgValue>
</bind>
</comp>

<comp id="26" class="1001" name="const_26">
<pin_list>
<pin id="27" dir="1" index="0" bw="1" slack="0"/>
</pin_list>
<bind>
<StgValue><ssdm name=""/></StgValue>
</bind>
</comp>

<comp id="28" class="1001" name="const_28">
<pin_list>
<pin id="29" dir="1" index="0" bw="1" slack="0"/>
</pin_list>
<bind>
<StgValue><ssdm name="_ssdm_op_ReadReq.m_axi.p1i32"/></StgValue>
</bind>
</comp>

<comp id="30" class="1001" name="const_30">
<pin_list>
<pin id="31" dir="1" index="0" bw="1" slack="0"/>
</pin_list>
<bind>
<StgValue><ssdm name=""/></StgValue>
</bind>
</comp>

<comp id="32" class="1001" name="const_32">
<pin_list>
<pin id="33" dir="1" index="0" bw="1" slack="0"/>
</pin_list>
<bind>
<StgValue><ssdm name="aes128_top_Pipeline_LOAD_DATA"/></StgValue>
</bind>
</comp>

<comp id="34" class="1001" name="const_34">
<pin_list>
<pin id="35" dir="1" index="0" bw="1" slack="0"/>
</pin_list>
<bind>
<StgValue><ssdm name="aes128_top_Pipeline_LOAD_KEY"/></StgValue>
</bind>
</comp>

<comp id="36" class="1001" name="const_36">
<pin_list>
<pin id="37" dir="1" index="0" bw="1" slack="2147483647"/>
</pin_list>
<bind>
<StgValue><ssdm name="_ssdm_op_SpecTopModule"/></StgValue>
</bind>
</comp>

<comp id="38" class="1001" name="const_38">
<pin_list>
<pin id="39" dir="1" index="0" bw="1" slack="2147483647"/>
</pin_list>
<bind>
<StgValue><ssdm name="empty_11"/></StgValue>
</bind>
</comp>

<comp id="40" class="1001" name="const_40">
<pin_list>
<pin id="41" dir="1" index="0" bw="1" slack="2147483647"/>
</pin_list>
<bind>
<StgValue><ssdm name="_ssdm_op_SpecInterface"/></StgValue>
</bind>
</comp>

<comp id="42" class="1001" name="const_42">
<pin_list>
<pin id="43" dir="1" index="0" bw="1" slack="2147483647"/>
</pin_list>
<bind>
<StgValue><ssdm name="empty"/></StgValue>
</bind>
</comp>

<comp id="44" class="1001" name="const_44">
<pin_list>
<pin id="45" dir="1" index="0" bw="1" slack="2147483647"/>
</pin_list>
<bind>
<StgValue><ssdm name="empty_0"/></StgValue>
</bind>
</comp>

<comp id="46" class="1001" name="const_46">
<pin_list>
<pin id="47" dir="1" index="0" bw="1" slack="2147483647"/>
</pin_list>
<bind>
<StgValue><ssdm name="empty_1"/></StgValue>
</bind>
</comp>

<comp id="48" class="1001" name="const_48">
<pin_list>
<pin id="49" dir="1" index="0" bw="1" slack="2147483647"/>
</pin_list>
<bind>
<StgValue><ssdm name="empty_2"/></StgValue>
</bind>
</comp>

<comp id="50" class="1001" name="const_50">
<pin_list>
<pin id="51" dir="1" index="0" bw="1" slack="2147483647"/>
</pin_list>
<bind>
<StgValue><ssdm name=""/></StgValue>
</bind>
</comp>

<comp id="52" class="1001" name="const_52">
<pin_list>
<pin id="53" dir="1" index="0" bw="1" slack="2147483647"/>
</pin_list>
<bind>
<StgValue><ssdm name=""/></StgValue>
</bind>
</comp>

<comp id="54" class="1001" name="const_54">
<pin_list>
<pin id="55" dir="1" index="0" bw="1" slack="2147483647"/>
</pin_list>
<bind>
<StgValue><ssdm name="_ssdm_op_SpecBitsMap"/></StgValue>
</bind>
</comp>

<comp id="56" class="1001" name="const_56">
<pin_list>
<pin id="57" dir="1" index="0" bw="1" slack="2147483647"/>
</pin_list>
<bind>
<StgValue><ssdm name="empty_3"/></StgValue>
</bind>
</comp>

<comp id="58" class="1001" name="const_58">
<pin_list>
<pin id="59" dir="1" index="0" bw="1" slack="2147483647"/>
</pin_list>
<bind>
<StgValue><ssdm name="empty_4"/></StgValue>
</bind>
</comp>

<comp id="60" class="1001" name="const_60">
<pin_list>
<pin id="61" dir="1" index="0" bw="1" slack="2147483647"/>
</pin_list>
<bind>
<StgValue><ssdm name="empty_5"/></StgValue>
</bind>
</comp>

<comp id="62" class="1001" name="const_62">
<pin_list>
<pin id="63" dir="1" index="0" bw="1" slack="2147483647"/>
</pin_list>
<bind>
<StgValue><ssdm name="empty_6"/></StgValue>
</bind>
</comp>

<comp id="64" class="1001" name="const_64">
<pin_list>
<pin id="65" dir="1" index="0" bw="1" slack="2147483647"/>
</pin_list>
<bind>
<StgValue><ssdm name="empty_7"/></StgValue>
</bind>
</comp>

<comp id="66" class="1001" name="const_66">
<pin_list>
<pin id="67" dir="1" index="0" bw="1" slack="2147483647"/>
</pin_list>
<bind>
<StgValue><ssdm name="empty_8"/></StgValue>
</bind>
</comp>

<comp id="68" class="1001" name="const_68">
<pin_list>
<pin id="69" dir="1" index="0" bw="1" slack="2147483647"/>
</pin_list>
<bind>
<StgValue><ssdm name="empty_9"/></StgValue>
</bind>
</comp>

<comp id="70" class="1001" name="const_70">
<pin_list>
<pin id="71" dir="1" index="0" bw="1" slack="2147483647"/>
</pin_list>
<bind>
<StgValue><ssdm name="empty_10"/></StgValue>
</bind>
</comp>

<comp id="72" class="1001" name="const_72">
<pin_list>
<pin id="73" dir="1" index="0" bw="1" slack="0"/>
</pin_list>
<bind>
<StgValue><ssdm name="aes128_top_Pipeline_VITIS_LOOP_69_1"/></StgValue>
</bind>
</comp>

<comp id="74" class="1001" name="const_74">
<pin_list>
<pin id="75" dir="1" index="0" bw="1" slack="0"/>
</pin_list>
<bind>
<StgValue><ssdm name="aes128_encrypt"/></StgValue>
</bind>
</comp>

<comp id="76" class="1001" name="const_76">
<pin_list>
<pin id="77" dir="1" index="0" bw="1" slack="0"/>
</pin_list>
<bind>
<StgValue><ssdm name="_ssdm_op_WriteReq.m_axi.p1i32"/></StgValue>
</bind>
</comp>

<comp id="78" class="1001" name="const_78">
<pin_list>
<pin id="79" dir="1" index="0" bw="1" slack="0"/>
</pin_list>
<bind>
<StgValue><ssdm name="aes128_top_Pipeline_STORE_DATA"/></StgValue>
</bind>
</comp>

<comp id="80" class="1001" name="const_80">
<pin_list>
<pin id="81" dir="1" index="0" bw="1" slack="0"/>
</pin_list>
<bind>
<StgValue><ssdm name="_ssdm_op_WriteResp.m_axi.p1i32"/></StgValue>
</bind>
</comp>

<comp id="82" class="1004" name="plaintext_alloca_fu_82">
<pin_list>
<pin id="83" dir="0" index="0" bw="1" slack="0"/>
<pin id="84" dir="1" index="1" bw="8" slack="2147483647"/>
</pin_list>
<bind>
<opcode="alloca(26) " fcode="alloca"/>
<opset="plaintext/1 "/>
</bind>
</comp>

<comp id="86" class="1004" name="plaintext_1_alloca_fu_86">
<pin_list>
<pin id="87" dir="0" index="0" bw="1" slack="0"/>
<pin id="88" dir="1" index="1" bw="8" slack="2147483647"/>
</pin_list>
<bind>
<opcode="alloca(26) " fcode="alloca"/>
<opset="plaintext_1/1 "/>
</bind>
</comp>

<comp id="90" class="1004" name="key_alloca_fu_90">
<pin_list>
<pin id="91" dir="0" index="0" bw="1" slack="0"/>
<pin id="92" dir="1" index="1" bw="8" slack="2147483647"/>
</pin_list>
<bind>
<opcode="alloca(26) " fcode="alloca"/>
<opset="key/1 "/>
</bind>
</comp>

<comp id="94" class="1004" name="key_1_alloca_fu_94">
<pin_list>
<pin id="95" dir="0" index="0" bw="1" slack="0"/>
<pin id="96" dir="1" index="1" bw="8" slack="2147483647"/>
</pin_list>
<bind>
<opcode="alloca(26) " fcode="alloca"/>
<opset="key_1/1 "/>
</bind>
</comp>

<comp id="98" class="1004" name="ciphertext_alloca_fu_98">
<pin_list>
<pin id="99" dir="0" index="0" bw="1" slack="0"/>
<pin id="100" dir="1" index="1" bw="8" slack="2147483647"/>
</pin_list>
<bind>
<opcode="alloca(26) " fcode="alloca"/>
<opset="ciphertext/1 "/>
</bind>
</comp>

<comp id="102" class="1004" name="ciphertext_1_alloca_fu_102">
<pin_list>
<pin id="103" dir="0" index="0" bw="1" slack="0"/>
<pin id="104" dir="1" index="1" bw="8" slack="2147483647"/>
</pin_list>
<bind>
<opcode="alloca(26) " fcode="alloca"/>
<opset="ciphertext_1/1 "/>
</bind>
</comp>

<comp id="106" class="1004" name="encrypt_read_read_fu_106">
<pin_list>
<pin id="107" dir="0" index="0" bw="32" slack="0"/>
<pin id="108" dir="0" index="1" bw="32" slack="0"/>
<pin id="109" dir="1" index="2" bw="32" slack="0"/>
</pin_list>
<bind>
<opcode="read(1150) " fcode="read"/>
<opset="encrypt_read/1 "/>
</bind>
</comp>

<comp id="112" class="1004" name="data_out_read_read_fu_112">
<pin_list>
<pin id="113" dir="0" index="0" bw="64" slack="0"/>
<pin id="114" dir="0" index="1" bw="64" slack="0"/>
<pin id="115" dir="1" index="2" bw="64" slack="20"/>
</pin_list>
<bind>
<opcode="read(1150) " fcode="read"/>
<opset="data_out_read/1 "/>
</bind>
</comp>

<comp id="118" class="1004" name="key_in_read_read_fu_118">
<pin_list>
<pin id="119" dir="0" index="0" bw="64" slack="0"/>
<pin id="120" dir="0" index="1" bw="64" slack="0"/>
<pin id="121" dir="1" index="2" bw="64" slack="0"/>
</pin_list>
<bind>
<opcode="read(1150) " fcode="read"/>
<opset="key_in_read/1 "/>
</bind>
</comp>

<comp id="124" class="1004" name="data_in_read_read_fu_124">
<pin_list>
<pin id="125" dir="0" index="0" bw="64" slack="0"/>
<pin id="126" dir="0" index="1" bw="64" slack="0"/>
<pin id="127" dir="1" index="2" bw="64" slack="0"/>
</pin_list>
<bind>
<opcode="read(1150) " fcode="read"/>
<opset="data_in_read/1 "/>
</bind>
</comp>

<comp id="130" class="1004" name="grp_readreq_fu_130">
<pin_list>
<pin id="131" dir="0" index="0" bw="1" slack="0"/>
<pin id="132" dir="0" index="1" bw="32" slack="0"/>
<pin id="133" dir="0" index="2" bw="4" slack="0"/>
<pin id="134" dir="1" index="3" bw="1" slack="2147483647"/>
</pin_list>
<bind>
<opcode="readreq(1154) " fcode="readreq"/>
<opset="empty/2 "/>
</bind>
</comp>

<comp id="137" class="1004" name="grp_readreq_fu_137">
<pin_list>
<pin id="138" dir="0" index="0" bw="1" slack="0"/>
<pin id="139" dir="0" index="1" bw="32" slack="0"/>
<pin id="140" dir="0" index="2" bw="4" slack="0"/>
<pin id="141" dir="1" index="3" bw="1" slack="2147483647"/>
</pin_list>
<bind>
<opcode="readreq(1154) " fcode="readreq"/>
<opset="empty_30/11 "/>
</bind>
</comp>

<comp id="144" class="1004" name="grp_writeresp_fu_144">
<pin_list>
<pin id="145" dir="0" index="0" bw="1" slack="0"/>
<pin id="146" dir="0" index="1" bw="32" slack="0"/>
<pin id="147" dir="0" index="2" bw="4" slack="0"/>
<pin id="148" dir="1" index="3" bw="1" slack="2147483647"/>
</pin_list>
<bind>
<opcode="writereq(1155) writeresp(1158) " fcode="writeresp"/>
<opset="empty_31/21 empty_32/25 "/>
</bind>
</comp>

<comp id="152" class="1004" name="grp_aes128_top_Pipeline_LOAD_DATA_fu_152">
<pin_list>
<pin id="153" dir="0" index="0" bw="0" slack="0"/>
<pin id="154" dir="0" index="1" bw="32" slack="0"/>
<pin id="155" dir="0" index="2" bw="62" slack="8"/>
<pin id="156" dir="0" index="3" bw="8" slack="2147483647"/>
<pin id="157" dir="0" index="4" bw="8" slack="2147483647"/>
<pin id="158" dir="1" index="5" bw="0" slack="2147483647"/>
</pin_list>
<bind>
<opcode="call(48) " fcode="call"/>
<opset="call_ln43/9 "/>
</bind>
</comp>

<comp id="161" class="1004" name="grp_aes128_top_Pipeline_LOAD_KEY_fu_161">
<pin_list>
<pin id="162" dir="0" index="0" bw="0" slack="0"/>
<pin id="163" dir="0" index="1" bw="32" slack="0"/>
<pin id="164" dir="0" index="2" bw="62" slack="17"/>
<pin id="165" dir="0" index="3" bw="8" slack="2147483647"/>
<pin id="166" dir="0" index="4" bw="8" slack="2147483647"/>
<pin id="167" dir="1" index="5" bw="0" slack="2147483647"/>
</pin_list>
<bind>
<opcode="call(48) " fcode="call"/>
<opset="call_ln52/18 "/>
</bind>
</comp>

<comp id="170" class="1004" name="grp_aes128_top_Pipeline_VITIS_LOOP_69_1_fu_170">
<pin_list>
<pin id="171" dir="0" index="0" bw="0" slack="0"/>
<pin id="172" dir="0" index="1" bw="8" slack="2147483647"/>
<pin id="173" dir="0" index="2" bw="8" slack="2147483647"/>
<pin id="174" dir="0" index="3" bw="8" slack="2147483647"/>
<pin id="175" dir="0" index="4" bw="8" slack="2147483647"/>
<pin id="176" dir="1" index="5" bw="0" slack="2147483647"/>
</pin_list>
<bind>
<opcode="call(48) " fcode="call"/>
<opset="call_ln0/19 "/>
</bind>
</comp>

<comp id="178" class="1004" name="grp_aes128_encrypt_fu_178">
<pin_list>
<pin id="179" dir="0" index="0" bw="0" slack="0"/>
<pin id="180" dir="0" index="1" bw="8" slack="2147483647"/>
<pin id="181" dir="0" index="2" bw="8" slack="2147483647"/>
<pin id="182" dir="0" index="3" bw="8" slack="2147483647"/>
<pin id="183" dir="0" index="4" bw="8" slack="2147483647"/>
<pin id="184" dir="0" index="5" bw="8" slack="2147483647"/>
<pin id="185" dir="0" index="6" bw="8" slack="2147483647"/>
<pin id="186" dir="0" index="7" bw="8" slack="0"/>
<pin id="187" dir="0" index="8" bw="8" slack="0"/>
<pin id="188" dir="1" index="9" bw="0" slack="2147483647"/>
</pin_list>
<bind>
<opcode="call(48) " fcode="call"/>
<opset="call_ln65/20 "/>
</bind>
</comp>

<comp id="192" class="1004" name="grp_aes128_top_Pipeline_STORE_DATA_fu_192">
<pin_list>
<pin id="193" dir="0" index="0" bw="0" slack="0"/>
<pin id="194" dir="0" index="1" bw="32" slack="0"/>
<pin id="195" dir="0" index="2" bw="62" slack="1"/>
<pin id="196" dir="0" index="3" bw="8" slack="2147483647"/>
<pin id="197" dir="0" index="4" bw="8" slack="2147483647"/>
<pin id="198" dir="1" index="5" bw="0" slack="2147483647"/>
</pin_list>
<bind>
<opcode="call(48) " fcode="call"/>
<opset="call_ln77/23 "/>
</bind>
</comp>

<comp id="201" class="1004" name="trunc_ln_fu_201">
<pin_list>
<pin id="202" dir="0" index="0" bw="62" slack="0"/>
<pin id="203" dir="0" index="1" bw="64" slack="0"/>
<pin id="204" dir="0" index="2" bw="3" slack="0"/>
<pin id="205" dir="0" index="3" bw="7" slack="0"/>
<pin id="206" dir="1" index="4" bw="62" slack="1"/>
</pin_list>
<bind>
<opcode="partselect(1002) " fcode="partselect"/>
<opset="trunc_ln/1 "/>
</bind>
</comp>

<comp id="211" class="1004" name="trunc_ln1_fu_211">
<pin_list>
<pin id="212" dir="0" index="0" bw="62" slack="0"/>
<pin id="213" dir="0" index="1" bw="64" slack="0"/>
<pin id="214" dir="0" index="2" bw="3" slack="0"/>
<pin id="215" dir="0" index="3" bw="7" slack="0"/>
<pin id="216" dir="1" index="4" bw="62" slack="10"/>
</pin_list>
<bind>
<opcode="partselect(1002) " fcode="partselect"/>
<opset="trunc_ln1/1 "/>
</bind>
</comp>

<comp id="221" class="1004" name="icmp_ln64_fu_221">
<pin_list>
<pin id="222" dir="0" index="0" bw="32" slack="0"/>
<pin id="223" dir="0" index="1" bw="1" slack="0"/>
<pin id="224" dir="1" index="2" bw="1" slack="18"/>
</pin_list>
<bind>
<opcode="icmp(45) " fcode="icmp"/>
<opset="icmp_ln64/1 "/>
</bind>
</comp>

<comp id="227" class="1004" name="sext_ln43_fu_227">
<pin_list>
<pin id="228" dir="0" index="0" bw="62" slack="1"/>
<pin id="229" dir="1" index="1" bw="64" slack="0"/>
</pin_list>
<bind>
<opcode="sext(35) " fcode="sext"/>
<opset="sext_ln43/2 "/>
</bind>
</comp>

<comp id="230" class="1004" name="DATA_addr_fu_230">
<pin_list>
<pin id="231" dir="0" index="0" bw="32" slack="0"/>
<pin id="232" dir="0" index="1" bw="62" slack="0"/>
<pin id="233" dir="1" index="2" bw="32" slack="0"/>
</pin_list>
<bind>
<opcode="getelementptr(29) " fcode="getelementptr"/>
<opset="DATA_addr/2 "/>
</bind>
</comp>

<comp id="237" class="1004" name="sext_ln52_fu_237">
<pin_list>
<pin id="238" dir="0" index="0" bw="62" slack="10"/>
<pin id="239" dir="1" index="1" bw="64" slack="0"/>
</pin_list>
<bind>
<opcode="sext(35) " fcode="sext"/>
<opset="sext_ln52/11 "/>
</bind>
</comp>

<comp id="240" class="1004" name="DATA_addr_1_fu_240">
<pin_list>
<pin id="241" dir="0" index="0" bw="32" slack="0"/>
<pin id="242" dir="0" index="1" bw="62" slack="0"/>
<pin id="243" dir="1" index="2" bw="32" slack="0"/>
</pin_list>
<bind>
<opcode="getelementptr(29) " fcode="getelementptr"/>
<opset="DATA_addr_1/11 "/>
</bind>
</comp>

<comp id="247" class="1004" name="trunc_ln2_fu_247">
<pin_list>
<pin id="248" dir="0" index="0" bw="62" slack="0"/>
<pin id="249" dir="0" index="1" bw="64" slack="20"/>
<pin id="250" dir="0" index="2" bw="3" slack="0"/>
<pin id="251" dir="0" index="3" bw="7" slack="0"/>
<pin id="252" dir="1" index="4" bw="62" slack="0"/>
</pin_list>
<bind>
<opcode="partselect(1002) " fcode="partselect"/>
<opset="trunc_ln2/21 "/>
</bind>
</comp>

<comp id="256" class="1004" name="sext_ln77_fu_256">
<pin_list>
<pin id="257" dir="0" index="0" bw="62" slack="0"/>
<pin id="258" dir="1" index="1" bw="64" slack="0"/>
</pin_list>
<bind>
<opcode="sext(35) " fcode="sext"/>
<opset="sext_ln77/21 "/>
</bind>
</comp>

<comp id="260" class="1004" name="DATA_addr_2_fu_260">
<pin_list>
<pin id="261" dir="0" index="0" bw="32" slack="0"/>
<pin id="262" dir="0" index="1" bw="62" slack="0"/>
<pin id="263" dir="1" index="2" bw="32" slack="0"/>
</pin_list>
<bind>
<opcode="getelementptr(29) " fcode="getelementptr"/>
<opset="DATA_addr_2/21 "/>
</bind>
</comp>

<comp id="267" class="1005" name="data_out_read_reg_267">
<pin_list>
<pin id="268" dir="0" index="0" bw="64" slack="20"/>
<pin id="269" dir="1" index="1" bw="64" slack="20"/>
</pin_list>
<bind>
<opset="data_out_read "/>
</bind>
</comp>

<comp id="272" class="1005" name="trunc_ln_reg_272">
<pin_list>
<pin id="273" dir="0" index="0" bw="62" slack="1"/>
<pin id="274" dir="1" index="1" bw="62" slack="1"/>
</pin_list>
<bind>
<opset="trunc_ln "/>
</bind>
</comp>

<comp id="278" class="1005" name="trunc_ln1_reg_278">
<pin_list>
<pin id="279" dir="0" index="0" bw="62" slack="10"/>
<pin id="280" dir="1" index="1" bw="62" slack="10"/>
</pin_list>
<bind>
<opset="trunc_ln1 "/>
</bind>
</comp>

<comp id="284" class="1005" name="icmp_ln64_reg_284">
<pin_list>
<pin id="285" dir="0" index="0" bw="1" slack="18"/>
<pin id="286" dir="1" index="1" bw="1" slack="2147483647"/>
</pin_list>
<bind>
<opset="icmp_ln64 "/>
</bind>
</comp>

<comp id="288" class="1005" name="DATA_addr_reg_288">
<pin_list>
<pin id="289" dir="0" index="0" bw="32" slack="1"/>
<pin id="290" dir="1" index="1" bw="32" slack="1"/>
</pin_list>
<bind>
<opset="DATA_addr "/>
</bind>
</comp>

<comp id="293" class="1005" name="DATA_addr_1_reg_293">
<pin_list>
<pin id="294" dir="0" index="0" bw="32" slack="1"/>
<pin id="295" dir="1" index="1" bw="32" slack="1"/>
</pin_list>
<bind>
<opset="DATA_addr_1 "/>
</bind>
</comp>

<comp id="298" class="1005" name="trunc_ln2_reg_298">
<pin_list>
<pin id="299" dir="0" index="0" bw="62" slack="1"/>
<pin id="300" dir="1" index="1" bw="62" slack="1"/>
</pin_list>
<bind>
<opset="trunc_ln2 "/>
</bind>
</comp>

<comp id="303" class="1005" name="DATA_addr_2_reg_303">
<pin_list>
<pin id="304" dir="0" index="0" bw="32" slack="3"/>
<pin id="305" dir="1" index="1" bw="32" slack="3"/>
</pin_list>
<bind>
<opset="DATA_addr_2 "/>
</bind>
</comp>

</comp_list>

<net_list>
<net id="85"><net_src comp="18" pin="0"/><net_sink comp="82" pin=0"/></net>

<net id="89"><net_src comp="18" pin="0"/><net_sink comp="86" pin=0"/></net>

<net id="93"><net_src comp="18" pin="0"/><net_sink comp="90" pin=0"/></net>

<net id="97"><net_src comp="18" pin="0"/><net_sink comp="94" pin=0"/></net>

<net id="101"><net_src comp="18" pin="0"/><net_sink comp="98" pin=0"/></net>

<net id="105"><net_src comp="18" pin="0"/><net_sink comp="102" pin=0"/></net>

<net id="110"><net_src comp="14" pin="0"/><net_sink comp="106" pin=0"/></net>

<net id="111"><net_src comp="8" pin="0"/><net_sink comp="106" pin=1"/></net>

<net id="116"><net_src comp="16" pin="0"/><net_sink comp="112" pin=0"/></net>

<net id="117"><net_src comp="6" pin="0"/><net_sink comp="112" pin=1"/></net>

<net id="122"><net_src comp="16" pin="0"/><net_sink comp="118" pin=0"/></net>

<net id="123"><net_src comp="4" pin="0"/><net_sink comp="118" pin=1"/></net>

<net id="128"><net_src comp="16" pin="0"/><net_sink comp="124" pin=0"/></net>

<net id="129"><net_src comp="2" pin="0"/><net_sink comp="124" pin=1"/></net>

<net id="135"><net_src comp="28" pin="0"/><net_sink comp="130" pin=0"/></net>

<net id="136"><net_src comp="30" pin="0"/><net_sink comp="130" pin=2"/></net>

<net id="142"><net_src comp="28" pin="0"/><net_sink comp="137" pin=0"/></net>

<net id="143"><net_src comp="30" pin="0"/><net_sink comp="137" pin=2"/></net>

<net id="149"><net_src comp="76" pin="0"/><net_sink comp="144" pin=0"/></net>

<net id="150"><net_src comp="30" pin="0"/><net_sink comp="144" pin=2"/></net>

<net id="151"><net_src comp="80" pin="0"/><net_sink comp="144" pin=0"/></net>

<net id="159"><net_src comp="32" pin="0"/><net_sink comp="152" pin=0"/></net>

<net id="160"><net_src comp="0" pin="0"/><net_sink comp="152" pin=1"/></net>

<net id="168"><net_src comp="34" pin="0"/><net_sink comp="161" pin=0"/></net>

<net id="169"><net_src comp="0" pin="0"/><net_sink comp="161" pin=1"/></net>

<net id="177"><net_src comp="72" pin="0"/><net_sink comp="170" pin=0"/></net>

<net id="189"><net_src comp="74" pin="0"/><net_sink comp="178" pin=0"/></net>

<net id="190"><net_src comp="10" pin="0"/><net_sink comp="178" pin=7"/></net>

<net id="191"><net_src comp="12" pin="0"/><net_sink comp="178" pin=8"/></net>

<net id="199"><net_src comp="78" pin="0"/><net_sink comp="192" pin=0"/></net>

<net id="200"><net_src comp="0" pin="0"/><net_sink comp="192" pin=1"/></net>

<net id="207"><net_src comp="20" pin="0"/><net_sink comp="201" pin=0"/></net>

<net id="208"><net_src comp="124" pin="2"/><net_sink comp="201" pin=1"/></net>

<net id="209"><net_src comp="22" pin="0"/><net_sink comp="201" pin=2"/></net>

<net id="210"><net_src comp="24" pin="0"/><net_sink comp="201" pin=3"/></net>

<net id="217"><net_src comp="20" pin="0"/><net_sink comp="211" pin=0"/></net>

<net id="218"><net_src comp="118" pin="2"/><net_sink comp="211" pin=1"/></net>

<net id="219"><net_src comp="22" pin="0"/><net_sink comp="211" pin=2"/></net>

<net id="220"><net_src comp="24" pin="0"/><net_sink comp="211" pin=3"/></net>

<net id="225"><net_src comp="106" pin="2"/><net_sink comp="221" pin=0"/></net>

<net id="226"><net_src comp="26" pin="0"/><net_sink comp="221" pin=1"/></net>

<net id="234"><net_src comp="0" pin="0"/><net_sink comp="230" pin=0"/></net>

<net id="235"><net_src comp="227" pin="1"/><net_sink comp="230" pin=1"/></net>

<net id="236"><net_src comp="230" pin="2"/><net_sink comp="130" pin=1"/></net>

<net id="244"><net_src comp="0" pin="0"/><net_sink comp="240" pin=0"/></net>

<net id="245"><net_src comp="237" pin="1"/><net_sink comp="240" pin=1"/></net>

<net id="246"><net_src comp="240" pin="2"/><net_sink comp="137" pin=1"/></net>

<net id="253"><net_src comp="20" pin="0"/><net_sink comp="247" pin=0"/></net>

<net id="254"><net_src comp="22" pin="0"/><net_sink comp="247" pin=2"/></net>

<net id="255"><net_src comp="24" pin="0"/><net_sink comp="247" pin=3"/></net>

<net id="259"><net_src comp="247" pin="4"/><net_sink comp="256" pin=0"/></net>

<net id="264"><net_src comp="0" pin="0"/><net_sink comp="260" pin=0"/></net>

<net id="265"><net_src comp="256" pin="1"/><net_sink comp="260" pin=1"/></net>

<net id="266"><net_src comp="260" pin="2"/><net_sink comp="144" pin=1"/></net>

<net id="270"><net_src comp="112" pin="2"/><net_sink comp="267" pin=0"/></net>

<net id="271"><net_src comp="267" pin="1"/><net_sink comp="247" pin=1"/></net>

<net id="275"><net_src comp="201" pin="4"/><net_sink comp="272" pin=0"/></net>

<net id="276"><net_src comp="272" pin="1"/><net_sink comp="227" pin=0"/></net>

<net id="277"><net_src comp="272" pin="1"/><net_sink comp="152" pin=2"/></net>

<net id="281"><net_src comp="211" pin="4"/><net_sink comp="278" pin=0"/></net>

<net id="282"><net_src comp="278" pin="1"/><net_sink comp="237" pin=0"/></net>

<net id="283"><net_src comp="278" pin="1"/><net_sink comp="161" pin=2"/></net>

<net id="287"><net_src comp="221" pin="2"/><net_sink comp="284" pin=0"/></net>

<net id="291"><net_src comp="230" pin="2"/><net_sink comp="288" pin=0"/></net>

<net id="292"><net_src comp="288" pin="1"/><net_sink comp="130" pin=1"/></net>

<net id="296"><net_src comp="240" pin="2"/><net_sink comp="293" pin=0"/></net>

<net id="297"><net_src comp="293" pin="1"/><net_sink comp="137" pin=1"/></net>

<net id="301"><net_src comp="247" pin="4"/><net_sink comp="298" pin=0"/></net>

<net id="302"><net_src comp="298" pin="1"/><net_sink comp="192" pin=2"/></net>

<net id="306"><net_src comp="260" pin="2"/><net_sink comp="303" pin=0"/></net>

<net id="307"><net_src comp="303" pin="1"/><net_sink comp="144" pin=1"/></net>

</net_list>

</model> 
---------------- Datapath Model END ------------------

* FSMD analyzer results:
  - Output states:
	Port: DATA | {21 23 24 25 26 27 28 29 }
 - Input state : 
	Port: aes128_top : DATA | {2 3 4 5 6 7 8 9 10 11 12 13 14 15 16 17 18 19 }
	Port: aes128_top : data_in | {1 }
	Port: aes128_top : key_in | {1 }
	Port: aes128_top : data_out | {1 }
	Port: aes128_top : encrypt | {1 }
	Port: aes128_top : SBOX | {20 21 }
	Port: aes128_top : RCON | {20 21 }
  - Chain level:
	State 1
	State 2
		DATA_addr : 1
		empty : 2
	State 3
	State 4
	State 5
	State 6
	State 7
	State 8
	State 9
	State 10
	State 11
		DATA_addr_1 : 1
		empty_30 : 2
	State 12
	State 13
	State 14
	State 15
	State 16
	State 17
	State 18
	State 19
	State 20
	State 21
		sext_ln77 : 1
		DATA_addr_2 : 2
		empty_31 : 3
	State 22
	State 23
	State 24
	State 25
	State 26
	State 27
	State 28
	State 29


============================================================
+ Verbose Summary: Datapath Resource usage 
============================================================

* Functional unit list:
|----------|------------------------------------------------|---------|---------|---------|
| Operation|                 Functional Unit                |  Delay  |    FF   |   LUT   |
|----------|------------------------------------------------|---------|---------|---------|
|          |    grp_aes128_top_Pipeline_LOAD_DATA_fu_152    |    0    |   103   |    19   |
|          |     grp_aes128_top_Pipeline_LOAD_KEY_fu_161    |    0    |   103   |    19   |
|   call   | grp_aes128_top_Pipeline_VITIS_LOOP_69_1_fu_170 |  3.176  |    18   |    49   |
|          |            grp_aes128_encrypt_fu_178           | 88.3104 |   4990  |  21520  |
|          |    grp_aes128_top_Pipeline_STORE_DATA_fu_192   |  6.352  |   144   |    55   |
|----------|------------------------------------------------|---------|---------|---------|
|   icmp   |                icmp_ln64_fu_221                |    0    |    0    |    18   |
|----------|------------------------------------------------|---------|---------|---------|
|          |            encrypt_read_read_fu_106            |    0    |    0    |    0    |
|   read   |            data_out_read_read_fu_112           |    0    |    0    |    0    |
|          |             key_in_read_read_fu_118            |    0    |    0    |    0    |
|          |            data_in_read_read_fu_124            |    0    |    0    |    0    |
|----------|------------------------------------------------|---------|---------|---------|
|  readreq |               grp_readreq_fu_130               |    0    |    0    |    0    |
|          |               grp_readreq_fu_137               |    0    |    0    |    0    |
|----------|------------------------------------------------|---------|---------|---------|
| writeresp|              grp_writeresp_fu_144              |    0    |    0    |    0    |
|----------|------------------------------------------------|---------|---------|---------|
|          |                 trunc_ln_fu_201                |    0    |    0    |    0    |
|partselect|                trunc_ln1_fu_211                |    0    |    0    |    0    |
|          |                trunc_ln2_fu_247                |    0    |    0    |    0    |
|----------|------------------------------------------------|---------|---------|---------|
|          |                sext_ln43_fu_227                |    0    |    0    |    0    |
|   sext   |                sext_ln52_fu_237                |    0    |    0    |    0    |
|          |                sext_ln77_fu_256                |    0    |    0    |    0    |
|----------|------------------------------------------------|---------|---------|---------|
|   Total  |                                                | 97.8384 |   5358  |  21680  |
|----------|------------------------------------------------|---------|---------|---------|

Memories:
+------------+--------+--------+--------+--------+
|            |  BRAM  |   FF   |   LUT  |  URAM  |
+------------+--------+--------+--------+--------+
|    RCON    |    0   |    8   |    2   |    -   |
|    SBOX    |   15   |    0   |    0   |    -   |
| ciphertext |    0   |   16   |    1   |    0   |
|ciphertext_1|    0   |   16   |    1   |    0   |
|     key    |    0   |   16   |    1   |    0   |
|    key_1   |    0   |   16   |    1   |    0   |
|  plaintext |    0   |   16   |    1   |    0   |
| plaintext_1|    0   |   16   |    1   |    0   |
+------------+--------+--------+--------+--------+
|    Total   |   15   |   104  |    8   |    0   |
+------------+--------+--------+--------+--------+

* Register list:
+---------------------+--------+
|                     |   FF   |
+---------------------+--------+
| DATA_addr_1_reg_293 |   32   |
| DATA_addr_2_reg_303 |   32   |
|  DATA_addr_reg_288  |   32   |
|data_out_read_reg_267|   64   |
|  icmp_ln64_reg_284  |    1   |
|  trunc_ln1_reg_278  |   62   |
|  trunc_ln2_reg_298  |   62   |
|   trunc_ln_reg_272  |   62   |
+---------------------+--------+
|        Total        |   347  |
+---------------------+--------+

* Multiplexer (MUX) list: 
|----------------------|------|------|------|--------||---------||---------|
|         Comp         |  Pin | Size |  BW  | S x BW ||  Delay  ||   LUT   |
|----------------------|------|------|------|--------||---------||---------|
|  grp_readreq_fu_130  |  p1  |   2  |  32  |   64   ||    9    |
|  grp_readreq_fu_137  |  p1  |   2  |  32  |   64   ||    9    |
| grp_writeresp_fu_144 |  p0  |   2  |   1  |    2   |
| grp_writeresp_fu_144 |  p1  |   2  |  32  |   64   ||    9    |
|----------------------|------|------|------|--------||---------||---------|
|         Total        |      |      |      |   194  ||  6.352  ||    27   |
|----------------------|------|------|------|--------||---------||---------|



* Summary:
+-----------+--------+--------+--------+--------+--------+
|           |  BRAM  |  Delay |   FF   |   LUT  |  URAM  |
+-----------+--------+--------+--------+--------+--------+
|  Function |    -   |   97   |  5358  |  21680 |    -   |
|   Memory  |   15   |    -   |   104  |    8   |    0   |
|Multiplexer|    -   |    6   |    -   |   27   |    -   |
|  Register |    -   |    -   |   347  |    -   |    -   |
+-----------+--------+--------+--------+--------+--------+
|   Total   |   15   |   104  |  5809  |  21715 |    0   |
+-----------+--------+--------+--------+--------+--------+
