

================================================================
== Vitis HLS Report for 'aes128_top_Pipeline_VITIS_LOOP_69_1'
================================================================
* Date:           Sun Aug 23 13:00:53 2026

* Version:        2022.1 (Build 3526262 on Mon Apr 18 15:48:16 MDT 2022)
* Project:        aes128
* Solution:       solution1 (Vivado IP Flow Target)
* Product family: zynq
* Target device:  xc7z020-clg484-1


================================================================
== Performance Estimates
================================================================
+ Timing: 
    * Summary: 
    +--------+----------+----------+------------+
    |  Clock |  Target  | Estimated| Uncertainty|
    +--------+----------+----------+------------+
    |ap_clk  |  10.00 ns|  6.232 ns|     1.25 ns|
    +--------+----------+----------+------------+

+ Latency: 
    * Summary: 
    +---------+---------+----------+----------+-----+-----+---------+
    |  Latency (cycles) |  Latency (absolute) |  Interval | Pipeline|
    |   min   |   max   |    min   |    max   | min | max |   Type  |
    +---------+---------+----------+----------+-----+-----+---------+
    |       18|       18|  0.180 us|  0.180 us|   18|   18|       no|
    +---------+---------+----------+----------+-----+-----+---------+

    + Detail: 
        * Instance: 
        N/A

        * Loop: 
        +-------------------+---------+---------+----------+-----------+-----------+------+----------+
        |                   |  Latency (cycles) | Iteration|  Initiation Interval  | Trip |          |
        |     Loop Name     |   min   |   max   |  Latency |  achieved |   target  | Count| Pipelined|
        +-------------------+---------+---------+----------+-----------+-----------+------+----------+
        |- VITIS_LOOP_69_1  |       16|       16|         2|          1|          1|    16|       yes|
        +-------------------+---------+---------+----------+-----------+-----------+------+----------+

============================================================
+ Verbose Summary: Synthesis Manager
============================================================
InlineROM: 1
ExposeGlobal: 0
============================================================
+ Verbose Summary: CDFG Model
============================================================
IsTopModel: 0
ResetActiveHigh: 1
IsCombinational: 0
IsDatapathOnly: 0
HasWiredReturn: 1
HasMFsm: 2
HasVarLatency: 1
IsPipeline: 0
IsRtlPipelined: 0
IsInstanceOverlapped: 0
IsDontTouch: 0
HasImplIP: 0
IsGatedGlobalClock: 0

+ Individual pipeline summary: 
  * Pipeline-0: initiation interval (II) = 1, depth = 2


============================================================
+ Verbose Summary: Schedule
============================================================
* Number of FSM states : 2
* Pipeline : 1
  Pipeline-0 : II = 1, D = 2, States = { 1 2 }
* Dataflow Pipeline: 0

* FSM state transitions: 
1 --> 2 
2 --> 

* FSM state operations: 

State 1 <SV = 0> <Delay = 3.36>
ST_1 : Operation 5 [1/1] (0.00ns)   --->   "%i = alloca i32 1"   --->   Operation 5 'alloca' 'i' <Predicate = true> <Delay = 0.00>
ST_1 : Operation 6 [1/1] (1.58ns)   --->   "%store_ln0 = store i5 0, i5 %i"   --->   Operation 6 'store' 'store_ln0' <Predicate = true> <Delay = 1.58>
ST_1 : Operation 7 [1/1] (0.00ns)   --->   "%br_ln0 = br void %for.inc74"   --->   Operation 7 'br' 'br_ln0' <Predicate = true> <Delay = 0.00>
ST_1 : Operation 8 [1/1] (0.00ns)   --->   "%i_1 = load i5 %i"   --->   Operation 8 'load' 'i_1' <Predicate = true> <Delay = 0.00>
ST_1 : Operation 9 [1/1] (0.00ns)   --->   "%specpipeline_ln0 = specpipeline void @_ssdm_op_SpecPipeline, i32 4294967295, i32 0, i32 1, i32 0, void @p_str"   --->   Operation 9 'specpipeline' 'specpipeline_ln0' <Predicate = true> <Delay = 0.00>
ST_1 : Operation 10 [1/1] (1.36ns)   --->   "%icmp_ln69 = icmp_eq  i5 %i_1, i5 16" [src/aes128_top.cpp:69]   --->   Operation 10 'icmp' 'icmp_ln69' <Predicate = true> <Delay = 1.36> <CoreInst = "Cmp">   --->   Core 9 'Cmp' <Latency = 0> <II = 1> <Delay = 1.36> <FuncUnit> <Opcode : 'icmp'> <InPorts = 2> <OutPorts = 1>
ST_1 : Operation 11 [1/1] (0.00ns)   --->   "%empty = speclooptripcount i32 @_ssdm_op_SpecLoopTripCount, i64 16, i64 16, i64 16"   --->   Operation 11 'speclooptripcount' 'empty' <Predicate = true> <Delay = 0.00>
ST_1 : Operation 12 [1/1] (1.78ns)   --->   "%add_ln69 = add i5 %i_1, i5 1" [src/aes128_top.cpp:69]   --->   Operation 12 'add' 'add_ln69' <Predicate = true> <Delay = 1.78> <CoreInst = "Adder">   --->   Core 1 'Adder' <Latency = 0> <II = 1> <Delay = 1.78> <FuncUnit> <Opcode : 'add' 'sub'> <InPorts = 2> <OutPorts = 1>
ST_1 : Operation 13 [1/1] (0.00ns)   --->   "%br_ln69 = br i1 %icmp_ln69, void %for.inc74.split, void %STORE_DATA.loopexit.exitStub" [src/aes128_top.cpp:69]   --->   Operation 13 'br' 'br_ln69' <Predicate = true> <Delay = 0.00>
ST_1 : Operation 14 [1/1] (0.00ns)   --->   "%empty_29 = trunc i5 %i_1"   --->   Operation 14 'trunc' 'empty_29' <Predicate = (!icmp_ln69)> <Delay = 0.00>
ST_1 : Operation 15 [1/1] (0.00ns)   --->   "%lshr_ln = partselect i3 @_ssdm_op_PartSelect.i3.i5.i32.i32, i5 %i_1, i32 1, i32 3" [src/aes128_top.cpp:70]   --->   Operation 15 'partselect' 'lshr_ln' <Predicate = (!icmp_ln69)> <Delay = 0.00>
ST_1 : Operation 16 [1/1] (0.00ns)   --->   "%zext_ln70 = zext i3 %lshr_ln" [src/aes128_top.cpp:70]   --->   Operation 16 'zext' 'zext_ln70' <Predicate = (!icmp_ln69)> <Delay = 0.00>
ST_1 : Operation 17 [1/1] (0.00ns)   --->   "%plaintext_addr = getelementptr i8 %plaintext, i64 0, i64 %zext_ln70" [src/aes128_top.cpp:70]   --->   Operation 17 'getelementptr' 'plaintext_addr' <Predicate = (!icmp_ln69)> <Delay = 0.00>
ST_1 : Operation 18 [1/1] (0.00ns)   --->   "%plaintext_1_addr = getelementptr i8 %plaintext_1, i64 0, i64 %zext_ln70" [src/aes128_top.cpp:70]   --->   Operation 18 'getelementptr' 'plaintext_1_addr' <Predicate = (!icmp_ln69)> <Delay = 0.00>
ST_1 : Operation 19 [2/2] (2.32ns)   --->   "%plaintext_load = load i3 %plaintext_addr" [src/aes128_top.cpp:70]   --->   Operation 19 'load' 'plaintext_load' <Predicate = (!icmp_ln69)> <Delay = 2.32> <CoreInst = "RAM">   --->   Core 82 'RAM' <Latency = 1> <II = 1> <Delay = 2.32> <Storage> <Opcode : 'load' 'store'> <Ports = 2> <Width = 8> <Depth = 8> <RAM>
ST_1 : Operation 20 [2/2] (2.32ns)   --->   "%plaintext_1_load = load i3 %plaintext_1_addr" [src/aes128_top.cpp:70]   --->   Operation 20 'load' 'plaintext_1_load' <Predicate = (!icmp_ln69)> <Delay = 2.32> <CoreInst = "RAM">   --->   Core 82 'RAM' <Latency = 1> <II = 1> <Delay = 2.32> <Storage> <Opcode : 'load' 'store'> <Ports = 2> <Width = 8> <Depth = 8> <RAM>
ST_1 : Operation 21 [1/1] (0.00ns)   --->   "%ciphertext_addr = getelementptr i8 %ciphertext, i64 0, i64 %zext_ln70" [src/aes128_top.cpp:70]   --->   Operation 21 'getelementptr' 'ciphertext_addr' <Predicate = (!icmp_ln69)> <Delay = 0.00>
ST_1 : Operation 22 [1/1] (0.00ns)   --->   "%ciphertext_1_addr = getelementptr i8 %ciphertext_1, i64 0, i64 %zext_ln70" [src/aes128_top.cpp:70]   --->   Operation 22 'getelementptr' 'ciphertext_1_addr' <Predicate = (!icmp_ln69)> <Delay = 0.00>
ST_1 : Operation 23 [1/1] (0.00ns)   --->   "%br_ln70 = br i1 %empty_29, void %arrayidx73.case.0, void %arrayidx73.case.1" [src/aes128_top.cpp:70]   --->   Operation 23 'br' 'br_ln70' <Predicate = (!icmp_ln69)> <Delay = 0.00>
ST_1 : Operation 24 [1/1] (1.58ns)   --->   "%store_ln69 = store i5 %add_ln69, i5 %i" [src/aes128_top.cpp:69]   --->   Operation 24 'store' 'store_ln69' <Predicate = (!icmp_ln69)> <Delay = 1.58>
ST_1 : Operation 25 [1/1] (0.00ns)   --->   "%br_ln69 = br void %for.inc74" [src/aes128_top.cpp:69]   --->   Operation 25 'br' 'br_ln69' <Predicate = (!icmp_ln69)> <Delay = 0.00>
ST_1 : Operation 34 [1/1] (0.00ns)   --->   "%ret_ln0 = ret"   --->   Operation 34 'ret' 'ret_ln0' <Predicate = (icmp_ln69)> <Delay = 0.00>

State 2 <SV = 1> <Delay = 6.23>
ST_2 : Operation 26 [1/1] (0.00ns)   --->   "%specloopname_ln69 = specloopname void @_ssdm_op_SpecLoopName, void @empty_13" [src/aes128_top.cpp:69]   --->   Operation 26 'specloopname' 'specloopname_ln69' <Predicate = true> <Delay = 0.00>
ST_2 : Operation 27 [1/2] (2.32ns)   --->   "%plaintext_load = load i3 %plaintext_addr" [src/aes128_top.cpp:70]   --->   Operation 27 'load' 'plaintext_load' <Predicate = true> <Delay = 2.32> <CoreInst = "RAM">   --->   Core 82 'RAM' <Latency = 1> <II = 1> <Delay = 2.32> <Storage> <Opcode : 'load' 'store'> <Ports = 2> <Width = 8> <Depth = 8> <RAM>
ST_2 : Operation 28 [1/2] (2.32ns)   --->   "%plaintext_1_load = load i3 %plaintext_1_addr" [src/aes128_top.cpp:70]   --->   Operation 28 'load' 'plaintext_1_load' <Predicate = true> <Delay = 2.32> <CoreInst = "RAM">   --->   Core 82 'RAM' <Latency = 1> <II = 1> <Delay = 2.32> <Storage> <Opcode : 'load' 'store'> <Ports = 2> <Width = 8> <Depth = 8> <RAM>
ST_2 : Operation 29 [1/1] (1.58ns)   --->   "%tmp = mux i8 @_ssdm_op_Mux.ap_auto.2i8.i1, i8 %plaintext_load, i8 %plaintext_1_load, i1 %empty_29" [src/aes128_top.cpp:70]   --->   Operation 29 'mux' 'tmp' <Predicate = true> <Delay = 1.58> <CoreInst = "Multiplexer">   --->   Core 76 'Multiplexer' <Latency = 0> <II = 1> <Delay = 1.58> <FuncUnit> <Opcode : 'mux'> <InPorts = 2> <OutPorts = 1>
ST_2 : Operation 30 [1/1] (2.32ns)   --->   "%store_ln70 = store i8 %tmp, i3 %ciphertext_addr" [src/aes128_top.cpp:70]   --->   Operation 30 'store' 'store_ln70' <Predicate = (!empty_29)> <Delay = 2.32> <CoreInst = "RAM">   --->   Core 82 'RAM' <Latency = 1> <II = 1> <Delay = 2.32> <Storage> <Opcode : 'load' 'store'> <Ports = 2> <Width = 8> <Depth = 8> <RAM>
ST_2 : Operation 31 [1/1] (0.00ns)   --->   "%br_ln70 = br void %arrayidx73.exit" [src/aes128_top.cpp:70]   --->   Operation 31 'br' 'br_ln70' <Predicate = (!empty_29)> <Delay = 0.00>
ST_2 : Operation 32 [1/1] (2.32ns)   --->   "%store_ln70 = store i8 %tmp, i3 %ciphertext_1_addr" [src/aes128_top.cpp:70]   --->   Operation 32 'store' 'store_ln70' <Predicate = (empty_29)> <Delay = 2.32> <CoreInst = "RAM">   --->   Core 82 'RAM' <Latency = 1> <II = 1> <Delay = 2.32> <Storage> <Opcode : 'load' 'store'> <Ports = 2> <Width = 8> <Depth = 8> <RAM>
ST_2 : Operation 33 [1/1] (0.00ns)   --->   "%br_ln70 = br void %arrayidx73.exit" [src/aes128_top.cpp:70]   --->   Operation 33 'br' 'br_ln70' <Predicate = (empty_29)> <Delay = 0.00>


============================================================
+ Verbose Summary: Timing violations
============================================================
Target clock period: 10ns, clock uncertainty: 1.25ns.

 <State 1>: 3.37ns
The critical path consists of the following:
	'alloca' operation ('i') [5]  (0 ns)
	'load' operation ('i') on local variable 'i' [9]  (0 ns)
	'add' operation ('add_ln69', src/aes128_top.cpp:69) [13]  (1.78 ns)
	'store' operation ('store_ln69', src/aes128_top.cpp:69) of variable 'add_ln69', src/aes128_top.cpp:69 on local variable 'i' [35]  (1.59 ns)

 <State 2>: 6.23ns
The critical path consists of the following:
	'load' operation ('plaintext_load', src/aes128_top.cpp:70) on array 'plaintext' [22]  (2.32 ns)
	'mux' operation ('tmp', src/aes128_top.cpp:70) [24]  (1.59 ns)
	'store' operation ('store_ln70', src/aes128_top.cpp:70) of variable 'tmp', src/aes128_top.cpp:70 on array 'ciphertext' [29]  (2.32 ns)


============================================================
+ Verbose Summary: Binding
============================================================
N/A
* FSMD analyzer results:
  - Output states:
 - Input state : 
  - Chain level:
	State 1
	State 2


============================================================
+ Verbose Summary: Datapath Resource usage 
============================================================
N/A
