

================================================================
== Vitis HLS Report for 'aes128_top_Pipeline_STORE_DATA'
================================================================
* Date:           Sun Aug 23 13:00:53 2026

* Version:        2022.1 (Build 3526262 on Mon Apr 18 15:48:16 MDT 2022)
* Project:        aes128
* Solution:       solution1 (Vivado IP Flow Target)
* Product family: zynq
* Target device:  xc7z020-clg484-1


================================================================
== Performance Estimates
================================================================
+ Timing: 
    * Summary: 
    +--------+----------+----------+------------+
    |  Clock |  Target  | Estimated| Uncertainty|
    +--------+----------+----------+------------+
    |ap_clk  |  10.00 ns|  8.750 ns|     1.25 ns|
    +--------+----------+----------+------------+

+ Latency: 
    * Summary: 
    +---------+---------+-----------+-----------+-----+-----+---------+
    |  Latency (cycles) |   Latency (absolute)  |  Interval | Pipeline|
    |   min   |   max   |    min    |    max    | min | max |   Type  |
    +---------+---------+-----------+-----------+-----+-----+---------+
    |        7|        7|  70.000 ns|  70.000 ns|    7|    7|       no|
    +---------+---------+-----------+-----------+-----+-----+---------+

    + Detail: 
        * Instance: 
        N/A

        * Loop: 
        +--------------+---------+---------+----------+-----------+-----------+------+----------+
        |              |  Latency (cycles) | Iteration|  Initiation Interval  | Trip |          |
        |   Loop Name  |   min   |   max   |  Latency |  achieved |   target  | Count| Pipelined|
        +--------------+---------+---------+----------+-----------+-----------+------+----------+
        |- STORE_DATA  |        5|        5|         3|          1|          1|     4|       yes|
        +--------------+---------+---------+----------+-----------+-----------+------+----------+

============================================================
+ Verbose Summary: Synthesis Manager
============================================================
InlineROM: 1
ExposeGlobal: 0
============================================================
+ Verbose Summary: CDFG Model
============================================================
IsTopModel: 0
ResetActiveHigh: 1
IsCombinational: 0
IsDatapathOnly: 0
HasWiredReturn: 1
HasMFsm: 2
HasVarLatency: 1
IsPipeline: 0
IsRtlPipelined: 0
IsInstanceOverlapped: 0
IsDontTouch: 0
HasImplIP: 0
IsGatedGlobalClock: 0

+ Individual pipeline summary: 
  * Pipeline-0: initiation interval (II) = 1, depth = 3


============================================================
+ Verbose Summary: Schedule
============================================================
* Number of FSM states : 3
* Pipeline : 1
  Pipeline-0 : II = 1, D = 3, States = { 1 2 3 }
* Dataflow Pipeline: 0

* FSM state transitions: 
1 --> 2 
2 --> 3 
3 --> 

* FSM state operations: 

State 1 <SV = 0> <Delay = 3.23>
ST_1 : Operation 6 [1/1] (0.00ns)   --->   "%i = alloca i32 1"   --->   Operation 6 'alloca' 'i' <Predicate = true> <Delay = 0.00>
ST_1 : Operation 7 [1/1] (0.00ns)   --->   "%sext_ln77_read = read i62 @_ssdm_op_Read.ap_auto.i62, i62 %sext_ln77"   --->   Operation 7 'read' 'sext_ln77_read' <Predicate = true> <Delay = 0.00>
ST_1 : Operation 8 [1/1] (0.00ns)   --->   "%sext_ln77_cast = sext i62 %sext_ln77_read"   --->   Operation 8 'sext' 'sext_ln77_cast' <Predicate = true> <Delay = 0.00>
ST_1 : Operation 9 [1/1] (0.00ns)   --->   "%specinterface_ln0 = specinterface void @_ssdm_op_SpecInterface, i32 %DATA, void @empty, i32 0, i32 0, void @empty_0, i32 0, i32 4, void @empty_1, void @empty_2, void @empty_0, i32 16, i32 16, i32 16, i32 16, void @empty_0, void @empty_0, i32 4294967295, i32 0"   --->   Operation 9 'specinterface' 'specinterface_ln0' <Predicate = true> <Delay = 0.00>
ST_1 : Operation 10 [1/1] (1.58ns)   --->   "%store_ln0 = store i3 0, i3 %i"   --->   Operation 10 'store' 'store_ln0' <Predicate = true> <Delay = 1.58>
ST_1 : Operation 11 [1/1] (0.00ns)   --->   "%br_ln0 = br void %for.inc109"   --->   Operation 11 'br' 'br_ln0' <Predicate = true> <Delay = 0.00>
ST_1 : Operation 12 [1/1] (0.00ns)   --->   "%i_2 = load i3 %i" [src/aes128_top.cpp:79]   --->   Operation 12 'load' 'i_2' <Predicate = true> <Delay = 0.00>
ST_1 : Operation 13 [1/1] (1.13ns)   --->   "%icmp_ln77 = icmp_eq  i3 %i_2, i3 4" [src/aes128_top.cpp:77]   --->   Operation 13 'icmp' 'icmp_ln77' <Predicate = true> <Delay = 1.13> <CoreInst = "Cmp">   --->   Core 9 'Cmp' <Latency = 0> <II = 1> <Delay = 1.13> <FuncUnit> <Opcode : 'icmp'> <InPorts = 2> <OutPorts = 1>
ST_1 : Operation 14 [1/1] (1.65ns)   --->   "%add_ln77 = add i3 %i_2, i3 1" [src/aes128_top.cpp:77]   --->   Operation 14 'add' 'add_ln77' <Predicate = true> <Delay = 1.65> <CoreInst = "Adder">   --->   Core 1 'Adder' <Latency = 0> <II = 1> <Delay = 1.65> <FuncUnit> <Opcode : 'add' 'sub'> <InPorts = 2> <OutPorts = 1>
ST_1 : Operation 15 [1/1] (0.00ns)   --->   "%br_ln77 = br i1 %icmp_ln77, void %for.inc109.split, void %for.end111.exitStub" [src/aes128_top.cpp:77]   --->   Operation 15 'br' 'br_ln77' <Predicate = true> <Delay = 0.00>
ST_1 : Operation 16 [1/1] (0.00ns)   --->   "%shl_ln79 = shl i3 %i_2, i3 1" [src/aes128_top.cpp:79]   --->   Operation 16 'shl' 'shl_ln79' <Predicate = (!icmp_ln77)> <Delay = 0.00>
ST_1 : Operation 17 [1/1] (0.00ns)   --->   "%zext_ln79 = zext i3 %shl_ln79" [src/aes128_top.cpp:79]   --->   Operation 17 'zext' 'zext_ln79' <Predicate = (!icmp_ln77)> <Delay = 0.00>
ST_1 : Operation 18 [1/1] (0.00ns)   --->   "%ciphertext_addr = getelementptr i8 %ciphertext, i64 0, i64 %zext_ln79" [src/aes128_top.cpp:79]   --->   Operation 18 'getelementptr' 'ciphertext_addr' <Predicate = (!icmp_ln77)> <Delay = 0.00>
ST_1 : Operation 19 [2/2] (2.32ns)   --->   "%ciphertext_load = load i3 %ciphertext_addr" [src/aes128_top.cpp:79]   --->   Operation 19 'load' 'ciphertext_load' <Predicate = (!icmp_ln77)> <Delay = 2.32> <CoreInst = "RAM">   --->   Core 82 'RAM' <Latency = 1> <II = 1> <Delay = 2.32> <Storage> <Opcode : 'load' 'store'> <Ports = 2> <Width = 8> <Depth = 8> <RAM>
ST_1 : Operation 20 [1/1] (0.00ns)   --->   "%ciphertext_1_addr = getelementptr i8 %ciphertext_1, i64 0, i64 %zext_ln79" [src/aes128_top.cpp:80]   --->   Operation 20 'getelementptr' 'ciphertext_1_addr' <Predicate = (!icmp_ln77)> <Delay = 0.00>
ST_1 : Operation 21 [2/2] (2.32ns)   --->   "%ciphertext_1_load = load i3 %ciphertext_1_addr" [src/aes128_top.cpp:80]   --->   Operation 21 'load' 'ciphertext_1_load' <Predicate = (!icmp_ln77)> <Delay = 2.32> <CoreInst = "RAM">   --->   Core 82 'RAM' <Latency = 1> <II = 1> <Delay = 2.32> <Storage> <Opcode : 'load' 'store'> <Ports = 2> <Width = 8> <Depth = 8> <RAM>
ST_1 : Operation 22 [1/1] (0.00ns)   --->   "%or_ln81 = or i3 %shl_ln79, i3 1" [src/aes128_top.cpp:81]   --->   Operation 22 'or' 'or_ln81' <Predicate = (!icmp_ln77)> <Delay = 0.00>
ST_1 : Operation 23 [1/1] (0.00ns)   --->   "%zext_ln81 = zext i3 %or_ln81" [src/aes128_top.cpp:81]   --->   Operation 23 'zext' 'zext_ln81' <Predicate = (!icmp_ln77)> <Delay = 0.00>
ST_1 : Operation 24 [1/1] (0.00ns)   --->   "%ciphertext_addr_1 = getelementptr i8 %ciphertext, i64 0, i64 %zext_ln81" [src/aes128_top.cpp:81]   --->   Operation 24 'getelementptr' 'ciphertext_addr_1' <Predicate = (!icmp_ln77)> <Delay = 0.00>
ST_1 : Operation 25 [2/2] (2.32ns)   --->   "%ciphertext_load_1 = load i3 %ciphertext_addr_1" [src/aes128_top.cpp:81]   --->   Operation 25 'load' 'ciphertext_load_1' <Predicate = (!icmp_ln77)> <Delay = 2.32> <CoreInst = "RAM">   --->   Core 82 'RAM' <Latency = 1> <II = 1> <Delay = 2.32> <Storage> <Opcode : 'load' 'store'> <Ports = 2> <Width = 8> <Depth = 8> <RAM>
ST_1 : Operation 26 [1/1] (0.00ns)   --->   "%ciphertext_1_addr_1 = getelementptr i8 %ciphertext_1, i64 0, i64 %zext_ln81" [src/aes128_top.cpp:82]   --->   Operation 26 'getelementptr' 'ciphertext_1_addr_1' <Predicate = (!icmp_ln77)> <Delay = 0.00>
ST_1 : Operation 27 [2/2] (2.32ns)   --->   "%ciphertext_1_load_1 = load i3 %ciphertext_1_addr_1" [src/aes128_top.cpp:82]   --->   Operation 27 'load' 'ciphertext_1_load_1' <Predicate = (!icmp_ln77)> <Delay = 2.32> <CoreInst = "RAM">   --->   Core 82 'RAM' <Latency = 1> <II = 1> <Delay = 2.32> <Storage> <Opcode : 'load' 'store'> <Ports = 2> <Width = 8> <Depth = 8> <RAM>
ST_1 : Operation 28 [1/1] (1.58ns)   --->   "%store_ln77 = store i3 %add_ln77, i3 %i" [src/aes128_top.cpp:77]   --->   Operation 28 'store' 'store_ln77' <Predicate = (!icmp_ln77)> <Delay = 1.58>

State 2 <SV = 1> <Delay = 2.32>
ST_2 : Operation 29 [1/1] (0.00ns)   --->   "%specbitsmap_ln0 = specbitsmap void @_ssdm_op_SpecBitsMap, i32 %DATA"   --->   Operation 29 'specbitsmap' 'specbitsmap_ln0' <Predicate = true> <Delay = 0.00>
ST_2 : Operation 30 [1/1] (0.00ns)   --->   "%DATA_addr = getelementptr i32 %DATA, i64 %sext_ln77_cast" [src/aes128_top.cpp:77]   --->   Operation 30 'getelementptr' 'DATA_addr' <Predicate = true> <Delay = 0.00>
ST_2 : Operation 31 [1/1] (0.00ns)   --->   "%empty = speclooptripcount i32 @_ssdm_op_SpecLoopTripCount, i64 4, i64 4, i64 4"   --->   Operation 31 'speclooptripcount' 'empty' <Predicate = true> <Delay = 0.00>
ST_2 : Operation 32 [1/2] (2.32ns)   --->   "%ciphertext_load = load i3 %ciphertext_addr" [src/aes128_top.cpp:79]   --->   Operation 32 'load' 'ciphertext_load' <Predicate = (!icmp_ln77)> <Delay = 2.32> <CoreInst = "RAM">   --->   Core 82 'RAM' <Latency = 1> <II = 1> <Delay = 2.32> <Storage> <Opcode : 'load' 'store'> <Ports = 2> <Width = 8> <Depth = 8> <RAM>
ST_2 : Operation 33 [1/2] (2.32ns)   --->   "%ciphertext_1_load = load i3 %ciphertext_1_addr" [src/aes128_top.cpp:80]   --->   Operation 33 'load' 'ciphertext_1_load' <Predicate = (!icmp_ln77)> <Delay = 2.32> <CoreInst = "RAM">   --->   Core 82 'RAM' <Latency = 1> <II = 1> <Delay = 2.32> <Storage> <Opcode : 'load' 'store'> <Ports = 2> <Width = 8> <Depth = 8> <RAM>
ST_2 : Operation 34 [1/2] (2.32ns)   --->   "%ciphertext_load_1 = load i3 %ciphertext_addr_1" [src/aes128_top.cpp:81]   --->   Operation 34 'load' 'ciphertext_load_1' <Predicate = (!icmp_ln77)> <Delay = 2.32> <CoreInst = "RAM">   --->   Core 82 'RAM' <Latency = 1> <II = 1> <Delay = 2.32> <Storage> <Opcode : 'load' 'store'> <Ports = 2> <Width = 8> <Depth = 8> <RAM>
ST_2 : Operation 35 [1/2] (2.32ns)   --->   "%ciphertext_1_load_1 = load i3 %ciphertext_1_addr_1" [src/aes128_top.cpp:82]   --->   Operation 35 'load' 'ciphertext_1_load_1' <Predicate = (!icmp_ln77)> <Delay = 2.32> <CoreInst = "RAM">   --->   Core 82 'RAM' <Latency = 1> <II = 1> <Delay = 2.32> <Storage> <Opcode : 'load' 'store'> <Ports = 2> <Width = 8> <Depth = 8> <RAM>
ST_2 : Operation 41 [1/1] (0.00ns)   --->   "%ret_ln0 = ret"   --->   Operation 41 'ret' 'ret_ln0' <Predicate = (icmp_ln77)> <Delay = 0.00>

State 3 <SV = 2> <Delay = 8.75>
ST_3 : Operation 36 [1/1] (0.00ns)   --->   "%specpipeline_ln78 = specpipeline void @_ssdm_op_SpecPipeline, i32 1, i32 0, i32 0, i32 0, void @empty_0" [src/aes128_top.cpp:78]   --->   Operation 36 'specpipeline' 'specpipeline_ln78' <Predicate = true> <Delay = 0.00>
ST_3 : Operation 37 [1/1] (0.00ns)   --->   "%specloopname_ln77 = specloopname void @_ssdm_op_SpecLoopName, void @empty_12" [src/aes128_top.cpp:77]   --->   Operation 37 'specloopname' 'specloopname_ln77' <Predicate = true> <Delay = 0.00>
ST_3 : Operation 38 [1/1] (0.00ns)   --->   "%or_ln81_1 = bitconcatenate i32 @_ssdm_op_BitConcatenate.i32.i8.i8.i8.i8, i8 %ciphertext_load, i8 %ciphertext_1_load, i8 %ciphertext_load_1, i8 %ciphertext_1_load_1" [src/aes128_top.cpp:81]   --->   Operation 38 'bitconcatenate' 'or_ln81_1' <Predicate = true> <Delay = 0.00>
ST_3 : Operation 39 [1/1] (8.75ns)   --->   "%write_ln79 = write void @_ssdm_op_Write.m_axi.p1i32, i32 %DATA_addr, i32 %or_ln81_1, i4 15" [src/aes128_top.cpp:79]   --->   Operation 39 'write' 'write_ln79' <Predicate = true> <Delay = 8.75> <CoreInst = "m_axi">   --->   Core 113 'm_axi' <Latency = 0> <II = 1> <Delay = 1.00> <Adapter> <Opcode : 'read' 'write' 'readreq' 'writereq' 'writeresp'>
ST_3 : Operation 40 [1/1] (0.00ns)   --->   "%br_ln77 = br void %for.inc109" [src/aes128_top.cpp:77]   --->   Operation 40 'br' 'br_ln77' <Predicate = true> <Delay = 0.00>


============================================================
+ Verbose Summary: Binding
============================================================
STG Binding: 
---------------- STG Properties BEGIN ----------------
- Is combinational: 0
- Is one-state seq: 0
- Is datapath-only: 0
- Is pipelined: 0
- Is top level: 0
Port [ Return ] is wired: 1; IO mode=ap_ctrl_hs:ce=0
Port [ DATA]:  wired=1; compound=1; hidden=0; nouse=0; global=0; static=0; extern=0; dir=1; type=4; pingpong=0; private_global=0; IO mode=m_axi:ce=0
Port [ sext_ln77]:  wired=1; compound=0; hidden=0; nouse=0; global=0; static=0; extern=0; dir=0; type=0; pingpong=0; private_global=0; IO mode=ap_none:ce=0
Port [ ciphertext]:  wired=1; compound=1; hidden=0; nouse=0; global=0; static=0; extern=0; dir=0; type=1; pingpong=0; private_global=0; MemPort=[11]; IO mode=ap_memory:ce=0
Port [ ciphertext_1]:  wired=1; compound=1; hidden=0; nouse=0; global=0; static=0; extern=0; dir=0; type=1; pingpong=0; private_global=0; MemPort=[11]; IO mode=ap_memory:ce=0
---------------- STG Properties END ------------------

---------------- Datapath Model BEGIN ----------------

<LifeTime>
<method=bitvector/>
i                   (alloca           ) [ 0100]
sext_ln77_read      (read             ) [ 0000]
sext_ln77_cast      (sext             ) [ 0110]
specinterface_ln0   (specinterface    ) [ 0000]
store_ln0           (store            ) [ 0000]
br_ln0              (br               ) [ 0000]
i_2                 (load             ) [ 0000]
icmp_ln77           (icmp             ) [ 0110]
add_ln77            (add              ) [ 0000]
br_ln77             (br               ) [ 0000]
shl_ln79            (shl              ) [ 0000]
zext_ln79           (zext             ) [ 0000]
ciphertext_addr     (getelementptr    ) [ 0110]
ciphertext_1_addr   (getelementptr    ) [ 0110]
or_ln81             (or               ) [ 0000]
zext_ln81           (zext             ) [ 0000]
ciphertext_addr_1   (getelementptr    ) [ 0110]
ciphertext_1_addr_1 (getelementptr    ) [ 0110]
store_ln77          (store            ) [ 0000]
specbitsmap_ln0     (specbitsmap      ) [ 0000]
DATA_addr           (getelementptr    ) [ 0101]
empty               (speclooptripcount) [ 0000]
ciphertext_load     (load             ) [ 0101]
ciphertext_1_load   (load             ) [ 0101]
ciphertext_load_1   (load             ) [ 0101]
ciphertext_1_load_1 (load             ) [ 0101]
specpipeline_ln78   (specpipeline     ) [ 0000]
specloopname_ln77   (specloopname     ) [ 0000]
or_ln81_1           (bitconcatenate   ) [ 0000]
write_ln79          (write            ) [ 0000]
br_ln77             (br               ) [ 0000]
ret_ln0             (ret              ) [ 0000]
</LifeTime>

<model>

<comp_list>
<comp id="0" class="1000" name="DATA">
<pin_list>
<pin id="1" dir="1" index="0" bw="1" slack="0"/>
</pin_list>
<bind>
<StgValue><ssdm name="DATA"/></StgValue>
</bind>
</comp>

<comp id="2" class="1000" name="sext_ln77">
<pin_list>
<pin id="3" dir="1" index="0" bw="1" slack="0"/>
</pin_list>
<bind>
<StgValue><ssdm name="sext_ln77"/></StgValue>
</bind>
</comp>

<comp id="4" class="1000" name="ciphertext">
<pin_list>
<pin id="5" dir="1" index="0" bw="1" slack="0"/>
</pin_list>
<bind>
<StgValue><ssdm name="ciphertext"/><MemPortTyVec>1 1 </MemPortTyVec>
</StgValue>
</bind>
</comp>

<comp id="6" class="1000" name="ciphertext_1">
<pin_list>
<pin id="7" dir="1" index="0" bw="1" slack="0"/>
</pin_list>
<bind>
<StgValue><ssdm name="ciphertext_1"/><MemPortTyVec>1 1 </MemPortTyVec>
</StgValue>
</bind>
</comp>

<comp id="8" class="1001" name="const_8">
<pin_list>
<pin id="9" dir="1" index="0" bw="1" slack="0"/>
</pin_list>
<bind>
<StgValue><ssdm name=""/></StgValue>
</bind>
</comp>

<comp id="10" class="1001" name="const_10">
<pin_list>
<pin id="11" dir="1" index="0" bw="1" slack="0"/>
</pin_list>
<bind>
<StgValue><ssdm name="_ssdm_op_Read.ap_auto.i62"/></StgValue>
</bind>
</comp>

<comp id="12" class="1001" name="const_12">
<pin_list>
<pin id="13" dir="1" index="0" bw="1" slack="2147483647"/>
</pin_list>
<bind>
<StgValue><ssdm name="_ssdm_op_SpecInterface"/></StgValue>
</bind>
</comp>

<comp id="14" class="1001" name="const_14">
<pin_list>
<pin id="15" dir="1" index="0" bw="1" slack="2147483647"/>
</pin_list>
<bind>
<StgValue><ssdm name="empty"/></StgValue>
</bind>
</comp>

<comp id="16" class="1001" name="const_16">
<pin_list>
<pin id="17" dir="1" index="0" bw="1" slack="2147483647"/>
</pin_list>
<bind>
<StgValue><ssdm name=""/></StgValue>
</bind>
</comp>

<comp id="18" class="1001" name="const_18">
<pin_list>
<pin id="19" dir="1" index="0" bw="1" slack="2147483647"/>
</pin_list>
<bind>
<StgValue><ssdm name="empty_0"/></StgValue>
</bind>
</comp>

<comp id="20" class="1001" name="const_20">
<pin_list>
<pin id="21" dir="1" index="0" bw="1" slack="2147483647"/>
</pin_list>
<bind>
<StgValue><ssdm name=""/></StgValue>
</bind>
</comp>

<comp id="22" class="1001" name="const_22">
<pin_list>
<pin id="23" dir="1" index="0" bw="1" slack="2147483647"/>
</pin_list>
<bind>
<StgValue><ssdm name="empty_1"/></StgValue>
</bind>
</comp>

<comp id="24" class="1001" name="const_24">
<pin_list>
<pin id="25" dir="1" index="0" bw="1" slack="2147483647"/>
</pin_list>
<bind>
<StgValue><ssdm name="empty_2"/></StgValue>
</bind>
</comp>

<comp id="26" class="1001" name="const_26">
<pin_list>
<pin id="27" dir="1" index="0" bw="1" slack="2147483647"/>
</pin_list>
<bind>
<StgValue><ssdm name=""/></StgValue>
</bind>
</comp>

<comp id="28" class="1001" name="const_28">
<pin_list>
<pin id="29" dir="1" index="0" bw="1" slack="2147483647"/>
</pin_list>
<bind>
<StgValue><ssdm name=""/></StgValue>
</bind>
</comp>

<comp id="30" class="1001" name="const_30">
<pin_list>
<pin id="31" dir="1" index="0" bw="1" slack="0"/>
</pin_list>
<bind>
<StgValue><ssdm name=""/></StgValue>
</bind>
</comp>

<comp id="32" class="1001" name="const_32">
<pin_list>
<pin id="33" dir="1" index="0" bw="1" slack="0"/>
</pin_list>
<bind>
<StgValue><ssdm name=""/></StgValue>
</bind>
</comp>

<comp id="34" class="1001" name="const_34">
<pin_list>
<pin id="35" dir="1" index="0" bw="1" slack="0"/>
</pin_list>
<bind>
<StgValue><ssdm name=""/></StgValue>
</bind>
</comp>

<comp id="36" class="1001" name="const_36">
<pin_list>
<pin id="37" dir="1" index="0" bw="1" slack="0"/>
</pin_list>
<bind>
<StgValue><ssdm name=""/></StgValue>
</bind>
</comp>

<comp id="38" class="1001" name="const_38">
<pin_list>
<pin id="39" dir="1" index="0" bw="1" slack="2147483647"/>
</pin_list>
<bind>
<StgValue><ssdm name="_ssdm_op_SpecBitsMap"/></StgValue>
</bind>
</comp>

<comp id="40" class="1001" name="const_40">
<pin_list>
<pin id="41" dir="1" index="0" bw="1" slack="2147483647"/>
</pin_list>
<bind>
<StgValue><ssdm name="_ssdm_op_SpecLoopTripCount"/></StgValue>
</bind>
</comp>

<comp id="42" class="1001" name="const_42">
<pin_list>
<pin id="43" dir="1" index="0" bw="1" slack="2147483647"/>
</pin_list>
<bind>
<StgValue><ssdm name=""/></StgValue>
</bind>
</comp>

<comp id="44" class="1001" name="const_44">
<pin_list>
<pin id="45" dir="1" index="0" bw="1" slack="2147483647"/>
</pin_list>
<bind>
<StgValue><ssdm name="_ssdm_op_SpecPipeline"/></StgValue>
</bind>
</comp>

<comp id="46" class="1001" name="const_46">
<pin_list>
<pin id="47" dir="1" index="0" bw="1" slack="2147483647"/>
</pin_list>
<bind>
<StgValue><ssdm name="_ssdm_op_SpecLoopName"/></StgValue>
</bind>
</comp>

<comp id="48" class="1001" name="const_48">
<pin_list>
<pin id="49" dir="1" index="0" bw="1" slack="2147483647"/>
</pin_list>
<bind>
<StgValue><ssdm name="empty_12"/></StgValue>
</bind>
</comp>

<comp id="50" class="1001" name="const_50">
<pin_list>
<pin id="51" dir="1" index="0" bw="1" slack="0"/>
</pin_list>
<bind>
<StgValue><ssdm name="_ssdm_op_BitConcatenate.i32.i8.i8.i8.i8"/></StgValue>
</bind>
</comp>

<comp id="52" class="1001" name="const_52">
<pin_list>
<pin id="53" dir="1" index="0" bw="1" slack="0"/>
</pin_list>
<bind>
<StgValue><ssdm name="_ssdm_op_Write.m_axi.p1i32"/></StgValue>
</bind>
</comp>

<comp id="54" class="1001" name="const_54">
<pin_list>
<pin id="55" dir="1" index="0" bw="1" slack="0"/>
</pin_list>
<bind>
<StgValue><ssdm name=""/></StgValue>
</bind>
</comp>

<comp id="56" class="1004" name="i_fu_56">
<pin_list>
<pin id="57" dir="0" index="0" bw="1" slack="0"/>
<pin id="58" dir="1" index="1" bw="3" slack="0"/>
</pin_list>
<bind>
<opcode="alloca(26) " fcode="alloca"/>
<opset="i/1 "/>
</bind>
</comp>

<comp id="60" class="1004" name="sext_ln77_read_read_fu_60">
<pin_list>
<pin id="61" dir="0" index="0" bw="62" slack="0"/>
<pin id="62" dir="0" index="1" bw="62" slack="0"/>
<pin id="63" dir="1" index="2" bw="62" slack="0"/>
</pin_list>
<bind>
<opcode="read(1150) " fcode="read"/>
<opset="sext_ln77_read/1 "/>
</bind>
</comp>

<comp id="66" class="1004" name="write_ln79_write_fu_66">
<pin_list>
<pin id="67" dir="0" index="0" bw="0" slack="0"/>
<pin id="68" dir="0" index="1" bw="32" slack="1"/>
<pin id="69" dir="0" index="2" bw="32" slack="0"/>
<pin id="70" dir="0" index="3" bw="1" slack="0"/>
<pin id="71" dir="1" index="4" bw="0" slack="2147483647"/>
</pin_list>
<bind>
<opcode="write(1151) " fcode="write"/>
<opset="write_ln79/3 "/>
</bind>
</comp>

<comp id="74" class="1004" name="ciphertext_addr_gep_fu_74">
<pin_list>
<pin id="75" dir="0" index="0" bw="8" slack="0"/>
<pin id="76" dir="0" index="1" bw="1" slack="0"/>
<pin id="77" dir="0" index="2" bw="3" slack="0"/>
<pin id="78" dir="1" index="3" bw="3" slack="0"/>
</pin_list>
<bind>
<opcode="getelementptr(29) " fcode="getelementptr"/>
<opset="ciphertext_addr/1 "/>
</bind>
</comp>

<comp id="81" class="1004" name="grp_access_fu_81">
<pin_list>
<pin id="82" dir="0" index="0" bw="3" slack="0"/>
<pin id="83" dir="0" index="1" bw="8" slack="2147483647"/>
<pin id="84" dir="0" index="2" bw="0" slack="0"/>
<pin id="86" dir="0" index="4" bw="3" slack="2147483647"/>
<pin id="87" dir="0" index="5" bw="8" slack="2147483647"/>
<pin id="88" dir="0" index="6" bw="0" slack="2147483647"/>
<pin id="85" dir="1" index="3" bw="8" slack="1"/>
<pin id="89" dir="1" index="7" bw="8" slack="1"/>
</pin_list>
<bind>
<opcode="load(27) " fcode="load"/>
<opset="ciphertext_load/1 ciphertext_load_1/1 "/>
</bind>
</comp>

<comp id="91" class="1004" name="ciphertext_1_addr_gep_fu_91">
<pin_list>
<pin id="92" dir="0" index="0" bw="8" slack="0"/>
<pin id="93" dir="0" index="1" bw="1" slack="0"/>
<pin id="94" dir="0" index="2" bw="3" slack="0"/>
<pin id="95" dir="1" index="3" bw="3" slack="0"/>
</pin_list>
<bind>
<opcode="getelementptr(29) " fcode="getelementptr"/>
<opset="ciphertext_1_addr/1 "/>
</bind>
</comp>

<comp id="98" class="1004" name="grp_access_fu_98">
<pin_list>
<pin id="99" dir="0" index="0" bw="3" slack="0"/>
<pin id="100" dir="0" index="1" bw="8" slack="2147483647"/>
<pin id="101" dir="0" index="2" bw="0" slack="0"/>
<pin id="103" dir="0" index="4" bw="3" slack="2147483647"/>
<pin id="104" dir="0" index="5" bw="8" slack="2147483647"/>
<pin id="105" dir="0" index="6" bw="0" slack="2147483647"/>
<pin id="102" dir="1" index="3" bw="8" slack="1"/>
<pin id="106" dir="1" index="7" bw="8" slack="1"/>
</pin_list>
<bind>
<opcode="load(27) " fcode="load"/>
<opset="ciphertext_1_load/1 ciphertext_1_load_1/1 "/>
</bind>
</comp>

<comp id="108" class="1004" name="ciphertext_addr_1_gep_fu_108">
<pin_list>
<pin id="109" dir="0" index="0" bw="8" slack="0"/>
<pin id="110" dir="0" index="1" bw="1" slack="0"/>
<pin id="111" dir="0" index="2" bw="3" slack="0"/>
<pin id="112" dir="1" index="3" bw="3" slack="0"/>
</pin_list>
<bind>
<opcode="getelementptr(29) " fcode="getelementptr"/>
<opset="ciphertext_addr_1/1 "/>
</bind>
</comp>

<comp id="116" class="1004" name="ciphertext_1_addr_1_gep_fu_116">
<pin_list>
<pin id="117" dir="0" index="0" bw="8" slack="0"/>
<pin id="118" dir="0" index="1" bw="1" slack="0"/>
<pin id="119" dir="0" index="2" bw="3" slack="0"/>
<pin id="120" dir="1" index="3" bw="3" slack="0"/>
</pin_list>
<bind>
<opcode="getelementptr(29) " fcode="getelementptr"/>
<opset="ciphertext_1_addr_1/1 "/>
</bind>
</comp>

<comp id="124" class="1004" name="sext_ln77_cast_fu_124">
<pin_list>
<pin id="125" dir="0" index="0" bw="62" slack="0"/>
<pin id="126" dir="1" index="1" bw="64" slack="1"/>
</pin_list>
<bind>
<opcode="sext(35) " fcode="sext"/>
<opset="sext_ln77_cast/1 "/>
</bind>
</comp>

<comp id="128" class="1004" name="store_ln0_store_fu_128">
<pin_list>
<pin id="129" dir="0" index="0" bw="1" slack="0"/>
<pin id="130" dir="0" index="1" bw="3" slack="0"/>
<pin id="131" dir="1" index="2" bw="0" slack="2147483647"/>
</pin_list>
<bind>
<opcode="store(28) " fcode="store"/>
<opset="store_ln0/1 "/>
</bind>
</comp>

<comp id="133" class="1004" name="i_2_load_fu_133">
<pin_list>
<pin id="134" dir="0" index="0" bw="3" slack="0"/>
<pin id="135" dir="1" index="1" bw="3" slack="0"/>
</pin_list>
<bind>
<opcode="load(27) " fcode="load"/>
<opset="i_2/1 "/>
</bind>
</comp>

<comp id="136" class="1004" name="icmp_ln77_fu_136">
<pin_list>
<pin id="137" dir="0" index="0" bw="3" slack="0"/>
<pin id="138" dir="0" index="1" bw="3" slack="0"/>
<pin id="139" dir="1" index="2" bw="1" slack="1"/>
</pin_list>
<bind>
<opcode="icmp(45) " fcode="icmp"/>
<opset="icmp_ln77/1 "/>
</bind>
</comp>

<comp id="142" class="1004" name="add_ln77_fu_142">
<pin_list>
<pin id="143" dir="0" index="0" bw="3" slack="0"/>
<pin id="144" dir="0" index="1" bw="1" slack="0"/>
<pin id="145" dir="1" index="2" bw="3" slack="0"/>
</pin_list>
<bind>
<opcode="add(8) " fcode="add"/>
<opset="add_ln77/1 "/>
</bind>
</comp>

<comp id="148" class="1004" name="shl_ln79_fu_148">
<pin_list>
<pin id="149" dir="0" index="0" bw="3" slack="0"/>
<pin id="150" dir="0" index="1" bw="1" slack="0"/>
<pin id="151" dir="1" index="2" bw="3" slack="0"/>
</pin_list>
<bind>
<opcode="shl(20) " fcode="shl"/>
<opset="shl_ln79/1 "/>
</bind>
</comp>

<comp id="154" class="1004" name="zext_ln79_fu_154">
<pin_list>
<pin id="155" dir="0" index="0" bw="3" slack="0"/>
<pin id="156" dir="1" index="1" bw="64" slack="0"/>
</pin_list>
<bind>
<opcode="zext(34) " fcode="zext"/>
<opset="zext_ln79/1 "/>
</bind>
</comp>

<comp id="160" class="1004" name="or_ln81_fu_160">
<pin_list>
<pin id="161" dir="0" index="0" bw="3" slack="0"/>
<pin id="162" dir="0" index="1" bw="1" slack="0"/>
<pin id="163" dir="1" index="2" bw="3" slack="0"/>
</pin_list>
<bind>
<opcode="or(24) " fcode="or"/>
<opset="or_ln81/1 "/>
</bind>
</comp>

<comp id="166" class="1004" name="zext_ln81_fu_166">
<pin_list>
<pin id="167" dir="0" index="0" bw="3" slack="0"/>
<pin id="168" dir="1" index="1" bw="64" slack="0"/>
</pin_list>
<bind>
<opcode="zext(34) " fcode="zext"/>
<opset="zext_ln81/1 "/>
</bind>
</comp>

<comp id="172" class="1004" name="store_ln77_store_fu_172">
<pin_list>
<pin id="173" dir="0" index="0" bw="3" slack="0"/>
<pin id="174" dir="0" index="1" bw="3" slack="0"/>
<pin id="175" dir="1" index="2" bw="0" slack="2147483647"/>
</pin_list>
<bind>
<opcode="store(28) " fcode="store"/>
<opset="store_ln77/1 "/>
</bind>
</comp>

<comp id="177" class="1004" name="DATA_addr_fu_177">
<pin_list>
<pin id="178" dir="0" index="0" bw="32" slack="0"/>
<pin id="179" dir="0" index="1" bw="62" slack="1"/>
<pin id="180" dir="1" index="2" bw="32" slack="1"/>
</pin_list>
<bind>
<opcode="getelementptr(29) " fcode="getelementptr"/>
<opset="DATA_addr/2 "/>
</bind>
</comp>

<comp id="182" class="1004" name="or_ln81_1_fu_182">
<pin_list>
<pin id="183" dir="0" index="0" bw="32" slack="0"/>
<pin id="184" dir="0" index="1" bw="8" slack="1"/>
<pin id="185" dir="0" index="2" bw="8" slack="1"/>
<pin id="186" dir="0" index="3" bw="8" slack="1"/>
<pin id="187" dir="0" index="4" bw="8" slack="1"/>
<pin id="188" dir="1" index="5" bw="32" slack="0"/>
</pin_list>
<bind>
<opcode="bitconcatenate(1004) " fcode="bitconcatenate"/>
<opset="or_ln81_1/3 "/>
</bind>
</comp>

<comp id="191" class="1005" name="i_reg_191">
<pin_list>
<pin id="192" dir="0" index="0" bw="3" slack="0"/>
<pin id="193" dir="1" index="1" bw="3" slack="0"/>
</pin_list>
<bind>
<opset="i "/>
</bind>
</comp>

<comp id="198" class="1005" name="sext_ln77_cast_reg_198">
<pin_list>
<pin id="199" dir="0" index="0" bw="64" slack="1"/>
<pin id="200" dir="1" index="1" bw="64" slack="1"/>
</pin_list>
<bind>
<opset="sext_ln77_cast "/>
</bind>
</comp>

<comp id="203" class="1005" name="icmp_ln77_reg_203">
<pin_list>
<pin id="204" dir="0" index="0" bw="1" slack="1"/>
<pin id="205" dir="1" index="1" bw="1" slack="2147483647"/>
</pin_list>
<bind>
<opset="icmp_ln77 "/>
</bind>
</comp>

<comp id="207" class="1005" name="ciphertext_addr_reg_207">
<pin_list>
<pin id="208" dir="0" index="0" bw="3" slack="1"/>
<pin id="209" dir="1" index="1" bw="3" slack="1"/>
</pin_list>
<bind>
<opset="ciphertext_addr "/>
</bind>
</comp>

<comp id="212" class="1005" name="ciphertext_1_addr_reg_212">
<pin_list>
<pin id="213" dir="0" index="0" bw="3" slack="1"/>
<pin id="214" dir="1" index="1" bw="3" slack="1"/>
</pin_list>
<bind>
<opset="ciphertext_1_addr "/>
</bind>
</comp>

<comp id="217" class="1005" name="ciphertext_addr_1_reg_217">
<pin_list>
<pin id="218" dir="0" index="0" bw="3" slack="1"/>
<pin id="219" dir="1" index="1" bw="3" slack="1"/>
</pin_list>
<bind>
<opset="ciphertext_addr_1 "/>
</bind>
</comp>

<comp id="222" class="1005" name="ciphertext_1_addr_1_reg_222">
<pin_list>
<pin id="223" dir="0" index="0" bw="3" slack="1"/>
<pin id="224" dir="1" index="1" bw="3" slack="1"/>
</pin_list>
<bind>
<opset="ciphertext_1_addr_1 "/>
</bind>
</comp>

<comp id="227" class="1005" name="DATA_addr_reg_227">
<pin_list>
<pin id="228" dir="0" index="0" bw="32" slack="1"/>
<pin id="229" dir="1" index="1" bw="32" slack="1"/>
</pin_list>
<bind>
<opset="DATA_addr "/>
</bind>
</comp>

<comp id="232" class="1005" name="ciphertext_load_reg_232">
<pin_list>
<pin id="233" dir="0" index="0" bw="8" slack="1"/>
<pin id="234" dir="1" index="1" bw="8" slack="1"/>
</pin_list>
<bind>
<opset="ciphertext_load "/>
</bind>
</comp>

<comp id="237" class="1005" name="ciphertext_1_load_reg_237">
<pin_list>
<pin id="238" dir="0" index="0" bw="8" slack="1"/>
<pin id="239" dir="1" index="1" bw="8" slack="1"/>
</pin_list>
<bind>
<opset="ciphertext_1_load "/>
</bind>
</comp>

<comp id="242" class="1005" name="ciphertext_load_1_reg_242">
<pin_list>
<pin id="243" dir="0" index="0" bw="8" slack="1"/>
<pin id="244" dir="1" index="1" bw="8" slack="1"/>
</pin_list>
<bind>
<opset="ciphertext_load_1 "/>
</bind>
</comp>

<comp id="247" class="1005" name="ciphertext_1_load_1_reg_247">
<pin_list>
<pin id="248" dir="0" index="0" bw="8" slack="1"/>
<pin id="249" dir="1" index="1" bw="8" slack="1"/>
</pin_list>
<bind>
<opset="ciphertext_1_load_1 "/>
</bind>
</comp>

</comp_list>

<net_list>
<net id="59"><net_src comp="8" pin="0"/><net_sink comp="56" pin=0"/></net>

<net id="64"><net_src comp="10" pin="0"/><net_sink comp="60" pin=0"/></net>

<net id="65"><net_src comp="2" pin="0"/><net_sink comp="60" pin=1"/></net>

<net id="72"><net_src comp="52" pin="0"/><net_sink comp="66" pin=0"/></net>

<net id="73"><net_src comp="54" pin="0"/><net_sink comp="66" pin=3"/></net>

<net id="79"><net_src comp="4" pin="0"/><net_sink comp="74" pin=0"/></net>

<net id="80"><net_src comp="36" pin="0"/><net_sink comp="74" pin=1"/></net>

<net id="90"><net_src comp="74" pin="3"/><net_sink comp="81" pin=2"/></net>

<net id="96"><net_src comp="6" pin="0"/><net_sink comp="91" pin=0"/></net>

<net id="97"><net_src comp="36" pin="0"/><net_sink comp="91" pin=1"/></net>

<net id="107"><net_src comp="91" pin="3"/><net_sink comp="98" pin=2"/></net>

<net id="113"><net_src comp="4" pin="0"/><net_sink comp="108" pin=0"/></net>

<net id="114"><net_src comp="36" pin="0"/><net_sink comp="108" pin=1"/></net>

<net id="115"><net_src comp="108" pin="3"/><net_sink comp="81" pin=0"/></net>

<net id="121"><net_src comp="6" pin="0"/><net_sink comp="116" pin=0"/></net>

<net id="122"><net_src comp="36" pin="0"/><net_sink comp="116" pin=1"/></net>

<net id="123"><net_src comp="116" pin="3"/><net_sink comp="98" pin=0"/></net>

<net id="127"><net_src comp="60" pin="2"/><net_sink comp="124" pin=0"/></net>

<net id="132"><net_src comp="30" pin="0"/><net_sink comp="128" pin=0"/></net>

<net id="140"><net_src comp="133" pin="1"/><net_sink comp="136" pin=0"/></net>

<net id="141"><net_src comp="32" pin="0"/><net_sink comp="136" pin=1"/></net>

<net id="146"><net_src comp="133" pin="1"/><net_sink comp="142" pin=0"/></net>

<net id="147"><net_src comp="34" pin="0"/><net_sink comp="142" pin=1"/></net>

<net id="152"><net_src comp="133" pin="1"/><net_sink comp="148" pin=0"/></net>

<net id="153"><net_src comp="34" pin="0"/><net_sink comp="148" pin=1"/></net>

<net id="157"><net_src comp="148" pin="2"/><net_sink comp="154" pin=0"/></net>

<net id="158"><net_src comp="154" pin="1"/><net_sink comp="74" pin=2"/></net>

<net id="159"><net_src comp="154" pin="1"/><net_sink comp="91" pin=2"/></net>

<net id="164"><net_src comp="148" pin="2"/><net_sink comp="160" pin=0"/></net>

<net id="165"><net_src comp="34" pin="0"/><net_sink comp="160" pin=1"/></net>

<net id="169"><net_src comp="160" pin="2"/><net_sink comp="166" pin=0"/></net>

<net id="170"><net_src comp="166" pin="1"/><net_sink comp="108" pin=2"/></net>

<net id="171"><net_src comp="166" pin="1"/><net_sink comp="116" pin=2"/></net>

<net id="176"><net_src comp="142" pin="2"/><net_sink comp="172" pin=0"/></net>

<net id="181"><net_src comp="0" pin="0"/><net_sink comp="177" pin=0"/></net>

<net id="189"><net_src comp="50" pin="0"/><net_sink comp="182" pin=0"/></net>

<net id="190"><net_src comp="182" pin="5"/><net_sink comp="66" pin=2"/></net>

<net id="194"><net_src comp="56" pin="1"/><net_sink comp="191" pin=0"/></net>

<net id="195"><net_src comp="191" pin="1"/><net_sink comp="128" pin=1"/></net>

<net id="196"><net_src comp="191" pin="1"/><net_sink comp="133" pin=0"/></net>

<net id="197"><net_src comp="191" pin="1"/><net_sink comp="172" pin=1"/></net>

<net id="201"><net_src comp="124" pin="1"/><net_sink comp="198" pin=0"/></net>

<net id="202"><net_src comp="198" pin="1"/><net_sink comp="177" pin=1"/></net>

<net id="206"><net_src comp="136" pin="2"/><net_sink comp="203" pin=0"/></net>

<net id="210"><net_src comp="74" pin="3"/><net_sink comp="207" pin=0"/></net>

<net id="211"><net_src comp="207" pin="1"/><net_sink comp="81" pin=2"/></net>

<net id="215"><net_src comp="91" pin="3"/><net_sink comp="212" pin=0"/></net>

<net id="216"><net_src comp="212" pin="1"/><net_sink comp="98" pin=2"/></net>

<net id="220"><net_src comp="108" pin="3"/><net_sink comp="217" pin=0"/></net>

<net id="221"><net_src comp="217" pin="1"/><net_sink comp="81" pin=0"/></net>

<net id="225"><net_src comp="116" pin="3"/><net_sink comp="222" pin=0"/></net>

<net id="226"><net_src comp="222" pin="1"/><net_sink comp="98" pin=0"/></net>

<net id="230"><net_src comp="177" pin="2"/><net_sink comp="227" pin=0"/></net>

<net id="231"><net_src comp="227" pin="1"/><net_sink comp="66" pin=1"/></net>

<net id="235"><net_src comp="81" pin="7"/><net_sink comp="232" pin=0"/></net>

<net id="236"><net_src comp="232" pin="1"/><net_sink comp="182" pin=1"/></net>

<net id="240"><net_src comp="98" pin="7"/><net_sink comp="237" pin=0"/></net>

<net id="241"><net_src comp="237" pin="1"/><net_sink comp="182" pin=2"/></net>

<net id="245"><net_src comp="81" pin="3"/><net_sink comp="242" pin=0"/></net>

<net id="246"><net_src comp="242" pin="1"/><net_sink comp="182" pin=3"/></net>

<net id="250"><net_src comp="98" pin="3"/><net_sink comp="247" pin=0"/></net>

<net id="251"><net_src comp="247" pin="1"/><net_sink comp="182" pin=4"/></net>

</net_list>

</model> 
---------------- Datapath Model END ------------------

* FSMD analyzer results:
  - Output states:
	Port: DATA | {3 }
 - Input state : 
	Port: aes128_top_Pipeline_STORE_DATA : sext_ln77 | {1 }
	Port: aes128_top_Pipeline_STORE_DATA : ciphertext | {1 2 }
	Port: aes128_top_Pipeline_STORE_DATA : ciphertext_1 | {1 2 }
  - Chain level:
	State 1
		store_ln0 : 1
		i_2 : 1
		icmp_ln77 : 2
		add_ln77 : 2
		br_ln77 : 3
		shl_ln79 : 2
		zext_ln79 : 2
		ciphertext_addr : 3
		ciphertext_load : 4
		ciphertext_1_addr : 3
		ciphertext_1_load : 4
		or_ln81 : 2
		zext_ln81 : 2
		ciphertext_addr_1 : 3
		ciphertext_load_1 : 4
		ciphertext_1_addr_1 : 3
		ciphertext_1_load_1 : 4
		store_ln77 : 3
	State 2
	State 3
		write_ln79 : 1


============================================================
+ Verbose Summary: Datapath Resource usage 
============================================================

* Functional unit list:
|----------|---------------------------|---------|---------|
| Operation|      Functional Unit      |    FF   |   LUT   |
|----------|---------------------------|---------|---------|
|    add   |      add_ln77_fu_142      |    0    |    11   |
|----------|---------------------------|---------|---------|
|   icmp   |      icmp_ln77_fu_136     |    0    |    8    |
|----------|---------------------------|---------|---------|
|   read   | sext_ln77_read_read_fu_60 |    0    |    0    |
|----------|---------------------------|---------|---------|
|   write  |   write_ln79_write_fu_66  |    0    |    0    |
|----------|---------------------------|---------|---------|
|   sext   |   sext_ln77_cast_fu_124   |    0    |    0    |
|----------|---------------------------|---------|---------|
|    shl   |      shl_ln79_fu_148      |    0    |    0    |
|----------|---------------------------|---------|---------|
|   zext   |      zext_ln79_fu_154     |    0    |    0    |
|          |      zext_ln81_fu_166     |    0    |    0    |
|----------|---------------------------|---------|---------|
|    or    |       or_ln81_fu_160      |    0    |    0    |
|----------|---------------------------|---------|---------|
|bitconcatenate|      or_ln81_1_fu_182     |    0    |    0    |
|----------|---------------------------|---------|---------|
|   Total  |                           |    0    |    19   |
|----------|---------------------------|---------|---------|

Memories:
N/A

* Register list:
+---------------------------+--------+
|                           |   FF   |
+---------------------------+--------+
|     DATA_addr_reg_227     |   32   |
|ciphertext_1_addr_1_reg_222|    3   |
| ciphertext_1_addr_reg_212 |    3   |
|ciphertext_1_load_1_reg_247|    8   |
| ciphertext_1_load_reg_237 |    8   |
| ciphertext_addr_1_reg_217 |    3   |
|  ciphertext_addr_reg_207  |    3   |
| ciphertext_load_1_reg_242 |    8   |
|  ciphertext_load_reg_232  |    8   |
|         i_reg_191         |    3   |
|     icmp_ln77_reg_203     |    1   |
|   sext_ln77_cast_reg_198  |   64   |
+---------------------------+--------+
|           Total           |   144  |
+---------------------------+--------+

* Multiplexer (MUX) list: 
|------------------|------|------|------|--------||---------||---------|
|       Comp       |  Pin | Size |  BW  | S x BW ||  Delay  ||   LUT   |
|------------------|------|------|------|--------||---------||---------|
| grp_access_fu_81 |  p0  |   2  |   3  |    6   ||    9    |
| grp_access_fu_81 |  p2  |   2  |   0  |    0   ||    9    |
| grp_access_fu_98 |  p0  |   2  |   3  |    6   ||    9    |
| grp_access_fu_98 |  p2  |   2  |   0  |    0   ||    9    |
|------------------|------|------|------|--------||---------||---------|
|       Total      |      |      |      |   12   ||  6.352  ||    36   |
|------------------|------|------|------|--------||---------||---------|



* Summary:
+-----------+--------+--------+--------+
|           |  Delay |   FF   |   LUT  |
+-----------+--------+--------+--------+
|  Function |    -   |    0   |   19   |
|   Memory  |    -   |    -   |    -   |
|Multiplexer|    6   |    -   |   36   |
|  Register |    -   |   144  |    -   |
+-----------+--------+--------+--------+
|   Total   |    6   |   144  |   55   |
+-----------+--------+--------+--------+
