

================================================================
== Vitis HLS Report for 'aes128_top_Pipeline_LOAD_DATA'
================================================================
* Date:           Sun Aug 23 13:00:49 2026

* Version:        2022.1 (Build 3526262 on Mon Apr 18 15:48:16 MDT 2022)
* Project:        aes128
* Solution:       solution1 (Vivado IP Flow Target)
* Product family: zynq
* Target device:  xc7z020-clg484-1


================================================================
== Performance Estimates
================================================================
+ Timing: 
    * Summary: 
    +--------+----------+----------+------------+
    |  Clock |  Target  | Estimated| Uncertainty|
    +--------+----------+----------+------------+
    |ap_clk  |  10.00 ns|  8.750 ns|     1.25 ns|
    +--------+----------+----------+------------+

+ Latency: 
    * Summary: 
    +---------+---------+-----------+-----------+-----+-----+---------+
    |  Latency (cycles) |   Latency (absolute)  |  Interval | Pipeline|
    |   min   |   max   |    min    |    max    | min | max |   Type  |
    +---------+---------+-----------+-----------+-----+-----+---------+
    |        7|        7|  70.000 ns|  70.000 ns|    7|    7|       no|
    +---------+---------+-----------+-----------+-----+-----+---------+

    + Detail: 
        * Instance: 
        N/A

        * Loop: 
        +-------------+---------+---------+----------+-----------+-----------+------+----------+
        |             |  Latency (cycles) | Iteration|  Initiation Interval  | Trip |          |
        |  Loop Name  |   min   |   max   |  Latency |  achieved |   target  | Count| Pipelined|
        +-------------+---------+---------+----------+-----------+-----------+------+----------+
        |- LOAD_DATA  |        5|        5|         3|          1|          1|     4|       yes|
        +-------------+---------+---------+----------+-----------+-----------+------+----------+

============================================================
+ Verbose Summary: Synthesis Manager
============================================================
InlineROM: 1
ExposeGlobal: 0
============================================================
+ Verbose Summary: CDFG Model
============================================================
IsTopModel: 0
ResetActiveHigh: 1
IsCombinational: 0
IsDatapathOnly: 0
HasWiredReturn: 1
HasMFsm: 2
HasVarLatency: 1
IsPipeline: 0
IsRtlPipelined: 0
IsInstanceOverlapped: 0
IsDontTouch: 0
HasImplIP: 0
IsGatedGlobalClock: 0

+ Individual pipeline summary: 
  * Pipeline-0: initiation interval (II) = 1, depth = 3


============================================================
+ Verbose Summary: Schedule
============================================================
* Number of FSM states : 3
* Pipeline : 1
  Pipeline-0 : II = 1, D = 3, States = { 1 2 3 }
* Dataflow Pipeline: 0

* FSM state transitions: 
1 --> 2 
2 --> 3 
3 --> 

* FSM state operations: 

State 1 <SV = 0> <Delay = 3.23>
ST_1 : Operation 6 [1/1] (0.00ns)   --->   "%i = alloca i32 1"   --->   Operation 6 'alloca' 'i' <Predicate = true> <Delay = 0.00>
ST_1 : Operation 7 [1/1] (0.00ns)   --->   "%sext_ln43_read = read i62 @_ssdm_op_Read.ap_auto.i62, i62 %sext_ln43"   --->   Operation 7 'read' 'sext_ln43_read' <Predicate = true> <Delay = 0.00>
ST_1 : Operation 8 [1/1] (0.00ns)   --->   "%sext_ln43_cast = sext i62 %sext_ln43_read"   --->   Operation 8 'sext' 'sext_ln43_cast' <Predicate = true> <Delay = 0.00>
ST_1 : Operation 9 [1/1] (0.00ns)   --->   "%specinterface_ln0 = specinterface void @_ssdm_op_SpecInterface, i32 %DATA, void @empty, i32 0, i32 0, void @empty_0, i32 0, i32 4, void @empty_1, void @empty_2, void @empty_0, i32 16, i32 16, i32 16, i32 16, void @empty_0, void @empty_0, i32 4294967295, i32 0"   --->   Operation 9 'specinterface' 'specinterface_ln0' <Predicate = true> <Delay = 0.00>
ST_1 : Operation 10 [1/1] (1.58ns)   --->   "%store_ln0 = store i3 0, i3 %i"   --->   Operation 10 'store' 'store_ln0' <Predicate = true> <Delay = 1.58>
ST_1 : Operation 11 [1/1] (0.00ns)   --->   "%br_ln0 = br void %for.inc"   --->   Operation 11 'br' 'br_ln0' <Predicate = true> <Delay = 0.00>
ST_1 : Operation 12 [1/1] (0.00ns)   --->   "%i_3 = load i3 %i" [src/aes128_top.cpp:46]   --->   Operation 12 'load' 'i_3' <Predicate = true> <Delay = 0.00>
ST_1 : Operation 13 [1/1] (1.13ns)   --->   "%icmp_ln43 = icmp_eq  i3 %i_3, i3 4" [src/aes128_top.cpp:43]   --->   Operation 13 'icmp' 'icmp_ln43' <Predicate = true> <Delay = 1.13> <CoreInst = "Cmp">   --->   Core 9 'Cmp' <Latency = 0> <II = 1> <Delay = 1.13> <FuncUnit> <Opcode : 'icmp'> <InPorts = 2> <OutPorts = 1>
ST_1 : Operation 14 [1/1] (1.65ns)   --->   "%add_ln43 = add i3 %i_3, i3 1" [src/aes128_top.cpp:43]   --->   Operation 14 'add' 'add_ln43' <Predicate = true> <Delay = 1.65> <CoreInst = "Adder">   --->   Core 1 'Adder' <Latency = 0> <II = 1> <Delay = 1.65> <FuncUnit> <Opcode : 'add' 'sub'> <InPorts = 2> <OutPorts = 1>
ST_1 : Operation 15 [1/1] (0.00ns)   --->   "%br_ln43 = br i1 %icmp_ln43, void %for.inc.split, void %LOAD_KEY.exitStub" [src/aes128_top.cpp:43]   --->   Operation 15 'br' 'br_ln43' <Predicate = true> <Delay = 0.00>
ST_1 : Operation 16 [1/1] (1.58ns)   --->   "%store_ln43 = store i3 %add_ln43, i3 %i" [src/aes128_top.cpp:43]   --->   Operation 16 'store' 'store_ln43' <Predicate = (!icmp_ln43)> <Delay = 1.58>

State 2 <SV = 1> <Delay = 8.75>
ST_2 : Operation 17 [1/1] (0.00ns)   --->   "%specbitsmap_ln0 = specbitsmap void @_ssdm_op_SpecBitsMap, i32 %DATA"   --->   Operation 17 'specbitsmap' 'specbitsmap_ln0' <Predicate = true> <Delay = 0.00>
ST_2 : Operation 18 [1/1] (0.00ns)   --->   "%DATA_addr = getelementptr i32 %DATA, i64 %sext_ln43_cast" [src/aes128_top.cpp:43]   --->   Operation 18 'getelementptr' 'DATA_addr' <Predicate = true> <Delay = 0.00>
ST_2 : Operation 19 [1/1] (0.00ns)   --->   "%empty = speclooptripcount i32 @_ssdm_op_SpecLoopTripCount, i64 4, i64 4, i64 4"   --->   Operation 19 'speclooptripcount' 'empty' <Predicate = true> <Delay = 0.00>
ST_2 : Operation 20 [1/1] (8.75ns)   --->   "%word = read i32 @_ssdm_op_Read.m_axi.p1i32, i32 %DATA_addr" [src/aes128_top.cpp:45]   --->   Operation 20 'read' 'word' <Predicate = (!icmp_ln43)> <Delay = 8.75> <CoreInst = "m_axi">   --->   Core 113 'm_axi' <Latency = 0> <II = 1> <Delay = 1.00> <Adapter> <Opcode : 'read' 'write' 'readreq' 'writereq' 'writeresp'>
ST_2 : Operation 21 [1/1] (0.00ns)   --->   "%trunc_ln2 = partselect i8 @_ssdm_op_PartSelect.i8.i32.i32.i32, i32 %word, i32 24, i32 31" [src/aes128_top.cpp:46]   --->   Operation 21 'partselect' 'trunc_ln2' <Predicate = (!icmp_ln43)> <Delay = 0.00>
ST_2 : Operation 22 [1/1] (0.00ns)   --->   "%trunc_ln3 = partselect i8 @_ssdm_op_PartSelect.i8.i32.i32.i32, i32 %word, i32 16, i32 23" [src/aes128_top.cpp:47]   --->   Operation 22 'partselect' 'trunc_ln3' <Predicate = (!icmp_ln43)> <Delay = 0.00>
ST_2 : Operation 23 [1/1] (0.00ns)   --->   "%trunc_ln4 = partselect i8 @_ssdm_op_PartSelect.i8.i32.i32.i32, i32 %word, i32 8, i32 15" [src/aes128_top.cpp:48]   --->   Operation 23 'partselect' 'trunc_ln4' <Predicate = (!icmp_ln43)> <Delay = 0.00>
ST_2 : Operation 24 [1/1] (0.00ns)   --->   "%trunc_ln49 = trunc i32 %word" [src/aes128_top.cpp:49]   --->   Operation 24 'trunc' 'trunc_ln49' <Predicate = (!icmp_ln43)> <Delay = 0.00>
ST_2 : Operation 40 [1/1] (0.00ns)   --->   "%ret_ln0 = ret"   --->   Operation 40 'ret' 'ret_ln0' <Predicate = (icmp_ln43)> <Delay = 0.00>

State 3 <SV = 2> <Delay = 2.32>
ST_3 : Operation 25 [1/1] (0.00ns)   --->   "%specpipeline_ln44 = specpipeline void @_ssdm_op_SpecPipeline, i32 1, i32 0, i32 0, i32 0, void @empty_0" [src/aes128_top.cpp:44]   --->   Operation 25 'specpipeline' 'specpipeline_ln44' <Predicate = true> <Delay = 0.00>
ST_3 : Operation 26 [1/1] (0.00ns)   --->   "%specloopname_ln43 = specloopname void @_ssdm_op_SpecLoopName, void @empty_15" [src/aes128_top.cpp:43]   --->   Operation 26 'specloopname' 'specloopname_ln43' <Predicate = true> <Delay = 0.00>
ST_3 : Operation 27 [1/1] (0.00ns)   --->   "%shl_ln46 = shl i3 %i_3, i3 1" [src/aes128_top.cpp:46]   --->   Operation 27 'shl' 'shl_ln46' <Predicate = true> <Delay = 0.00>
ST_3 : Operation 28 [1/1] (0.00ns)   --->   "%zext_ln46 = zext i3 %shl_ln46" [src/aes128_top.cpp:46]   --->   Operation 28 'zext' 'zext_ln46' <Predicate = true> <Delay = 0.00>
ST_3 : Operation 29 [1/1] (0.00ns)   --->   "%plaintext_addr = getelementptr i8 %plaintext, i64 0, i64 %zext_ln46" [src/aes128_top.cpp:46]   --->   Operation 29 'getelementptr' 'plaintext_addr' <Predicate = true> <Delay = 0.00>
ST_3 : Operation 30 [1/1] (2.32ns)   --->   "%store_ln46 = store i8 %trunc_ln2, i3 %plaintext_addr" [src/aes128_top.cpp:46]   --->   Operation 30 'store' 'store_ln46' <Predicate = true> <Delay = 2.32> <CoreInst = "RAM">   --->   Core 82 'RAM' <Latency = 1> <II = 1> <Delay = 2.32> <Storage> <Opcode : 'load' 'store'> <Ports = 2> <Width = 8> <Depth = 8> <RAM>
ST_3 : Operation 31 [1/1] (0.00ns)   --->   "%plaintext_1_addr = getelementptr i8 %plaintext_1, i64 0, i64 %zext_ln46" [src/aes128_top.cpp:47]   --->   Operation 31 'getelementptr' 'plaintext_1_addr' <Predicate = true> <Delay = 0.00>
ST_3 : Operation 32 [1/1] (2.32ns)   --->   "%store_ln47 = store i8 %trunc_ln3, i3 %plaintext_1_addr" [src/aes128_top.cpp:47]   --->   Operation 32 'store' 'store_ln47' <Predicate = true> <Delay = 2.32> <CoreInst = "RAM">   --->   Core 82 'RAM' <Latency = 1> <II = 1> <Delay = 2.32> <Storage> <Opcode : 'load' 'store'> <Ports = 2> <Width = 8> <Depth = 8> <RAM>
ST_3 : Operation 33 [1/1] (0.00ns)   --->   "%or_ln48 = or i3 %shl_ln46, i3 1" [src/aes128_top.cpp:48]   --->   Operation 33 'or' 'or_ln48' <Predicate = true> <Delay = 0.00>
ST_3 : Operation 34 [1/1] (0.00ns)   --->   "%zext_ln48 = zext i3 %or_ln48" [src/aes128_top.cpp:48]   --->   Operation 34 'zext' 'zext_ln48' <Predicate = true> <Delay = 0.00>
ST_3 : Operation 35 [1/1] (0.00ns)   --->   "%plaintext_addr_1 = getelementptr i8 %plaintext, i64 0, i64 %zext_ln48" [src/aes128_top.cpp:48]   --->   Operation 35 'getelementptr' 'plaintext_addr_1' <Predicate = true> <Delay = 0.00>
ST_3 : Operation 36 [1/1] (2.32ns)   --->   "%store_ln48 = store i8 %trunc_ln4, i3 %plaintext_addr_1" [src/aes128_top.cpp:48]   --->   Operation 36 'store' 'store_ln48' <Predicate = true> <Delay = 2.32> <CoreInst = "RAM">   --->   Core 82 'RAM' <Latency = 1> <II = 1> <Delay = 2.32> <Storage> <Opcode : 'load' 'store'> <Ports = 2> <Width = 8> <Depth = 8> <RAM>
ST_3 : Operation 37 [1/1] (0.00ns)   --->   "%plaintext_1_addr_1 = getelementptr i8 %plaintext_1, i64 0, i64 %zext_ln48" [src/aes128_top.cpp:49]   --->   Operation 37 'getelementptr' 'plaintext_1_addr_1' <Predicate = true> <Delay = 0.00>
ST_3 : Operation 38 [1/1] (2.32ns)   --->   "%store_ln49 = store i8 %trunc_ln49, i3 %plaintext_1_addr_1" [src/aes128_top.cpp:49]   --->   Operation 38 'store' 'store_ln49' <Predicate = true> <Delay = 2.32> <CoreInst = "RAM">   --->   Core 82 'RAM' <Latency = 1> <II = 1> <Delay = 2.32> <Storage> <Opcode : 'load' 'store'> <Ports = 2> <Width = 8> <Depth = 8> <RAM>
ST_3 : Operation 39 [1/1] (0.00ns)   --->   "%br_ln43 = br void %for.inc" [src/aes128_top.cpp:43]   --->   Operation 39 'br' 'br_ln43' <Predicate = true> <Delay = 0.00>


============================================================
+ Verbose Summary: Binding
============================================================
STG Binding: 
---------------- STG Properties BEGIN ----------------
- Is combinational: 0
- Is one-state seq: 0
- Is datapath-only: 0
- Is pipelined: 0
- Is top level: 0
Port [ Return ] is wired: 1; IO mode=ap_ctrl_hs:ce=0
Port [ DATA]:  wired=1; compound=1; hidden=0; nouse=0; global=0; static=0; extern=0; dir=0; type=4; pingpong=0; private_global=0; IO mode=m_axi:ce=0
Port [ sext_ln43]:  wired=1; compound=0; hidden=0; nouse=0; global=0; static=0; extern=0; dir=0; type=0; pingpong=0; private_global=0; IO mode=ap_none:ce=0
Port [ plaintext_1]:  wired=1; compound=1; hidden=0; nouse=0; global=0; static=0; extern=0; dir=1; type=1; pingpong=0; private_global=0; MemPort=[00]; IO mode=ap_memory:ce=0
Port [ plaintext]:  wired=1; compound=1; hidden=0; nouse=0; global=0; static=0; extern=0; dir=1; type=1; pingpong=0; private_global=0; MemPort=[00]; IO mode=ap_memory:ce=0
---------------- STG Properties END ------------------

---------------- Datapath Model BEGIN ----------------

<LifeTime>
<method=bitvector/>
i                  (alloca           ) [ 0100]
sext_ln43_read     (read             ) [ 0000]
sext_ln43_cast     (sext             ) [ 0110]
specinterface_ln0  (specinterface    ) [ 0000]
store_ln0          (store            ) [ 0000]
br_ln0             (br               ) [ 0000]
i_3                (load             ) [ 0111]
icmp_ln43          (icmp             ) [ 0110]
add_ln43           (add              ) [ 0000]
br_ln43            (br               ) [ 0000]
store_ln43         (store            ) [ 0000]
specbitsmap_ln0    (specbitsmap      ) [ 0000]
DATA_addr          (getelementptr    ) [ 0000]
empty              (speclooptripcount) [ 0000]
word               (read             ) [ 0000]
trunc_ln2          (partselect       ) [ 0101]
trunc_ln3          (partselect       ) [ 0101]
trunc_ln4          (partselect       ) [ 0101]
trunc_ln49         (trunc            ) [ 0101]
specpipeline_ln44  (specpipeline     ) [ 0000]
specloopname_ln43  (specloopname     ) [ 0000]
shl_ln46           (shl              ) [ 0000]
zext_ln46          (zext             ) [ 0000]
plaintext_addr     (getelementptr    ) [ 0000]
store_ln46         (store            ) [ 0000]
plaintext_1_addr   (getelementptr    ) [ 0000]
store_ln47         (store            ) [ 0000]
or_ln48            (or               ) [ 0000]
zext_ln48          (zext             ) [ 0000]
plaintext_addr_1   (getelementptr    ) [ 0000]
store_ln48         (store            ) [ 0000]
plaintext_1_addr_1 (getelementptr    ) [ 0000]
store_ln49         (store            ) [ 0000]
br_ln43            (br               ) [ 0000]
ret_ln0            (ret              ) [ 0000]
</LifeTime>

<model>

<comp_list>
<comp id="0" class="1000" name="DATA">
<pin_list>
<pin id="1" dir="1" index="0" bw="1" slack="0"/>
</pin_list>
<bind>
<StgValue><ssdm name="DATA"/></StgValue>
</bind>
</comp>

<comp id="2" class="1000" name="sext_ln43">
<pin_list>
<pin id="3" dir="1" index="0" bw="1" slack="0"/>
</pin_list>
<bind>
<StgValue><ssdm name="sext_ln43"/></StgValue>
</bind>
</comp>

<comp id="4" class="1000" name="plaintext_1">
<pin_list>
<pin id="5" dir="1" index="0" bw="1" slack="0"/>
</pin_list>
<bind>
<StgValue><ssdm name="plaintext_1"/><MemPortTyVec>0 0 </MemPortTyVec>
</StgValue>
</bind>
</comp>

<comp id="6" class="1000" name="plaintext">
<pin_list>
<pin id="7" dir="1" index="0" bw="1" slack="0"/>
</pin_list>
<bind>
<StgValue><ssdm name="plaintext"/><MemPortTyVec>0 0 </MemPortTyVec>
</StgValue>
</bind>
</comp>

<comp id="8" class="1001" name="const_8">
<pin_list>
<pin id="9" dir="1" index="0" bw="1" slack="0"/>
</pin_list>
<bind>
<StgValue><ssdm name=""/></StgValue>
</bind>
</comp>

<comp id="10" class="1001" name="const_10">
<pin_list>
<pin id="11" dir="1" index="0" bw="1" slack="0"/>
</pin_list>
<bind>
<StgValue><ssdm name="_ssdm_op_Read.ap_auto.i62"/></StgValue>
</bind>
</comp>

<comp id="12" class="1001" name="const_12">
<pin_list>
<pin id="13" dir="1" index="0" bw="1" slack="2147483647"/>
</pin_list>
<bind>
<StgValue><ssdm name="_ssdm_op_SpecInterface"/></StgValue>
</bind>
</comp>

<comp id="14" class="1001" name="const_14">
<pin_list>
<pin id="15" dir="1" index="0" bw="1" slack="2147483647"/>
</pin_list>
<bind>
<StgValue><ssdm name="empty"/></StgValue>
</bind>
</comp>

<comp id="16" class="1001" name="const_16">
<pin_list>
<pin id="17" dir="1" index="0" bw="1" slack="2147483647"/>
</pin_list>
<bind>
<StgValue><ssdm name=""/></StgValue>
</bind>
</comp>

<comp id="18" class="1001" name="const_18">
<pin_list>
<pin id="19" dir="1" index="0" bw="1" slack="2147483647"/>
</pin_list>
<bind>
<StgValue><ssdm name="empty_0"/></StgValue>
</bind>
</comp>

<comp id="20" class="1001" name="const_20">
<pin_list>
<pin id="21" dir="1" index="0" bw="1" slack="2147483647"/>
</pin_list>
<bind>
<StgValue><ssdm name=""/></StgValue>
</bind>
</comp>

<comp id="22" class="1001" name="const_22">
<pin_list>
<pin id="23" dir="1" index="0" bw="1" slack="2147483647"/>
</pin_list>
<bind>
<StgValue><ssdm name="empty_1"/></StgValue>
</bind>
</comp>

<comp id="24" class="1001" name="const_24">
<pin_list>
<pin id="25" dir="1" index="0" bw="1" slack="2147483647"/>
</pin_list>
<bind>
<StgValue><ssdm name="empty_2"/></StgValue>
</bind>
</comp>

<comp id="26" class="1001" name="const_26">
<pin_list>
<pin id="27" dir="1" index="0" bw="1" slack="0"/>
</pin_list>
<bind>
<StgValue><ssdm name=""/></StgValue>
</bind>
</comp>

<comp id="28" class="1001" name="const_28">
<pin_list>
<pin id="29" dir="1" index="0" bw="1" slack="2147483647"/>
</pin_list>
<bind>
<StgValue><ssdm name=""/></StgValue>
</bind>
</comp>

<comp id="30" class="1001" name="const_30">
<pin_list>
<pin id="31" dir="1" index="0" bw="1" slack="0"/>
</pin_list>
<bind>
<StgValue><ssdm name=""/></StgValue>
</bind>
</comp>

<comp id="32" class="1001" name="const_32">
<pin_list>
<pin id="33" dir="1" index="0" bw="1" slack="0"/>
</pin_list>
<bind>
<StgValue><ssdm name=""/></StgValue>
</bind>
</comp>

<comp id="34" class="1001" name="const_34">
<pin_list>
<pin id="35" dir="1" index="0" bw="1" slack="0"/>
</pin_list>
<bind>
<StgValue><ssdm name=""/></StgValue>
</bind>
</comp>

<comp id="36" class="1001" name="const_36">
<pin_list>
<pin id="37" dir="1" index="0" bw="1" slack="2147483647"/>
</pin_list>
<bind>
<StgValue><ssdm name="_ssdm_op_SpecBitsMap"/></StgValue>
</bind>
</comp>

<comp id="38" class="1001" name="const_38">
<pin_list>
<pin id="39" dir="1" index="0" bw="1" slack="2147483647"/>
</pin_list>
<bind>
<StgValue><ssdm name="_ssdm_op_SpecLoopTripCount"/></StgValue>
</bind>
</comp>

<comp id="40" class="1001" name="const_40">
<pin_list>
<pin id="41" dir="1" index="0" bw="1" slack="2147483647"/>
</pin_list>
<bind>
<StgValue><ssdm name=""/></StgValue>
</bind>
</comp>

<comp id="42" class="1001" name="const_42">
<pin_list>
<pin id="43" dir="1" index="0" bw="1" slack="0"/>
</pin_list>
<bind>
<StgValue><ssdm name="_ssdm_op_Read.m_axi.p1i32"/></StgValue>
</bind>
</comp>

<comp id="44" class="1001" name="const_44">
<pin_list>
<pin id="45" dir="1" index="0" bw="1" slack="0"/>
</pin_list>
<bind>
<StgValue><ssdm name="_ssdm_op_PartSelect.i8.i32.i32.i32"/></StgValue>
</bind>
</comp>

<comp id="46" class="1001" name="const_46">
<pin_list>
<pin id="47" dir="1" index="0" bw="1" slack="0"/>
</pin_list>
<bind>
<StgValue><ssdm name=""/></StgValue>
</bind>
</comp>

<comp id="48" class="1001" name="const_48">
<pin_list>
<pin id="49" dir="1" index="0" bw="1" slack="0"/>
</pin_list>
<bind>
<StgValue><ssdm name=""/></StgValue>
</bind>
</comp>

<comp id="50" class="1001" name="const_50">
<pin_list>
<pin id="51" dir="1" index="0" bw="1" slack="0"/>
</pin_list>
<bind>
<StgValue><ssdm name=""/></StgValue>
</bind>
</comp>

<comp id="52" class="1001" name="const_52">
<pin_list>
<pin id="53" dir="1" index="0" bw="1" slack="0"/>
</pin_list>
<bind>
<StgValue><ssdm name=""/></StgValue>
</bind>
</comp>

<comp id="54" class="1001" name="const_54">
<pin_list>
<pin id="55" dir="1" index="0" bw="1" slack="0"/>
</pin_list>
<bind>
<StgValue><ssdm name=""/></StgValue>
</bind>
</comp>

<comp id="56" class="1001" name="const_56">
<pin_list>
<pin id="57" dir="1" index="0" bw="1" slack="2147483647"/>
</pin_list>
<bind>
<StgValue><ssdm name="_ssdm_op_SpecPipeline"/></StgValue>
</bind>
</comp>

<comp id="58" class="1001" name="const_58">
<pin_list>
<pin id="59" dir="1" index="0" bw="1" slack="2147483647"/>
</pin_list>
<bind>
<StgValue><ssdm name="_ssdm_op_SpecLoopName"/></StgValue>
</bind>
</comp>

<comp id="60" class="1001" name="const_60">
<pin_list>
<pin id="61" dir="1" index="0" bw="1" slack="2147483647"/>
</pin_list>
<bind>
<StgValue><ssdm name="empty_15"/></StgValue>
</bind>
</comp>

<comp id="62" class="1001" name="const_62">
<pin_list>
<pin id="63" dir="1" index="0" bw="1" slack="0"/>
</pin_list>
<bind>
<StgValue><ssdm name=""/></StgValue>
</bind>
</comp>

<comp id="64" class="1004" name="i_fu_64">
<pin_list>
<pin id="65" dir="0" index="0" bw="1" slack="0"/>
<pin id="66" dir="1" index="1" bw="3" slack="0"/>
</pin_list>
<bind>
<opcode="alloca(26) " fcode="alloca"/>
<opset="i/1 "/>
</bind>
</comp>

<comp id="68" class="1004" name="sext_ln43_read_read_fu_68">
<pin_list>
<pin id="69" dir="0" index="0" bw="62" slack="0"/>
<pin id="70" dir="0" index="1" bw="62" slack="0"/>
<pin id="71" dir="1" index="2" bw="62" slack="0"/>
</pin_list>
<bind>
<opcode="read(1150) " fcode="read"/>
<opset="sext_ln43_read/1 "/>
</bind>
</comp>

<comp id="74" class="1004" name="word_read_fu_74">
<pin_list>
<pin id="75" dir="0" index="0" bw="32" slack="0"/>
<pin id="76" dir="0" index="1" bw="32" slack="0"/>
<pin id="77" dir="1" index="2" bw="32" slack="0"/>
</pin_list>
<bind>
<opcode="read(1150) " fcode="read"/>
<opset="word/2 "/>
</bind>
</comp>

<comp id="79" class="1004" name="plaintext_addr_gep_fu_79">
<pin_list>
<pin id="80" dir="0" index="0" bw="8" slack="0"/>
<pin id="81" dir="0" index="1" bw="1" slack="0"/>
<pin id="82" dir="0" index="2" bw="3" slack="0"/>
<pin id="83" dir="1" index="3" bw="3" slack="0"/>
</pin_list>
<bind>
<opcode="getelementptr(29) " fcode="getelementptr"/>
<opset="plaintext_addr/3 "/>
</bind>
</comp>

<comp id="86" class="1004" name="grp_access_fu_86">
<pin_list>
<pin id="87" dir="0" index="0" bw="3" slack="0"/>
<pin id="88" dir="0" index="1" bw="8" slack="1"/>
<pin id="89" dir="0" index="2" bw="0" slack="0"/>
<pin id="91" dir="0" index="4" bw="3" slack="1"/>
<pin id="92" dir="0" index="5" bw="8" slack="2147483647"/>
<pin id="93" dir="0" index="6" bw="0" slack="2147483647"/>
<pin id="90" dir="1" index="3" bw="8" slack="2147483647"/>
<pin id="94" dir="1" index="7" bw="8" slack="2147483647"/>
</pin_list>
<bind>
<opcode="store(28) " fcode="store"/>
<opset="store_ln46/3 store_ln48/3 "/>
</bind>
</comp>

<comp id="96" class="1004" name="plaintext_1_addr_gep_fu_96">
<pin_list>
<pin id="97" dir="0" index="0" bw="8" slack="0"/>
<pin id="98" dir="0" index="1" bw="1" slack="0"/>
<pin id="99" dir="0" index="2" bw="3" slack="0"/>
<pin id="100" dir="1" index="3" bw="3" slack="0"/>
</pin_list>
<bind>
<opcode="getelementptr(29) " fcode="getelementptr"/>
<opset="plaintext_1_addr/3 "/>
</bind>
</comp>

<comp id="103" class="1004" name="grp_access_fu_103">
<pin_list>
<pin id="104" dir="0" index="0" bw="3" slack="0"/>
<pin id="105" dir="0" index="1" bw="8" slack="1"/>
<pin id="106" dir="0" index="2" bw="0" slack="0"/>
<pin id="108" dir="0" index="4" bw="3" slack="1"/>
<pin id="109" dir="0" index="5" bw="8" slack="2147483647"/>
<pin id="110" dir="0" index="6" bw="0" slack="2147483647"/>
<pin id="107" dir="1" index="3" bw="8" slack="2147483647"/>
<pin id="111" dir="1" index="7" bw="8" slack="2147483647"/>
</pin_list>
<bind>
<opcode="store(28) " fcode="store"/>
<opset="store_ln47/3 store_ln49/3 "/>
</bind>
</comp>

<comp id="113" class="1004" name="plaintext_addr_1_gep_fu_113">
<pin_list>
<pin id="114" dir="0" index="0" bw="8" slack="0"/>
<pin id="115" dir="0" index="1" bw="1" slack="0"/>
<pin id="116" dir="0" index="2" bw="3" slack="0"/>
<pin id="117" dir="1" index="3" bw="3" slack="0"/>
</pin_list>
<bind>
<opcode="getelementptr(29) " fcode="getelementptr"/>
<opset="plaintext_addr_1/3 "/>
</bind>
</comp>

<comp id="121" class="1004" name="plaintext_1_addr_1_gep_fu_121">
<pin_list>
<pin id="122" dir="0" index="0" bw="8" slack="0"/>
<pin id="123" dir="0" index="1" bw="1" slack="0"/>
<pin id="124" dir="0" index="2" bw="3" slack="0"/>
<pin id="125" dir="1" index="3" bw="3" slack="0"/>
</pin_list>
<bind>
<opcode="getelementptr(29) " fcode="getelementptr"/>
<opset="plaintext_1_addr_1/3 "/>
</bind>
</comp>

<comp id="129" class="1004" name="sext_ln43_cast_fu_129">
<pin_list>
<pin id="130" dir="0" index="0" bw="62" slack="0"/>
<pin id="131" dir="1" index="1" bw="64" slack="1"/>
</pin_list>
<bind>
<opcode="sext(35) " fcode="sext"/>
<opset="sext_ln43_cast/1 "/>
</bind>
</comp>

<comp id="133" class="1004" name="store_ln0_store_fu_133">
<pin_list>
<pin id="134" dir="0" index="0" bw="1" slack="0"/>
<pin id="135" dir="0" index="1" bw="3" slack="0"/>
<pin id="136" dir="1" index="2" bw="0" slack="2147483647"/>
</pin_list>
<bind>
<opcode="store(28) " fcode="store"/>
<opset="store_ln0/1 "/>
</bind>
</comp>

<comp id="138" class="1004" name="i_3_load_fu_138">
<pin_list>
<pin id="139" dir="0" index="0" bw="3" slack="0"/>
<pin id="140" dir="1" index="1" bw="3" slack="0"/>
</pin_list>
<bind>
<opcode="load(27) " fcode="load"/>
<opset="i_3/1 "/>
</bind>
</comp>

<comp id="141" class="1004" name="icmp_ln43_fu_141">
<pin_list>
<pin id="142" dir="0" index="0" bw="3" slack="0"/>
<pin id="143" dir="0" index="1" bw="3" slack="0"/>
<pin id="144" dir="1" index="2" bw="1" slack="1"/>
</pin_list>
<bind>
<opcode="icmp(45) " fcode="icmp"/>
<opset="icmp_ln43/1 "/>
</bind>
</comp>

<comp id="147" class="1004" name="add_ln43_fu_147">
<pin_list>
<pin id="148" dir="0" index="0" bw="3" slack="0"/>
<pin id="149" dir="0" index="1" bw="1" slack="0"/>
<pin id="150" dir="1" index="2" bw="3" slack="0"/>
</pin_list>
<bind>
<opcode="add(8) " fcode="add"/>
<opset="add_ln43/1 "/>
</bind>
</comp>

<comp id="153" class="1004" name="store_ln43_store_fu_153">
<pin_list>
<pin id="154" dir="0" index="0" bw="3" slack="0"/>
<pin id="155" dir="0" index="1" bw="3" slack="0"/>
<pin id="156" dir="1" index="2" bw="0" slack="2147483647"/>
</pin_list>
<bind>
<opcode="store(28) " fcode="store"/>
<opset="store_ln43/1 "/>
</bind>
</comp>

<comp id="158" class="1004" name="DATA_addr_fu_158">
<pin_list>
<pin id="159" dir="0" index="0" bw="32" slack="0"/>
<pin id="160" dir="0" index="1" bw="62" slack="1"/>
<pin id="161" dir="1" index="2" bw="32" slack="0"/>
</pin_list>
<bind>
<opcode="getelementptr(29) " fcode="getelementptr"/>
<opset="DATA_addr/2 "/>
</bind>
</comp>

<comp id="164" class="1004" name="trunc_ln2_fu_164">
<pin_list>
<pin id="165" dir="0" index="0" bw="8" slack="0"/>
<pin id="166" dir="0" index="1" bw="32" slack="0"/>
<pin id="167" dir="0" index="2" bw="6" slack="0"/>
<pin id="168" dir="0" index="3" bw="6" slack="0"/>
<pin id="169" dir="1" index="4" bw="8" slack="1"/>
</pin_list>
<bind>
<opcode="partselect(1002) " fcode="partselect"/>
<opset="trunc_ln2/2 "/>
</bind>
</comp>

<comp id="174" class="1004" name="trunc_ln3_fu_174">
<pin_list>
<pin id="175" dir="0" index="0" bw="8" slack="0"/>
<pin id="176" dir="0" index="1" bw="32" slack="0"/>
<pin id="177" dir="0" index="2" bw="6" slack="0"/>
<pin id="178" dir="0" index="3" bw="6" slack="0"/>
<pin id="179" dir="1" index="4" bw="8" slack="1"/>
</pin_list>
<bind>
<opcode="partselect(1002) " fcode="partselect"/>
<opset="trunc_ln3/2 "/>
</bind>
</comp>

<comp id="184" class="1004" name="trunc_ln4_fu_184">
<pin_list>
<pin id="185" dir="0" index="0" bw="8" slack="0"/>
<pin id="186" dir="0" index="1" bw="32" slack="0"/>
<pin id="187" dir="0" index="2" bw="5" slack="0"/>
<pin id="188" dir="0" index="3" bw="5" slack="0"/>
<pin id="189" dir="1" index="4" bw="8" slack="1"/>
</pin_list>
<bind>
<opcode="partselect(1002) " fcode="partselect"/>
<opset="trunc_ln4/2 "/>
</bind>
</comp>

<comp id="194" class="1004" name="trunc_ln49_fu_194">
<pin_list>
<pin id="195" dir="0" index="0" bw="32" slack="0"/>
<pin id="196" dir="1" index="1" bw="8" slack="1"/>
</pin_list>
<bind>
<opcode="trunc(33) " fcode="trunc"/>
<opset="trunc_ln49/2 "/>
</bind>
</comp>

<comp id="198" class="1004" name="shl_ln46_fu_198">
<pin_list>
<pin id="199" dir="0" index="0" bw="3" slack="2"/>
<pin id="200" dir="0" index="1" bw="1" slack="0"/>
<pin id="201" dir="1" index="2" bw="3" slack="0"/>
</pin_list>
<bind>
<opcode="shl(20) " fcode="shl"/>
<opset="shl_ln46/3 "/>
</bind>
</comp>

<comp id="203" class="1004" name="zext_ln46_fu_203">
<pin_list>
<pin id="204" dir="0" index="0" bw="3" slack="0"/>
<pin id="205" dir="1" index="1" bw="64" slack="0"/>
</pin_list>
<bind>
<opcode="zext(34) " fcode="zext"/>
<opset="zext_ln46/3 "/>
</bind>
</comp>

<comp id="209" class="1004" name="or_ln48_fu_209">
<pin_list>
<pin id="210" dir="0" index="0" bw="3" slack="0"/>
<pin id="211" dir="0" index="1" bw="1" slack="0"/>
<pin id="212" dir="1" index="2" bw="3" slack="0"/>
</pin_list>
<bind>
<opcode="or(24) " fcode="or"/>
<opset="or_ln48/3 "/>
</bind>
</comp>

<comp id="215" class="1004" name="zext_ln48_fu_215">
<pin_list>
<pin id="216" dir="0" index="0" bw="3" slack="0"/>
<pin id="217" dir="1" index="1" bw="64" slack="0"/>
</pin_list>
<bind>
<opcode="zext(34) " fcode="zext"/>
<opset="zext_ln48/3 "/>
</bind>
</comp>

<comp id="221" class="1005" name="i_reg_221">
<pin_list>
<pin id="222" dir="0" index="0" bw="3" slack="0"/>
<pin id="223" dir="1" index="1" bw="3" slack="0"/>
</pin_list>
<bind>
<opset="i "/>
</bind>
</comp>

<comp id="228" class="1005" name="sext_ln43_cast_reg_228">
<pin_list>
<pin id="229" dir="0" index="0" bw="64" slack="1"/>
<pin id="230" dir="1" index="1" bw="64" slack="1"/>
</pin_list>
<bind>
<opset="sext_ln43_cast "/>
</bind>
</comp>

<comp id="233" class="1005" name="i_3_reg_233">
<pin_list>
<pin id="234" dir="0" index="0" bw="3" slack="2"/>
<pin id="235" dir="1" index="1" bw="3" slack="2"/>
</pin_list>
<bind>
<opset="i_3 "/>
</bind>
</comp>

<comp id="238" class="1005" name="icmp_ln43_reg_238">
<pin_list>
<pin id="239" dir="0" index="0" bw="1" slack="1"/>
<pin id="240" dir="1" index="1" bw="1" slack="2147483647"/>
</pin_list>
<bind>
<opset="icmp_ln43 "/>
</bind>
</comp>

<comp id="242" class="1005" name="trunc_ln2_reg_242">
<pin_list>
<pin id="243" dir="0" index="0" bw="8" slack="1"/>
<pin id="244" dir="1" index="1" bw="8" slack="1"/>
</pin_list>
<bind>
<opset="trunc_ln2 "/>
</bind>
</comp>

<comp id="247" class="1005" name="trunc_ln3_reg_247">
<pin_list>
<pin id="248" dir="0" index="0" bw="8" slack="1"/>
<pin id="249" dir="1" index="1" bw="8" slack="1"/>
</pin_list>
<bind>
<opset="trunc_ln3 "/>
</bind>
</comp>

<comp id="252" class="1005" name="trunc_ln4_reg_252">
<pin_list>
<pin id="253" dir="0" index="0" bw="8" slack="1"/>
<pin id="254" dir="1" index="1" bw="8" slack="1"/>
</pin_list>
<bind>
<opset="trunc_ln4 "/>
</bind>
</comp>

<comp id="257" class="1005" name="trunc_ln49_reg_257">
<pin_list>
<pin id="258" dir="0" index="0" bw="8" slack="1"/>
<pin id="259" dir="1" index="1" bw="8" slack="1"/>
</pin_list>
<bind>
<opset="trunc_ln49 "/>
</bind>
</comp>

</comp_list>

<net_list>
<net id="67"><net_src comp="8" pin="0"/><net_sink comp="64" pin=0"/></net>

<net id="72"><net_src comp="10" pin="0"/><net_sink comp="68" pin=0"/></net>

<net id="73"><net_src comp="2" pin="0"/><net_sink comp="68" pin=1"/></net>

<net id="78"><net_src comp="42" pin="0"/><net_sink comp="74" pin=0"/></net>

<net id="84"><net_src comp="6" pin="0"/><net_sink comp="79" pin=0"/></net>

<net id="85"><net_src comp="62" pin="0"/><net_sink comp="79" pin=1"/></net>

<net id="95"><net_src comp="79" pin="3"/><net_sink comp="86" pin=2"/></net>

<net id="101"><net_src comp="4" pin="0"/><net_sink comp="96" pin=0"/></net>

<net id="102"><net_src comp="62" pin="0"/><net_sink comp="96" pin=1"/></net>

<net id="112"><net_src comp="96" pin="3"/><net_sink comp="103" pin=2"/></net>

<net id="118"><net_src comp="6" pin="0"/><net_sink comp="113" pin=0"/></net>

<net id="119"><net_src comp="62" pin="0"/><net_sink comp="113" pin=1"/></net>

<net id="120"><net_src comp="113" pin="3"/><net_sink comp="86" pin=0"/></net>

<net id="126"><net_src comp="4" pin="0"/><net_sink comp="121" pin=0"/></net>

<net id="127"><net_src comp="62" pin="0"/><net_sink comp="121" pin=1"/></net>

<net id="128"><net_src comp="121" pin="3"/><net_sink comp="103" pin=0"/></net>

<net id="132"><net_src comp="68" pin="2"/><net_sink comp="129" pin=0"/></net>

<net id="137"><net_src comp="30" pin="0"/><net_sink comp="133" pin=0"/></net>

<net id="145"><net_src comp="138" pin="1"/><net_sink comp="141" pin=0"/></net>

<net id="146"><net_src comp="32" pin="0"/><net_sink comp="141" pin=1"/></net>

<net id="151"><net_src comp="138" pin="1"/><net_sink comp="147" pin=0"/></net>

<net id="152"><net_src comp="34" pin="0"/><net_sink comp="147" pin=1"/></net>

<net id="157"><net_src comp="147" pin="2"/><net_sink comp="153" pin=0"/></net>

<net id="162"><net_src comp="0" pin="0"/><net_sink comp="158" pin=0"/></net>

<net id="163"><net_src comp="158" pin="2"/><net_sink comp="74" pin=1"/></net>

<net id="170"><net_src comp="44" pin="0"/><net_sink comp="164" pin=0"/></net>

<net id="171"><net_src comp="74" pin="2"/><net_sink comp="164" pin=1"/></net>

<net id="172"><net_src comp="46" pin="0"/><net_sink comp="164" pin=2"/></net>

<net id="173"><net_src comp="48" pin="0"/><net_sink comp="164" pin=3"/></net>

<net id="180"><net_src comp="44" pin="0"/><net_sink comp="174" pin=0"/></net>

<net id="181"><net_src comp="74" pin="2"/><net_sink comp="174" pin=1"/></net>

<net id="182"><net_src comp="26" pin="0"/><net_sink comp="174" pin=2"/></net>

<net id="183"><net_src comp="50" pin="0"/><net_sink comp="174" pin=3"/></net>

<net id="190"><net_src comp="44" pin="0"/><net_sink comp="184" pin=0"/></net>

<net id="191"><net_src comp="74" pin="2"/><net_sink comp="184" pin=1"/></net>

<net id="192"><net_src comp="52" pin="0"/><net_sink comp="184" pin=2"/></net>

<net id="193"><net_src comp="54" pin="0"/><net_sink comp="184" pin=3"/></net>

<net id="197"><net_src comp="74" pin="2"/><net_sink comp="194" pin=0"/></net>

<net id="202"><net_src comp="34" pin="0"/><net_sink comp="198" pin=1"/></net>

<net id="206"><net_src comp="198" pin="2"/><net_sink comp="203" pin=0"/></net>

<net id="207"><net_src comp="203" pin="1"/><net_sink comp="79" pin=2"/></net>

<net id="208"><net_src comp="203" pin="1"/><net_sink comp="96" pin=2"/></net>

<net id="213"><net_src comp="198" pin="2"/><net_sink comp="209" pin=0"/></net>

<net id="214"><net_src comp="34" pin="0"/><net_sink comp="209" pin=1"/></net>

<net id="218"><net_src comp="209" pin="2"/><net_sink comp="215" pin=0"/></net>

<net id="219"><net_src comp="215" pin="1"/><net_sink comp="113" pin=2"/></net>

<net id="220"><net_src comp="215" pin="1"/><net_sink comp="121" pin=2"/></net>

<net id="224"><net_src comp="64" pin="1"/><net_sink comp="221" pin=0"/></net>

<net id="225"><net_src comp="221" pin="1"/><net_sink comp="133" pin=1"/></net>

<net id="226"><net_src comp="221" pin="1"/><net_sink comp="138" pin=0"/></net>

<net id="227"><net_src comp="221" pin="1"/><net_sink comp="153" pin=1"/></net>

<net id="231"><net_src comp="129" pin="1"/><net_sink comp="228" pin=0"/></net>

<net id="232"><net_src comp="228" pin="1"/><net_sink comp="158" pin=1"/></net>

<net id="236"><net_src comp="138" pin="1"/><net_sink comp="233" pin=0"/></net>

<net id="237"><net_src comp="233" pin="1"/><net_sink comp="198" pin=0"/></net>

<net id="241"><net_src comp="141" pin="2"/><net_sink comp="238" pin=0"/></net>

<net id="245"><net_src comp="164" pin="4"/><net_sink comp="242" pin=0"/></net>

<net id="246"><net_src comp="242" pin="1"/><net_sink comp="86" pin=4"/></net>

<net id="250"><net_src comp="174" pin="4"/><net_sink comp="247" pin=0"/></net>

<net id="251"><net_src comp="247" pin="1"/><net_sink comp="103" pin=4"/></net>

<net id="255"><net_src comp="184" pin="4"/><net_sink comp="252" pin=0"/></net>

<net id="256"><net_src comp="252" pin="1"/><net_sink comp="86" pin=1"/></net>

<net id="260"><net_src comp="194" pin="1"/><net_sink comp="257" pin=0"/></net>

<net id="261"><net_src comp="257" pin="1"/><net_sink comp="103" pin=1"/></net>

</net_list>

</model> 
---------------- Datapath Model END ------------------

* FSMD analyzer results:
  - Output states:
	Port: plaintext_1 | {3 }
	Port: plaintext | {3 }
 - Input state : 
	Port: aes128_top_Pipeline_LOAD_DATA : DATA | {2 }
	Port: aes128_top_Pipeline_LOAD_DATA : sext_ln43 | {1 }
  - Chain level:
	State 1
		store_ln0 : 1
		i_3 : 1
		icmp_ln43 : 2
		add_ln43 : 2
		br_ln43 : 3
		store_ln43 : 3
	State 2
		word : 1
		trunc_ln2 : 1
		trunc_ln3 : 1
		trunc_ln4 : 1
		trunc_ln49 : 1
	State 3
		plaintext_addr : 1
		store_ln46 : 2
		plaintext_1_addr : 1
		store_ln47 : 2
		plaintext_addr_1 : 1
		store_ln48 : 2
		plaintext_1_addr_1 : 1
		store_ln49 : 2


============================================================
+ Verbose Summary: Datapath Resource usage 
============================================================

* Functional unit list:
|----------|---------------------------|---------|---------|
| Operation|      Functional Unit      |    FF   |   LUT   |
|----------|---------------------------|---------|---------|
|    add   |      add_ln43_fu_147      |    0    |    11   |
|----------|---------------------------|---------|---------|
|   icmp   |      icmp_ln43_fu_141     |    0    |    8    |
|----------|---------------------------|---------|---------|
|   read   | sext_ln43_read_read_fu_68 |    0    |    0    |
|          |      word_read_fu_74      |    0    |    0    |
|----------|---------------------------|---------|---------|
|   sext   |   sext_ln43_cast_fu_129   |    0    |    0    |
|----------|---------------------------|---------|---------|
|          |      trunc_ln2_fu_164     |    0    |    0    |
|partselect|      trunc_ln3_fu_174     |    0    |    0    |
|          |      trunc_ln4_fu_184     |    0    |    0    |
|----------|---------------------------|---------|---------|
|   trunc  |     trunc_ln49_fu_194     |    0    |    0    |
|----------|---------------------------|---------|---------|
|    shl   |      shl_ln46_fu_198      |    0    |    0    |
|----------|---------------------------|---------|---------|
|   zext   |      zext_ln46_fu_203     |    0    |    0    |
|          |      zext_ln48_fu_215     |    0    |    0    |
|----------|---------------------------|---------|---------|
|    or    |       or_ln48_fu_209      |    0    |    0    |
|----------|---------------------------|---------|---------|
|   Total  |                           |    0    |    19   |
|----------|---------------------------|---------|---------|

Memories:
N/A

* Register list:
+----------------------+--------+
|                      |   FF   |
+----------------------+--------+
|      i_3_reg_233     |    3   |
|       i_reg_221      |    3   |
|   icmp_ln43_reg_238  |    1   |
|sext_ln43_cast_reg_228|   64   |
|   trunc_ln2_reg_242  |    8   |
|   trunc_ln3_reg_247  |    8   |
|  trunc_ln49_reg_257  |    8   |
|   trunc_ln4_reg_252  |    8   |
+----------------------+--------+
|         Total        |   103  |
+----------------------+--------+

* Multiplexer (MUX) list: 
|--------|------|------|------|--------|
|  Comp  |  Pin | Size |  BW  | S x BW |
|--------|------|------|------|--------|
|  Total |      |      |      |    0   |
|--------|------|------|------|--------|



* Summary:
+-----------+--------+--------+
|           |   FF   |   LUT  |
+-----------+--------+--------+
|  Function |    0   |   19   |
|   Memory  |    -   |    -   |
|Multiplexer|    -   |    -   |
|  Register |   103  |    -   |
+-----------+--------+--------+
|   Total   |   103  |   19   |
+-----------+--------+--------+
