

================================================================
== Vitis HLS Report for 'aes128_top_Pipeline_LOAD_DATA'
================================================================
* Date:           Sun Aug 23 13:00:49 2026

* Version:        2022.1 (Build 3526262 on Mon Apr 18 15:48:16 MDT 2022)
* Project:        aes128
* Solution:       solution1 (Vivado IP Flow Target)
* Product family: zynq
* Target device:  xc7z020-clg484-1


================================================================
== Performance Estimates
================================================================
+ Timing: 
    * Summary: 
    +--------+----------+----------+------------+
    |  Clock |  Target  | Estimated| Uncertainty|
    +--------+----------+----------+------------+
    |ap_clk  |  10.00 ns|  8.750 ns|     1.25 ns|
    +--------+----------+----------+------------+

+ Latency: 
    * Summary: 
    +---------+---------+-----------+-----------+-----+-----+---------+
    |  Latency (cycles) |   Latency (absolute)  |  Interval | Pipeline|
    |   min   |   max   |    min    |    max    | min | max |   Type  |
    +---------+---------+-----------+-----------+-----+-----+---------+
    |        7|        7|  70.000 ns|  70.000 ns|    7|    7|       no|
    +---------+---------+-----------+-----------+-----+-----+---------+

    + Detail: 
        * Instance: 
        N/A

        * Loop: 
        +-------------+---------+---------+----------+-----------+-----------+------+----------+
        |             |  Latency (cycles) | Iteration|  Initiation Interval  | Trip |          |
        |  Loop Name  |   min   |   max   |  Latency |  achieved |   target  | Count| Pipelined|
        +-------------+---------+---------+----------+-----------+-----------+------+----------+
        |- LOAD_DATA  |        5|        5|         3|          1|          1|     4|       yes|
        +-------------+---------+---------+----------+-----------+-----------+------+----------+

============================================================
+ Verbose Summary: Synthesis Manager
============================================================
InlineROM: 1
ExposeGlobal: 0
============================================================
+ Verbose Summary: CDFG Model
============================================================
IsTopModel: 0
ResetActiveHigh: 1
IsCombinational: 0
IsDatapathOnly: 0
HasWiredReturn: 1
HasMFsm: 2
HasVarLatency: 1
IsPipeline: 0
IsRtlPipelined: 0
IsInstanceOverlapped: 0
IsDontTouch: 0
HasImplIP: 0
IsGatedGlobalClock: 0

+ Individual pipeline summary: 
  * Pipeline-0: initiation interval (II) = 1, depth = 3


============================================================
+ Verbose Summary: Schedule
============================================================
* Number of FSM states : 3
* Pipeline : 1
  Pipeline-0 : II = 1, D = 3, States = { 1 2 3 }
* Dataflow Pipeline: 0

* FSM state transitions: 
1 --> 2 
2 --> 3 
3 --> 

* FSM state operations: 

State 1 <SV = 0> <Delay = 3.23>
ST_1 : Operation 6 [1/1] (0.00ns)   --->   "%i = alloca i32 1"   --->   Operation 6 'alloca' 'i' <Predicate = true> <Delay = 0.00>
ST_1 : Operation 7 [1/1] (0.00ns)   --->   "%sext_ln43_read = read i62 @_ssdm_op_Read.ap_auto.i62, i62 %sext_ln43"   --->   Operation 7 'read' 'sext_ln43_read' <Predicate = true> <Delay = 0.00>
ST_1 : Operation 8 [1/1] (0.00ns)   --->   "%sext_ln43_cast = sext i62 %sext_ln43_read"   --->   Operation 8 'sext' 'sext_ln43_cast' <Predicate = true> <Delay = 0.00>
ST_1 : Operation 9 [1/1] (0.00ns)   --->   "%specinterface_ln0 = specinterface void @_ssdm_op_SpecInterface, i32 %DATA, void @empty, i32 0, i32 0, void @empty_0, i32 0, i32 4, void @empty_1, void @empty_2, void @empty_0, i32 16, i32 16, i32 16, i32 16, void @empty_0, void @empty_0, i32 4294967295, i32 0"   --->   Operation 9 'specinterface' 'specinterface_ln0' <Predicate = true> <Delay = 0.00>
ST_1 : Operation 10 [1/1] (1.58ns)   --->   "%store_ln0 = store i3 0, i3 %i"   --->   Operation 10 'store' 'store_ln0' <Predicate = true> <Delay = 1.58>
ST_1 : Operation 11 [1/1] (0.00ns)   --->   "%br_ln0 = br void %for.inc"   --->   Operation 11 'br' 'br_ln0' <Predicate = true> <Delay = 0.00>
ST_1 : Operation 12 [1/1] (0.00ns)   --->   "%i_3 = load i3 %i" [src/aes128_top.cpp:46]   --->   Operation 12 'load' 'i_3' <Predicate = true> <Delay = 0.00>
ST_1 : Operation 13 [1/1] (1.13ns)   --->   "%icmp_ln43 = icmp_eq  i3 %i_3, i3 4" [src/aes128_top.cpp:43]   --->   Operation 13 'icmp' 'icmp_ln43' <Predicate = true> <Delay = 1.13> <CoreInst = "Cmp">   --->   Core 9 'Cmp' <Latency = 0> <II = 1> <Delay = 1.13> <FuncUnit> <Opcode : 'icmp'> <InPorts = 2> <OutPorts = 1>
ST_1 : Operation 14 [1/1] (1.65ns)   --->   "%add_ln43 = add i3 %i_3, i3 1" [src/aes128_top.cpp:43]   --->   Operation 14 'add' 'add_ln43' <Predicate = true> <Delay = 1.65> <CoreInst = "Adder">   --->   Core 1 'Adder' <Latency = 0> <II = 1> <Delay = 1.65> <FuncUnit> <Opcode : 'add' 'sub'> <InPorts = 2> <OutPorts = 1>
ST_1 : Operation 15 [1/1] (0.00ns)   --->   "%br_ln43 = br i1 %icmp_ln43, void %for.inc.split, void %LOAD_KEY.exitStub" [src/aes128_top.cpp:43]   --->   Operation 15 'br' 'br_ln43' <Predicate = true> <Delay = 0.00>
ST_1 : Operation 16 [1/1] (1.58ns)   --->   "%store_ln43 = store i3 %add_ln43, i3 %i" [src/aes128_top.cpp:43]   --->   Operation 16 'store' 'store_ln43' <Predicate = (!icmp_ln43)> <Delay = 1.58>

State 2 <SV = 1> <Delay = 8.75>
ST_2 : Operation 17 [1/1] (0.00ns)   --->   "%specbitsmap_ln0 = specbitsmap void @_ssdm_op_SpecBitsMap, i32 %DATA"   --->   Operation 17 'specbitsmap' 'specbitsmap_ln0' <Predicate = true> <Delay = 0.00>
ST_2 : Operation 18 [1/1] (0.00ns)   --->   "%DATA_addr = getelementptr i32 %DATA, i64 %sext_ln43_cast" [src/aes128_top.cpp:43]   --->   Operation 18 'getelementptr' 'DATA_addr' <Predicate = true> <Delay = 0.00>
ST_2 : Operation 19 [1/1] (0.00ns)   --->   "%empty = speclooptripcount i32 @_ssdm_op_SpecLoopTripCount, i64 4, i64 4, i64 4"   --->   Operation 19 'speclooptripcount' 'empty' <Predicate = true> <Delay = 0.00>
ST_2 : Operation 20 [1/1] (8.75ns)   --->   "%word = read i32 @_ssdm_op_Read.m_axi.p1i32, i32 %DATA_addr" [src/aes128_top.cpp:45]   --->   Operation 20 'read' 'word' <Predicate = (!icmp_ln43)> <Delay = 8.75> <CoreInst = "m_axi">   --->   Core 113 'm_axi' <Latency = 0> <II = 1> <Delay = 1.00> <Adapter> <Opcode : 'read' 'write' 'readreq' 'writereq' 'writeresp'>
ST_2 : Operation 21 [1/1] (0.00ns)   --->   "%trunc_ln2 = partselect i8 @_ssdm_op_PartSelect.i8.i32.i32.i32, i32 %word, i32 24, i32 31" [src/aes128_top.cpp:46]   --->   Operation 21 'partselect' 'trunc_ln2' <Predicate = (!icmp_ln43)> <Delay = 0.00>
ST_2 : Operation 22 [1/1] (0.00ns)   --->   "%trunc_ln3 = partselect i8 @_ssdm_op_PartSelect.i8.i32.i32.i32, i32 %word, i32 16, i32 23" [src/aes128_top.cpp:47]   --->   Operation 22 'partselect' 'trunc_ln3' <Predicate = (!icmp_ln43)> <Delay = 0.00>
ST_2 : Operation 23 [1/1] (0.00ns)   --->   "%trunc_ln4 = partselect i8 @_ssdm_op_PartSelect.i8.i32.i32.i32, i32 %word, i32 8, i32 15" [src/aes128_top.cpp:48]   --->   Operation 23 'partselect' 'trunc_ln4' <Predicate = (!icmp_ln43)> <Delay = 0.00>
ST_2 : Operation 24 [1/1] (0.00ns)   --->   "%trunc_ln49 = trunc i32 %word" [src/aes128_top.cpp:49]   --->   Operation 24 'trunc' 'trunc_ln49' <Predicate = (!icmp_ln43)> <Delay = 0.00>
ST_2 : Operation 40 [1/1] (0.00ns)   --->   "%ret_ln0 = ret"   --->   Operation 40 'ret' 'ret_ln0' <Predicate = (icmp_ln43)> <Delay = 0.00>

State 3 <SV = 2> <Delay = 2.32>
ST_3 : Operation 25 [1/1] (0.00ns)   --->   "%specpipeline_ln44 = specpipeline void @_ssdm_op_SpecPipeline, i32 1, i32 0, i32 0, i32 0, void @empty_0" [src/aes128_top.cpp:44]   --->   Operation 25 'specpipeline' 'specpipeline_ln44' <Predicate = true> <Delay = 0.00>
ST_3 : Operation 26 [1/1] (0.00ns)   --->   "%specloopname_ln43 = specloopname void @_ssdm_op_SpecLoopName, void @empty_15" [src/aes128_top.cpp:43]   --->   Operation 26 'specloopname' 'specloopname_ln43' <Predicate = true> <Delay = 0.00>
ST_3 : Operation 27 [1/1] (0.00ns)   --->   "%shl_ln46 = shl i3 %i_3, i3 1" [src/aes128_top.cpp:46]   --->   Operation 27 'shl' 'shl_ln46' <Predicate = true> <Delay = 0.00>
ST_3 : Operation 28 [1/1] (0.00ns)   --->   "%zext_ln46 = zext i3 %shl_ln46" [src/aes128_top.cpp:46]   --->   Operation 28 'zext' 'zext_ln46' <Predicate = true> <Delay = 0.00>
ST_3 : Operation 29 [1/1] (0.00ns)   --->   "%plaintext_addr = getelementptr i8 %plaintext, i64 0, i64 %zext_ln46" [src/aes128_top.cpp:46]   --->   Operation 29 'getelementptr' 'plaintext_addr' <Predicate = true> <Delay = 0.00>
ST_3 : Operation 30 [1/1] (2.32ns)   --->   "%store_ln46 = store i8 %trunc_ln2, i3 %plaintext_addr" [src/aes128_top.cpp:46]   --->   Operation 30 'store' 'store_ln46' <Predicate = true> <Delay = 2.32> <CoreInst = "RAM">   --->   Core 82 'RAM' <Latency = 1> <II = 1> <Delay = 2.32> <Storage> <Opcode : 'load' 'store'> <Ports = 2> <Width = 8> <Depth = 8> <RAM>
ST_3 : Operation 31 [1/1] (0.00ns)   --->   "%plaintext_1_addr = getelementptr i8 %plaintext_1, i64 0, i64 %zext_ln46" [src/aes128_top.cpp:47]   --->   Operation 31 'getelementptr' 'plaintext_1_addr' <Predicate = true> <Delay = 0.00>
ST_3 : Operation 32 [1/1] (2.32ns)   --->   "%store_ln47 = store i8 %trunc_ln3, i3 %plaintext_1_addr" [src/aes128_top.cpp:47]   --->   Operation 32 'store' 'store_ln47' <Predicate = true> <Delay = 2.32> <CoreInst = "RAM">   --->   Core 82 'RAM' <Latency = 1> <II = 1> <Delay = 2.32> <Storage> <Opcode : 'load' 'store'> <Ports = 2> <Width = 8> <Depth = 8> <RAM>
ST_3 : Operation 33 [1/1] (0.00ns)   --->   "%or_ln48 = or i3 %shl_ln46, i3 1" [src/aes128_top.cpp:48]   --->   Operation 33 'or' 'or_ln48' <Predicate = true> <Delay = 0.00>
ST_3 : Operation 34 [1/1] (0.00ns)   --->   "%zext_ln48 = zext i3 %or_ln48" [src/aes128_top.cpp:48]   --->   Operation 34 'zext' 'zext_ln48' <Predicate = true> <Delay = 0.00>
ST_3 : Operation 35 [1/1] (0.00ns)   --->   "%plaintext_addr_1 = getelementptr i8 %plaintext, i64 0, i64 %zext_ln48" [src/aes128_top.cpp:48]   --->   Operation 35 'getelementptr' 'plaintext_addr_1' <Predicate = true> <Delay = 0.00>
ST_3 : Operation 36 [1/1] (2.32ns)   --->   "%store_ln48 = store i8 %trunc_ln4, i3 %plaintext_addr_1" [src/aes128_top.cpp:48]   --->   Operation 36 'store' 'store_ln48' <Predicate = true> <Delay = 2.32> <CoreInst = "RAM">   --->   Core 82 'RAM' <Latency = 1> <II = 1> <Delay = 2.32> <Storage> <Opcode : 'load' 'store'> <Ports = 2> <Width = 8> <Depth = 8> <RAM>
ST_3 : Operation 37 [1/1] (0.00ns)   --->   "%plaintext_1_addr_1 = getelementptr i8 %plaintext_1, i64 0, i64 %zext_ln48" [src/aes128_top.cpp:49]   --->   Operation 37 'getelementptr' 'plaintext_1_addr_1' <Predicate = true> <Delay = 0.00>
ST_3 : Operation 38 [1/1] (2.32ns)   --->   "%store_ln49 = store i8 %trunc_ln49, i3 %plaintext_1_addr_1" [src/aes128_top.cpp:49]   --->   Operation 38 'store' 'store_ln49' <Predicate = true> <Delay = 2.32> <CoreInst = "RAM">   --->   Core 82 'RAM' <Latency = 1> <II = 1> <Delay = 2.32> <Storage> <Opcode : 'load' 'store'> <Ports = 2> <Width = 8> <Depth = 8> <RAM>
ST_3 : Operation 39 [1/1] (0.00ns)   --->   "%br_ln43 = br void %for.inc" [src/aes128_top.cpp:43]   --->   Operation 39 'br' 'br_ln43' <Predicate = true> <Delay = 0.00>


============================================================
+ Verbose Summary: Timing violations
============================================================
Target clock period: 10ns, clock uncertainty: 1.25ns.

 <State 1>: 3.24ns
The critical path consists of the following:
	'alloca' operation ('i') [5]  (0 ns)
	'load' operation ('i', src/aes128_top.cpp:46) on local variable 'i' [12]  (0 ns)
	'add' operation ('add_ln43', src/aes128_top.cpp:43) [17]  (1.65 ns)
	'store' operation ('store_ln43', src/aes128_top.cpp:43) of variable 'add_ln43', src/aes128_top.cpp:43 on local variable 'i' [39]  (1.59 ns)

 <State 2>: 8.75ns
The critical path consists of the following:
	'getelementptr' operation ('DATA_addr', src/aes128_top.cpp:43) [14]  (0 ns)
	bus read operation ('word', src/aes128_top.cpp:45) on port 'DATA' (src/aes128_top.cpp:45) [22]  (8.75 ns)

 <State 3>: 2.32ns
The critical path consists of the following:
	'shl' operation ('shl_ln46', src/aes128_top.cpp:46) [24]  (0 ns)
	'getelementptr' operation ('plaintext_addr', src/aes128_top.cpp:46) [26]  (0 ns)
	'store' operation ('store_ln46', src/aes128_top.cpp:46) of variable 'trunc_ln2', src/aes128_top.cpp:46 on array 'plaintext' [27]  (2.32 ns)


============================================================
+ Verbose Summary: Binding
============================================================
N/A
* FSMD analyzer results:
  - Output states:
 - Input state : 
  - Chain level:
	State 1
	State 2
	State 3


============================================================
+ Verbose Summary: Datapath Resource usage 
============================================================
N/A
