

================================================================
== Vitis HLS Report for 'aes128_top_Pipeline_STORE_DATA'
================================================================
* Date:           Sun Aug 23 13:00:53 2026

* Version:        2022.1 (Build 3526262 on Mon Apr 18 15:48:16 MDT 2022)
* Project:        aes128
* Solution:       solution1 (Vivado IP Flow Target)
* Product family: zynq
* Target device:  xc7z020-clg484-1


================================================================
== Performance Estimates
================================================================
+ Timing: 
    * Summary: 
    +--------+----------+----------+------------+
    |  Clock |  Target  | Estimated| Uncertainty|
    +--------+----------+----------+------------+
    |ap_clk  |  10.00 ns|  8.750 ns|     1.25 ns|
    +--------+----------+----------+------------+

+ Latency: 
    * Summary: 
    +---------+---------+-----------+-----------+-----+-----+---------+
    |  Latency (cycles) |   Latency (absolute)  |  Interval | Pipeline|
    |   min   |   max   |    min    |    max    | min | max |   Type  |
    +---------+---------+-----------+-----------+-----+-----+---------+
    |        7|        7|  70.000 ns|  70.000 ns|    7|    7|       no|
    +---------+---------+-----------+-----------+-----+-----+---------+

    + Detail: 
        * Instance: 
        N/A

        * Loop: 
        +--------------+---------+---------+----------+-----------+-----------+------+----------+
        |              |  Latency (cycles) | Iteration|  Initiation Interval  | Trip |          |
        |   Loop Name  |   min   |   max   |  Latency |  achieved |   target  | Count| Pipelined|
        +--------------+---------+---------+----------+-----------+-----------+------+----------+
        |- STORE_DATA  |        5|        5|         3|          1|          1|     4|       yes|
        +--------------+---------+---------+----------+-----------+-----------+------+----------+

============================================================
+ Verbose Summary: Synthesis Manager
============================================================
InlineROM: 1
ExposeGlobal: 0
============================================================
+ Verbose Summary: CDFG Model
============================================================
IsTopModel: 0
ResetActiveHigh: 1
IsCombinational: 0
IsDatapathOnly: 0
HasWiredReturn: 1
HasMFsm: 2
HasVarLatency: 1
IsPipeline: 0
IsRtlPipelined: 0
IsInstanceOverlapped: 0
IsDontTouch: 0
HasImplIP: 0
IsGatedGlobalClock: 0

+ Individual pipeline summary: 
  * Pipeline-0: initiation interval (II) = 1, depth = 3


============================================================
+ Verbose Summary: Schedule
============================================================
* Number of FSM states : 3
* Pipeline : 1
  Pipeline-0 : II = 1, D = 3, States = { 1 2 3 }
* Dataflow Pipeline: 0

* FSM state transitions: 
1 --> 2 
2 --> 3 
3 --> 

* FSM state operations: 

State 1 <SV = 0> <Delay = 3.23>
ST_1 : Operation 6 [1/1] (0.00ns)   --->   "%i = alloca i32 1"   --->   Operation 6 'alloca' 'i' <Predicate = true> <Delay = 0.00>
ST_1 : Operation 7 [1/1] (0.00ns)   --->   "%sext_ln77_read = read i62 @_ssdm_op_Read.ap_auto.i62, i62 %sext_ln77"   --->   Operation 7 'read' 'sext_ln77_read' <Predicate = true> <Delay = 0.00>
ST_1 : Operation 8 [1/1] (0.00ns)   --->   "%sext_ln77_cast = sext i62 %sext_ln77_read"   --->   Operation 8 'sext' 'sext_ln77_cast' <Predicate = true> <Delay = 0.00>
ST_1 : Operation 9 [1/1] (0.00ns)   --->   "%specinterface_ln0 = specinterface void @_ssdm_op_SpecInterface, i32 %DATA, void @empty, i32 0, i32 0, void @empty_0, i32 0, i32 4, void @empty_1, void @empty_2, void @empty_0, i32 16, i32 16, i32 16, i32 16, void @empty_0, void @empty_0, i32 4294967295, i32 0"   --->   Operation 9 'specinterface' 'specinterface_ln0' <Predicate = true> <Delay = 0.00>
ST_1 : Operation 10 [1/1] (1.58ns)   --->   "%store_ln0 = store i3 0, i3 %i"   --->   Operation 10 'store' 'store_ln0' <Predicate = true> <Delay = 1.58>
ST_1 : Operation 11 [1/1] (0.00ns)   --->   "%br_ln0 = br void %for.inc109"   --->   Operation 11 'br' 'br_ln0' <Predicate = true> <Delay = 0.00>
ST_1 : Operation 12 [1/1] (0.00ns)   --->   "%i_2 = load i3 %i" [src/aes128_top.cpp:79]   --->   Operation 12 'load' 'i_2' <Predicate = true> <Delay = 0.00>
ST_1 : Operation 13 [1/1] (1.13ns)   --->   "%icmp_ln77 = icmp_eq  i3 %i_2, i3 4" [src/aes128_top.cpp:77]   --->   Operation 13 'icmp' 'icmp_ln77' <Predicate = true> <Delay = 1.13> <CoreInst = "Cmp">   --->   Core 9 'Cmp' <Latency = 0> <II = 1> <Delay = 1.13> <FuncUnit> <Opcode : 'icmp'> <InPorts = 2> <OutPorts = 1>
ST_1 : Operation 14 [1/1] (1.65ns)   --->   "%add_ln77 = add i3 %i_2, i3 1" [src/aes128_top.cpp:77]   --->   Operation 14 'add' 'add_ln77' <Predicate = true> <Delay = 1.65> <CoreInst = "Adder">   --->   Core 1 'Adder' <Latency = 0> <II = 1> <Delay = 1.65> <FuncUnit> <Opcode : 'add' 'sub'> <InPorts = 2> <OutPorts = 1>
ST_1 : Operation 15 [1/1] (0.00ns)   --->   "%br_ln77 = br i1 %icmp_ln77, void %for.inc109.split, void %for.end111.exitStub" [src/aes128_top.cpp:77]   --->   Operation 15 'br' 'br_ln77' <Predicate = true> <Delay = 0.00>
ST_1 : Operation 16 [1/1] (0.00ns)   --->   "%shl_ln79 = shl i3 %i_2, i3 1" [src/aes128_top.cpp:79]   --->   Operation 16 'shl' 'shl_ln79' <Predicate = (!icmp_ln77)> <Delay = 0.00>
ST_1 : Operation 17 [1/1] (0.00ns)   --->   "%zext_ln79 = zext i3 %shl_ln79" [src/aes128_top.cpp:79]   --->   Operation 17 'zext' 'zext_ln79' <Predicate = (!icmp_ln77)> <Delay = 0.00>
ST_1 : Operation 18 [1/1] (0.00ns)   --->   "%ciphertext_addr = getelementptr i8 %ciphertext, i64 0, i64 %zext_ln79" [src/aes128_top.cpp:79]   --->   Operation 18 'getelementptr' 'ciphertext_addr' <Predicate = (!icmp_ln77)> <Delay = 0.00>
ST_1 : Operation 19 [2/2] (2.32ns)   --->   "%ciphertext_load = load i3 %ciphertext_addr" [src/aes128_top.cpp:79]   --->   Operation 19 'load' 'ciphertext_load' <Predicate = (!icmp_ln77)> <Delay = 2.32> <CoreInst = "RAM">   --->   Core 82 'RAM' <Latency = 1> <II = 1> <Delay = 2.32> <Storage> <Opcode : 'load' 'store'> <Ports = 2> <Width = 8> <Depth = 8> <RAM>
ST_1 : Operation 20 [1/1] (0.00ns)   --->   "%ciphertext_1_addr = getelementptr i8 %ciphertext_1, i64 0, i64 %zext_ln79" [src/aes128_top.cpp:80]   --->   Operation 20 'getelementptr' 'ciphertext_1_addr' <Predicate = (!icmp_ln77)> <Delay = 0.00>
ST_1 : Operation 21 [2/2] (2.32ns)   --->   "%ciphertext_1_load = load i3 %ciphertext_1_addr" [src/aes128_top.cpp:80]   --->   Operation 21 'load' 'ciphertext_1_load' <Predicate = (!icmp_ln77)> <Delay = 2.32> <CoreInst = "RAM">   --->   Core 82 'RAM' <Latency = 1> <II = 1> <Delay = 2.32> <Storage> <Opcode : 'load' 'store'> <Ports = 2> <Width = 8> <Depth = 8> <RAM>
ST_1 : Operation 22 [1/1] (0.00ns)   --->   "%or_ln81 = or i3 %shl_ln79, i3 1" [src/aes128_top.cpp:81]   --->   Operation 22 'or' 'or_ln81' <Predicate = (!icmp_ln77)> <Delay = 0.00>
ST_1 : Operation 23 [1/1] (0.00ns)   --->   "%zext_ln81 = zext i3 %or_ln81" [src/aes128_top.cpp:81]   --->   Operation 23 'zext' 'zext_ln81' <Predicate = (!icmp_ln77)> <Delay = 0.00>
ST_1 : Operation 24 [1/1] (0.00ns)   --->   "%ciphertext_addr_1 = getelementptr i8 %ciphertext, i64 0, i64 %zext_ln81" [src/aes128_top.cpp:81]   --->   Operation 24 'getelementptr' 'ciphertext_addr_1' <Predicate = (!icmp_ln77)> <Delay = 0.00>
ST_1 : Operation 25 [2/2] (2.32ns)   --->   "%ciphertext_load_1 = load i3 %ciphertext_addr_1" [src/aes128_top.cpp:81]   --->   Operation 25 'load' 'ciphertext_load_1' <Predicate = (!icmp_ln77)> <Delay = 2.32> <CoreInst = "RAM">   --->   Core 82 'RAM' <Latency = 1> <II = 1> <Delay = 2.32> <Storage> <Opcode : 'load' 'store'> <Ports = 2> <Width = 8> <Depth = 8> <RAM>
ST_1 : Operation 26 [1/1] (0.00ns)   --->   "%ciphertext_1_addr_1 = getelementptr i8 %ciphertext_1, i64 0, i64 %zext_ln81" [src/aes128_top.cpp:82]   --->   Operation 26 'getelementptr' 'ciphertext_1_addr_1' <Predicate = (!icmp_ln77)> <Delay = 0.00>
ST_1 : Operation 27 [2/2] (2.32ns)   --->   "%ciphertext_1_load_1 = load i3 %ciphertext_1_addr_1" [src/aes128_top.cpp:82]   --->   Operation 27 'load' 'ciphertext_1_load_1' <Predicate = (!icmp_ln77)> <Delay = 2.32> <CoreInst = "RAM">   --->   Core 82 'RAM' <Latency = 1> <II = 1> <Delay = 2.32> <Storage> <Opcode : 'load' 'store'> <Ports = 2> <Width = 8> <Depth = 8> <RAM>
ST_1 : Operation 28 [1/1] (1.58ns)   --->   "%store_ln77 = store i3 %add_ln77, i3 %i" [src/aes128_top.cpp:77]   --->   Operation 28 'store' 'store_ln77' <Predicate = (!icmp_ln77)> <Delay = 1.58>

State 2 <SV = 1> <Delay = 2.32>
ST_2 : Operation 29 [1/1] (0.00ns)   --->   "%specbitsmap_ln0 = specbitsmap void @_ssdm_op_SpecBitsMap, i32 %DATA"   --->   Operation 29 'specbitsmap' 'specbitsmap_ln0' <Predicate = true> <Delay = 0.00>
ST_2 : Operation 30 [1/1] (0.00ns)   --->   "%DATA_addr = getelementptr i32 %DATA, i64 %sext_ln77_cast" [src/aes128_top.cpp:77]   --->   Operation 30 'getelementptr' 'DATA_addr' <Predicate = true> <Delay = 0.00>
ST_2 : Operation 31 [1/1] (0.00ns)   --->   "%empty = speclooptripcount i32 @_ssdm_op_SpecLoopTripCount, i64 4, i64 4, i64 4"   --->   Operation 31 'speclooptripcount' 'empty' <Predicate = true> <Delay = 0.00>
ST_2 : Operation 32 [1/2] (2.32ns)   --->   "%ciphertext_load = load i3 %ciphertext_addr" [src/aes128_top.cpp:79]   --->   Operation 32 'load' 'ciphertext_load' <Predicate = (!icmp_ln77)> <Delay = 2.32> <CoreInst = "RAM">   --->   Core 82 'RAM' <Latency = 1> <II = 1> <Delay = 2.32> <Storage> <Opcode : 'load' 'store'> <Ports = 2> <Width = 8> <Depth = 8> <RAM>
ST_2 : Operation 33 [1/2] (2.32ns)   --->   "%ciphertext_1_load = load i3 %ciphertext_1_addr" [src/aes128_top.cpp:80]   --->   Operation 33 'load' 'ciphertext_1_load' <Predicate = (!icmp_ln77)> <Delay = 2.32> <CoreInst = "RAM">   --->   Core 82 'RAM' <Latency = 1> <II = 1> <Delay = 2.32> <Storage> <Opcode : 'load' 'store'> <Ports = 2> <Width = 8> <Depth = 8> <RAM>
ST_2 : Operation 34 [1/2] (2.32ns)   --->   "%ciphertext_load_1 = load i3 %ciphertext_addr_1" [src/aes128_top.cpp:81]   --->   Operation 34 'load' 'ciphertext_load_1' <Predicate = (!icmp_ln77)> <Delay = 2.32> <CoreInst = "RAM">   --->   Core 82 'RAM' <Latency = 1> <II = 1> <Delay = 2.32> <Storage> <Opcode : 'load' 'store'> <Ports = 2> <Width = 8> <Depth = 8> <RAM>
ST_2 : Operation 35 [1/2] (2.32ns)   --->   "%ciphertext_1_load_1 = load i3 %ciphertext_1_addr_1" [src/aes128_top.cpp:82]   --->   Operation 35 'load' 'ciphertext_1_load_1' <Predicate = (!icmp_ln77)> <Delay = 2.32> <CoreInst = "RAM">   --->   Core 82 'RAM' <Latency = 1> <II = 1> <Delay = 2.32> <Storage> <Opcode : 'load' 'store'> <Ports = 2> <Width = 8> <Depth = 8> <RAM>
ST_2 : Operation 41 [1/1] (0.00ns)   --->   "%ret_ln0 = ret"   --->   Operation 41 'ret' 'ret_ln0' <Predicate = (icmp_ln77)> <Delay = 0.00>

State 3 <SV = 2> <Delay = 8.75>
ST_3 : Operation 36 [1/1] (0.00ns)   --->   "%specpipeline_ln78 = specpipeline void @_ssdm_op_SpecPipeline, i32 1, i32 0, i32 0, i32 0, void @empty_0" [src/aes128_top.cpp:78]   --->   Operation 36 'specpipeline' 'specpipeline_ln78' <Predicate = true> <Delay = 0.00>
ST_3 : Operation 37 [1/1] (0.00ns)   --->   "%specloopname_ln77 = specloopname void @_ssdm_op_SpecLoopName, void @empty_12" [src/aes128_top.cpp:77]   --->   Operation 37 'specloopname' 'specloopname_ln77' <Predicate = true> <Delay = 0.00>
ST_3 : Operation 38 [1/1] (0.00ns)   --->   "%or_ln81_1 = bitconcatenate i32 @_ssdm_op_BitConcatenate.i32.i8.i8.i8.i8, i8 %ciphertext_load, i8 %ciphertext_1_load, i8 %ciphertext_load_1, i8 %ciphertext_1_load_1" [src/aes128_top.cpp:81]   --->   Operation 38 'bitconcatenate' 'or_ln81_1' <Predicate = true> <Delay = 0.00>
ST_3 : Operation 39 [1/1] (8.75ns)   --->   "%write_ln79 = write void @_ssdm_op_Write.m_axi.p1i32, i32 %DATA_addr, i32 %or_ln81_1, i4 15" [src/aes128_top.cpp:79]   --->   Operation 39 'write' 'write_ln79' <Predicate = true> <Delay = 8.75> <CoreInst = "m_axi">   --->   Core 113 'm_axi' <Latency = 0> <II = 1> <Delay = 1.00> <Adapter> <Opcode : 'read' 'write' 'readreq' 'writereq' 'writeresp'>
ST_3 : Operation 40 [1/1] (0.00ns)   --->   "%br_ln77 = br void %for.inc109" [src/aes128_top.cpp:77]   --->   Operation 40 'br' 'br_ln77' <Predicate = true> <Delay = 0.00>


============================================================
+ Verbose Summary: Timing violations
============================================================
Target clock period: 10ns, clock uncertainty: 1.25ns.

 <State 1>: 3.24ns
The critical path consists of the following:
	'alloca' operation ('i') [5]  (0 ns)
	'load' operation ('i', src/aes128_top.cpp:79) on local variable 'i' [12]  (0 ns)
	'add' operation ('add_ln77', src/aes128_top.cpp:77) [17]  (1.65 ns)
	'store' operation ('store_ln77', src/aes128_top.cpp:77) of variable 'add_ln77', src/aes128_top.cpp:77 on local variable 'i' [36]  (1.59 ns)

 <State 2>: 2.32ns
The critical path consists of the following:
	'load' operation ('ciphertext_load', src/aes128_top.cpp:79) on array 'ciphertext' [25]  (2.32 ns)

 <State 3>: 8.75ns
The critical path consists of the following:
	bus write operation ('write_ln79', src/aes128_top.cpp:79) on port 'DATA' (src/aes128_top.cpp:79) [35]  (8.75 ns)


============================================================
+ Verbose Summary: Binding
============================================================
N/A
* FSMD analyzer results:
  - Output states:
 - Input state : 
  - Chain level:
	State 1
	State 2
	State 3


============================================================
+ Verbose Summary: Datapath Resource usage 
============================================================
N/A
