

================================================================
== Vitis HLS Report for 'aes128_top'
================================================================
* Date:           Sun Aug 23 13:00:53 2026

* Version:        2022.1 (Build 3526262 on Mon Apr 18 15:48:16 MDT 2022)
* Project:        aes128
* Solution:       solution1 (Vivado IP Flow Target)
* Product family: zynq
* Target device:  xc7z020-clg484-1


================================================================
== Performance Estimates
================================================================
+ Timing: 
    * Summary: 
    +--------+----------+----------+------------+
    |  Clock |  Target  | Estimated| Uncertainty|
    +--------+----------+----------+------------+
    |ap_clk  |  10.00 ns|  8.750 ns|     1.25 ns|
    +--------+----------+----------+------------+

+ Latency: 
    * Summary: 
    +---------+---------+----------+----------+-----+-----+---------+
    |  Latency (cycles) |  Latency (absolute) |  Interval | Pipeline|
    |   min   |   max   |    min   |    max   | min | max |   Type  |
    +---------+---------+----------+----------+-----+-----+---------+
    |       66|      114|  0.660 us|  1.140 us|   67|  115|       no|
    +---------+---------+----------+----------+-----+-----+---------+

    + Detail: 
        * Instance: 
        N/A

        * Loop: 
        N/A

============================================================
+ Verbose Summary: Synthesis Manager
============================================================
InlineROM: 1
ExposeGlobal: 0
============================================================
+ Verbose Summary: CDFG Model
============================================================
IsTopModel: 1
ResetActiveHigh: 1
IsCombinational: 0
IsDatapathOnly: 0
HasWiredReturn: 1
HasMFsm: 0
HasVarLatency: 1
IsPipeline: 0
IsRtlPipelined: 0
IsInstanceOverlapped: 0
IsDontTouch: 0
HasImplIP: 0
IsGatedGlobalClock: 0


============================================================
+ Verbose Summary: Schedule
============================================================
* Number of FSM states : 29
* Pipeline : 0
* Dataflow Pipeline: 0

* FSM state transitions: 
1 --> 2 
2 --> 3 
3 --> 4 
4 --> 5 
5 --> 6 
6 --> 7 
7 --> 8 
8 --> 9 
9 --> 10 
10 --> 11 
11 --> 12 
12 --> 13 
13 --> 14 
14 --> 15 
15 --> 16 
16 --> 17 
17 --> 18 
18 --> 19 
19 --> 20 22 
20 --> 21 
21 --> 23 
22 --> 21 
23 --> 24 
24 --> 25 
25 --> 26 
26 --> 27 
27 --> 28 
28 --> 29 
29 --> 

* FSM state operations: 

State 1 <SV = 0> <Delay = 3.47>
ST_1 : Operation 30 [1/1] (1.00ns)   --->   "%encrypt_read = read i32 @_ssdm_op_Read.s_axilite.i32, i32 %encrypt"   --->   Operation 30 'read' 'encrypt_read' <Predicate = true> <Delay = 1.00> <CoreInst = "s_axilite">   --->   Core 114 's_axilite' <Latency = 0> <II = 1> <Delay = 1.00> <Adapter> <Opcode : 'read' 'write'>
ST_1 : Operation 31 [1/1] (1.00ns)   --->   "%data_out_read = read i64 @_ssdm_op_Read.s_axilite.i64, i64 %data_out"   --->   Operation 31 'read' 'data_out_read' <Predicate = true> <Delay = 1.00> <CoreInst = "s_axilite">   --->   Core 114 's_axilite' <Latency = 0> <II = 1> <Delay = 1.00> <Adapter> <Opcode : 'read' 'write'>
ST_1 : Operation 32 [1/1] (1.00ns)   --->   "%key_in_read = read i64 @_ssdm_op_Read.s_axilite.i64, i64 %key_in"   --->   Operation 32 'read' 'key_in_read' <Predicate = true> <Delay = 1.00> <CoreInst = "s_axilite">   --->   Core 114 's_axilite' <Latency = 0> <II = 1> <Delay = 1.00> <Adapter> <Opcode : 'read' 'write'>
ST_1 : Operation 33 [1/1] (1.00ns)   --->   "%data_in_read = read i64 @_ssdm_op_Read.s_axilite.i64, i64 %data_in"   --->   Operation 33 'read' 'data_in_read' <Predicate = true> <Delay = 1.00> <CoreInst = "s_axilite">   --->   Core 114 's_axilite' <Latency = 0> <II = 1> <Delay = 1.00> <Adapter> <Opcode : 'read' 'write'>
ST_1 : Operation 34 [1/1] (0.00ns)   --->   "%plaintext = alloca i64 1" [src/aes128_top.cpp:38]   --->   Operation 34 'alloca' 'plaintext' <Predicate = true> <Delay = 0.00>
ST_1 : Operation 35 [1/1] (0.00ns)   --->   "%plaintext_1 = alloca i64 1" [src/aes128_top.cpp:38]   --->   Operation 35 'alloca' 'plaintext_1' <Predicate = true> <Delay = 0.00>
ST_1 : Operation 36 [1/1] (0.00ns)   --->   "%key = alloca i64 1" [src/aes128_top.cpp:39]   --->   Operation 36 'alloca' 'key' <Predicate = true> <Delay = 0.00>
ST_1 : Operation 37 [1/1] (0.00ns)   --->   "%key_1 = alloca i64 1" [src/aes128_top.cpp:39]   --->   Operation 37 'alloca' 'key_1' <Predicate = true> <Delay = 0.00>
ST_1 : Operation 38 [1/1] (0.00ns)   --->   "%ciphertext = alloca i64 1" [src/aes128_top.cpp:40]   --->   Operation 38 'alloca' 'ciphertext' <Predicate = true> <Delay = 0.00>
ST_1 : Operation 39 [1/1] (0.00ns)   --->   "%ciphertext_1 = alloca i64 1" [src/aes128_top.cpp:40]   --->   Operation 39 'alloca' 'ciphertext_1' <Predicate = true> <Delay = 0.00>
ST_1 : Operation 40 [1/1] (0.00ns)   --->   "%trunc_ln = partselect i62 @_ssdm_op_PartSelect.i62.i64.i32.i32, i64 %data_in_read, i32 2, i32 63" [src/aes128_top.cpp:43]   --->   Operation 40 'partselect' 'trunc_ln' <Predicate = true> <Delay = 0.00>
ST_1 : Operation 41 [1/1] (0.00ns)   --->   "%trunc_ln1 = partselect i62 @_ssdm_op_PartSelect.i62.i64.i32.i32, i64 %key_in_read, i32 2, i32 63" [src/aes128_top.cpp:52]   --->   Operation 41 'partselect' 'trunc_ln1' <Predicate = true> <Delay = 0.00>
ST_1 : Operation 42 [1/1] (2.47ns)   --->   "%icmp_ln64 = icmp_eq  i32 %encrypt_read, i32 0" [src/aes128_top.cpp:64]   --->   Operation 42 'icmp' 'icmp_ln64' <Predicate = true> <Delay = 2.47> <CoreInst = "Cmp">   --->   Core 9 'Cmp' <Latency = 0> <II = 1> <Delay = 2.47> <FuncUnit> <Opcode : 'icmp'> <InPorts = 2> <OutPorts = 1>

State 2 <SV = 1> <Delay = 8.75>
ST_2 : Operation 43 [1/1] (0.00ns)   --->   "%sext_ln43 = sext i62 %trunc_ln" [src/aes128_top.cpp:43]   --->   Operation 43 'sext' 'sext_ln43' <Predicate = true> <Delay = 0.00>
ST_2 : Operation 44 [1/1] (0.00ns)   --->   "%DATA_addr = getelementptr i32 %DATA, i64 %sext_ln43" [src/aes128_top.cpp:43]   --->   Operation 44 'getelementptr' 'DATA_addr' <Predicate = true> <Delay = 0.00>
ST_2 : Operation 45 [7/7] (8.75ns)   --->   "%empty = readreq i1 @_ssdm_op_ReadReq.m_axi.p1i32, i32 %DATA_addr, i32 4" [src/aes128_top.cpp:43]   --->   Operation 45 'readreq' 'empty' <Predicate = true> <Delay = 8.75> <CoreInst = "m_axi">   --->   Core 113 'm_axi' <Latency = 0> <II = 1> <Delay = 1.00> <Adapter> <Opcode : 'read' 'write' 'readreq' 'writereq' 'writeresp'>

State 3 <SV = 2> <Delay = 8.75>
ST_3 : Operation 46 [6/7] (8.75ns)   --->   "%empty = readreq i1 @_ssdm_op_ReadReq.m_axi.p1i32, i32 %DATA_addr, i32 4" [src/aes128_top.cpp:43]   --->   Operation 46 'readreq' 'empty' <Predicate = true> <Delay = 8.75> <CoreInst = "m_axi">   --->   Core 113 'm_axi' <Latency = 0> <II = 1> <Delay = 1.00> <Adapter> <Opcode : 'read' 'write' 'readreq' 'writereq' 'writeresp'>

State 4 <SV = 3> <Delay = 8.75>
ST_4 : Operation 47 [5/7] (8.75ns)   --->   "%empty = readreq i1 @_ssdm_op_ReadReq.m_axi.p1i32, i32 %DATA_addr, i32 4" [src/aes128_top.cpp:43]   --->   Operation 47 'readreq' 'empty' <Predicate = true> <Delay = 8.75> <CoreInst = "m_axi">   --->   Core 113 'm_axi' <Latency = 0> <II = 1> <Delay = 1.00> <Adapter> <Opcode : 'read' 'write' 'readreq' 'writereq' 'writeresp'>

State 5 <SV = 4> <Delay = 8.75>
ST_5 : Operation 48 [4/7] (8.75ns)   --->   "%empty = readreq i1 @_ssdm_op_ReadReq.m_axi.p1i32, i32 %DATA_addr, i32 4" [src/aes128_top.cpp:43]   --->   Operation 48 'readreq' 'empty' <Predicate = true> <Delay = 8.75> <CoreInst = "m_axi">   --->   Core 113 'm_axi' <Latency = 0> <II = 1> <Delay = 1.00> <Adapter> <Opcode : 'read' 'write' 'readreq' 'writereq' 'writeresp'>

State 6 <SV = 5> <Delay = 8.75>
ST_6 : Operation 49 [3/7] (8.75ns)   --->   "%empty = readreq i1 @_ssdm_op_ReadReq.m_axi.p1i32, i32 %DATA_addr, i32 4" [src/aes128_top.cpp:43]   --->   Operation 49 'readreq' 'empty' <Predicate = true> <Delay = 8.75> <CoreInst = "m_axi">   --->   Core 113 'm_axi' <Latency = 0> <II = 1> <Delay = 1.00> <Adapter> <Opcode : 'read' 'write' 'readreq' 'writereq' 'writeresp'>

State 7 <SV = 6> <Delay = 8.75>
ST_7 : Operation 50 [2/7] (8.75ns)   --->   "%empty = readreq i1 @_ssdm_op_ReadReq.m_axi.p1i32, i32 %DATA_addr, i32 4" [src/aes128_top.cpp:43]   --->   Operation 50 'readreq' 'empty' <Predicate = true> <Delay = 8.75> <CoreInst = "m_axi">   --->   Core 113 'm_axi' <Latency = 0> <II = 1> <Delay = 1.00> <Adapter> <Opcode : 'read' 'write' 'readreq' 'writereq' 'writeresp'>

State 8 <SV = 7> <Delay = 8.75>
ST_8 : Operation 51 [1/7] (8.75ns)   --->   "%empty = readreq i1 @_ssdm_op_ReadReq.m_axi.p1i32, i32 %DATA_addr, i32 4" [src/aes128_top.cpp:43]   --->   Operation 51 'readreq' 'empty' <Predicate = true> <Delay = 8.75> <CoreInst = "m_axi">   --->   Core 113 'm_axi' <Latency = 0> <II = 1> <Delay = 1.00> <Adapter> <Opcode : 'read' 'write' 'readreq' 'writereq' 'writeresp'>

State 9 <SV = 8> <Delay = 0.00>
ST_9 : Operation 52 [2/2] (0.00ns)   --->   "%call_ln43 = call void @aes128_top_Pipeline_LOAD_DATA, i32 %DATA, i62 %trunc_ln, i8 %plaintext_1, i8 %plaintext" [src/aes128_top.cpp:43]   --->   Operation 52 'call' 'call_ln43' <Predicate = true> <Delay = 0.00> <CoreType = "Generic">   --->   Core 0 '' <Latency = 0> <II = 1> <Delay = 1.00> <Generic> <Opcode : >

State 10 <SV = 9> <Delay = 0.00>
ST_10 : Operation 53 [1/2] (0.00ns)   --->   "%call_ln43 = call void @aes128_top_Pipeline_LOAD_DATA, i32 %DATA, i62 %trunc_ln, i8 %plaintext_1, i8 %plaintext" [src/aes128_top.cpp:43]   --->   Operation 53 'call' 'call_ln43' <Predicate = true> <Delay = 0.00> <CoreType = "Generic">   --->   Core 0 '' <Latency = 0> <II = 1> <Delay = 1.00> <Generic> <Opcode : >

State 11 <SV = 10> <Delay = 8.75>
ST_11 : Operation 54 [1/1] (0.00ns)   --->   "%sext_ln52 = sext i62 %trunc_ln1" [src/aes128_top.cpp:52]   --->   Operation 54 'sext' 'sext_ln52' <Predicate = true> <Delay = 0.00>
ST_11 : Operation 55 [1/1] (0.00ns)   --->   "%DATA_addr_1 = getelementptr i32 %DATA, i64 %sext_ln52" [src/aes128_top.cpp:52]   --->   Operation 55 'getelementptr' 'DATA_addr_1' <Predicate = true> <Delay = 0.00>
ST_11 : Operation 56 [7/7] (8.75ns)   --->   "%empty_30 = readreq i1 @_ssdm_op_ReadReq.m_axi.p1i32, i32 %DATA_addr_1, i32 4" [src/aes128_top.cpp:52]   --->   Operation 56 'readreq' 'empty_30' <Predicate = true> <Delay = 8.75> <CoreInst = "m_axi">   --->   Core 113 'm_axi' <Latency = 0> <II = 1> <Delay = 1.00> <Adapter> <Opcode : 'read' 'write' 'readreq' 'writereq' 'writeresp'>

State 12 <SV = 11> <Delay = 8.75>
ST_12 : Operation 57 [6/7] (8.75ns)   --->   "%empty_30 = readreq i1 @_ssdm_op_ReadReq.m_axi.p1i32, i32 %DATA_addr_1, i32 4" [src/aes128_top.cpp:52]   --->   Operation 57 'readreq' 'empty_30' <Predicate = true> <Delay = 8.75> <CoreInst = "m_axi">   --->   Core 113 'm_axi' <Latency = 0> <II = 1> <Delay = 1.00> <Adapter> <Opcode : 'read' 'write' 'readreq' 'writereq' 'writeresp'>

State 13 <SV = 12> <Delay = 8.75>
ST_13 : Operation 58 [5/7] (8.75ns)   --->   "%empty_30 = readreq i1 @_ssdm_op_ReadReq.m_axi.p1i32, i32 %DATA_addr_1, i32 4" [src/aes128_top.cpp:52]   --->   Operation 58 'readreq' 'empty_30' <Predicate = true> <Delay = 8.75> <CoreInst = "m_axi">   --->   Core 113 'm_axi' <Latency = 0> <II = 1> <Delay = 1.00> <Adapter> <Opcode : 'read' 'write' 'readreq' 'writereq' 'writeresp'>

State 14 <SV = 13> <Delay = 8.75>
ST_14 : Operation 59 [4/7] (8.75ns)   --->   "%empty_30 = readreq i1 @_ssdm_op_ReadReq.m_axi.p1i32, i32 %DATA_addr_1, i32 4" [src/aes128_top.cpp:52]   --->   Operation 59 'readreq' 'empty_30' <Predicate = true> <Delay = 8.75> <CoreInst = "m_axi">   --->   Core 113 'm_axi' <Latency = 0> <II = 1> <Delay = 1.00> <Adapter> <Opcode : 'read' 'write' 'readreq' 'writereq' 'writeresp'>

State 15 <SV = 14> <Delay = 8.75>
ST_15 : Operation 60 [3/7] (8.75ns)   --->   "%empty_30 = readreq i1 @_ssdm_op_ReadReq.m_axi.p1i32, i32 %DATA_addr_1, i32 4" [src/aes128_top.cpp:52]   --->   Operation 60 'readreq' 'empty_30' <Predicate = true> <Delay = 8.75> <CoreInst = "m_axi">   --->   Core 113 'm_axi' <Latency = 0> <II = 1> <Delay = 1.00> <Adapter> <Opcode : 'read' 'write' 'readreq' 'writereq' 'writeresp'>

State 16 <SV = 15> <Delay = 8.75>
ST_16 : Operation 61 [2/7] (8.75ns)   --->   "%empty_30 = readreq i1 @_ssdm_op_ReadReq.m_axi.p1i32, i32 %DATA_addr_1, i32 4" [src/aes128_top.cpp:52]   --->   Operation 61 'readreq' 'empty_30' <Predicate = true> <Delay = 8.75> <CoreInst = "m_axi">   --->   Core 113 'm_axi' <Latency = 0> <II = 1> <Delay = 1.00> <Adapter> <Opcode : 'read' 'write' 'readreq' 'writereq' 'writeresp'>

State 17 <SV = 16> <Delay = 8.75>
ST_17 : Operation 62 [1/7] (8.75ns)   --->   "%empty_30 = readreq i1 @_ssdm_op_ReadReq.m_axi.p1i32, i32 %DATA_addr_1, i32 4" [src/aes128_top.cpp:52]   --->   Operation 62 'readreq' 'empty_30' <Predicate = true> <Delay = 8.75> <CoreInst = "m_axi">   --->   Core 113 'm_axi' <Latency = 0> <II = 1> <Delay = 1.00> <Adapter> <Opcode : 'read' 'write' 'readreq' 'writereq' 'writeresp'>

State 18 <SV = 17> <Delay = 0.00>
ST_18 : Operation 63 [2/2] (0.00ns)   --->   "%call_ln52 = call void @aes128_top_Pipeline_LOAD_KEY, i32 %DATA, i62 %trunc_ln1, i8 %key_1, i8 %key" [src/aes128_top.cpp:52]   --->   Operation 63 'call' 'call_ln52' <Predicate = true> <Delay = 0.00> <CoreType = "Generic">   --->   Core 0 '' <Latency = 0> <II = 1> <Delay = 1.00> <Generic> <Opcode : >

State 19 <SV = 18> <Delay = 0.00>
ST_19 : Operation 64 [1/1] (0.00ns)   --->   "%spectopmodule_ln17 = spectopmodule void @_ssdm_op_SpecTopModule, void @empty_11" [src/aes128_top.cpp:17]   --->   Operation 64 'spectopmodule' 'spectopmodule_ln17' <Predicate = true> <Delay = 0.00>
ST_19 : Operation 65 [1/1] (0.00ns)   --->   "%specinterface_ln0 = specinterface void @_ssdm_op_SpecInterface, i32 %DATA, void @empty, i32 0, i32 0, void @empty_0, i32 0, i32 4, void @empty_1, void @empty_2, void @empty_0, i32 16, i32 16, i32 16, i32 16, void @empty_0, void @empty_0, i32 4294967295, i32 0"   --->   Operation 65 'specinterface' 'specinterface_ln0' <Predicate = true> <Delay = 0.00>
ST_19 : Operation 66 [1/1] (0.00ns)   --->   "%specbitsmap_ln0 = specbitsmap void @_ssdm_op_SpecBitsMap, i32 %DATA"   --->   Operation 66 'specbitsmap' 'specbitsmap_ln0' <Predicate = true> <Delay = 0.00>
ST_19 : Operation 67 [1/1] (0.00ns)   --->   "%specinterface_ln0 = specinterface void @_ssdm_op_SpecInterface, i64 %data_in, void @empty_3, i32 0, i32 0, void @empty_0, i32 0, i32 0, void @empty_4, void @empty_5, void @empty_0, i32 0, i32 0, i32 0, i32 0, void @empty_0, void @empty_6, i32 4294967295, i32 0"   --->   Operation 67 'specinterface' 'specinterface_ln0' <Predicate = true> <Delay = 0.00>
ST_19 : Operation 68 [1/1] (0.00ns)   --->   "%specinterface_ln0 = specinterface void @_ssdm_op_SpecInterface, i64 %data_in, void @empty_7, i32 0, i32 0, void @empty_0, i32 0, i32 0, void @empty_0, void @empty_0, void @empty_0, i32 0, i32 0, i32 0, i32 0, void @empty_0, void @empty_6, i32 4294967295, i32 0"   --->   Operation 68 'specinterface' 'specinterface_ln0' <Predicate = true> <Delay = 0.00>
ST_19 : Operation 69 [1/1] (0.00ns)   --->   "%specinterface_ln0 = specinterface void @_ssdm_op_SpecInterface, i64 %key_in, void @empty_3, i32 0, i32 0, void @empty_0, i32 0, i32 0, void @empty_4, void @empty_8, void @empty_0, i32 0, i32 0, i32 0, i32 0, void @empty_0, void @empty_6, i32 4294967295, i32 0"   --->   Operation 69 'specinterface' 'specinterface_ln0' <Predicate = true> <Delay = 0.00>
ST_19 : Operation 70 [1/1] (0.00ns)   --->   "%specinterface_ln0 = specinterface void @_ssdm_op_SpecInterface, i64 %key_in, void @empty_7, i32 0, i32 0, void @empty_0, i32 0, i32 0, void @empty_0, void @empty_0, void @empty_0, i32 0, i32 0, i32 0, i32 0, void @empty_0, void @empty_6, i32 4294967295, i32 0"   --->   Operation 70 'specinterface' 'specinterface_ln0' <Predicate = true> <Delay = 0.00>
ST_19 : Operation 71 [1/1] (0.00ns)   --->   "%specinterface_ln0 = specinterface void @_ssdm_op_SpecInterface, i64 %data_out, void @empty_3, i32 0, i32 0, void @empty_0, i32 0, i32 0, void @empty_4, void @empty_9, void @empty_0, i32 0, i32 0, i32 0, i32 0, void @empty_0, void @empty_6, i32 4294967295, i32 0"   --->   Operation 71 'specinterface' 'specinterface_ln0' <Predicate = true> <Delay = 0.00>
ST_19 : Operation 72 [1/1] (0.00ns)   --->   "%specinterface_ln0 = specinterface void @_ssdm_op_SpecInterface, i64 %data_out, void @empty_7, i32 0, i32 0, void @empty_0, i32 0, i32 0, void @empty_0, void @empty_0, void @empty_0, i32 0, i32 0, i32 0, i32 0, void @empty_0, void @empty_6, i32 4294967295, i32 0"   --->   Operation 72 'specinterface' 'specinterface_ln0' <Predicate = true> <Delay = 0.00>
ST_19 : Operation 73 [1/1] (0.00ns)   --->   "%specbitsmap_ln0 = specbitsmap void @_ssdm_op_SpecBitsMap, i32 %encrypt"   --->   Operation 73 'specbitsmap' 'specbitsmap_ln0' <Predicate = true> <Delay = 0.00>
ST_19 : Operation 74 [1/1] (0.00ns)   --->   "%specinterface_ln0 = specinterface void @_ssdm_op_SpecInterface, i32 %encrypt, void @empty_3, i32 0, i32 0, void @empty_0, i32 0, i32 0, void @empty_4, void @empty_10, void @empty_0, i32 0, i32 0, i32 0, i32 0, void @empty_0, void @empty_0, i32 4294967295, i32 0"   --->   Operation 74 'specinterface' 'specinterface_ln0' <Predicate = true> <Delay = 0.00>
ST_19 : Operation 75 [1/1] (0.00ns)   --->   "%specinterface_ln0 = specinterface void @_ssdm_op_SpecInterface, i32 %encrypt, void @empty_7, i32 0, i32 0, void @empty_0, i32 0, i32 0, void @empty_0, void @empty_0, void @empty_0, i32 0, i32 0, i32 0, i32 0, void @empty_0, void @empty_0, i32 4294967295, i32 0"   --->   Operation 75 'specinterface' 'specinterface_ln0' <Predicate = true> <Delay = 0.00>
ST_19 : Operation 76 [1/1] (0.00ns)   --->   "%specinterface_ln0 = specinterface void @_ssdm_op_SpecInterface, i32 0, void @empty_3, i32 0, i32 0, void @empty_0, i32 0, i32 0, void @empty_4, void @empty_0, void @empty_0, i32 0, i32 0, i32 0, i32 0, void @empty_0, void @empty_0, i32 4294967295, i32 0"   --->   Operation 76 'specinterface' 'specinterface_ln0' <Predicate = true> <Delay = 0.00>
ST_19 : Operation 77 [1/2] (0.00ns)   --->   "%call_ln52 = call void @aes128_top_Pipeline_LOAD_KEY, i32 %DATA, i62 %trunc_ln1, i8 %key_1, i8 %key" [src/aes128_top.cpp:52]   --->   Operation 77 'call' 'call_ln52' <Predicate = true> <Delay = 0.00> <CoreType = "Generic">   --->   Core 0 '' <Latency = 0> <II = 1> <Delay = 1.00> <Generic> <Opcode : >
ST_19 : Operation 78 [1/1] (0.00ns)   --->   "%br_ln64 = br i1 %icmp_ln64, void %if.then, void %for.inc74.preheader" [src/aes128_top.cpp:64]   --->   Operation 78 'br' 'br_ln64' <Predicate = true> <Delay = 0.00>
ST_19 : Operation 79 [2/2] (0.00ns)   --->   "%call_ln0 = call void @aes128_top_Pipeline_VITIS_LOOP_69_1, i8 %plaintext, i8 %plaintext_1, i8 %ciphertext, i8 %ciphertext_1"   --->   Operation 79 'call' 'call_ln0' <Predicate = (icmp_ln64)> <Delay = 0.00> <CoreType = "Generic">   --->   Core 0 '' <Latency = 0> <II = 1> <Delay = 1.00> <Generic> <Opcode : >

State 20 <SV = 19> <Delay = 0.00>
ST_20 : Operation 80 [2/2] (0.00ns)   --->   "%call_ln65 = call void @aes128_encrypt, i8 %plaintext, i8 %plaintext_1, i8 %key, i8 %key_1, i8 %ciphertext, i8 %ciphertext_1, i8 %SBOX, i8 %RCON" [src/aes128_top.cpp:65]   --->   Operation 80 'call' 'call_ln65' <Predicate = true> <Delay = 0.00> <CoreType = "Generic">   --->   Core 0 '' <Latency = 0> <II = 1> <Delay = 1.00> <Generic> <Opcode : >

State 21 <SV = 20> <Delay = 8.75>
ST_21 : Operation 81 [1/2] (0.00ns)   --->   "%call_ln65 = call void @aes128_encrypt, i8 %plaintext, i8 %plaintext_1, i8 %key, i8 %key_1, i8 %ciphertext, i8 %ciphertext_1, i8 %SBOX, i8 %RCON" [src/aes128_top.cpp:65]   --->   Operation 81 'call' 'call_ln65' <Predicate = (!icmp_ln64)> <Delay = 0.00> <CoreType = "Generic">   --->   Core 0 '' <Latency = 0> <II = 1> <Delay = 1.00> <Generic> <Opcode : >
ST_21 : Operation 82 [1/1] (0.00ns)   --->   "%br_ln66 = br void %STORE_DATA" [src/aes128_top.cpp:66]   --->   Operation 82 'br' 'br_ln66' <Predicate = (!icmp_ln64)> <Delay = 0.00>
ST_21 : Operation 83 [1/1] (0.00ns)   --->   "%trunc_ln2 = partselect i62 @_ssdm_op_PartSelect.i62.i64.i32.i32, i64 %data_out_read, i32 2, i32 63" [src/aes128_top.cpp:77]   --->   Operation 83 'partselect' 'trunc_ln2' <Predicate = true> <Delay = 0.00>
ST_21 : Operation 84 [1/1] (0.00ns)   --->   "%sext_ln77 = sext i62 %trunc_ln2" [src/aes128_top.cpp:77]   --->   Operation 84 'sext' 'sext_ln77' <Predicate = true> <Delay = 0.00>
ST_21 : Operation 85 [1/1] (0.00ns)   --->   "%DATA_addr_2 = getelementptr i32 %DATA, i64 %sext_ln77" [src/aes128_top.cpp:77]   --->   Operation 85 'getelementptr' 'DATA_addr_2' <Predicate = true> <Delay = 0.00>
ST_21 : Operation 86 [1/1] (8.75ns)   --->   "%empty_31 = writereq i1 @_ssdm_op_WriteReq.m_axi.p1i32, i32 %DATA_addr_2, i32 4" [src/aes128_top.cpp:77]   --->   Operation 86 'writereq' 'empty_31' <Predicate = true> <Delay = 8.75> <CoreInst = "m_axi">   --->   Core 113 'm_axi' <Latency = 0> <II = 1> <Delay = 1.00> <Adapter> <Opcode : 'read' 'write' 'readreq' 'writereq' 'writeresp'>

State 22 <SV = 19> <Delay = 0.00>
ST_22 : Operation 87 [1/2] (0.00ns)   --->   "%call_ln0 = call void @aes128_top_Pipeline_VITIS_LOOP_69_1, i8 %plaintext, i8 %plaintext_1, i8 %ciphertext, i8 %ciphertext_1"   --->   Operation 87 'call' 'call_ln0' <Predicate = true> <Delay = 0.00> <CoreType = "Generic">   --->   Core 0 '' <Latency = 0> <II = 1> <Delay = 1.00> <Generic> <Opcode : >
ST_22 : Operation 88 [1/1] (0.00ns)   --->   "%br_ln0 = br void %STORE_DATA"   --->   Operation 88 'br' 'br_ln0' <Predicate = true> <Delay = 0.00>

State 23 <SV = 21> <Delay = 0.00>
ST_23 : Operation 89 [2/2] (0.00ns)   --->   "%call_ln77 = call void @aes128_top_Pipeline_STORE_DATA, i32 %DATA, i62 %trunc_ln2, i8 %ciphertext, i8 %ciphertext_1" [src/aes128_top.cpp:77]   --->   Operation 89 'call' 'call_ln77' <Predicate = true> <Delay = 0.00> <CoreType = "Generic">   --->   Core 0 '' <Latency = 0> <II = 1> <Delay = 1.00> <Generic> <Opcode : >

State 24 <SV = 22> <Delay = 0.00>
ST_24 : Operation 90 [1/2] (0.00ns)   --->   "%call_ln77 = call void @aes128_top_Pipeline_STORE_DATA, i32 %DATA, i62 %trunc_ln2, i8 %ciphertext, i8 %ciphertext_1" [src/aes128_top.cpp:77]   --->   Operation 90 'call' 'call_ln77' <Predicate = true> <Delay = 0.00> <CoreType = "Generic">   --->   Core 0 '' <Latency = 0> <II = 1> <Delay = 1.00> <Generic> <Opcode : >

State 25 <SV = 23> <Delay = 8.75>
ST_25 : Operation 91 [5/5] (8.75ns)   --->   "%empty_32 = writeresp i1 @_ssdm_op_WriteResp.m_axi.p1i32, i32 %DATA_addr_2" [src/aes128_top.cpp:84]   --->   Operation 91 'writeresp' 'empty_32' <Predicate = true> <Delay = 8.75> <CoreInst = "m_axi">   --->   Core 113 'm_axi' <Latency = 0> <II = 1> <Delay = 1.00> <Adapter> <Opcode : 'read' 'write' 'readreq' 'writereq' 'writeresp'>

State 26 <SV = 24> <Delay = 8.75>
ST_26 : Operation 92 [4/5] (8.75ns)   --->   "%empty_32 = writeresp i1 @_ssdm_op_WriteResp.m_axi.p1i32, i32 %DATA_addr_2" [src/aes128_top.cpp:84]   --->   Operation 92 'writeresp' 'empty_32' <Predicate = true> <Delay = 8.75> <CoreInst = "m_axi">   --->   Core 113 'm_axi' <Latency = 0> <II = 1> <Delay = 1.00> <Adapter> <Opcode : 'read' 'write' 'readreq' 'writereq' 'writeresp'>

State 27 <SV = 25> <Delay = 8.75>
ST_27 : Operation 93 [3/5] (8.75ns)   --->   "%empty_32 = writeresp i1 @_ssdm_op_WriteResp.m_axi.p1i32, i32 %DATA_addr_2" [src/aes128_top.cpp:84]   --->   Operation 93 'writeresp' 'empty_32' <Predicate = true> <Delay = 8.75> <CoreInst = "m_axi">   --->   Core 113 'm_axi' <Latency = 0> <II = 1> <Delay = 1.00> <Adapter> <Opcode : 'read' 'write' 'readreq' 'writereq' 'writeresp'>

State 28 <SV = 26> <Delay = 8.75>
ST_28 : Operation 94 [2/5] (8.75ns)   --->   "%empty_32 = writeresp i1 @_ssdm_op_WriteResp.m_axi.p1i32, i32 %DATA_addr_2" [src/aes128_top.cpp:84]   --->   Operation 94 'writeresp' 'empty_32' <Predicate = true> <Delay = 8.75> <CoreInst = "m_axi">   --->   Core 113 'm_axi' <Latency = 0> <II = 1> <Delay = 1.00> <Adapter> <Opcode : 'read' 'write' 'readreq' 'writereq' 'writeresp'>

State 29 <SV = 27> <Delay = 8.75>
ST_29 : Operation 95 [1/5] (8.75ns)   --->   "%empty_32 = writeresp i1 @_ssdm_op_WriteResp.m_axi.p1i32, i32 %DATA_addr_2" [src/aes128_top.cpp:84]   --->   Operation 95 'writeresp' 'empty_32' <Predicate = true> <Delay = 8.75> <CoreInst = "m_axi">   --->   Core 113 'm_axi' <Latency = 0> <II = 1> <Delay = 1.00> <Adapter> <Opcode : 'read' 'write' 'readreq' 'writereq' 'writeresp'>
ST_29 : Operation 96 [1/1] (0.00ns)   --->   "%ret_ln84 = ret" [src/aes128_top.cpp:84]   --->   Operation 96 'ret' 'ret_ln84' <Predicate = true> <Delay = 0.00>


============================================================
+ Verbose Summary: Timing violations
============================================================
Target clock period: 10ns, clock uncertainty: 1.25ns.

 <State 1>: 3.47ns
The critical path consists of the following:
	s_axi read operation ('encrypt') on port 'encrypt' [21]  (1 ns)
	'icmp' operation ('icmp_ln64', src/aes128_top.cpp:64) [41]  (2.47 ns)

 <State 2>: 8.75ns
The critical path consists of the following:
	'getelementptr' operation ('DATA_addr', src/aes128_top.cpp:43) [33]  (0 ns)
	bus request operation ('empty', src/aes128_top.cpp:43) on port 'DATA' (src/aes128_top.cpp:43) [34]  (8.75 ns)

 <State 3>: 8.75ns
The critical path consists of the following:
	bus request operation ('empty', src/aes128_top.cpp:43) on port 'DATA' (src/aes128_top.cpp:43) [34]  (8.75 ns)

 <State 4>: 8.75ns
The critical path consists of the following:
	bus request operation ('empty', src/aes128_top.cpp:43) on port 'DATA' (src/aes128_top.cpp:43) [34]  (8.75 ns)

 <State 5>: 8.75ns
The critical path consists of the following:
	bus request operation ('empty', src/aes128_top.cpp:43) on port 'DATA' (src/aes128_top.cpp:43) [34]  (8.75 ns)

 <State 6>: 8.75ns
The critical path consists of the following:
	bus request operation ('empty', src/aes128_top.cpp:43) on port 'DATA' (src/aes128_top.cpp:43) [34]  (8.75 ns)

 <State 7>: 8.75ns
The critical path consists of the following:
	bus request operation ('empty', src/aes128_top.cpp:43) on port 'DATA' (src/aes128_top.cpp:43) [34]  (8.75 ns)

 <State 8>: 8.75ns
The critical path consists of the following:
	bus request operation ('empty', src/aes128_top.cpp:43) on port 'DATA' (src/aes128_top.cpp:43) [34]  (8.75 ns)

 <State 9>: 0ns
The critical path consists of the following:

 <State 10>: 0ns
The critical path consists of the following:

 <State 11>: 8.75ns
The critical path consists of the following:
	'getelementptr' operation ('DATA_addr_1', src/aes128_top.cpp:52) [38]  (0 ns)
	bus request operation ('empty_30', src/aes128_top.cpp:52) on port 'DATA' (src/aes128_top.cpp:52) [39]  (8.75 ns)

 <State 12>: 8.75ns
The critical path consists of the following:
	bus request operation ('empty_30', src/aes128_top.cpp:52) on port 'DATA' (src/aes128_top.cpp:52) [39]  (8.75 ns)

 <State 13>: 8.75ns
The critical path consists of the following:
	bus request operation ('empty_30', src/aes128_top.cpp:52) on port 'DATA' (src/aes128_top.cpp:52) [39]  (8.75 ns)

 <State 14>: 8.75ns
The critical path consists of the following:
	bus request operation ('empty_30', src/aes128_top.cpp:52) on port 'DATA' (src/aes128_top.cpp:52) [39]  (8.75 ns)

 <State 15>: 8.75ns
The critical path consists of the following:
	bus request operation ('empty_30', src/aes128_top.cpp:52) on port 'DATA' (src/aes128_top.cpp:52) [39]  (8.75 ns)

 <State 16>: 8.75ns
The critical path consists of the following:
	bus request operation ('empty_30', src/aes128_top.cpp:52) on port 'DATA' (src/aes128_top.cpp:52) [39]  (8.75 ns)

 <State 17>: 8.75ns
The critical path consists of the following:
	bus request operation ('empty_30', src/aes128_top.cpp:52) on port 'DATA' (src/aes128_top.cpp:52) [39]  (8.75 ns)

 <State 18>: 0ns
The critical path consists of the following:

 <State 19>: 0ns
The critical path consists of the following:

 <State 20>: 0ns
The critical path consists of the following:

 <State 21>: 8.75ns
The critical path consists of the following:
	'getelementptr' operation ('DATA_addr_2', src/aes128_top.cpp:77) [52]  (0 ns)
	bus request operation ('empty_31', src/aes128_top.cpp:77) on port 'DATA' (src/aes128_top.cpp:77) [53]  (8.75 ns)

 <State 22>: 0ns
The critical path consists of the following:

 <State 23>: 0ns
The critical path consists of the following:

 <State 24>: 0ns
The critical path consists of the following:

 <State 25>: 8.75ns
The critical path consists of the following:
	bus response operation ('empty_32', src/aes128_top.cpp:84) on port 'DATA' (src/aes128_top.cpp:84) [55]  (8.75 ns)

 <State 26>: 8.75ns
The critical path consists of the following:
	bus response operation ('empty_32', src/aes128_top.cpp:84) on port 'DATA' (src/aes128_top.cpp:84) [55]  (8.75 ns)

 <State 27>: 8.75ns
The critical path consists of the following:
	bus response operation ('empty_32', src/aes128_top.cpp:84) on port 'DATA' (src/aes128_top.cpp:84) [55]  (8.75 ns)

 <State 28>: 8.75ns
The critical path consists of the following:
	bus response operation ('empty_32', src/aes128_top.cpp:84) on port 'DATA' (src/aes128_top.cpp:84) [55]  (8.75 ns)

 <State 29>: 8.75ns
The critical path consists of the following:
	bus response operation ('empty_32', src/aes128_top.cpp:84) on port 'DATA' (src/aes128_top.cpp:84) [55]  (8.75 ns)


============================================================
+ Verbose Summary: Binding
============================================================
N/A
* FSMD analyzer results:
  - Output states:
 - Input state : 
  - Chain level:
	State 1
	State 2
	State 3
	State 4
	State 5
	State 6
	State 7
	State 8
	State 9
	State 10
	State 11
	State 12
	State 13
	State 14
	State 15
	State 16
	State 17
	State 18
	State 19
	State 20
	State 21
	State 22
	State 23
	State 24
	State 25
	State 26
	State 27
	State 28
	State 29


============================================================
+ Verbose Summary: Datapath Resource usage 
============================================================
N/A
