

================================================================
== Vitis HLS Report for 'sha256_top_Pipeline_LOAD_BLOCK'
================================================================
* Date:           Sun Aug 23 12:50:42 2026

* Version:        2022.1 (Build 3526262 on Mon Apr 18 15:48:16 MDT 2022)
* Project:        sha256
* Solution:       solution1 (Vivado IP Flow Target)
* Product family: zynq
* Target device:  xc7z020-clg484-1


================================================================
== Performance Estimates
================================================================
+ Timing: 
    * Summary: 
    +--------+----------+----------+------------+
    |  Clock |  Target  | Estimated| Uncertainty|
    +--------+----------+----------+------------+
    |ap_clk  |  10.00 ns|  8.750 ns|     1.25 ns|
    +--------+----------+----------+------------+

+ Latency: 
    * Summary: 
    +---------+---------+----------+----------+-----+-----+---------+
    |  Latency (cycles) |  Latency (absolute) |  Interval | Pipeline|
    |   min   |   max   |    min   |    max   | min | max |   Type  |
    +---------+---------+----------+----------+-----+-----+---------+
    |       24|       24|  0.240 us|  0.240 us|   24|   24|       no|
    +---------+---------+----------+----------+-----+-----+---------+

    + Detail: 
        * Instance: 
        N/A

        * Loop: 
        +--------------+---------+---------+----------+-----------+-----------+------+----------+
        |              |  Latency (cycles) | Iteration|  Initiation Interval  | Trip |          |
        |   Loop Name  |   min   |   max   |  Latency |  achieved |   target  | Count| Pipelined|
        +--------------+---------+---------+----------+-----------+-----------+------+----------+
        |- LOAD_BLOCK  |       16|       16|         2|          1|          1|    16|       yes|
        +--------------+---------+---------+----------+-----------+-----------+------+----------+

============================================================
+ Verbose Summary: Synthesis Manager
============================================================
InlineROM: 1
ExposeGlobal: 0
============================================================
+ Verbose Summary: CDFG Model
============================================================
IsTopModel: 0
ResetActiveHigh: 1
IsCombinational: 0
IsDatapathOnly: 0
HasWiredReturn: 1
HasMFsm: 2
HasVarLatency: 1
IsPipeline: 0
IsRtlPipelined: 0
IsInstanceOverlapped: 0
IsDontTouch: 0
HasImplIP: 0
IsGatedGlobalClock: 0

+ Individual pipeline summary: 
  * Pipeline-0: initiation interval (II) = 1, depth = 2


============================================================
+ Verbose Summary: Schedule
============================================================
* Number of FSM states : 10
* Pipeline : 1
  Pipeline-0 : II = 1, D = 2, States = { 8 9 }
* Dataflow Pipeline: 0

* FSM state transitions: 
1 --> 2 
2 --> 3 
3 --> 4 
4 --> 5 
5 --> 6 
6 --> 7 
7 --> 8 
8 --> 10 9 
9 --> 8 
10 --> 

* FSM state operations: 

State 1 <SV = 0> <Delay = 8.75>
ST_1 : Operation 11 [1/1] (0.00ns)   --->   "%i = alloca i32 1"   --->   Operation 11 'alloca' 'i' <Predicate = true> <Delay = 0.00>
ST_1 : Operation 12 [1/1] (0.00ns)   --->   "%block = alloca i32 1"   --->   Operation 12 'alloca' 'block' <Predicate = true> <Delay = 0.00>
ST_1 : Operation 13 [1/1] (0.00ns)   --->   "%block_1 = alloca i32 1"   --->   Operation 13 'alloca' 'block_1' <Predicate = true> <Delay = 0.00>
ST_1 : Operation 14 [1/1] (0.00ns)   --->   "%block_2 = alloca i32 1"   --->   Operation 14 'alloca' 'block_2' <Predicate = true> <Delay = 0.00>
ST_1 : Operation 15 [1/1] (0.00ns)   --->   "%block_3 = alloca i32 1"   --->   Operation 15 'alloca' 'block_3' <Predicate = true> <Delay = 0.00>
ST_1 : Operation 16 [1/1] (0.00ns)   --->   "%block_4 = alloca i32 1"   --->   Operation 16 'alloca' 'block_4' <Predicate = true> <Delay = 0.00>
ST_1 : Operation 17 [1/1] (0.00ns)   --->   "%block_5 = alloca i32 1"   --->   Operation 17 'alloca' 'block_5' <Predicate = true> <Delay = 0.00>
ST_1 : Operation 18 [1/1] (0.00ns)   --->   "%block_6 = alloca i32 1"   --->   Operation 18 'alloca' 'block_6' <Predicate = true> <Delay = 0.00>
ST_1 : Operation 19 [1/1] (0.00ns)   --->   "%block_7 = alloca i32 1"   --->   Operation 19 'alloca' 'block_7' <Predicate = true> <Delay = 0.00>
ST_1 : Operation 20 [1/1] (0.00ns)   --->   "%block_8 = alloca i32 1"   --->   Operation 20 'alloca' 'block_8' <Predicate = true> <Delay = 0.00>
ST_1 : Operation 21 [1/1] (0.00ns)   --->   "%block_9 = alloca i32 1"   --->   Operation 21 'alloca' 'block_9' <Predicate = true> <Delay = 0.00>
ST_1 : Operation 22 [1/1] (0.00ns)   --->   "%block_10 = alloca i32 1"   --->   Operation 22 'alloca' 'block_10' <Predicate = true> <Delay = 0.00>
ST_1 : Operation 23 [1/1] (0.00ns)   --->   "%block_11 = alloca i32 1"   --->   Operation 23 'alloca' 'block_11' <Predicate = true> <Delay = 0.00>
ST_1 : Operation 24 [1/1] (0.00ns)   --->   "%block_12 = alloca i32 1"   --->   Operation 24 'alloca' 'block_12' <Predicate = true> <Delay = 0.00>
ST_1 : Operation 25 [1/1] (0.00ns)   --->   "%block_13 = alloca i32 1"   --->   Operation 25 'alloca' 'block_13' <Predicate = true> <Delay = 0.00>
ST_1 : Operation 26 [1/1] (0.00ns)   --->   "%block_14 = alloca i32 1"   --->   Operation 26 'alloca' 'block_14' <Predicate = true> <Delay = 0.00>
ST_1 : Operation 27 [1/1] (0.00ns)   --->   "%block_15 = alloca i32 1"   --->   Operation 27 'alloca' 'block_15' <Predicate = true> <Delay = 0.00>
ST_1 : Operation 28 [1/1] (0.00ns)   --->   "%sext_ln60_read = read i63 @_ssdm_op_Read.ap_auto.i63, i63 %sext_ln60"   --->   Operation 28 'read' 'sext_ln60_read' <Predicate = true> <Delay = 0.00>
ST_1 : Operation 29 [1/1] (0.00ns)   --->   "%sext_ln60_cast = sext i63 %sext_ln60_read"   --->   Operation 29 'sext' 'sext_ln60_cast' <Predicate = true> <Delay = 0.00>
ST_1 : Operation 30 [1/1] (0.00ns)   --->   "%DATA_addr = getelementptr i32 %DATA, i64 %sext_ln60_cast" [src/sha256_top.cpp:60]   --->   Operation 30 'getelementptr' 'DATA_addr' <Predicate = true> <Delay = 0.00>
ST_1 : Operation 31 [7/7] (8.75ns)   --->   "%p_rd_req = readreq i1 @_ssdm_op_ReadReq.m_axi.i32P1A, i32 %DATA_addr, i32 16" [src/sha256_top.cpp:60]   --->   Operation 31 'readreq' 'p_rd_req' <Predicate = true> <Delay = 8.75> <CoreInst = "m_axi">   --->   Core 113 'm_axi' <Latency = 0> <II = 1> <Delay = 1.00> <Adapter> <Opcode : 'read' 'write' 'readreq' 'writereq' 'writeresp'>
ST_1 : Operation 32 [1/1] (1.58ns)   --->   "%store_ln0 = store i5 0, i5 %i"   --->   Operation 32 'store' 'store_ln0' <Predicate = true> <Delay = 1.58>

State 2 <SV = 1> <Delay = 8.75>
ST_2 : Operation 33 [6/7] (8.75ns)   --->   "%p_rd_req = readreq i1 @_ssdm_op_ReadReq.m_axi.i32P1A, i32 %DATA_addr, i32 16" [src/sha256_top.cpp:60]   --->   Operation 33 'readreq' 'p_rd_req' <Predicate = true> <Delay = 8.75> <CoreInst = "m_axi">   --->   Core 113 'm_axi' <Latency = 0> <II = 1> <Delay = 1.00> <Adapter> <Opcode : 'read' 'write' 'readreq' 'writereq' 'writeresp'>

State 3 <SV = 2> <Delay = 8.75>
ST_3 : Operation 34 [5/7] (8.75ns)   --->   "%p_rd_req = readreq i1 @_ssdm_op_ReadReq.m_axi.i32P1A, i32 %DATA_addr, i32 16" [src/sha256_top.cpp:60]   --->   Operation 34 'readreq' 'p_rd_req' <Predicate = true> <Delay = 8.75> <CoreInst = "m_axi">   --->   Core 113 'm_axi' <Latency = 0> <II = 1> <Delay = 1.00> <Adapter> <Opcode : 'read' 'write' 'readreq' 'writereq' 'writeresp'>

State 4 <SV = 3> <Delay = 8.75>
ST_4 : Operation 35 [4/7] (8.75ns)   --->   "%p_rd_req = readreq i1 @_ssdm_op_ReadReq.m_axi.i32P1A, i32 %DATA_addr, i32 16" [src/sha256_top.cpp:60]   --->   Operation 35 'readreq' 'p_rd_req' <Predicate = true> <Delay = 8.75> <CoreInst = "m_axi">   --->   Core 113 'm_axi' <Latency = 0> <II = 1> <Delay = 1.00> <Adapter> <Opcode : 'read' 'write' 'readreq' 'writereq' 'writeresp'>

State 5 <SV = 4> <Delay = 8.75>
ST_5 : Operation 36 [3/7] (8.75ns)   --->   "%p_rd_req = readreq i1 @_ssdm_op_ReadReq.m_axi.i32P1A, i32 %DATA_addr, i32 16" [src/sha256_top.cpp:60]   --->   Operation 36 'readreq' 'p_rd_req' <Predicate = true> <Delay = 8.75> <CoreInst = "m_axi">   --->   Core 113 'm_axi' <Latency = 0> <II = 1> <Delay = 1.00> <Adapter> <Opcode : 'read' 'write' 'readreq' 'writereq' 'writeresp'>

State 6 <SV = 5> <Delay = 8.75>
ST_6 : Operation 37 [2/7] (8.75ns)   --->   "%p_rd_req = readreq i1 @_ssdm_op_ReadReq.m_axi.i32P1A, i32 %DATA_addr, i32 16" [src/sha256_top.cpp:60]   --->   Operation 37 'readreq' 'p_rd_req' <Predicate = true> <Delay = 8.75> <CoreInst = "m_axi">   --->   Core 113 'm_axi' <Latency = 0> <II = 1> <Delay = 1.00> <Adapter> <Opcode : 'read' 'write' 'readreq' 'writereq' 'writeresp'>

State 7 <SV = 6> <Delay = 8.75>
ST_7 : Operation 38 [1/1] (0.00ns)   --->   "%zext_ln526 = read i32 @_ssdm_op_Read.ap_auto.i32, i32 %zext_ln52"   --->   Operation 38 'read' 'zext_ln526' <Predicate = true> <Delay = 0.00>
ST_7 : Operation 39 [1/1] (0.00ns)   --->   "%sext_ln525 = read i62 @_ssdm_op_Read.ap_auto.i62, i62 %sext_ln52"   --->   Operation 39 'read' 'sext_ln525' <Predicate = true> <Delay = 0.00>
ST_7 : Operation 40 [1/1] (0.00ns)   --->   "%specinterface_ln0 = specinterface void @_ssdm_op_SpecInterface, i32 %DATA, void @empty_2, i32 0, i32 0, void @empty_0, i32 0, i32 256, void @empty_3, void @empty_4, void @empty_0, i32 16, i32 16, i32 16, i32 16, void @empty_0, void @empty_0, i32 4294967295, i32 0"   --->   Operation 40 'specinterface' 'specinterface_ln0' <Predicate = true> <Delay = 0.00>
ST_7 : Operation 41 [1/7] (8.75ns)   --->   "%p_rd_req = readreq i1 @_ssdm_op_ReadReq.m_axi.i32P1A, i32 %DATA_addr, i32 16" [src/sha256_top.cpp:60]   --->   Operation 41 'readreq' 'p_rd_req' <Predicate = true> <Delay = 8.75> <CoreInst = "m_axi">   --->   Core 113 'm_axi' <Latency = 0> <II = 1> <Delay = 1.00> <Adapter> <Opcode : 'read' 'write' 'readreq' 'writereq' 'writeresp'>
ST_7 : Operation 42 [1/1] (0.00ns)   --->   "%br_ln0 = br void %for.inc"   --->   Operation 42 'br' 'br_ln0' <Predicate = true> <Delay = 0.00>

State 8 <SV = 7> <Delay = 3.36>
ST_8 : Operation 43 [1/1] (0.00ns)   --->   "%i_2 = load i5 %i" [src/sha256_top.cpp:60]   --->   Operation 43 'load' 'i_2' <Predicate = true> <Delay = 0.00>
ST_8 : Operation 44 [1/1] (0.00ns)   --->   "%specbitsmap_ln0 = specbitsmap void @_ssdm_op_SpecBitsMap, i32 %DATA"   --->   Operation 44 'specbitsmap' 'specbitsmap_ln0' <Predicate = true> <Delay = 0.00>
ST_8 : Operation 45 [1/1] (1.36ns)   --->   "%icmp_ln58 = icmp_eq  i5 %i_2, i5 16" [src/sha256_top.cpp:58]   --->   Operation 45 'icmp' 'icmp_ln58' <Predicate = true> <Delay = 1.36> <CoreInst = "Cmp">   --->   Core 9 'Cmp' <Latency = 0> <II = 1> <Delay = 1.36> <FuncUnit> <Opcode : 'icmp'> <InPorts = 2> <OutPorts = 1>
ST_8 : Operation 46 [1/1] (0.00ns)   --->   "%empty = speclooptripcount i32 @_ssdm_op_SpecLoopTripCount, i64 16, i64 16, i64 16"   --->   Operation 46 'speclooptripcount' 'empty' <Predicate = true> <Delay = 0.00>
ST_8 : Operation 47 [1/1] (1.78ns)   --->   "%add_ln58 = add i5 %i_2, i5 1" [src/sha256_top.cpp:58]   --->   Operation 47 'add' 'add_ln58' <Predicate = true> <Delay = 1.78> <CoreInst = "Adder">   --->   Core 1 'Adder' <Latency = 0> <II = 1> <Delay = 1.78> <FuncUnit> <Opcode : 'add' 'sub'> <InPorts = 2> <OutPorts = 1>
ST_8 : Operation 48 [1/1] (0.00ns)   --->   "%br_ln58 = br i1 %icmp_ln58, void %for.inc.split, void %for.inc17.exitStub" [src/sha256_top.cpp:58]   --->   Operation 48 'br' 'br_ln58' <Predicate = true> <Delay = 0.00>
ST_8 : Operation 49 [1/1] (0.00ns)   --->   "%trunc_ln60 = trunc i5 %i_2" [src/sha256_top.cpp:60]   --->   Operation 49 'trunc' 'trunc_ln60' <Predicate = (!icmp_ln58)> <Delay = 0.00>
ST_8 : Operation 50 [1/1] (0.95ns)   --->   "%switch_ln60 = switch i4 %trunc_ln60, void %arrayidx14.case.15, i4 0, void %for.inc.split.arrayidx14.exit_crit_edge, i4 1, void %for.inc.split.arrayidx14.exit_crit_edge7, i4 2, void %arrayidx14.case.2, i4 3, void %arrayidx14.case.3, i4 4, void %arrayidx14.case.4, i4 5, void %arrayidx14.case.5, i4 6, void %arrayidx14.case.6, i4 7, void %arrayidx14.case.7, i4 8, void %arrayidx14.case.8, i4 9, void %arrayidx14.case.9, i4 10, void %arrayidx14.case.10, i4 11, void %arrayidx14.case.11, i4 12, void %arrayidx14.case.12, i4 13, void %arrayidx14.case.13, i4 14, void %arrayidx14.case.14" [src/sha256_top.cpp:60]   --->   Operation 50 'switch' 'switch_ln60' <Predicate = (!icmp_ln58)> <Delay = 0.95>
ST_8 : Operation 51 [1/1] (1.58ns)   --->   "%store_ln58 = store i5 %add_ln58, i5 %i" [src/sha256_top.cpp:58]   --->   Operation 51 'store' 'store_ln58' <Predicate = (!icmp_ln58)> <Delay = 1.58>
ST_8 : Operation 52 [1/1] (0.00ns)   --->   "%br_ln58 = br void %for.inc" [src/sha256_top.cpp:58]   --->   Operation 52 'br' 'br_ln58' <Predicate = (!icmp_ln58)> <Delay = 0.00>

State 9 <SV = 8> <Delay = 8.75>
ST_9 : Operation 53 [1/1] (0.00ns)   --->   "%specpipeline_ln59 = specpipeline void @_ssdm_op_SpecPipeline, i32 1, i32 0, i32 0, i32 0, void @empty_0" [src/sha256_top.cpp:59]   --->   Operation 53 'specpipeline' 'specpipeline_ln59' <Predicate = true> <Delay = 0.00>
ST_9 : Operation 54 [1/1] (0.00ns)   --->   "%specloopname_ln58 = specloopname void @_ssdm_op_SpecLoopName, void @empty_14" [src/sha256_top.cpp:58]   --->   Operation 54 'specloopname' 'specloopname_ln58' <Predicate = true> <Delay = 0.00>
ST_9 : Operation 55 [1/1] (8.75ns)   --->   "%DATA_addr_read = read i32 @_ssdm_op_Read.m_axi.i32P1A, i32 %DATA_addr" [src/sha256_top.cpp:60]   --->   Operation 55 'read' 'DATA_addr_read' <Predicate = true> <Delay = 8.75> <CoreInst = "m_axi">   --->   Core 113 'm_axi' <Latency = 0> <II = 1> <Delay = 1.00> <Adapter> <Opcode : 'read' 'write' 'readreq' 'writereq' 'writeresp'>
ST_9 : Operation 56 [1/1] (0.00ns)   --->   "%store_ln60 = store i32 %DATA_addr_read, i32 %block" [src/sha256_top.cpp:60]   --->   Operation 56 'store' 'store_ln60' <Predicate = (trunc_ln60 == 14)> <Delay = 0.00>
ST_9 : Operation 57 [1/1] (0.00ns)   --->   "%br_ln60 = br void %arrayidx14.exit" [src/sha256_top.cpp:60]   --->   Operation 57 'br' 'br_ln60' <Predicate = (trunc_ln60 == 14)> <Delay = 0.00>
ST_9 : Operation 58 [1/1] (0.00ns)   --->   "%store_ln60 = store i32 %DATA_addr_read, i32 %block_1" [src/sha256_top.cpp:60]   --->   Operation 58 'store' 'store_ln60' <Predicate = (trunc_ln60 == 13)> <Delay = 0.00>
ST_9 : Operation 59 [1/1] (0.00ns)   --->   "%br_ln60 = br void %arrayidx14.exit" [src/sha256_top.cpp:60]   --->   Operation 59 'br' 'br_ln60' <Predicate = (trunc_ln60 == 13)> <Delay = 0.00>
ST_9 : Operation 60 [1/1] (0.00ns)   --->   "%store_ln60 = store i32 %DATA_addr_read, i32 %block_2" [src/sha256_top.cpp:60]   --->   Operation 60 'store' 'store_ln60' <Predicate = (trunc_ln60 == 12)> <Delay = 0.00>
ST_9 : Operation 61 [1/1] (0.00ns)   --->   "%br_ln60 = br void %arrayidx14.exit" [src/sha256_top.cpp:60]   --->   Operation 61 'br' 'br_ln60' <Predicate = (trunc_ln60 == 12)> <Delay = 0.00>
ST_9 : Operation 62 [1/1] (0.00ns)   --->   "%store_ln60 = store i32 %DATA_addr_read, i32 %block_3" [src/sha256_top.cpp:60]   --->   Operation 62 'store' 'store_ln60' <Predicate = (trunc_ln60 == 11)> <Delay = 0.00>
ST_9 : Operation 63 [1/1] (0.00ns)   --->   "%br_ln60 = br void %arrayidx14.exit" [src/sha256_top.cpp:60]   --->   Operation 63 'br' 'br_ln60' <Predicate = (trunc_ln60 == 11)> <Delay = 0.00>
ST_9 : Operation 64 [1/1] (0.00ns)   --->   "%store_ln60 = store i32 %DATA_addr_read, i32 %block_4" [src/sha256_top.cpp:60]   --->   Operation 64 'store' 'store_ln60' <Predicate = (trunc_ln60 == 10)> <Delay = 0.00>
ST_9 : Operation 65 [1/1] (0.00ns)   --->   "%br_ln60 = br void %arrayidx14.exit" [src/sha256_top.cpp:60]   --->   Operation 65 'br' 'br_ln60' <Predicate = (trunc_ln60 == 10)> <Delay = 0.00>
ST_9 : Operation 66 [1/1] (0.00ns)   --->   "%store_ln60 = store i32 %DATA_addr_read, i32 %block_5" [src/sha256_top.cpp:60]   --->   Operation 66 'store' 'store_ln60' <Predicate = (trunc_ln60 == 9)> <Delay = 0.00>
ST_9 : Operation 67 [1/1] (0.00ns)   --->   "%br_ln60 = br void %arrayidx14.exit" [src/sha256_top.cpp:60]   --->   Operation 67 'br' 'br_ln60' <Predicate = (trunc_ln60 == 9)> <Delay = 0.00>
ST_9 : Operation 68 [1/1] (0.00ns)   --->   "%store_ln60 = store i32 %DATA_addr_read, i32 %block_6" [src/sha256_top.cpp:60]   --->   Operation 68 'store' 'store_ln60' <Predicate = (trunc_ln60 == 8)> <Delay = 0.00>
ST_9 : Operation 69 [1/1] (0.00ns)   --->   "%br_ln60 = br void %arrayidx14.exit" [src/sha256_top.cpp:60]   --->   Operation 69 'br' 'br_ln60' <Predicate = (trunc_ln60 == 8)> <Delay = 0.00>
ST_9 : Operation 70 [1/1] (0.00ns)   --->   "%store_ln60 = store i32 %DATA_addr_read, i32 %block_7" [src/sha256_top.cpp:60]   --->   Operation 70 'store' 'store_ln60' <Predicate = (trunc_ln60 == 7)> <Delay = 0.00>
ST_9 : Operation 71 [1/1] (0.00ns)   --->   "%br_ln60 = br void %arrayidx14.exit" [src/sha256_top.cpp:60]   --->   Operation 71 'br' 'br_ln60' <Predicate = (trunc_ln60 == 7)> <Delay = 0.00>
ST_9 : Operation 72 [1/1] (0.00ns)   --->   "%store_ln60 = store i32 %DATA_addr_read, i32 %block_8" [src/sha256_top.cpp:60]   --->   Operation 72 'store' 'store_ln60' <Predicate = (trunc_ln60 == 6)> <Delay = 0.00>
ST_9 : Operation 73 [1/1] (0.00ns)   --->   "%br_ln60 = br void %arrayidx14.exit" [src/sha256_top.cpp:60]   --->   Operation 73 'br' 'br_ln60' <Predicate = (trunc_ln60 == 6)> <Delay = 0.00>
ST_9 : Operation 74 [1/1] (0.00ns)   --->   "%store_ln60 = store i32 %DATA_addr_read, i32 %block_9" [src/sha256_top.cpp:60]   --->   Operation 74 'store' 'store_ln60' <Predicate = (trunc_ln60 == 5)> <Delay = 0.00>
ST_9 : Operation 75 [1/1] (0.00ns)   --->   "%br_ln60 = br void %arrayidx14.exit" [src/sha256_top.cpp:60]   --->   Operation 75 'br' 'br_ln60' <Predicate = (trunc_ln60 == 5)> <Delay = 0.00>
ST_9 : Operation 76 [1/1] (0.00ns)   --->   "%store_ln60 = store i32 %DATA_addr_read, i32 %block_10" [src/sha256_top.cpp:60]   --->   Operation 76 'store' 'store_ln60' <Predicate = (trunc_ln60 == 4)> <Delay = 0.00>
ST_9 : Operation 77 [1/1] (0.00ns)   --->   "%br_ln60 = br void %arrayidx14.exit" [src/sha256_top.cpp:60]   --->   Operation 77 'br' 'br_ln60' <Predicate = (trunc_ln60 == 4)> <Delay = 0.00>
ST_9 : Operation 78 [1/1] (0.00ns)   --->   "%store_ln60 = store i32 %DATA_addr_read, i32 %block_11" [src/sha256_top.cpp:60]   --->   Operation 78 'store' 'store_ln60' <Predicate = (trunc_ln60 == 3)> <Delay = 0.00>
ST_9 : Operation 79 [1/1] (0.00ns)   --->   "%br_ln60 = br void %arrayidx14.exit" [src/sha256_top.cpp:60]   --->   Operation 79 'br' 'br_ln60' <Predicate = (trunc_ln60 == 3)> <Delay = 0.00>
ST_9 : Operation 80 [1/1] (0.00ns)   --->   "%store_ln60 = store i32 %DATA_addr_read, i32 %block_12" [src/sha256_top.cpp:60]   --->   Operation 80 'store' 'store_ln60' <Predicate = (trunc_ln60 == 2)> <Delay = 0.00>
ST_9 : Operation 81 [1/1] (0.00ns)   --->   "%br_ln60 = br void %arrayidx14.exit" [src/sha256_top.cpp:60]   --->   Operation 81 'br' 'br_ln60' <Predicate = (trunc_ln60 == 2)> <Delay = 0.00>
ST_9 : Operation 82 [1/1] (0.00ns)   --->   "%store_ln60 = store i32 %DATA_addr_read, i32 %block_13" [src/sha256_top.cpp:60]   --->   Operation 82 'store' 'store_ln60' <Predicate = (trunc_ln60 == 1)> <Delay = 0.00>
ST_9 : Operation 83 [1/1] (0.00ns)   --->   "%br_ln60 = br void %arrayidx14.exit" [src/sha256_top.cpp:60]   --->   Operation 83 'br' 'br_ln60' <Predicate = (trunc_ln60 == 1)> <Delay = 0.00>
ST_9 : Operation 84 [1/1] (0.00ns)   --->   "%store_ln60 = store i32 %DATA_addr_read, i32 %block_14" [src/sha256_top.cpp:60]   --->   Operation 84 'store' 'store_ln60' <Predicate = (trunc_ln60 == 0)> <Delay = 0.00>
ST_9 : Operation 85 [1/1] (0.00ns)   --->   "%br_ln60 = br void %arrayidx14.exit" [src/sha256_top.cpp:60]   --->   Operation 85 'br' 'br_ln60' <Predicate = (trunc_ln60 == 0)> <Delay = 0.00>
ST_9 : Operation 86 [1/1] (0.00ns)   --->   "%store_ln60 = store i32 %DATA_addr_read, i32 %block_15" [src/sha256_top.cpp:60]   --->   Operation 86 'store' 'store_ln60' <Predicate = (trunc_ln60 == 15)> <Delay = 0.00>
ST_9 : Operation 87 [1/1] (0.00ns)   --->   "%br_ln60 = br void %arrayidx14.exit" [src/sha256_top.cpp:60]   --->   Operation 87 'br' 'br_ln60' <Predicate = (trunc_ln60 == 15)> <Delay = 0.00>

State 10 <SV = 8> <Delay = 0.00>
ST_10 : Operation 88 [1/1] (0.00ns)   --->   "%block_load = load i32 %block"   --->   Operation 88 'load' 'block_load' <Predicate = true> <Delay = 0.00>
ST_10 : Operation 89 [1/1] (0.00ns)   --->   "%block_1_load = load i32 %block_1"   --->   Operation 89 'load' 'block_1_load' <Predicate = true> <Delay = 0.00>
ST_10 : Operation 90 [1/1] (0.00ns)   --->   "%block_2_load = load i32 %block_2"   --->   Operation 90 'load' 'block_2_load' <Predicate = true> <Delay = 0.00>
ST_10 : Operation 91 [1/1] (0.00ns)   --->   "%block_3_load = load i32 %block_3"   --->   Operation 91 'load' 'block_3_load' <Predicate = true> <Delay = 0.00>
ST_10 : Operation 92 [1/1] (0.00ns)   --->   "%block_4_load = load i32 %block_4"   --->   Operation 92 'load' 'block_4_load' <Predicate = true> <Delay = 0.00>
ST_10 : Operation 93 [1/1] (0.00ns)   --->   "%block_5_load = load i32 %block_5"   --->   Operation 93 'load' 'block_5_load' <Predicate = true> <Delay = 0.00>
ST_10 : Operation 94 [1/1] (0.00ns)   --->   "%block_6_load = load i32 %block_6"   --->   Operation 94 'load' 'block_6_load' <Predicate = true> <Delay = 0.00>
ST_10 : Operation 95 [1/1] (0.00ns)   --->   "%block_7_load = load i32 %block_7"   --->   Operation 95 'load' 'block_7_load' <Predicate = true> <Delay = 0.00>
ST_10 : Operation 96 [1/1] (0.00ns)   --->   "%block_8_load = load i32 %block_8"   --->   Operation 96 'load' 'block_8_load' <Predicate = true> <Delay = 0.00>
ST_10 : Operation 97 [1/1] (0.00ns)   --->   "%block_9_load = load i32 %block_9"   --->   Operation 97 'load' 'block_9_load' <Predicate = true> <Delay = 0.00>
ST_10 : Operation 98 [1/1] (0.00ns)   --->   "%block_10_load = load i32 %block_10"   --->   Operation 98 'load' 'block_10_load' <Predicate = true> <Delay = 0.00>
ST_10 : Operation 99 [1/1] (0.00ns)   --->   "%block_11_load = load i32 %block_11"   --->   Operation 99 'load' 'block_11_load' <Predicate = true> <Delay = 0.00>
ST_10 : Operation 100 [1/1] (0.00ns)   --->   "%block_12_load = load i32 %block_12"   --->   Operation 100 'load' 'block_12_load' <Predicate = true> <Delay = 0.00>
ST_10 : Operation 101 [1/1] (0.00ns)   --->   "%block_13_load = load i32 %block_13"   --->   Operation 101 'load' 'block_13_load' <Predicate = true> <Delay = 0.00>
ST_10 : Operation 102 [1/1] (0.00ns)   --->   "%block_14_load = load i32 %block_14"   --->   Operation 102 'load' 'block_14_load' <Predicate = true> <Delay = 0.00>
ST_10 : Operation 103 [1/1] (0.00ns)   --->   "%block_15_load = load i32 %block_15"   --->   Operation 103 'load' 'block_15_load' <Predicate = true> <Delay = 0.00>
ST_10 : Operation 104 [1/1] (0.00ns)   --->   "%write_ln0 = write void @_ssdm_op_Write.ap_auto.i32P0A, i32 %block_15_out, i32 %block_15_load"   --->   Operation 104 'write' 'write_ln0' <Predicate = true> <Delay = 0.00>
ST_10 : Operation 105 [1/1] (0.00ns)   --->   "%write_ln0 = write void @_ssdm_op_Write.ap_auto.i32P0A, i32 %block_14_out, i32 %block_14_load"   --->   Operation 105 'write' 'write_ln0' <Predicate = true> <Delay = 0.00>
ST_10 : Operation 106 [1/1] (0.00ns)   --->   "%write_ln0 = write void @_ssdm_op_Write.ap_auto.i32P0A, i32 %block_13_out, i32 %block_13_load"   --->   Operation 106 'write' 'write_ln0' <Predicate = true> <Delay = 0.00>
ST_10 : Operation 107 [1/1] (0.00ns)   --->   "%write_ln0 = write void @_ssdm_op_Write.ap_auto.i32P0A, i32 %block_12_out, i32 %block_12_load"   --->   Operation 107 'write' 'write_ln0' <Predicate = true> <Delay = 0.00>
ST_10 : Operation 108 [1/1] (0.00ns)   --->   "%write_ln0 = write void @_ssdm_op_Write.ap_auto.i32P0A, i32 %block_11_out, i32 %block_11_load"   --->   Operation 108 'write' 'write_ln0' <Predicate = true> <Delay = 0.00>
ST_10 : Operation 109 [1/1] (0.00ns)   --->   "%write_ln0 = write void @_ssdm_op_Write.ap_auto.i32P0A, i32 %block_10_out, i32 %block_10_load"   --->   Operation 109 'write' 'write_ln0' <Predicate = true> <Delay = 0.00>
ST_10 : Operation 110 [1/1] (0.00ns)   --->   "%write_ln0 = write void @_ssdm_op_Write.ap_auto.i32P0A, i32 %block_9_out, i32 %block_9_load"   --->   Operation 110 'write' 'write_ln0' <Predicate = true> <Delay = 0.00>
ST_10 : Operation 111 [1/1] (0.00ns)   --->   "%write_ln0 = write void @_ssdm_op_Write.ap_auto.i32P0A, i32 %block_8_out, i32 %block_8_load"   --->   Operation 111 'write' 'write_ln0' <Predicate = true> <Delay = 0.00>
ST_10 : Operation 112 [1/1] (0.00ns)   --->   "%write_ln0 = write void @_ssdm_op_Write.ap_auto.i32P0A, i32 %block_7_out, i32 %block_7_load"   --->   Operation 112 'write' 'write_ln0' <Predicate = true> <Delay = 0.00>
ST_10 : Operation 113 [1/1] (0.00ns)   --->   "%write_ln0 = write void @_ssdm_op_Write.ap_auto.i32P0A, i32 %block_6_out, i32 %block_6_load"   --->   Operation 113 'write' 'write_ln0' <Predicate = true> <Delay = 0.00>
ST_10 : Operation 114 [1/1] (0.00ns)   --->   "%write_ln0 = write void @_ssdm_op_Write.ap_auto.i32P0A, i32 %block_5_out, i32 %block_5_load"   --->   Operation 114 'write' 'write_ln0' <Predicate = true> <Delay = 0.00>
ST_10 : Operation 115 [1/1] (0.00ns)   --->   "%write_ln0 = write void @_ssdm_op_Write.ap_auto.i32P0A, i32 %block_4_out, i32 %block_4_load"   --->   Operation 115 'write' 'write_ln0' <Predicate = true> <Delay = 0.00>
ST_10 : Operation 116 [1/1] (0.00ns)   --->   "%write_ln0 = write void @_ssdm_op_Write.ap_auto.i32P0A, i32 %block_3_out, i32 %block_3_load"   --->   Operation 116 'write' 'write_ln0' <Predicate = true> <Delay = 0.00>
ST_10 : Operation 117 [1/1] (0.00ns)   --->   "%write_ln0 = write void @_ssdm_op_Write.ap_auto.i32P0A, i32 %block_2_out, i32 %block_2_load"   --->   Operation 117 'write' 'write_ln0' <Predicate = true> <Delay = 0.00>
ST_10 : Operation 118 [1/1] (0.00ns)   --->   "%write_ln0 = write void @_ssdm_op_Write.ap_auto.i32P0A, i32 %block_1_out, i32 %block_1_load"   --->   Operation 118 'write' 'write_ln0' <Predicate = true> <Delay = 0.00>
ST_10 : Operation 119 [1/1] (0.00ns)   --->   "%write_ln0 = write void @_ssdm_op_Write.ap_auto.i32P0A, i32 %block_out, i32 %block_load"   --->   Operation 119 'write' 'write_ln0' <Predicate = true> <Delay = 0.00>
ST_10 : Operation 120 [1/1] (0.00ns)   --->   "%ret_ln0 = ret"   --->   Operation 120 'ret' 'ret_ln0' <Predicate = true> <Delay = 0.00>


============================================================
+ Verbose Summary: Timing violations
============================================================
Target clock period: 10ns, clock uncertainty: 1.25ns.

 <State 1>: 8.75ns
The critical path consists of the following:
	wire read operation ('sext_ln60_read') on port 'sext_ln60' [40]  (0 ns)
	'getelementptr' operation ('DATA_addr', src/sha256_top.cpp:60) [43]  (0 ns)
	bus request operation ('p_rd_req', src/sha256_top.cpp:60) on port 'DATA' (src/sha256_top.cpp:60) [44]  (8.75 ns)

 <State 2>: 8.75ns
The critical path consists of the following:
	bus request operation ('p_rd_req', src/sha256_top.cpp:60) on port 'DATA' (src/sha256_top.cpp:60) [44]  (8.75 ns)

 <State 3>: 8.75ns
The critical path consists of the following:
	bus request operation ('p_rd_req', src/sha256_top.cpp:60) on port 'DATA' (src/sha256_top.cpp:60) [44]  (8.75 ns)

 <State 4>: 8.75ns
The critical path consists of the following:
	bus request operation ('p_rd_req', src/sha256_top.cpp:60) on port 'DATA' (src/sha256_top.cpp:60) [44]  (8.75 ns)

 <State 5>: 8.75ns
The critical path consists of the following:
	bus request operation ('p_rd_req', src/sha256_top.cpp:60) on port 'DATA' (src/sha256_top.cpp:60) [44]  (8.75 ns)

 <State 6>: 8.75ns
The critical path consists of the following:
	bus request operation ('p_rd_req', src/sha256_top.cpp:60) on port 'DATA' (src/sha256_top.cpp:60) [44]  (8.75 ns)

 <State 7>: 8.75ns
The critical path consists of the following:
	bus request operation ('p_rd_req', src/sha256_top.cpp:60) on port 'DATA' (src/sha256_top.cpp:60) [44]  (8.75 ns)

 <State 8>: 3.37ns
The critical path consists of the following:
	'load' operation ('i', src/sha256_top.cpp:60) on local variable 'i' [48]  (0 ns)
	'add' operation ('add_ln58', src/sha256_top.cpp:58) [52]  (1.78 ns)
	'store' operation ('store_ln58', src/sha256_top.cpp:58) of variable 'add_ln58', src/sha256_top.cpp:58 on local variable 'i' [109]  (1.59 ns)

 <State 9>: 8.75ns
The critical path consists of the following:
	bus read operation ('DATA_addr_read', src/sha256_top.cpp:60) on port 'DATA' (src/sha256_top.cpp:60) [57]  (8.75 ns)
	'store' operation ('store_ln60', src/sha256_top.cpp:60) of variable 'DATA_addr_read', src/sha256_top.cpp:60 on local variable 'block_6' [79]  (0 ns)

 <State 10>: 0ns
The critical path consists of the following:


============================================================
+ Verbose Summary: Binding
============================================================
N/A
* FSMD analyzer results:
  - Output states:
 - Input state : 
  - Chain level:
	State 1
	State 2
	State 3
	State 4
	State 5
	State 6
	State 7
	State 8
	State 9
	State 10


============================================================
+ Verbose Summary: Datapath Resource usage 
============================================================
N/A
