

================================================================
== Vitis HLS Report for 'sha256_process_block_Pipeline_COMPRESS'
================================================================
* Date:           Sun Aug 23 12:50:42 2026

* Version:        2022.1 (Build 3526262 on Mon Apr 18 15:48:16 MDT 2022)
* Project:        sha256
* Solution:       solution1 (Vivado IP Flow Target)
* Product family: zynq
* Target device:  xc7z020-clg484-1


================================================================
== Performance Estimates
================================================================
+ Timing: 
    * Summary: 
    +--------+----------+----------+------------+
    |  Clock |  Target  | Estimated| Uncertainty|
    +--------+----------+----------+------------+
    |ap_clk  |  10.00 ns|  8.511 ns|     1.25 ns|
    +--------+----------+----------+------------+

+ Latency: 
    * Summary: 
    +---------+---------+----------+----------+-----+-----+---------+
    |  Latency (cycles) |  Latency (absolute) |  Interval | Pipeline|
    |   min   |   max   |    min   |    max   | min | max |   Type  |
    +---------+---------+----------+----------+-----+-----+---------+
    |      131|      131|  1.310 us|  1.310 us|  131|  131|       no|
    +---------+---------+----------+----------+-----+-----+---------+

    + Detail: 
        * Instance: 
        N/A

        * Loop: 
        +------------+---------+---------+----------+-----------+-----------+------+----------+
        |            |  Latency (cycles) | Iteration|  Initiation Interval  | Trip |          |
        |  Loop Name |   min   |   max   |  Latency |  achieved |   target  | Count| Pipelined|
        +------------+---------+---------+----------+-----------+-----------+------+----------+
        |- COMPRESS  |      129|      129|         3|          2|          2|    64|       yes|
        +------------+---------+---------+----------+-----------+-----------+------+----------+

============================================================
+ Verbose Summary: Synthesis Manager
============================================================
InlineROM: 1
ExposeGlobal: 0
============================================================
+ Verbose Summary: CDFG Model
============================================================
IsTopModel: 0
ResetActiveHigh: 1
IsCombinational: 0
IsDatapathOnly: 0
HasWiredReturn: 1
HasMFsm: 2
HasVarLatency: 1
IsPipeline: 0
IsRtlPipelined: 0
IsInstanceOverlapped: 0
IsDontTouch: 0
HasImplIP: 0
IsGatedGlobalClock: 0

+ Individual pipeline summary: 
  * Pipeline-0: initiation interval (II) = 2, depth = 4


============================================================
+ Verbose Summary: Schedule
============================================================
* Number of FSM states : 4
* Pipeline : 1
  Pipeline-0 : II = 2, D = 4, States = { 1 2 3 4 }
* Dataflow Pipeline: 0

* FSM state transitions: 
1 --> 2 
2 --> 3 
3 --> 4 
4 --> 

* FSM state operations: 

State 1 <SV = 0> <Delay = 1.58>
ST_1 : Operation 6 [1/1] (0.00ns)   --->   "%d_1 = alloca i32 1"   --->   Operation 6 'alloca' 'd_1' <Predicate = true> <Delay = 0.00>
ST_1 : Operation 7 [1/1] (0.00ns)   --->   "%g_1 = alloca i32 1"   --->   Operation 7 'alloca' 'g_1' <Predicate = true> <Delay = 0.00>
ST_1 : Operation 8 [1/1] (0.00ns)   --->   "%h_1 = alloca i32 1"   --->   Operation 8 'alloca' 'h_1' <Predicate = true> <Delay = 0.00>
ST_1 : Operation 9 [1/1] (0.00ns)   --->   "%t_1 = alloca i32 1"   --->   Operation 9 'alloca' 't_1' <Predicate = true> <Delay = 0.00>
ST_1 : Operation 10 [1/1] (0.00ns)   --->   "%d_2 = alloca i32 1"   --->   Operation 10 'alloca' 'd_2' <Predicate = true> <Delay = 0.00>
ST_1 : Operation 11 [1/1] (0.00ns)   --->   "%c_1 = alloca i32 1"   --->   Operation 11 'alloca' 'c_1' <Predicate = true> <Delay = 0.00>
ST_1 : Operation 12 [1/1] (0.00ns)   --->   "%b_1 = alloca i32 1"   --->   Operation 12 'alloca' 'b_1' <Predicate = true> <Delay = 0.00>
ST_1 : Operation 13 [1/1] (0.00ns)   --->   "%f_1 = alloca i32 1"   --->   Operation 13 'alloca' 'f_1' <Predicate = true> <Delay = 0.00>
ST_1 : Operation 14 [1/1] (0.00ns)   --->   "%h_2 = alloca i32 1"   --->   Operation 14 'alloca' 'h_2' <Predicate = true> <Delay = 0.00>
ST_1 : Operation 15 [1/1] (0.00ns)   --->   "%W_reload_read = read i32 @_ssdm_op_Read.ap_auto.i32, i32 %W_reload"   --->   Operation 15 'read' 'W_reload_read' <Predicate = true> <Delay = 0.00>
ST_1 : Operation 16 [1/1] (0.00ns)   --->   "%W_1_reload_read = read i32 @_ssdm_op_Read.ap_auto.i32, i32 %W_1_reload"   --->   Operation 16 'read' 'W_1_reload_read' <Predicate = true> <Delay = 0.00>
ST_1 : Operation 17 [1/1] (0.00ns)   --->   "%W_2_reload_read = read i32 @_ssdm_op_Read.ap_auto.i32, i32 %W_2_reload"   --->   Operation 17 'read' 'W_2_reload_read' <Predicate = true> <Delay = 0.00>
ST_1 : Operation 18 [1/1] (0.00ns)   --->   "%W_3_reload_read = read i32 @_ssdm_op_Read.ap_auto.i32, i32 %W_3_reload"   --->   Operation 18 'read' 'W_3_reload_read' <Predicate = true> <Delay = 0.00>
ST_1 : Operation 19 [1/1] (0.00ns)   --->   "%W_4_reload_read = read i32 @_ssdm_op_Read.ap_auto.i32, i32 %W_4_reload"   --->   Operation 19 'read' 'W_4_reload_read' <Predicate = true> <Delay = 0.00>
ST_1 : Operation 20 [1/1] (0.00ns)   --->   "%W_5_reload_read = read i32 @_ssdm_op_Read.ap_auto.i32, i32 %W_5_reload"   --->   Operation 20 'read' 'W_5_reload_read' <Predicate = true> <Delay = 0.00>
ST_1 : Operation 21 [1/1] (0.00ns)   --->   "%W_6_reload_read = read i32 @_ssdm_op_Read.ap_auto.i32, i32 %W_6_reload"   --->   Operation 21 'read' 'W_6_reload_read' <Predicate = true> <Delay = 0.00>
ST_1 : Operation 22 [1/1] (0.00ns)   --->   "%W_7_reload_read = read i32 @_ssdm_op_Read.ap_auto.i32, i32 %W_7_reload"   --->   Operation 22 'read' 'W_7_reload_read' <Predicate = true> <Delay = 0.00>
ST_1 : Operation 23 [1/1] (0.00ns)   --->   "%W_8_reload_read = read i32 @_ssdm_op_Read.ap_auto.i32, i32 %W_8_reload"   --->   Operation 23 'read' 'W_8_reload_read' <Predicate = true> <Delay = 0.00>
ST_1 : Operation 24 [1/1] (0.00ns)   --->   "%W_9_reload_read = read i32 @_ssdm_op_Read.ap_auto.i32, i32 %W_9_reload"   --->   Operation 24 'read' 'W_9_reload_read' <Predicate = true> <Delay = 0.00>
ST_1 : Operation 25 [1/1] (0.00ns)   --->   "%W_10_reload_read = read i32 @_ssdm_op_Read.ap_auto.i32, i32 %W_10_reload"   --->   Operation 25 'read' 'W_10_reload_read' <Predicate = true> <Delay = 0.00>
ST_1 : Operation 26 [1/1] (0.00ns)   --->   "%W_11_reload_read = read i32 @_ssdm_op_Read.ap_auto.i32, i32 %W_11_reload"   --->   Operation 26 'read' 'W_11_reload_read' <Predicate = true> <Delay = 0.00>
ST_1 : Operation 27 [1/1] (0.00ns)   --->   "%W_12_reload_read = read i32 @_ssdm_op_Read.ap_auto.i32, i32 %W_12_reload"   --->   Operation 27 'read' 'W_12_reload_read' <Predicate = true> <Delay = 0.00>
ST_1 : Operation 28 [1/1] (0.00ns)   --->   "%W_13_reload_read = read i32 @_ssdm_op_Read.ap_auto.i32, i32 %W_13_reload"   --->   Operation 28 'read' 'W_13_reload_read' <Predicate = true> <Delay = 0.00>
ST_1 : Operation 29 [1/1] (0.00ns)   --->   "%W_14_reload_read = read i32 @_ssdm_op_Read.ap_auto.i32, i32 %W_14_reload"   --->   Operation 29 'read' 'W_14_reload_read' <Predicate = true> <Delay = 0.00>
ST_1 : Operation 30 [1/1] (0.00ns)   --->   "%W_15_reload_read = read i32 @_ssdm_op_Read.ap_auto.i32, i32 %W_15_reload"   --->   Operation 30 'read' 'W_15_reload_read' <Predicate = true> <Delay = 0.00>
ST_1 : Operation 31 [1/1] (0.00ns)   --->   "%W_47_reload_read = read i32 @_ssdm_op_Read.ap_auto.i32, i32 %W_47_reload"   --->   Operation 31 'read' 'W_47_reload_read' <Predicate = true> <Delay = 0.00>
ST_1 : Operation 32 [1/1] (0.00ns)   --->   "%W_46_reload_read = read i32 @_ssdm_op_Read.ap_auto.i32, i32 %W_46_reload"   --->   Operation 32 'read' 'W_46_reload_read' <Predicate = true> <Delay = 0.00>
ST_1 : Operation 33 [1/1] (0.00ns)   --->   "%W_45_reload_read = read i32 @_ssdm_op_Read.ap_auto.i32, i32 %W_45_reload"   --->   Operation 33 'read' 'W_45_reload_read' <Predicate = true> <Delay = 0.00>
ST_1 : Operation 34 [1/1] (0.00ns)   --->   "%W_44_reload_read = read i32 @_ssdm_op_Read.ap_auto.i32, i32 %W_44_reload"   --->   Operation 34 'read' 'W_44_reload_read' <Predicate = true> <Delay = 0.00>
ST_1 : Operation 35 [1/1] (0.00ns)   --->   "%W_43_reload_read = read i32 @_ssdm_op_Read.ap_auto.i32, i32 %W_43_reload"   --->   Operation 35 'read' 'W_43_reload_read' <Predicate = true> <Delay = 0.00>
ST_1 : Operation 36 [1/1] (0.00ns)   --->   "%W_42_reload_read = read i32 @_ssdm_op_Read.ap_auto.i32, i32 %W_42_reload"   --->   Operation 36 'read' 'W_42_reload_read' <Predicate = true> <Delay = 0.00>
ST_1 : Operation 37 [1/1] (0.00ns)   --->   "%W_41_reload_read = read i32 @_ssdm_op_Read.ap_auto.i32, i32 %W_41_reload"   --->   Operation 37 'read' 'W_41_reload_read' <Predicate = true> <Delay = 0.00>
ST_1 : Operation 38 [1/1] (0.00ns)   --->   "%W_40_reload_read = read i32 @_ssdm_op_Read.ap_auto.i32, i32 %W_40_reload"   --->   Operation 38 'read' 'W_40_reload_read' <Predicate = true> <Delay = 0.00>
ST_1 : Operation 39 [1/1] (0.00ns)   --->   "%W_39_reload_read = read i32 @_ssdm_op_Read.ap_auto.i32, i32 %W_39_reload"   --->   Operation 39 'read' 'W_39_reload_read' <Predicate = true> <Delay = 0.00>
ST_1 : Operation 40 [1/1] (0.00ns)   --->   "%W_38_reload_read = read i32 @_ssdm_op_Read.ap_auto.i32, i32 %W_38_reload"   --->   Operation 40 'read' 'W_38_reload_read' <Predicate = true> <Delay = 0.00>
ST_1 : Operation 41 [1/1] (0.00ns)   --->   "%W_37_reload_read = read i32 @_ssdm_op_Read.ap_auto.i32, i32 %W_37_reload"   --->   Operation 41 'read' 'W_37_reload_read' <Predicate = true> <Delay = 0.00>
ST_1 : Operation 42 [1/1] (0.00ns)   --->   "%W_36_reload_read = read i32 @_ssdm_op_Read.ap_auto.i32, i32 %W_36_reload"   --->   Operation 42 'read' 'W_36_reload_read' <Predicate = true> <Delay = 0.00>
ST_1 : Operation 43 [1/1] (0.00ns)   --->   "%W_35_reload_read = read i32 @_ssdm_op_Read.ap_auto.i32, i32 %W_35_reload"   --->   Operation 43 'read' 'W_35_reload_read' <Predicate = true> <Delay = 0.00>
ST_1 : Operation 44 [1/1] (0.00ns)   --->   "%W_34_reload_read = read i32 @_ssdm_op_Read.ap_auto.i32, i32 %W_34_reload"   --->   Operation 44 'read' 'W_34_reload_read' <Predicate = true> <Delay = 0.00>
ST_1 : Operation 45 [1/1] (0.00ns)   --->   "%W_33_reload_read = read i32 @_ssdm_op_Read.ap_auto.i32, i32 %W_33_reload"   --->   Operation 45 'read' 'W_33_reload_read' <Predicate = true> <Delay = 0.00>
ST_1 : Operation 46 [1/1] (0.00ns)   --->   "%W_32_reload_read = read i32 @_ssdm_op_Read.ap_auto.i32, i32 %W_32_reload"   --->   Operation 46 'read' 'W_32_reload_read' <Predicate = true> <Delay = 0.00>
ST_1 : Operation 47 [1/1] (0.00ns)   --->   "%W_31_reload_read = read i32 @_ssdm_op_Read.ap_auto.i32, i32 %W_31_reload"   --->   Operation 47 'read' 'W_31_reload_read' <Predicate = true> <Delay = 0.00>
ST_1 : Operation 48 [1/1] (0.00ns)   --->   "%W_30_reload_read = read i32 @_ssdm_op_Read.ap_auto.i32, i32 %W_30_reload"   --->   Operation 48 'read' 'W_30_reload_read' <Predicate = true> <Delay = 0.00>
ST_1 : Operation 49 [1/1] (0.00ns)   --->   "%W_29_reload_read = read i32 @_ssdm_op_Read.ap_auto.i32, i32 %W_29_reload"   --->   Operation 49 'read' 'W_29_reload_read' <Predicate = true> <Delay = 0.00>
ST_1 : Operation 50 [1/1] (0.00ns)   --->   "%W_28_reload_read = read i32 @_ssdm_op_Read.ap_auto.i32, i32 %W_28_reload"   --->   Operation 50 'read' 'W_28_reload_read' <Predicate = true> <Delay = 0.00>
ST_1 : Operation 51 [1/1] (0.00ns)   --->   "%W_27_reload_read = read i32 @_ssdm_op_Read.ap_auto.i32, i32 %W_27_reload"   --->   Operation 51 'read' 'W_27_reload_read' <Predicate = true> <Delay = 0.00>
ST_1 : Operation 52 [1/1] (0.00ns)   --->   "%W_26_reload_read = read i32 @_ssdm_op_Read.ap_auto.i32, i32 %W_26_reload"   --->   Operation 52 'read' 'W_26_reload_read' <Predicate = true> <Delay = 0.00>
ST_1 : Operation 53 [1/1] (0.00ns)   --->   "%W_25_reload_read = read i32 @_ssdm_op_Read.ap_auto.i32, i32 %W_25_reload"   --->   Operation 53 'read' 'W_25_reload_read' <Predicate = true> <Delay = 0.00>
ST_1 : Operation 54 [1/1] (0.00ns)   --->   "%W_24_reload_read = read i32 @_ssdm_op_Read.ap_auto.i32, i32 %W_24_reload"   --->   Operation 54 'read' 'W_24_reload_read' <Predicate = true> <Delay = 0.00>
ST_1 : Operation 55 [1/1] (0.00ns)   --->   "%W_23_reload_read = read i32 @_ssdm_op_Read.ap_auto.i32, i32 %W_23_reload"   --->   Operation 55 'read' 'W_23_reload_read' <Predicate = true> <Delay = 0.00>
ST_1 : Operation 56 [1/1] (0.00ns)   --->   "%W_22_reload_read = read i32 @_ssdm_op_Read.ap_auto.i32, i32 %W_22_reload"   --->   Operation 56 'read' 'W_22_reload_read' <Predicate = true> <Delay = 0.00>
ST_1 : Operation 57 [1/1] (0.00ns)   --->   "%W_21_reload_read = read i32 @_ssdm_op_Read.ap_auto.i32, i32 %W_21_reload"   --->   Operation 57 'read' 'W_21_reload_read' <Predicate = true> <Delay = 0.00>
ST_1 : Operation 58 [1/1] (0.00ns)   --->   "%W_20_reload_read = read i32 @_ssdm_op_Read.ap_auto.i32, i32 %W_20_reload"   --->   Operation 58 'read' 'W_20_reload_read' <Predicate = true> <Delay = 0.00>
ST_1 : Operation 59 [1/1] (0.00ns)   --->   "%W_19_reload_read = read i32 @_ssdm_op_Read.ap_auto.i32, i32 %W_19_reload"   --->   Operation 59 'read' 'W_19_reload_read' <Predicate = true> <Delay = 0.00>
ST_1 : Operation 60 [1/1] (0.00ns)   --->   "%W_18_reload_read = read i32 @_ssdm_op_Read.ap_auto.i32, i32 %W_18_reload"   --->   Operation 60 'read' 'W_18_reload_read' <Predicate = true> <Delay = 0.00>
ST_1 : Operation 61 [1/1] (0.00ns)   --->   "%W_17_reload_read = read i32 @_ssdm_op_Read.ap_auto.i32, i32 %W_17_reload"   --->   Operation 61 'read' 'W_17_reload_read' <Predicate = true> <Delay = 0.00>
ST_1 : Operation 62 [1/1] (0.00ns)   --->   "%W_16_reload_read = read i32 @_ssdm_op_Read.ap_auto.i32, i32 %W_16_reload"   --->   Operation 62 'read' 'W_16_reload_read' <Predicate = true> <Delay = 0.00>
ST_1 : Operation 63 [1/1] (0.00ns)   --->   "%block_read_32 = read i32 @_ssdm_op_Read.ap_auto.i32, i32 %block_read_30"   --->   Operation 63 'read' 'block_read_32' <Predicate = true> <Delay = 0.00>
ST_1 : Operation 64 [1/1] (0.00ns)   --->   "%block_read_33 = read i32 @_ssdm_op_Read.ap_auto.i32, i32 %block_read_29"   --->   Operation 64 'read' 'block_read_33' <Predicate = true> <Delay = 0.00>
ST_1 : Operation 65 [1/1] (0.00ns)   --->   "%block_read_34 = read i32 @_ssdm_op_Read.ap_auto.i32, i32 %block_read_28"   --->   Operation 65 'read' 'block_read_34' <Predicate = true> <Delay = 0.00>
ST_1 : Operation 66 [1/1] (0.00ns)   --->   "%block_read_35 = read i32 @_ssdm_op_Read.ap_auto.i32, i32 %block_read_27"   --->   Operation 66 'read' 'block_read_35' <Predicate = true> <Delay = 0.00>
ST_1 : Operation 67 [1/1] (0.00ns)   --->   "%block_read_36 = read i32 @_ssdm_op_Read.ap_auto.i32, i32 %block_read_26"   --->   Operation 67 'read' 'block_read_36' <Predicate = true> <Delay = 0.00>
ST_1 : Operation 68 [1/1] (0.00ns)   --->   "%block_read_37 = read i32 @_ssdm_op_Read.ap_auto.i32, i32 %block_read_25"   --->   Operation 68 'read' 'block_read_37' <Predicate = true> <Delay = 0.00>
ST_1 : Operation 69 [1/1] (0.00ns)   --->   "%block_read_38 = read i32 @_ssdm_op_Read.ap_auto.i32, i32 %block_read_24"   --->   Operation 69 'read' 'block_read_38' <Predicate = true> <Delay = 0.00>
ST_1 : Operation 70 [1/1] (0.00ns)   --->   "%block_read_39 = read i32 @_ssdm_op_Read.ap_auto.i32, i32 %block_read_23"   --->   Operation 70 'read' 'block_read_39' <Predicate = true> <Delay = 0.00>
ST_1 : Operation 71 [1/1] (0.00ns)   --->   "%block_read_40 = read i32 @_ssdm_op_Read.ap_auto.i32, i32 %block_read_22"   --->   Operation 71 'read' 'block_read_40' <Predicate = true> <Delay = 0.00>
ST_1 : Operation 72 [1/1] (0.00ns)   --->   "%block_read_41 = read i32 @_ssdm_op_Read.ap_auto.i32, i32 %block_read_21"   --->   Operation 72 'read' 'block_read_41' <Predicate = true> <Delay = 0.00>
ST_1 : Operation 73 [1/1] (0.00ns)   --->   "%block_read_42 = read i32 @_ssdm_op_Read.ap_auto.i32, i32 %block_read_20"   --->   Operation 73 'read' 'block_read_42' <Predicate = true> <Delay = 0.00>
ST_1 : Operation 74 [1/1] (0.00ns)   --->   "%block_read_43 = read i32 @_ssdm_op_Read.ap_auto.i32, i32 %block_read_19"   --->   Operation 74 'read' 'block_read_43' <Predicate = true> <Delay = 0.00>
ST_1 : Operation 75 [1/1] (0.00ns)   --->   "%block_read_44 = read i32 @_ssdm_op_Read.ap_auto.i32, i32 %block_read_18"   --->   Operation 75 'read' 'block_read_44' <Predicate = true> <Delay = 0.00>
ST_1 : Operation 76 [1/1] (0.00ns)   --->   "%block_read_45 = read i32 @_ssdm_op_Read.ap_auto.i32, i32 %block_read_17"   --->   Operation 76 'read' 'block_read_45' <Predicate = true> <Delay = 0.00>
ST_1 : Operation 77 [1/1] (0.00ns)   --->   "%block_read_46 = read i32 @_ssdm_op_Read.ap_auto.i32, i32 %block_read_16"   --->   Operation 77 'read' 'block_read_46' <Predicate = true> <Delay = 0.00>
ST_1 : Operation 78 [1/1] (0.00ns)   --->   "%block_read_47 = read i32 @_ssdm_op_Read.ap_auto.i32, i32 %block_read"   --->   Operation 78 'read' 'block_read_47' <Predicate = true> <Delay = 0.00>
ST_1 : Operation 79 [1/1] (0.00ns)   --->   "%c_read = read i32 @_ssdm_op_Read.ap_auto.i32, i32 %c"   --->   Operation 79 'read' 'c_read' <Predicate = true> <Delay = 0.00>
ST_1 : Operation 80 [1/1] (0.00ns)   --->   "%b_read = read i32 @_ssdm_op_Read.ap_auto.i32, i32 %b"   --->   Operation 80 'read' 'b_read' <Predicate = true> <Delay = 0.00>
ST_1 : Operation 81 [1/1] (0.00ns)   --->   "%a_read = read i32 @_ssdm_op_Read.ap_auto.i32, i32 %a"   --->   Operation 81 'read' 'a_read' <Predicate = true> <Delay = 0.00>
ST_1 : Operation 82 [1/1] (0.00ns)   --->   "%d_read = read i32 @_ssdm_op_Read.ap_auto.i32, i32 %d"   --->   Operation 82 'read' 'd_read' <Predicate = true> <Delay = 0.00>
ST_1 : Operation 83 [1/1] (0.00ns)   --->   "%e_read = read i32 @_ssdm_op_Read.ap_auto.i32, i32 %e"   --->   Operation 83 'read' 'e_read' <Predicate = true> <Delay = 0.00>
ST_1 : Operation 84 [1/1] (0.00ns)   --->   "%f_read = read i32 @_ssdm_op_Read.ap_auto.i32, i32 %f"   --->   Operation 84 'read' 'f_read' <Predicate = true> <Delay = 0.00>
ST_1 : Operation 85 [1/1] (0.00ns)   --->   "%g_read = read i32 @_ssdm_op_Read.ap_auto.i32, i32 %g"   --->   Operation 85 'read' 'g_read' <Predicate = true> <Delay = 0.00>
ST_1 : Operation 86 [1/1] (0.00ns)   --->   "%h_read = read i32 @_ssdm_op_Read.ap_auto.i32, i32 %h"   --->   Operation 86 'read' 'h_read' <Predicate = true> <Delay = 0.00>
ST_1 : Operation 87 [1/1] (1.58ns)   --->   "%store_ln0 = store i32 %g_read, i32 %h_2"   --->   Operation 87 'store' 'store_ln0' <Predicate = true> <Delay = 1.58>
ST_1 : Operation 88 [1/1] (1.58ns)   --->   "%store_ln0 = store i32 %e_read, i32 %f_1"   --->   Operation 88 'store' 'store_ln0' <Predicate = true> <Delay = 1.58>
ST_1 : Operation 89 [1/1] (1.58ns)   --->   "%store_ln0 = store i32 %a_read, i32 %b_1"   --->   Operation 89 'store' 'store_ln0' <Predicate = true> <Delay = 1.58>
ST_1 : Operation 90 [1/1] (1.58ns)   --->   "%store_ln0 = store i32 %b_read, i32 %c_1"   --->   Operation 90 'store' 'store_ln0' <Predicate = true> <Delay = 1.58>
ST_1 : Operation 91 [1/1] (1.58ns)   --->   "%store_ln0 = store i32 %c_read, i32 %d_2"   --->   Operation 91 'store' 'store_ln0' <Predicate = true> <Delay = 1.58>
ST_1 : Operation 92 [1/1] (1.58ns)   --->   "%store_ln0 = store i7 0, i7 %t_1"   --->   Operation 92 'store' 'store_ln0' <Predicate = true> <Delay = 1.58>
ST_1 : Operation 93 [1/1] (1.58ns)   --->   "%store_ln0 = store i32 %h_read, i32 %h_1"   --->   Operation 93 'store' 'store_ln0' <Predicate = true> <Delay = 1.58>
ST_1 : Operation 94 [1/1] (1.58ns)   --->   "%store_ln0 = store i32 %f_read, i32 %g_1"   --->   Operation 94 'store' 'store_ln0' <Predicate = true> <Delay = 1.58>
ST_1 : Operation 95 [1/1] (1.58ns)   --->   "%store_ln0 = store i32 %d_read, i32 %d_1"   --->   Operation 95 'store' 'store_ln0' <Predicate = true> <Delay = 1.58>
ST_1 : Operation 96 [1/1] (0.00ns)   --->   "%br_ln0 = br void %for.inc119"   --->   Operation 96 'br' 'br_ln0' <Predicate = true> <Delay = 0.00>

State 2 <SV = 1> <Delay = 7.50>
ST_2 : Operation 97 [1/1] (0.00ns)   --->   "%t = load i7 %t_1" [src/sha256.cpp:66]   --->   Operation 97 'load' 't' <Predicate = true> <Delay = 0.00>
ST_2 : Operation 98 [1/1] (0.00ns)   --->   "%e_3 = load i32 %f_1" [src/sha256.cpp:70]   --->   Operation 98 'load' 'e_3' <Predicate = true> <Delay = 0.00>
ST_2 : Operation 99 [1/1] (0.00ns)   --->   "%g_3 = load i32 %h_2" [src/sha256.cpp:71]   --->   Operation 99 'load' 'g_3' <Predicate = true> <Delay = 0.00>
ST_2 : Operation 100 [1/1] (1.48ns)   --->   "%icmp_ln66 = icmp_eq  i7 %t, i7 64" [src/sha256.cpp:66]   --->   Operation 100 'icmp' 'icmp_ln66' <Predicate = true> <Delay = 1.48> <CoreInst = "Cmp">   --->   Core 9 'Cmp' <Latency = 0> <II = 1> <Delay = 1.48> <FuncUnit> <Opcode : 'icmp'> <InPorts = 2> <OutPorts = 1>
ST_2 : Operation 101 [1/1] (1.87ns)   --->   "%add_ln66 = add i7 %t, i7 1" [src/sha256.cpp:66]   --->   Operation 101 'add' 'add_ln66' <Predicate = true> <Delay = 1.87> <CoreInst = "Adder">   --->   Core 1 'Adder' <Latency = 0> <II = 1> <Delay = 1.87> <FuncUnit> <Opcode : 'add' 'sub'> <InPorts = 2> <OutPorts = 1>
ST_2 : Operation 102 [1/1] (0.00ns)   --->   "%br_ln66 = br i1 %icmp_ln66, void %xcl_latency.for.inc119.0, void %for.end121.exitStub" [src/sha256.cpp:66]   --->   Operation 102 'br' 'br_ln66' <Predicate = true> <Delay = 0.00>
ST_2 : Operation 103 [1/1] (0.00ns)   --->   "%g_1_load_1 = load i32 %g_1" [src/sha256.cpp:66]   --->   Operation 103 'load' 'g_1_load_1' <Predicate = (!icmp_ln66)> <Delay = 0.00>
ST_2 : Operation 104 [1/1] (0.00ns)   --->   "%h_1_load = load i32 %h_1" [src/sha256.cpp:80]   --->   Operation 104 'load' 'h_1_load' <Predicate = (!icmp_ln66)> <Delay = 0.00>
ST_2 : Operation 105 [1/1] (0.00ns)   --->   "%rbegin = specregionbegin i32 @_ssdm_op_SpecRegionBegin, void @empty" [src/sha256.cpp:66]   --->   Operation 105 'specregionbegin' 'rbegin' <Predicate = (!icmp_ln66)> <Delay = 0.00>
ST_2 : Operation 106 [1/1] (0.00ns) (grouped into LUT with out node s1)   --->   "%lshr_ln2 = partselect i26 @_ssdm_op_PartSelect.i26.i32.i32.i32, i32 %e_3, i32 6, i32 31" [src/sha256.cpp:70]   --->   Operation 106 'partselect' 'lshr_ln2' <Predicate = (!icmp_ln66)> <Delay = 0.00>
ST_2 : Operation 107 [1/1] (0.00ns) (grouped into LUT with out node s1)   --->   "%trunc_ln70 = trunc i32 %e_3" [src/sha256.cpp:70]   --->   Operation 107 'trunc' 'trunc_ln70' <Predicate = (!icmp_ln66)> <Delay = 0.00>
ST_2 : Operation 108 [1/1] (0.00ns) (grouped into LUT with out node s1)   --->   "%or_ln2 = bitconcatenate i32 @_ssdm_op_BitConcatenate.i32.i6.i26, i6 %trunc_ln70, i26 %lshr_ln2" [src/sha256.cpp:70]   --->   Operation 108 'bitconcatenate' 'or_ln2' <Predicate = (!icmp_ln66)> <Delay = 0.00>
ST_2 : Operation 109 [1/1] (0.00ns) (grouped into LUT with out node s1)   --->   "%lshr_ln70_1 = partselect i21 @_ssdm_op_PartSelect.i21.i32.i32.i32, i32 %e_3, i32 11, i32 31" [src/sha256.cpp:70]   --->   Operation 109 'partselect' 'lshr_ln70_1' <Predicate = (!icmp_ln66)> <Delay = 0.00>
ST_2 : Operation 110 [1/1] (0.00ns) (grouped into LUT with out node s1)   --->   "%trunc_ln70_1 = trunc i32 %e_3" [src/sha256.cpp:70]   --->   Operation 110 'trunc' 'trunc_ln70_1' <Predicate = (!icmp_ln66)> <Delay = 0.00>
ST_2 : Operation 111 [1/1] (0.00ns) (grouped into LUT with out node s1)   --->   "%or_ln70_1 = bitconcatenate i32 @_ssdm_op_BitConcatenate.i32.i11.i21, i11 %trunc_ln70_1, i21 %lshr_ln70_1" [src/sha256.cpp:70]   --->   Operation 111 'bitconcatenate' 'or_ln70_1' <Predicate = (!icmp_ln66)> <Delay = 0.00>
ST_2 : Operation 112 [1/1] (0.00ns) (grouped into LUT with out node s1)   --->   "%lshr_ln70_2 = partselect i7 @_ssdm_op_PartSelect.i7.i32.i32.i32, i32 %e_3, i32 25, i32 31" [src/sha256.cpp:70]   --->   Operation 112 'partselect' 'lshr_ln70_2' <Predicate = (!icmp_ln66)> <Delay = 0.00>
ST_2 : Operation 113 [1/1] (0.00ns) (grouped into LUT with out node s1)   --->   "%trunc_ln70_2 = trunc i32 %e_3" [src/sha256.cpp:70]   --->   Operation 113 'trunc' 'trunc_ln70_2' <Predicate = (!icmp_ln66)> <Delay = 0.00>
ST_2 : Operation 114 [1/1] (0.00ns) (grouped into LUT with out node s1)   --->   "%or_ln70_2 = bitconcatenate i32 @_ssdm_op_BitConcatenate.i32.i25.i7, i25 %trunc_ln70_2, i7 %lshr_ln70_2" [src/sha256.cpp:70]   --->   Operation 114 'bitconcatenate' 'or_ln70_2' <Predicate = (!icmp_ln66)> <Delay = 0.00>
ST_2 : Operation 115 [1/1] (0.00ns) (grouped into LUT with out node s1)   --->   "%xor_ln70 = xor i32 %or_ln2, i32 %or_ln70_1" [src/sha256.cpp:70]   --->   Operation 115 'xor' 'xor_ln70' <Predicate = (!icmp_ln66)> <Delay = 0.00> <CoreInst = "LogicGate">   --->   Core 74 'LogicGate' <Latency = 0> <II = 1> <Delay = 0.99> <FuncUnit> <Opcode : 'and' 'or' 'xor'> <InPorts = 2> <OutPorts = 1>
ST_2 : Operation 116 [1/1] (0.99ns) (out node of the LUT)   --->   "%s1 = xor i32 %xor_ln70, i32 %or_ln70_2" [src/sha256.cpp:70]   --->   Operation 116 'xor' 's1' <Predicate = (!icmp_ln66)> <Delay = 0.99> <CoreInst = "LogicGate">   --->   Core 74 'LogicGate' <Latency = 0> <II = 1> <Delay = 0.99> <FuncUnit> <Opcode : 'and' 'or' 'xor'> <InPorts = 2> <OutPorts = 1>
ST_2 : Operation 117 [1/1] (0.00ns) (grouped into LUT with out node ch)   --->   "%and_ln71 = and i32 %e_3, i32 %g_1_load_1" [src/sha256.cpp:71]   --->   Operation 117 'and' 'and_ln71' <Predicate = (!icmp_ln66)> <Delay = 0.00> <CoreInst = "LogicGate">   --->   Core 74 'LogicGate' <Latency = 0> <II = 1> <Delay = 0.99> <FuncUnit> <Opcode : 'and' 'or' 'xor'> <InPorts = 2> <OutPorts = 1>
ST_2 : Operation 118 [1/1] (0.00ns) (grouped into LUT with out node ch)   --->   "%xor_ln71 = xor i32 %e_3, i32 4294967295" [src/sha256.cpp:71]   --->   Operation 118 'xor' 'xor_ln71' <Predicate = (!icmp_ln66)> <Delay = 0.00> <CoreInst = "LogicGate">   --->   Core 74 'LogicGate' <Latency = 0> <II = 1> <Delay = 0.99> <FuncUnit> <Opcode : 'and' 'or' 'xor'> <InPorts = 2> <OutPorts = 1>
ST_2 : Operation 119 [1/1] (0.00ns) (grouped into LUT with out node ch)   --->   "%and_ln71_1 = and i32 %g_3, i32 %xor_ln71" [src/sha256.cpp:71]   --->   Operation 119 'and' 'and_ln71_1' <Predicate = (!icmp_ln66)> <Delay = 0.00> <CoreInst = "LogicGate">   --->   Core 74 'LogicGate' <Latency = 0> <II = 1> <Delay = 0.99> <FuncUnit> <Opcode : 'and' 'or' 'xor'> <InPorts = 2> <OutPorts = 1>
ST_2 : Operation 120 [1/1] (0.99ns) (out node of the LUT)   --->   "%ch = xor i32 %and_ln71, i32 %and_ln71_1" [src/sha256.cpp:71]   --->   Operation 120 'xor' 'ch' <Predicate = (!icmp_ln66)> <Delay = 0.99> <CoreInst = "LogicGate">   --->   Core 74 'LogicGate' <Latency = 0> <II = 1> <Delay = 0.99> <FuncUnit> <Opcode : 'and' 'or' 'xor'> <InPorts = 2> <OutPorts = 1>
ST_2 : Operation 121 [1/1] (3.13ns)   --->   "%kt = mux i32 @_ssdm_op_Mux.ap_auto.64i32.i7, i32 1116352408, i32 1899447441, i32 3049323471, i32 3921009573, i32 961987163, i32 1508970993, i32 2453635748, i32 2870763221, i32 3624381080, i32 310598401, i32 607225278, i32 1426881987, i32 1925078388, i32 2162078206, i32 2614888103, i32 3248222580, i32 3835390401, i32 4022224774, i32 264347078, i32 604807628, i32 770255983, i32 1249150122, i32 1555081692, i32 1996064986, i32 2554220882, i32 2821834349, i32 2952996808, i32 3210313671, i32 3336571891, i32 3584528711, i32 113926993, i32 338241895, i32 666307205, i32 773529912, i32 1294757372, i32 1396182291, i32 1695183700, i32 1986661051, i32 2177026350, i32 2456956037, i32 2730485921, i32 2820302411, i32 3259730800, i32 3345764771, i32 3516065817, i32 3600352804, i32 4094571909, i32 275423344, i32 430227734, i32 506948616, i32 659060556, i32 883997877, i32 958139571, i32 1322822218, i32 1537002063, i32 1747873779, i32 1955562222, i32 2024104815, i32 2227730452, i32 2361852424, i32 2428436474, i32 2756734187, i32 3204031479, i32 3329325298, i7 %t" [src/sha256.cpp:74]   --->   Operation 121 'mux' 'kt' <Predicate = (!icmp_ln66)> <Delay = 3.13> <CoreInst = "Multiplexer">   --->   Core 76 'Multiplexer' <Latency = 0> <II = 1> <Delay = 3.13> <FuncUnit> <Opcode : 'mux'> <InPorts = 2> <OutPorts = 1>
ST_2 : Operation 122 [1/1] (3.13ns)   --->   "%wt = mux i32 @_ssdm_op_Mux.ap_auto.64i32.i7, i32 %block_read_47, i32 %block_read_46, i32 %block_read_45, i32 %block_read_44, i32 %block_read_43, i32 %block_read_42, i32 %block_read_41, i32 %block_read_40, i32 %block_read_39, i32 %block_read_38, i32 %block_read_37, i32 %block_read_36, i32 %block_read_35, i32 %block_read_34, i32 %block_read_33, i32 %block_read_32, i32 %W_16_reload_read, i32 %W_17_reload_read, i32 %W_18_reload_read, i32 %W_19_reload_read, i32 %W_20_reload_read, i32 %W_21_reload_read, i32 %W_22_reload_read, i32 %W_23_reload_read, i32 %W_24_reload_read, i32 %W_25_reload_read, i32 %W_26_reload_read, i32 %W_27_reload_read, i32 %W_28_reload_read, i32 %W_29_reload_read, i32 %W_30_reload_read, i32 %W_31_reload_read, i32 %W_32_reload_read, i32 %W_33_reload_read, i32 %W_34_reload_read, i32 %W_35_reload_read, i32 %W_36_reload_read, i32 %W_37_reload_read, i32 %W_38_reload_read, i32 %W_39_reload_read, i32 %W_40_reload_read, i32 %W_41_reload_read, i32 %W_42_reload_read, i32 %W_43_reload_read, i32 %W_44_reload_read, i32 %W_45_reload_read, i32 %W_46_reload_read, i32 %W_47_reload_read, i32 %W_15_reload_read, i32 %W_14_reload_read, i32 %W_13_reload_read, i32 %W_12_reload_read, i32 %W_11_reload_read, i32 %W_10_reload_read, i32 %W_9_reload_read, i32 %W_8_reload_read, i32 %W_7_reload_read, i32 %W_6_reload_read, i32 %W_5_reload_read, i32 %W_4_reload_read, i32 %W_3_reload_read, i32 %W_2_reload_read, i32 %W_1_reload_read, i32 %W_reload_read, i7 %t" [src/sha256.cpp:75]   --->   Operation 122 'mux' 'wt' <Predicate = (!icmp_ln66)> <Delay = 3.13> <CoreInst = "Multiplexer">   --->   Core 76 'Multiplexer' <Latency = 0> <II = 1> <Delay = 3.13> <FuncUnit> <Opcode : 'mux'> <InPorts = 2> <OutPorts = 1>
ST_2 : Operation 123 [1/1] (0.00ns) (grouped into TernaryAdder)   --->   "%add_ln80_1 = add i32 %ch, i32 %wt" [src/sha256.cpp:80]   --->   Operation 123 'add' 'add_ln80_1' <Predicate = (!icmp_ln66)> <Delay = 0.00> <CoreInst = "TAddSub">   --->   Core 10 'TAddSub' <Latency = 0> <II = 1> <Delay = 2.18> <IPBlock> <Opcode : 'add' 'sub'> <InPorts = 3> <OutPorts = 1> <Sync> <CReg>
ST_2 : Operation 124 [1/1] (4.37ns) (root node of TernaryAdder)   --->   "%add_ln80_2 = add i32 %add_ln80_1, i32 %h_1_load" [src/sha256.cpp:80]   --->   Operation 124 'add' 'add_ln80_2' <Predicate = (!icmp_ln66)> <Delay = 4.37> <CoreInst = "TAddSub">   --->   Core 10 'TAddSub' <Latency = 0> <II = 1> <Delay = 2.18> <IPBlock> <Opcode : 'add' 'sub'> <InPorts = 3> <OutPorts = 1> <Sync> <CReg>
ST_2 : Operation 125 [1/1] (0.00ns)   --->   "%speclatency_ln68 = speclatency void @_ssdm_op_SpecLatency, i64 2, i64 2, void @empty_0" [src/sha256.cpp:68]   --->   Operation 125 'speclatency' 'speclatency_ln68' <Predicate = (!icmp_ln66)> <Delay = 0.00>
ST_2 : Operation 126 [1/1] (1.58ns)   --->   "%store_ln66 = store i32 %g_1_load_1, i32 %h_2" [src/sha256.cpp:66]   --->   Operation 126 'store' 'store_ln66' <Predicate = (!icmp_ln66)> <Delay = 1.58>
ST_2 : Operation 127 [1/1] (1.58ns)   --->   "%store_ln66 = store i7 %add_ln66, i7 %t_1" [src/sha256.cpp:66]   --->   Operation 127 'store' 'store_ln66' <Predicate = (!icmp_ln66)> <Delay = 1.58>
ST_2 : Operation 128 [1/1] (1.58ns)   --->   "%store_ln66 = store i32 %g_3, i32 %h_1" [src/sha256.cpp:66]   --->   Operation 128 'store' 'store_ln66' <Predicate = (!icmp_ln66)> <Delay = 1.58>
ST_2 : Operation 129 [1/1] (1.58ns)   --->   "%store_ln66 = store i32 %e_3, i32 %g_1" [src/sha256.cpp:66]   --->   Operation 129 'store' 'store_ln66' <Predicate = (!icmp_ln66)> <Delay = 1.58>

State 3 <SV = 2> <Delay = 8.51>
ST_3 : Operation 130 [1/1] (0.00ns)   --->   "%c_4 = load i32 %d_2" [src/sha256.cpp:73]   --->   Operation 130 'load' 'c_4' <Predicate = true> <Delay = 0.00>
ST_3 : Operation 131 [1/1] (0.00ns)   --->   "%b_4 = load i32 %c_1" [src/sha256.cpp:73]   --->   Operation 131 'load' 'b_4' <Predicate = true> <Delay = 0.00>
ST_3 : Operation 132 [1/1] (0.00ns)   --->   "%a_3 = load i32 %b_1" [src/sha256.cpp:72]   --->   Operation 132 'load' 'a_3' <Predicate = true> <Delay = 0.00>
ST_3 : Operation 133 [1/1] (0.00ns)   --->   "%empty = speclooptripcount i32 @_ssdm_op_SpecLoopTripCount, i64 64, i64 64, i64 64"   --->   Operation 133 'speclooptripcount' 'empty' <Predicate = true> <Delay = 0.00>
ST_3 : Operation 134 [1/1] (0.00ns)   --->   "%d_1_load = load i32 %d_1" [src/sha256.cpp:87]   --->   Operation 134 'load' 'd_1_load' <Predicate = (!icmp_ln66)> <Delay = 0.00>
ST_3 : Operation 135 [1/1] (0.00ns) (grouped into TernaryAdder)   --->   "%add_ln80 = add i32 %s1, i32 %kt" [src/sha256.cpp:80]   --->   Operation 135 'add' 'add_ln80' <Predicate = (!icmp_ln66)> <Delay = 0.00> <CoreInst = "TAddSub">   --->   Core 10 'TAddSub' <Latency = 0> <II = 1> <Delay = 2.18> <IPBlock> <Opcode : 'add' 'sub'> <InPorts = 3> <OutPorts = 1> <Sync> <CReg>
ST_3 : Operation 136 [1/1] (4.37ns) (root node of TernaryAdder)   --->   "%T1 = add i32 %add_ln80_2, i32 %add_ln80" [src/sha256.cpp:80]   --->   Operation 136 'add' 'T1' <Predicate = (!icmp_ln66)> <Delay = 4.37> <CoreInst = "TAddSub">   --->   Core 10 'TAddSub' <Latency = 0> <II = 1> <Delay = 2.18> <IPBlock> <Opcode : 'add' 'sub'> <InPorts = 3> <OutPorts = 1> <Sync> <CReg>
ST_3 : Operation 137 [1/1] (2.55ns)   --->   "%e_2 = add i32 %T1, i32 %d_1_load" [src/sha256.cpp:87]   --->   Operation 137 'add' 'e_2' <Predicate = (!icmp_ln66)> <Delay = 2.55> <CoreInst = "Adder">   --->   Core 1 'Adder' <Latency = 0> <II = 1> <Delay = 2.55> <FuncUnit> <Opcode : 'add' 'sub'> <InPorts = 2> <OutPorts = 1>
ST_3 : Operation 138 [1/1] (1.58ns)   --->   "%store_ln66 = store i32 %e_2, i32 %f_1" [src/sha256.cpp:66]   --->   Operation 138 'store' 'store_ln66' <Predicate = (!icmp_ln66)> <Delay = 1.58>
ST_3 : Operation 139 [1/1] (1.58ns)   --->   "%store_ln66 = store i32 %a_3, i32 %c_1" [src/sha256.cpp:66]   --->   Operation 139 'store' 'store_ln66' <Predicate = (!icmp_ln66)> <Delay = 1.58>
ST_3 : Operation 140 [1/1] (1.58ns)   --->   "%store_ln66 = store i32 %b_4, i32 %d_2" [src/sha256.cpp:66]   --->   Operation 140 'store' 'store_ln66' <Predicate = (!icmp_ln66)> <Delay = 1.58>
ST_3 : Operation 141 [1/1] (1.58ns)   --->   "%store_ln66 = store i32 %c_4, i32 %d_1" [src/sha256.cpp:66]   --->   Operation 141 'store' 'store_ln66' <Predicate = (!icmp_ln66)> <Delay = 1.58>
ST_3 : Operation 164 [1/1] (0.00ns)   --->   "%d_1_load_1 = load i32 %d_1"   --->   Operation 164 'load' 'd_1_load_1' <Predicate = (icmp_ln66)> <Delay = 0.00>
ST_3 : Operation 165 [1/1] (0.00ns)   --->   "%g_1_load = load i32 %g_1"   --->   Operation 165 'load' 'g_1_load' <Predicate = (icmp_ln66)> <Delay = 0.00>
ST_3 : Operation 166 [1/1] (0.00ns)   --->   "%h_1_load_1 = load i32 %h_1"   --->   Operation 166 'load' 'h_1_load_1' <Predicate = (icmp_ln66)> <Delay = 0.00>
ST_3 : Operation 167 [1/1] (0.00ns)   --->   "%write_ln0 = write void @_ssdm_op_Write.ap_auto.i32P0A, i32 %h_1_out, i32 %h_1_load_1"   --->   Operation 167 'write' 'write_ln0' <Predicate = (icmp_ln66)> <Delay = 0.00>
ST_3 : Operation 168 [1/1] (0.00ns)   --->   "%write_ln71 = write void @_ssdm_op_Write.ap_auto.i32P0A, i32 %g_3_out, i32 %g_3" [src/sha256.cpp:71]   --->   Operation 168 'write' 'write_ln71' <Predicate = (icmp_ln66)> <Delay = 0.00>
ST_3 : Operation 169 [1/1] (0.00ns)   --->   "%write_ln0 = write void @_ssdm_op_Write.ap_auto.i32P0A, i32 %f_3_out, i32 %g_1_load"   --->   Operation 169 'write' 'write_ln0' <Predicate = (icmp_ln66)> <Delay = 0.00>
ST_3 : Operation 170 [1/1] (0.00ns)   --->   "%write_ln70 = write void @_ssdm_op_Write.ap_auto.i32P0A, i32 %e_3_out, i32 %e_3" [src/sha256.cpp:70]   --->   Operation 170 'write' 'write_ln70' <Predicate = (icmp_ln66)> <Delay = 0.00>
ST_3 : Operation 171 [1/1] (0.00ns)   --->   "%write_ln0 = write void @_ssdm_op_Write.ap_auto.i32P0A, i32 %d_1_out, i32 %d_1_load_1"   --->   Operation 171 'write' 'write_ln0' <Predicate = (icmp_ln66)> <Delay = 0.00>
ST_3 : Operation 172 [1/1] (0.00ns)   --->   "%write_ln72 = write void @_ssdm_op_Write.ap_auto.i32P0A, i32 %a_3_out, i32 %a_3" [src/sha256.cpp:72]   --->   Operation 172 'write' 'write_ln72' <Predicate = (icmp_ln66)> <Delay = 0.00>
ST_3 : Operation 173 [1/1] (0.00ns)   --->   "%write_ln73 = write void @_ssdm_op_Write.ap_auto.i32P0A, i32 %b_3_out, i32 %b_4" [src/sha256.cpp:73]   --->   Operation 173 'write' 'write_ln73' <Predicate = (icmp_ln66)> <Delay = 0.00>
ST_3 : Operation 174 [1/1] (0.00ns)   --->   "%write_ln73 = write void @_ssdm_op_Write.ap_auto.i32P0A, i32 %c_3_out, i32 %c_4" [src/sha256.cpp:73]   --->   Operation 174 'write' 'write_ln73' <Predicate = (icmp_ln66)> <Delay = 0.00>
ST_3 : Operation 175 [1/1] (0.00ns)   --->   "%ret_ln0 = ret"   --->   Operation 175 'ret' 'ret_ln0' <Predicate = (icmp_ln66)> <Delay = 0.00>

State 4 <SV = 3> <Delay = 6.95>
ST_4 : Operation 142 [1/1] (0.00ns)   --->   "%specpipeline_ln67 = specpipeline void @_ssdm_op_SpecPipeline, i32 2, i32 0, i32 0, i32 0, void @empty_0" [src/sha256.cpp:67]   --->   Operation 142 'specpipeline' 'specpipeline_ln67' <Predicate = true> <Delay = 0.00>
ST_4 : Operation 143 [1/1] (0.00ns)   --->   "%specloopname_ln54 = specloopname void @_ssdm_op_SpecLoopName, void @empty_16" [src/sha256.cpp:54]   --->   Operation 143 'specloopname' 'specloopname_ln54' <Predicate = true> <Delay = 0.00>
ST_4 : Operation 144 [1/1] (0.00ns) (grouped into LUT with out node s0)   --->   "%lshr_ln3 = partselect i30 @_ssdm_op_PartSelect.i30.i32.i32.i32, i32 %a_3, i32 2, i32 31" [src/sha256.cpp:72]   --->   Operation 144 'partselect' 'lshr_ln3' <Predicate = true> <Delay = 0.00>
ST_4 : Operation 145 [1/1] (0.00ns) (grouped into LUT with out node s0)   --->   "%trunc_ln72 = trunc i32 %a_3" [src/sha256.cpp:72]   --->   Operation 145 'trunc' 'trunc_ln72' <Predicate = true> <Delay = 0.00>
ST_4 : Operation 146 [1/1] (0.00ns) (grouped into LUT with out node s0)   --->   "%or_ln3 = bitconcatenate i32 @_ssdm_op_BitConcatenate.i32.i2.i30, i2 %trunc_ln72, i30 %lshr_ln3" [src/sha256.cpp:72]   --->   Operation 146 'bitconcatenate' 'or_ln3' <Predicate = true> <Delay = 0.00>
ST_4 : Operation 147 [1/1] (0.00ns) (grouped into LUT with out node s0)   --->   "%lshr_ln72_1 = partselect i19 @_ssdm_op_PartSelect.i19.i32.i32.i32, i32 %a_3, i32 13, i32 31" [src/sha256.cpp:72]   --->   Operation 147 'partselect' 'lshr_ln72_1' <Predicate = true> <Delay = 0.00>
ST_4 : Operation 148 [1/1] (0.00ns) (grouped into LUT with out node s0)   --->   "%trunc_ln72_1 = trunc i32 %a_3" [src/sha256.cpp:72]   --->   Operation 148 'trunc' 'trunc_ln72_1' <Predicate = true> <Delay = 0.00>
ST_4 : Operation 149 [1/1] (0.00ns) (grouped into LUT with out node s0)   --->   "%or_ln72_1 = bitconcatenate i32 @_ssdm_op_BitConcatenate.i32.i13.i19, i13 %trunc_ln72_1, i19 %lshr_ln72_1" [src/sha256.cpp:72]   --->   Operation 149 'bitconcatenate' 'or_ln72_1' <Predicate = true> <Delay = 0.00>
ST_4 : Operation 150 [1/1] (0.00ns) (grouped into LUT with out node s0)   --->   "%lshr_ln72_2 = partselect i10 @_ssdm_op_PartSelect.i10.i32.i32.i32, i32 %a_3, i32 22, i32 31" [src/sha256.cpp:72]   --->   Operation 150 'partselect' 'lshr_ln72_2' <Predicate = true> <Delay = 0.00>
ST_4 : Operation 151 [1/1] (0.00ns) (grouped into LUT with out node s0)   --->   "%trunc_ln72_2 = trunc i32 %a_3" [src/sha256.cpp:72]   --->   Operation 151 'trunc' 'trunc_ln72_2' <Predicate = true> <Delay = 0.00>
ST_4 : Operation 152 [1/1] (0.00ns) (grouped into LUT with out node s0)   --->   "%or_ln72_2 = bitconcatenate i32 @_ssdm_op_BitConcatenate.i32.i22.i10, i22 %trunc_ln72_2, i10 %lshr_ln72_2" [src/sha256.cpp:72]   --->   Operation 152 'bitconcatenate' 'or_ln72_2' <Predicate = true> <Delay = 0.00>
ST_4 : Operation 153 [1/1] (0.00ns) (grouped into LUT with out node s0)   --->   "%xor_ln72 = xor i32 %or_ln3, i32 %or_ln72_1" [src/sha256.cpp:72]   --->   Operation 153 'xor' 'xor_ln72' <Predicate = true> <Delay = 0.00> <CoreInst = "LogicGate">   --->   Core 74 'LogicGate' <Latency = 0> <II = 1> <Delay = 0.99> <FuncUnit> <Opcode : 'and' 'or' 'xor'> <InPorts = 2> <OutPorts = 1>
ST_4 : Operation 154 [1/1] (0.99ns) (out node of the LUT)   --->   "%s0 = xor i32 %xor_ln72, i32 %or_ln72_2" [src/sha256.cpp:72]   --->   Operation 154 'xor' 's0' <Predicate = true> <Delay = 0.99> <CoreInst = "LogicGate">   --->   Core 74 'LogicGate' <Latency = 0> <II = 1> <Delay = 0.99> <FuncUnit> <Opcode : 'and' 'or' 'xor'> <InPorts = 2> <OutPorts = 1>
ST_4 : Operation 155 [1/1] (0.00ns) (grouped into LUT with out node maj)   --->   "%xor_ln73 = xor i32 %c_4, i32 %b_4" [src/sha256.cpp:73]   --->   Operation 155 'xor' 'xor_ln73' <Predicate = true> <Delay = 0.00> <CoreInst = "LogicGate">   --->   Core 74 'LogicGate' <Latency = 0> <II = 1> <Delay = 0.99> <FuncUnit> <Opcode : 'and' 'or' 'xor'> <InPorts = 2> <OutPorts = 1>
ST_4 : Operation 156 [1/1] (0.00ns) (grouped into LUT with out node maj)   --->   "%and_ln73 = and i32 %xor_ln73, i32 %a_3" [src/sha256.cpp:73]   --->   Operation 156 'and' 'and_ln73' <Predicate = true> <Delay = 0.00> <CoreInst = "LogicGate">   --->   Core 74 'LogicGate' <Latency = 0> <II = 1> <Delay = 0.99> <FuncUnit> <Opcode : 'and' 'or' 'xor'> <InPorts = 2> <OutPorts = 1>
ST_4 : Operation 157 [1/1] (0.00ns) (grouped into LUT with out node maj)   --->   "%and_ln73_1 = and i32 %c_4, i32 %b_4" [src/sha256.cpp:73]   --->   Operation 157 'and' 'and_ln73_1' <Predicate = true> <Delay = 0.00> <CoreInst = "LogicGate">   --->   Core 74 'LogicGate' <Latency = 0> <II = 1> <Delay = 0.99> <FuncUnit> <Opcode : 'and' 'or' 'xor'> <InPorts = 2> <OutPorts = 1>
ST_4 : Operation 158 [1/1] (0.99ns) (out node of the LUT)   --->   "%maj = xor i32 %and_ln73, i32 %and_ln73_1" [src/sha256.cpp:73]   --->   Operation 158 'xor' 'maj' <Predicate = true> <Delay = 0.99> <CoreInst = "LogicGate">   --->   Core 74 'LogicGate' <Latency = 0> <II = 1> <Delay = 0.99> <FuncUnit> <Opcode : 'and' 'or' 'xor'> <InPorts = 2> <OutPorts = 1>
ST_4 : Operation 159 [1/1] (0.00ns) (grouped into TernaryAdder)   --->   "%add_ln91 = add i32 %T1, i32 %s0" [src/sha256.cpp:91]   --->   Operation 159 'add' 'add_ln91' <Predicate = true> <Delay = 0.00> <CoreInst = "TAddSub">   --->   Core 10 'TAddSub' <Latency = 0> <II = 1> <Delay = 2.18> <IPBlock> <Opcode : 'add' 'sub'> <InPorts = 3> <OutPorts = 1> <Sync> <CReg>
ST_4 : Operation 160 [1/1] (4.37ns) (root node of TernaryAdder)   --->   "%a_2 = add i32 %add_ln91, i32 %maj" [src/sha256.cpp:91]   --->   Operation 160 'add' 'a_2' <Predicate = true> <Delay = 4.37> <CoreInst = "TAddSub">   --->   Core 10 'TAddSub' <Latency = 0> <II = 1> <Delay = 2.18> <IPBlock> <Opcode : 'add' 'sub'> <InPorts = 3> <OutPorts = 1> <Sync> <CReg>
ST_4 : Operation 161 [1/1] (0.00ns)   --->   "%rend = specregionend i32 @_ssdm_op_SpecRegionEnd, void @empty, i32 %rbegin" [src/sha256.cpp:92]   --->   Operation 161 'specregionend' 'rend' <Predicate = true> <Delay = 0.00>
ST_4 : Operation 162 [1/1] (1.58ns)   --->   "%store_ln66 = store i32 %a_2, i32 %b_1" [src/sha256.cpp:66]   --->   Operation 162 'store' 'store_ln66' <Predicate = true> <Delay = 1.58>
ST_4 : Operation 163 [1/1] (0.00ns)   --->   "%br_ln66 = br void %for.inc119" [src/sha256.cpp:66]   --->   Operation 163 'br' 'br_ln66' <Predicate = true> <Delay = 0.00>


============================================================
+ Verbose Summary: Timing violations
============================================================
Target clock period: 10ns, clock uncertainty: 1.25ns.

 <State 1>: 1.59ns
The critical path consists of the following:
	'alloca' operation ('h') [89]  (0 ns)
	'store' operation ('store_ln0') of variable 'g_read' on local variable 'h' [162]  (1.59 ns)

 <State 2>: 7.51ns
The critical path consists of the following:
	'load' operation ('t', src/sha256.cpp:66) on local variable 't' [173]  (0 ns)
	'mux' operation ('wt', src/sha256.cpp:75) [221]  (3.14 ns)
	'add' operation ('add_ln80_1', src/sha256.cpp:80) [223]  (0 ns)
	'add' operation ('add_ln80_2', src/sha256.cpp:80) [224]  (4.37 ns)

 <State 3>: 8.51ns
The critical path consists of the following:
	'add' operation ('add_ln80', src/sha256.cpp:80) [222]  (0 ns)
	'add' operation ('T1', src/sha256.cpp:80) [225]  (4.37 ns)
	'add' operation ('e', src/sha256.cpp:87) [226]  (2.55 ns)
	'store' operation ('store_ln66', src/sha256.cpp:66) of variable 'e', src/sha256.cpp:87 on local variable 'f' [232]  (1.59 ns)

 <State 4>: 6.95ns
The critical path consists of the following:
	'xor' operation ('xor_ln72', src/sha256.cpp:72) [214]  (0 ns)
	'xor' operation ('s0', src/sha256.cpp:72) [215]  (0.993 ns)
	'add' operation ('add_ln91', src/sha256.cpp:91) [227]  (0 ns)
	'add' operation ('a', src/sha256.cpp:91) [228]  (4.37 ns)
	'store' operation ('store_ln66', src/sha256.cpp:66) of variable 'a', src/sha256.cpp:91 on local variable 'b' [233]  (1.59 ns)


============================================================
+ Verbose Summary: Binding
============================================================
N/A
* FSMD analyzer results:
  - Output states:
 - Input state : 
  - Chain level:
	State 1
	State 2
	State 3
	State 4


============================================================
+ Verbose Summary: Datapath Resource usage 
============================================================
N/A
