

================================================================
== Vitis HLS Report for 'sha256_top'
================================================================
* Date:           Sun Aug 23 12:50:43 2026

* Version:        2022.1 (Build 3526262 on Mon Apr 18 15:48:16 MDT 2022)
* Project:        sha256
* Solution:       solution1 (Vivado IP Flow Target)
* Product family: zynq
* Target device:  xc7z020-clg484-1


================================================================
== Performance Estimates
================================================================
+ Timing: 
    * Summary: 
    +--------+----------+----------+------------+
    |  Clock |  Target  | Estimated| Uncertainty|
    +--------+----------+----------+------------+
    |ap_clk  |  10.00 ns|  8.750 ns|     1.25 ns|
    +--------+----------+----------+------------+

+ Latency: 
    * Summary: 
    +---------+---------+----------+----------+-----+-----+---------+
    |  Latency (cycles) |  Latency (absolute) |  Interval | Pipeline|
    |   min   |   max   |    min   |    max   | min | max |   Type  |
    +---------+---------+----------+----------+-----+-----+---------+
    |        ?|        ?|         ?|         ?|    ?|    ?|       no|
    +---------+---------+----------+----------+-----+-----+---------+

    + Detail: 
        * Instance: 
        N/A

        * Loop: 
        +---------------+---------+---------+----------+-----------+-----------+------+----------+
        |               |  Latency (cycles) | Iteration|  Initiation Interval  | Trip |          |
        |   Loop Name   |   min   |   max   |  Latency |  achieved |   target  | Count| Pipelined|
        +---------------+---------+---------+----------+-----------+-----------+------+----------+
        |- HASH_BLOCKS  |        ?|        ?|       267|          -|          -|     ?|        no|
        +---------------+---------+---------+----------+-----------+-----------+------+----------+

============================================================
+ Verbose Summary: Synthesis Manager
============================================================
InlineROM: 1
ExposeGlobal: 0
============================================================
+ Verbose Summary: CDFG Model
============================================================
IsTopModel: 1
ResetActiveHigh: 1
IsCombinational: 0
IsDatapathOnly: 0
HasWiredReturn: 1
HasMFsm: 0
HasVarLatency: 1
IsPipeline: 0
IsRtlPipelined: 0
IsInstanceOverlapped: 0
IsDontTouch: 0
HasImplIP: 0
IsGatedGlobalClock: 0


============================================================
+ Verbose Summary: Schedule
============================================================
* Number of FSM states : 17
* Pipeline : 0
* Dataflow Pipeline: 0

* FSM state transitions: 
1 --> 2 
2 --> 3 
3 --> 4 
4 --> 5 
5 --> 6 10 
6 --> 7 
7 --> 8 
8 --> 9 
9 --> 5 
10 --> 11 
11 --> 12 
12 --> 13 
13 --> 14 
14 --> 15 
15 --> 16 
16 --> 17 
17 --> 

* FSM state operations: 

State 1 <SV = 0> <Delay = 2.32>
ST_1 : Operation 18 [1/1] (0.00ns)   --->   "%b = alloca i32 1"   --->   Operation 18 'alloca' 'b' <Predicate = true> <Delay = 0.00>
ST_1 : Operation 19 [1/1] (0.00ns)   --->   "%msg_ptr = alloca i32 1"   --->   Operation 19 'alloca' 'msg_ptr' <Predicate = true> <Delay = 0.00>
ST_1 : Operation 20 [1/1] (0.00ns)   --->   "%block_loc = alloca i64 1"   --->   Operation 20 'alloca' 'block_loc' <Predicate = true> <Delay = 0.00>
ST_1 : Operation 21 [1/1] (0.00ns)   --->   "%block_1_loc = alloca i64 1"   --->   Operation 21 'alloca' 'block_1_loc' <Predicate = true> <Delay = 0.00>
ST_1 : Operation 22 [1/1] (0.00ns)   --->   "%block_2_loc = alloca i64 1"   --->   Operation 22 'alloca' 'block_2_loc' <Predicate = true> <Delay = 0.00>
ST_1 : Operation 23 [1/1] (0.00ns)   --->   "%block_3_loc = alloca i64 1"   --->   Operation 23 'alloca' 'block_3_loc' <Predicate = true> <Delay = 0.00>
ST_1 : Operation 24 [1/1] (0.00ns)   --->   "%block_4_loc = alloca i64 1"   --->   Operation 24 'alloca' 'block_4_loc' <Predicate = true> <Delay = 0.00>
ST_1 : Operation 25 [1/1] (0.00ns)   --->   "%block_5_loc = alloca i64 1"   --->   Operation 25 'alloca' 'block_5_loc' <Predicate = true> <Delay = 0.00>
ST_1 : Operation 26 [1/1] (0.00ns)   --->   "%block_6_loc = alloca i64 1"   --->   Operation 26 'alloca' 'block_6_loc' <Predicate = true> <Delay = 0.00>
ST_1 : Operation 27 [1/1] (0.00ns)   --->   "%block_7_loc = alloca i64 1"   --->   Operation 27 'alloca' 'block_7_loc' <Predicate = true> <Delay = 0.00>
ST_1 : Operation 28 [1/1] (0.00ns)   --->   "%block_8_loc = alloca i64 1"   --->   Operation 28 'alloca' 'block_8_loc' <Predicate = true> <Delay = 0.00>
ST_1 : Operation 29 [1/1] (0.00ns)   --->   "%block_9_loc = alloca i64 1"   --->   Operation 29 'alloca' 'block_9_loc' <Predicate = true> <Delay = 0.00>
ST_1 : Operation 30 [1/1] (0.00ns)   --->   "%block_10_loc = alloca i64 1"   --->   Operation 30 'alloca' 'block_10_loc' <Predicate = true> <Delay = 0.00>
ST_1 : Operation 31 [1/1] (0.00ns)   --->   "%block_11_loc = alloca i64 1"   --->   Operation 31 'alloca' 'block_11_loc' <Predicate = true> <Delay = 0.00>
ST_1 : Operation 32 [1/1] (0.00ns)   --->   "%block_12_loc = alloca i64 1"   --->   Operation 32 'alloca' 'block_12_loc' <Predicate = true> <Delay = 0.00>
ST_1 : Operation 33 [1/1] (0.00ns)   --->   "%block_13_loc = alloca i64 1"   --->   Operation 33 'alloca' 'block_13_loc' <Predicate = true> <Delay = 0.00>
ST_1 : Operation 34 [1/1] (0.00ns)   --->   "%block_14_loc = alloca i64 1"   --->   Operation 34 'alloca' 'block_14_loc' <Predicate = true> <Delay = 0.00>
ST_1 : Operation 35 [1/1] (0.00ns)   --->   "%block_15_loc = alloca i64 1"   --->   Operation 35 'alloca' 'block_15_loc' <Predicate = true> <Delay = 0.00>
ST_1 : Operation 36 [1/1] (0.00ns)   --->   "%H = alloca i64 1" [src/sha256_top.cpp:36]   --->   Operation 36 'alloca' 'H' <Predicate = true> <Delay = 0.00> <CoreInst = "RAM">   --->   Core 82 'RAM' <Latency = 1> <II = 1> <Delay = 2.32> <Storage> <Opcode : 'load' 'store'> <Ports = 2> <Width = 32> <Depth = 8> <RAM>
ST_1 : Operation 37 [1/1] (0.00ns)   --->   "%H_addr = getelementptr i32 %H, i64 0, i64 0" [src/sha256_top.cpp:37]   --->   Operation 37 'getelementptr' 'H_addr' <Predicate = true> <Delay = 0.00>
ST_1 : Operation 38 [1/1] (2.32ns)   --->   "%store_ln37 = store i32 1779033703, i3 %H_addr" [src/sha256_top.cpp:37]   --->   Operation 38 'store' 'store_ln37' <Predicate = true> <Delay = 2.32> <CoreInst = "RAM">   --->   Core 82 'RAM' <Latency = 1> <II = 1> <Delay = 2.32> <Storage> <Opcode : 'load' 'store'> <Ports = 2> <Width = 32> <Depth = 8> <RAM>
ST_1 : Operation 39 [1/1] (0.00ns)   --->   "%H_addr_1 = getelementptr i32 %H, i64 0, i64 1" [src/sha256_top.cpp:38]   --->   Operation 39 'getelementptr' 'H_addr_1' <Predicate = true> <Delay = 0.00>
ST_1 : Operation 40 [1/1] (2.32ns)   --->   "%store_ln38 = store i32 3144134277, i3 %H_addr_1" [src/sha256_top.cpp:38]   --->   Operation 40 'store' 'store_ln38' <Predicate = true> <Delay = 2.32> <CoreInst = "RAM">   --->   Core 82 'RAM' <Latency = 1> <II = 1> <Delay = 2.32> <Storage> <Opcode : 'load' 'store'> <Ports = 2> <Width = 32> <Depth = 8> <RAM>
ST_1 : Operation 41 [1/1] (1.58ns)   --->   "%store_ln52 = store i32 0, i32 %msg_ptr" [src/sha256_top.cpp:52]   --->   Operation 41 'store' 'store_ln52' <Predicate = true> <Delay = 1.58>
ST_1 : Operation 42 [1/1] (1.58ns)   --->   "%store_ln52 = store i28 0, i28 %b" [src/sha256_top.cpp:52]   --->   Operation 42 'store' 'store_ln52' <Predicate = true> <Delay = 1.58>

State 2 <SV = 1> <Delay = 2.32>
ST_2 : Operation 43 [1/1] (0.00ns)   --->   "%H_addr_2 = getelementptr i32 %H, i64 0, i64 2" [src/sha256_top.cpp:39]   --->   Operation 43 'getelementptr' 'H_addr_2' <Predicate = true> <Delay = 0.00>
ST_2 : Operation 44 [1/1] (2.32ns)   --->   "%store_ln39 = store i32 1013904242, i3 %H_addr_2" [src/sha256_top.cpp:39]   --->   Operation 44 'store' 'store_ln39' <Predicate = true> <Delay = 2.32> <CoreInst = "RAM">   --->   Core 82 'RAM' <Latency = 1> <II = 1> <Delay = 2.32> <Storage> <Opcode : 'load' 'store'> <Ports = 2> <Width = 32> <Depth = 8> <RAM>
ST_2 : Operation 45 [1/1] (0.00ns)   --->   "%H_addr_3 = getelementptr i32 %H, i64 0, i64 3" [src/sha256_top.cpp:40]   --->   Operation 45 'getelementptr' 'H_addr_3' <Predicate = true> <Delay = 0.00>
ST_2 : Operation 46 [1/1] (2.32ns)   --->   "%store_ln40 = store i32 2773480762, i3 %H_addr_3" [src/sha256_top.cpp:40]   --->   Operation 46 'store' 'store_ln40' <Predicate = true> <Delay = 2.32> <CoreInst = "RAM">   --->   Core 82 'RAM' <Latency = 1> <II = 1> <Delay = 2.32> <Storage> <Opcode : 'load' 'store'> <Ports = 2> <Width = 32> <Depth = 8> <RAM>

State 3 <SV = 2> <Delay = 2.32>
ST_3 : Operation 47 [1/1] (0.00ns)   --->   "%H_addr_4 = getelementptr i32 %H, i64 0, i64 4" [src/sha256_top.cpp:41]   --->   Operation 47 'getelementptr' 'H_addr_4' <Predicate = true> <Delay = 0.00>
ST_3 : Operation 48 [1/1] (2.32ns)   --->   "%store_ln41 = store i32 1359893119, i3 %H_addr_4" [src/sha256_top.cpp:41]   --->   Operation 48 'store' 'store_ln41' <Predicate = true> <Delay = 2.32> <CoreInst = "RAM">   --->   Core 82 'RAM' <Latency = 1> <II = 1> <Delay = 2.32> <Storage> <Opcode : 'load' 'store'> <Ports = 2> <Width = 32> <Depth = 8> <RAM>
ST_3 : Operation 49 [1/1] (0.00ns)   --->   "%H_addr_5 = getelementptr i32 %H, i64 0, i64 5" [src/sha256_top.cpp:42]   --->   Operation 49 'getelementptr' 'H_addr_5' <Predicate = true> <Delay = 0.00>
ST_3 : Operation 50 [1/1] (2.32ns)   --->   "%store_ln42 = store i32 2600822924, i3 %H_addr_5" [src/sha256_top.cpp:42]   --->   Operation 50 'store' 'store_ln42' <Predicate = true> <Delay = 2.32> <CoreInst = "RAM">   --->   Core 82 'RAM' <Latency = 1> <II = 1> <Delay = 2.32> <Storage> <Opcode : 'load' 'store'> <Ports = 2> <Width = 32> <Depth = 8> <RAM>

State 4 <SV = 3> <Delay = 6.78>
ST_4 : Operation 51 [1/1] (1.00ns)   --->   "%msg_len_words_read = read i32 @_ssdm_op_Read.s_axilite.i32, i32 %msg_len_words"   --->   Operation 51 'read' 'msg_len_words_read' <Predicate = true> <Delay = 1.00> <CoreInst = "s_axilite">   --->   Core 114 's_axilite' <Latency = 0> <II = 1> <Delay = 1.00> <Adapter> <Opcode : 'read' 'write'>
ST_4 : Operation 52 [1/1] (1.00ns)   --->   "%digest_read = read i64 @_ssdm_op_Read.s_axilite.i64, i64 %digest"   --->   Operation 52 'read' 'digest_read' <Predicate = true> <Delay = 1.00> <CoreInst = "s_axilite">   --->   Core 114 's_axilite' <Latency = 0> <II = 1> <Delay = 1.00> <Adapter> <Opcode : 'read' 'write'>
ST_4 : Operation 53 [1/1] (1.00ns)   --->   "%message_read = read i64 @_ssdm_op_Read.s_axilite.i64, i64 %message"   --->   Operation 53 'read' 'message_read' <Predicate = true> <Delay = 1.00> <CoreInst = "s_axilite">   --->   Core 114 's_axilite' <Latency = 0> <II = 1> <Delay = 1.00> <Adapter> <Opcode : 'read' 'write'>
ST_4 : Operation 54 [1/1] (0.00ns)   --->   "%spectopmodule_ln18 = spectopmodule void @_ssdm_op_SpecTopModule, void @empty_12" [src/sha256_top.cpp:18]   --->   Operation 54 'spectopmodule' 'spectopmodule_ln18' <Predicate = true> <Delay = 0.00>
ST_4 : Operation 55 [1/1] (0.00ns)   --->   "%specinterface_ln0 = specinterface void @_ssdm_op_SpecInterface, i32 %DATA, void @empty_2, i32 0, i32 0, void @empty_0, i32 0, i32 256, void @empty_3, void @empty_4, void @empty_0, i32 16, i32 16, i32 16, i32 16, void @empty_0, void @empty_0, i32 4294967295, i32 0"   --->   Operation 55 'specinterface' 'specinterface_ln0' <Predicate = true> <Delay = 0.00>
ST_4 : Operation 56 [1/1] (0.00ns)   --->   "%specbitsmap_ln0 = specbitsmap void @_ssdm_op_SpecBitsMap, i32 %DATA"   --->   Operation 56 'specbitsmap' 'specbitsmap_ln0' <Predicate = true> <Delay = 0.00>
ST_4 : Operation 57 [1/1] (0.00ns)   --->   "%specinterface_ln0 = specinterface void @_ssdm_op_SpecInterface, i64 %message, void @empty_5, i32 0, i32 0, void @empty_0, i32 0, i32 0, void @empty_6, void @empty_7, void @empty_0, i32 0, i32 0, i32 0, i32 0, void @empty_0, void @empty_8, i32 4294967295, i32 0"   --->   Operation 57 'specinterface' 'specinterface_ln0' <Predicate = true> <Delay = 0.00>
ST_4 : Operation 58 [1/1] (0.00ns)   --->   "%specinterface_ln0 = specinterface void @_ssdm_op_SpecInterface, i64 %message, void @empty_9, i32 0, i32 0, void @empty_0, i32 0, i32 0, void @empty_0, void @empty_0, void @empty_0, i32 0, i32 0, i32 0, i32 0, void @empty_0, void @empty_8, i32 4294967295, i32 0"   --->   Operation 58 'specinterface' 'specinterface_ln0' <Predicate = true> <Delay = 0.00>
ST_4 : Operation 59 [1/1] (0.00ns)   --->   "%specinterface_ln0 = specinterface void @_ssdm_op_SpecInterface, i64 %digest, void @empty_5, i32 0, i32 0, void @empty_0, i32 0, i32 0, void @empty_6, void @empty_10, void @empty_0, i32 0, i32 0, i32 0, i32 0, void @empty_0, void @empty_8, i32 4294967295, i32 0"   --->   Operation 59 'specinterface' 'specinterface_ln0' <Predicate = true> <Delay = 0.00>
ST_4 : Operation 60 [1/1] (0.00ns)   --->   "%specinterface_ln0 = specinterface void @_ssdm_op_SpecInterface, i64 %digest, void @empty_9, i32 0, i32 0, void @empty_0, i32 0, i32 0, void @empty_0, void @empty_0, void @empty_0, i32 0, i32 0, i32 0, i32 0, void @empty_0, void @empty_8, i32 4294967295, i32 0"   --->   Operation 60 'specinterface' 'specinterface_ln0' <Predicate = true> <Delay = 0.00>
ST_4 : Operation 61 [1/1] (0.00ns)   --->   "%specbitsmap_ln0 = specbitsmap void @_ssdm_op_SpecBitsMap, i32 %msg_len_words"   --->   Operation 61 'specbitsmap' 'specbitsmap_ln0' <Predicate = true> <Delay = 0.00>
ST_4 : Operation 62 [1/1] (0.00ns)   --->   "%specinterface_ln0 = specinterface void @_ssdm_op_SpecInterface, i32 %msg_len_words, void @empty_5, i32 0, i32 0, void @empty_0, i32 0, i32 0, void @empty_6, void @empty_11, void @empty_0, i32 0, i32 0, i32 0, i32 0, void @empty_0, void @empty_0, i32 4294967295, i32 0"   --->   Operation 62 'specinterface' 'specinterface_ln0' <Predicate = true> <Delay = 0.00>
ST_4 : Operation 63 [1/1] (0.00ns)   --->   "%specinterface_ln0 = specinterface void @_ssdm_op_SpecInterface, i32 %msg_len_words, void @empty_9, i32 0, i32 0, void @empty_0, i32 0, i32 0, void @empty_0, void @empty_0, void @empty_0, i32 0, i32 0, i32 0, i32 0, void @empty_0, void @empty_0, i32 4294967295, i32 0"   --->   Operation 63 'specinterface' 'specinterface_ln0' <Predicate = true> <Delay = 0.00>
ST_4 : Operation 64 [1/1] (0.00ns)   --->   "%specinterface_ln0 = specinterface void @_ssdm_op_SpecInterface, i32 0, void @empty_5, i32 0, i32 0, void @empty_0, i32 0, i32 0, void @empty_6, void @empty_0, void @empty_0, i32 0, i32 0, i32 0, i32 0, void @empty_0, void @empty_0, i32 4294967295, i32 0"   --->   Operation 64 'specinterface' 'specinterface_ln0' <Predicate = true> <Delay = 0.00>
ST_4 : Operation 65 [1/1] (0.00ns)   --->   "%H_addr_6 = getelementptr i32 %H, i64 0, i64 6" [src/sha256_top.cpp:43]   --->   Operation 65 'getelementptr' 'H_addr_6' <Predicate = true> <Delay = 0.00>
ST_4 : Operation 66 [1/1] (2.32ns)   --->   "%store_ln43 = store i32 528734635, i3 %H_addr_6" [src/sha256_top.cpp:43]   --->   Operation 66 'store' 'store_ln43' <Predicate = true> <Delay = 2.32> <CoreInst = "RAM">   --->   Core 82 'RAM' <Latency = 1> <II = 1> <Delay = 2.32> <Storage> <Opcode : 'load' 'store'> <Ports = 2> <Width = 32> <Depth = 8> <RAM>
ST_4 : Operation 67 [1/1] (0.00ns)   --->   "%H_addr_7 = getelementptr i32 %H, i64 0, i64 7" [src/sha256_top.cpp:44]   --->   Operation 67 'getelementptr' 'H_addr_7' <Predicate = true> <Delay = 0.00>
ST_4 : Operation 68 [1/1] (2.32ns)   --->   "%store_ln44 = store i32 1541459225, i3 %H_addr_7" [src/sha256_top.cpp:44]   --->   Operation 68 'store' 'store_ln44' <Predicate = true> <Delay = 2.32> <CoreInst = "RAM">   --->   Core 82 'RAM' <Latency = 1> <II = 1> <Delay = 2.32> <Storage> <Opcode : 'load' 'store'> <Ports = 2> <Width = 32> <Depth = 8> <RAM>
ST_4 : Operation 69 [1/1] (0.00ns)   --->   "%tmp = bitselect i1 @_ssdm_op_BitSelect.i1.i32.i32, i32 %msg_len_words_read, i32 31" [src/sha256_top.cpp:49]   --->   Operation 69 'bitselect' 'tmp' <Predicate = true> <Delay = 0.00>
ST_4 : Operation 70 [1/1] (2.55ns)   --->   "%sub_ln49 = sub i32 0, i32 %msg_len_words_read" [src/sha256_top.cpp:49]   --->   Operation 70 'sub' 'sub_ln49' <Predicate = true> <Delay = 2.55> <CoreInst = "Adder">   --->   Core 1 'Adder' <Latency = 0> <II = 1> <Delay = 2.55> <FuncUnit> <Opcode : 'add' 'sub'> <InPorts = 2> <OutPorts = 1>
ST_4 : Operation 71 [1/1] (0.00ns)   --->   "%trunc_ln49_1 = partselect i28 @_ssdm_op_PartSelect.i28.i32.i32.i32, i32 %sub_ln49, i32 4, i32 31" [src/sha256_top.cpp:49]   --->   Operation 71 'partselect' 'trunc_ln49_1' <Predicate = true> <Delay = 0.00>
ST_4 : Operation 72 [1/1] (0.00ns)   --->   "%zext_ln49 = zext i28 %trunc_ln49_1" [src/sha256_top.cpp:49]   --->   Operation 72 'zext' 'zext_ln49' <Predicate = true> <Delay = 0.00>
ST_4 : Operation 73 [1/1] (2.43ns)   --->   "%sub_ln49_1 = sub i29 0, i29 %zext_ln49" [src/sha256_top.cpp:49]   --->   Operation 73 'sub' 'sub_ln49_1' <Predicate = true> <Delay = 2.43> <CoreInst = "Adder">   --->   Core 1 'Adder' <Latency = 0> <II = 1> <Delay = 2.43> <FuncUnit> <Opcode : 'add' 'sub'> <InPorts = 2> <OutPorts = 1>
ST_4 : Operation 74 [1/1] (0.00ns)   --->   "%trunc_ln49_2 = partselect i28 @_ssdm_op_PartSelect.i28.i32.i32.i32, i32 %msg_len_words_read, i32 4, i32 31" [src/sha256_top.cpp:49]   --->   Operation 74 'partselect' 'trunc_ln49_2' <Predicate = true> <Delay = 0.00>
ST_4 : Operation 75 [1/1] (0.00ns)   --->   "%zext_ln49_1 = zext i28 %trunc_ln49_2" [src/sha256_top.cpp:49]   --->   Operation 75 'zext' 'zext_ln49_1' <Predicate = true> <Delay = 0.00>
ST_4 : Operation 76 [1/1] (0.80ns)   --->   "%num_blocks = select i1 %tmp, i29 %sub_ln49_1, i29 %zext_ln49_1" [src/sha256_top.cpp:49]   --->   Operation 76 'select' 'num_blocks' <Predicate = true> <Delay = 0.80> <CoreInst = "Sel">   --->   Core 73 'Sel' <Latency = 0> <II = 1> <Delay = 0.80> <FuncUnit> <Opcode : 'select'> <InPorts = 3> <OutPorts = 1>
ST_4 : Operation 77 [1/1] (0.00ns)   --->   "%trunc_ln1 = partselect i62 @_ssdm_op_PartSelect.i62.i64.i32.i32, i64 %message_read, i32 2, i32 63" [src/sha256_top.cpp:52]   --->   Operation 77 'partselect' 'trunc_ln1' <Predicate = true> <Delay = 0.00>
ST_4 : Operation 78 [1/1] (0.00ns)   --->   "%sext_ln52 = sext i62 %trunc_ln1" [src/sha256_top.cpp:52]   --->   Operation 78 'sext' 'sext_ln52' <Predicate = true> <Delay = 0.00>
ST_4 : Operation 79 [1/1] (0.00ns)   --->   "%br_ln52 = br void %LOAD_BLOCK" [src/sha256_top.cpp:52]   --->   Operation 79 'br' 'br_ln52' <Predicate = true> <Delay = 0.00>

State 5 <SV = 4> <Delay = 4.14>
ST_5 : Operation 80 [1/1] (0.00ns)   --->   "%b_load = load i28 %b" [src/sha256_top.cpp:52]   --->   Operation 80 'load' 'b_load' <Predicate = true> <Delay = 0.00>
ST_5 : Operation 81 [1/1] (0.00ns)   --->   "%zext_ln52_1 = zext i28 %b_load" [src/sha256_top.cpp:52]   --->   Operation 81 'zext' 'zext_ln52_1' <Predicate = true> <Delay = 0.00>
ST_5 : Operation 82 [1/1] (2.46ns)   --->   "%icmp_ln52 = icmp_slt  i29 %zext_ln52_1, i29 %num_blocks" [src/sha256_top.cpp:52]   --->   Operation 82 'icmp' 'icmp_ln52' <Predicate = true> <Delay = 2.46> <CoreInst = "Cmp">   --->   Core 9 'Cmp' <Latency = 0> <II = 1> <Delay = 2.46> <FuncUnit> <Opcode : 'icmp'> <InPorts = 2> <OutPorts = 1>
ST_5 : Operation 83 [1/1] (2.43ns)   --->   "%add_ln52 = add i28 %b_load, i28 1" [src/sha256_top.cpp:52]   --->   Operation 83 'add' 'add_ln52' <Predicate = true> <Delay = 2.43> <CoreInst = "Adder">   --->   Core 1 'Adder' <Latency = 0> <II = 1> <Delay = 2.43> <FuncUnit> <Opcode : 'add' 'sub'> <InPorts = 2> <OutPorts = 1>
ST_5 : Operation 84 [1/1] (0.00ns)   --->   "%br_ln52 = br i1 %icmp_ln52, void %STORE_DIGEST.loopexit, void %LOAD_BLOCK.split" [src/sha256_top.cpp:52]   --->   Operation 84 'br' 'br_ln52' <Predicate = true> <Delay = 0.00>
ST_5 : Operation 85 [1/1] (0.00ns)   --->   "%msg_ptr_load = load i32 %msg_ptr" [src/sha256_top.cpp:64]   --->   Operation 85 'load' 'msg_ptr_load' <Predicate = (icmp_ln52)> <Delay = 0.00>
ST_5 : Operation 86 [1/1] (0.00ns)   --->   "%zext_ln52 = zext i32 %msg_ptr_load" [src/sha256_top.cpp:52]   --->   Operation 86 'zext' 'zext_ln52' <Predicate = (icmp_ln52)> <Delay = 0.00>
ST_5 : Operation 87 [1/1] (3.46ns)   --->   "%add_ln60 = add i63 %sext_ln52, i63 %zext_ln52" [src/sha256_top.cpp:60]   --->   Operation 87 'add' 'add_ln60' <Predicate = (icmp_ln52)> <Delay = 3.46> <CoreInst = "Adder">   --->   Core 1 'Adder' <Latency = 0> <II = 1> <Delay = 3.46> <FuncUnit> <Opcode : 'add' 'sub'> <InPorts = 2> <OutPorts = 1>
ST_5 : Operation 88 [1/1] (2.55ns)   --->   "%add_ln64 = add i32 %msg_ptr_load, i32 16" [src/sha256_top.cpp:64]   --->   Operation 88 'add' 'add_ln64' <Predicate = (icmp_ln52)> <Delay = 2.55> <CoreInst = "Adder">   --->   Core 1 'Adder' <Latency = 0> <II = 1> <Delay = 2.55> <FuncUnit> <Opcode : 'add' 'sub'> <InPorts = 2> <OutPorts = 1>
ST_5 : Operation 89 [1/1] (1.58ns)   --->   "%store_ln52 = store i32 %add_ln64, i32 %msg_ptr" [src/sha256_top.cpp:52]   --->   Operation 89 'store' 'store_ln52' <Predicate = (icmp_ln52)> <Delay = 1.58>
ST_5 : Operation 90 [1/1] (1.58ns)   --->   "%store_ln52 = store i28 %add_ln52, i28 %b" [src/sha256_top.cpp:52]   --->   Operation 90 'store' 'store_ln52' <Predicate = (icmp_ln52)> <Delay = 1.58>
ST_5 : Operation 91 [1/1] (0.00ns)   --->   "%trunc_ln2 = partselect i62 @_ssdm_op_PartSelect.i62.i64.i32.i32, i64 %digest_read, i32 2, i32 63" [src/sha256_top.cpp:70]   --->   Operation 91 'partselect' 'trunc_ln2' <Predicate = (!icmp_ln52)> <Delay = 0.00>

State 6 <SV = 5> <Delay = 8.75>
ST_6 : Operation 92 [2/2] (8.75ns)   --->   "%call_ln60 = call void @sha256_top_Pipeline_LOAD_BLOCK, i32 %DATA, i63 %add_ln60, i62 %trunc_ln1, i32 %msg_ptr_load, i32 %block_15_loc, i32 %block_14_loc, i32 %block_13_loc, i32 %block_12_loc, i32 %block_11_loc, i32 %block_10_loc, i32 %block_9_loc, i32 %block_8_loc, i32 %block_7_loc, i32 %block_6_loc, i32 %block_5_loc, i32 %block_4_loc, i32 %block_3_loc, i32 %block_2_loc, i32 %block_1_loc, i32 %block_loc" [src/sha256_top.cpp:60]   --->   Operation 92 'call' 'call_ln60' <Predicate = true> <Delay = 8.75> <CoreType = "Generic">   --->   Core 0 '' <Latency = 0> <II = 1> <Delay = 1.00> <Generic> <Opcode : >

State 7 <SV = 6> <Delay = 0.00>
ST_7 : Operation 93 [1/2] (0.00ns)   --->   "%call_ln60 = call void @sha256_top_Pipeline_LOAD_BLOCK, i32 %DATA, i63 %add_ln60, i62 %trunc_ln1, i32 %msg_ptr_load, i32 %block_15_loc, i32 %block_14_loc, i32 %block_13_loc, i32 %block_12_loc, i32 %block_11_loc, i32 %block_10_loc, i32 %block_9_loc, i32 %block_8_loc, i32 %block_7_loc, i32 %block_6_loc, i32 %block_5_loc, i32 %block_4_loc, i32 %block_3_loc, i32 %block_2_loc, i32 %block_1_loc, i32 %block_loc" [src/sha256_top.cpp:60]   --->   Operation 93 'call' 'call_ln60' <Predicate = true> <Delay = 0.00> <CoreType = "Generic">   --->   Core 0 '' <Latency = 0> <II = 1> <Delay = 1.00> <Generic> <Opcode : >

State 8 <SV = 7> <Delay = 5.68>
ST_8 : Operation 94 [1/1] (0.00ns)   --->   "%block_15_loc_load = load i32 %block_15_loc"   --->   Operation 94 'load' 'block_15_loc_load' <Predicate = true> <Delay = 0.00>
ST_8 : Operation 95 [1/1] (0.00ns)   --->   "%block_14_loc_load = load i32 %block_14_loc"   --->   Operation 95 'load' 'block_14_loc_load' <Predicate = true> <Delay = 0.00>
ST_8 : Operation 96 [1/1] (0.00ns)   --->   "%block_13_loc_load = load i32 %block_13_loc"   --->   Operation 96 'load' 'block_13_loc_load' <Predicate = true> <Delay = 0.00>
ST_8 : Operation 97 [1/1] (0.00ns)   --->   "%block_12_loc_load = load i32 %block_12_loc"   --->   Operation 97 'load' 'block_12_loc_load' <Predicate = true> <Delay = 0.00>
ST_8 : Operation 98 [1/1] (0.00ns)   --->   "%block_11_loc_load = load i32 %block_11_loc"   --->   Operation 98 'load' 'block_11_loc_load' <Predicate = true> <Delay = 0.00>
ST_8 : Operation 99 [1/1] (0.00ns)   --->   "%block_10_loc_load = load i32 %block_10_loc"   --->   Operation 99 'load' 'block_10_loc_load' <Predicate = true> <Delay = 0.00>
ST_8 : Operation 100 [1/1] (0.00ns)   --->   "%block_9_loc_load = load i32 %block_9_loc"   --->   Operation 100 'load' 'block_9_loc_load' <Predicate = true> <Delay = 0.00>
ST_8 : Operation 101 [1/1] (0.00ns)   --->   "%block_8_loc_load = load i32 %block_8_loc"   --->   Operation 101 'load' 'block_8_loc_load' <Predicate = true> <Delay = 0.00>
ST_8 : Operation 102 [1/1] (0.00ns)   --->   "%block_7_loc_load = load i32 %block_7_loc"   --->   Operation 102 'load' 'block_7_loc_load' <Predicate = true> <Delay = 0.00>
ST_8 : Operation 103 [1/1] (0.00ns)   --->   "%block_6_loc_load = load i32 %block_6_loc"   --->   Operation 103 'load' 'block_6_loc_load' <Predicate = true> <Delay = 0.00>
ST_8 : Operation 104 [1/1] (0.00ns)   --->   "%block_5_loc_load = load i32 %block_5_loc"   --->   Operation 104 'load' 'block_5_loc_load' <Predicate = true> <Delay = 0.00>
ST_8 : Operation 105 [1/1] (0.00ns)   --->   "%block_4_loc_load = load i32 %block_4_loc"   --->   Operation 105 'load' 'block_4_loc_load' <Predicate = true> <Delay = 0.00>
ST_8 : Operation 106 [1/1] (0.00ns)   --->   "%block_3_loc_load = load i32 %block_3_loc"   --->   Operation 106 'load' 'block_3_loc_load' <Predicate = true> <Delay = 0.00>
ST_8 : Operation 107 [1/1] (0.00ns)   --->   "%block_2_loc_load = load i32 %block_2_loc"   --->   Operation 107 'load' 'block_2_loc_load' <Predicate = true> <Delay = 0.00>
ST_8 : Operation 108 [1/1] (0.00ns)   --->   "%block_1_loc_load = load i32 %block_1_loc"   --->   Operation 108 'load' 'block_1_loc_load' <Predicate = true> <Delay = 0.00>
ST_8 : Operation 109 [1/1] (0.00ns)   --->   "%block_loc_load = load i32 %block_loc"   --->   Operation 109 'load' 'block_loc_load' <Predicate = true> <Delay = 0.00>
ST_8 : Operation 110 [2/2] (5.68ns)   --->   "%call_ln64 = call void @sha256_process_block, i32 %block_14_loc_load, i32 %block_13_loc_load, i32 %block_12_loc_load, i32 %block_11_loc_load, i32 %block_10_loc_load, i32 %block_9_loc_load, i32 %block_8_loc_load, i32 %block_7_loc_load, i32 %block_6_loc_load, i32 %block_5_loc_load, i32 %block_4_loc_load, i32 %block_3_loc_load, i32 %block_2_loc_load, i32 %block_1_loc_load, i32 %block_loc_load, i32 %block_15_loc_load, i32 %H" [src/sha256_top.cpp:64]   --->   Operation 110 'call' 'call_ln64' <Predicate = true> <Delay = 5.68> <CoreType = "Generic">   --->   Core 0 '' <Latency = 0> <II = 1> <Delay = 1.00> <Generic> <Opcode : >

State 9 <SV = 8> <Delay = 0.00>
ST_9 : Operation 111 [1/1] (0.00ns)   --->   "%specloopname_ln50 = specloopname void @_ssdm_op_SpecLoopName, void @empty_15" [src/sha256_top.cpp:50]   --->   Operation 111 'specloopname' 'specloopname_ln50' <Predicate = true> <Delay = 0.00>
ST_9 : Operation 112 [1/2] (0.00ns)   --->   "%call_ln64 = call void @sha256_process_block, i32 %block_14_loc_load, i32 %block_13_loc_load, i32 %block_12_loc_load, i32 %block_11_loc_load, i32 %block_10_loc_load, i32 %block_9_loc_load, i32 %block_8_loc_load, i32 %block_7_loc_load, i32 %block_6_loc_load, i32 %block_5_loc_load, i32 %block_4_loc_load, i32 %block_3_loc_load, i32 %block_2_loc_load, i32 %block_1_loc_load, i32 %block_loc_load, i32 %block_15_loc_load, i32 %H" [src/sha256_top.cpp:64]   --->   Operation 112 'call' 'call_ln64' <Predicate = true> <Delay = 0.00> <CoreType = "Generic">   --->   Core 0 '' <Latency = 0> <II = 1> <Delay = 1.00> <Generic> <Opcode : >
ST_9 : Operation 113 [1/1] (0.00ns)   --->   "%br_ln52 = br void %LOAD_BLOCK" [src/sha256_top.cpp:52]   --->   Operation 113 'br' 'br_ln52' <Predicate = true> <Delay = 0.00>

State 10 <SV = 5> <Delay = 8.75>
ST_10 : Operation 114 [1/1] (0.00ns)   --->   "%sext_ln70 = sext i62 %trunc_ln2" [src/sha256_top.cpp:70]   --->   Operation 114 'sext' 'sext_ln70' <Predicate = true> <Delay = 0.00>
ST_10 : Operation 115 [1/1] (0.00ns)   --->   "%DATA_addr = getelementptr i32 %DATA, i64 %sext_ln70" [src/sha256_top.cpp:70]   --->   Operation 115 'getelementptr' 'DATA_addr' <Predicate = true> <Delay = 0.00>
ST_10 : Operation 116 [1/1] (8.75ns)   --->   "%empty = writereq i1 @_ssdm_op_WriteReq.m_axi.p1i32, i32 %DATA_addr, i32 8" [src/sha256_top.cpp:70]   --->   Operation 116 'writereq' 'empty' <Predicate = true> <Delay = 8.75> <CoreInst = "m_axi">   --->   Core 113 'm_axi' <Latency = 0> <II = 1> <Delay = 1.00> <Adapter> <Opcode : 'read' 'write' 'readreq' 'writereq' 'writeresp'>

State 11 <SV = 6> <Delay = 0.00>
ST_11 : Operation 117 [2/2] (0.00ns)   --->   "%call_ln70 = call void @sha256_top_Pipeline_STORE_DIGEST, i32 %DATA, i62 %trunc_ln2, i32 %H" [src/sha256_top.cpp:70]   --->   Operation 117 'call' 'call_ln70' <Predicate = true> <Delay = 0.00> <CoreType = "Generic">   --->   Core 0 '' <Latency = 0> <II = 1> <Delay = 1.00> <Generic> <Opcode : >

State 12 <SV = 7> <Delay = 0.00>
ST_12 : Operation 118 [1/2] (0.00ns)   --->   "%call_ln70 = call void @sha256_top_Pipeline_STORE_DIGEST, i32 %DATA, i62 %trunc_ln2, i32 %H" [src/sha256_top.cpp:70]   --->   Operation 118 'call' 'call_ln70' <Predicate = true> <Delay = 0.00> <CoreType = "Generic">   --->   Core 0 '' <Latency = 0> <II = 1> <Delay = 1.00> <Generic> <Opcode : >

State 13 <SV = 8> <Delay = 8.75>
ST_13 : Operation 119 [5/5] (8.75ns)   --->   "%empty_25 = writeresp i1 @_ssdm_op_WriteResp.m_axi.p1i32, i32 %DATA_addr" [src/sha256_top.cpp:74]   --->   Operation 119 'writeresp' 'empty_25' <Predicate = true> <Delay = 8.75> <CoreInst = "m_axi">   --->   Core 113 'm_axi' <Latency = 0> <II = 1> <Delay = 1.00> <Adapter> <Opcode : 'read' 'write' 'readreq' 'writereq' 'writeresp'>

State 14 <SV = 9> <Delay = 8.75>
ST_14 : Operation 120 [4/5] (8.75ns)   --->   "%empty_25 = writeresp i1 @_ssdm_op_WriteResp.m_axi.p1i32, i32 %DATA_addr" [src/sha256_top.cpp:74]   --->   Operation 120 'writeresp' 'empty_25' <Predicate = true> <Delay = 8.75> <CoreInst = "m_axi">   --->   Core 113 'm_axi' <Latency = 0> <II = 1> <Delay = 1.00> <Adapter> <Opcode : 'read' 'write' 'readreq' 'writereq' 'writeresp'>

State 15 <SV = 10> <Delay = 8.75>
ST_15 : Operation 121 [3/5] (8.75ns)   --->   "%empty_25 = writeresp i1 @_ssdm_op_WriteResp.m_axi.p1i32, i32 %DATA_addr" [src/sha256_top.cpp:74]   --->   Operation 121 'writeresp' 'empty_25' <Predicate = true> <Delay = 8.75> <CoreInst = "m_axi">   --->   Core 113 'm_axi' <Latency = 0> <II = 1> <Delay = 1.00> <Adapter> <Opcode : 'read' 'write' 'readreq' 'writereq' 'writeresp'>

State 16 <SV = 11> <Delay = 8.75>
ST_16 : Operation 122 [2/5] (8.75ns)   --->   "%empty_25 = writeresp i1 @_ssdm_op_WriteResp.m_axi.p1i32, i32 %DATA_addr" [src/sha256_top.cpp:74]   --->   Operation 122 'writeresp' 'empty_25' <Predicate = true> <Delay = 8.75> <CoreInst = "m_axi">   --->   Core 113 'm_axi' <Latency = 0> <II = 1> <Delay = 1.00> <Adapter> <Opcode : 'read' 'write' 'readreq' 'writereq' 'writeresp'>

State 17 <SV = 12> <Delay = 8.75>
ST_17 : Operation 123 [1/5] (8.75ns)   --->   "%empty_25 = writeresp i1 @_ssdm_op_WriteResp.m_axi.p1i32, i32 %DATA_addr" [src/sha256_top.cpp:74]   --->   Operation 123 'writeresp' 'empty_25' <Predicate = true> <Delay = 8.75> <CoreInst = "m_axi">   --->   Core 113 'm_axi' <Latency = 0> <II = 1> <Delay = 1.00> <Adapter> <Opcode : 'read' 'write' 'readreq' 'writereq' 'writeresp'>
ST_17 : Operation 124 [1/1] (0.00ns)   --->   "%ret_ln74 = ret" [src/sha256_top.cpp:74]   --->   Operation 124 'ret' 'ret_ln74' <Predicate = true> <Delay = 0.00>


============================================================
+ Verbose Summary: Timing violations
============================================================
Target clock period: 10ns, clock uncertainty: 1.25ns.

 <State 1>: 2.32ns
The critical path consists of the following:
	'alloca' operation ('H', src/sha256_top.cpp:36) [37]  (0 ns)
	'getelementptr' operation ('H_addr', src/sha256_top.cpp:37) [38]  (0 ns)
	'store' operation ('store_ln37', src/sha256_top.cpp:37) of constant 1779033703 on array 'H', src/sha256_top.cpp:36 [39]  (2.32 ns)

 <State 2>: 2.32ns
The critical path consists of the following:
	'getelementptr' operation ('H_addr_2', src/sha256_top.cpp:39) [42]  (0 ns)
	'store' operation ('store_ln39', src/sha256_top.cpp:39) of constant 1013904242 on array 'H', src/sha256_top.cpp:36 [43]  (2.32 ns)

 <State 3>: 2.32ns
The critical path consists of the following:
	'getelementptr' operation ('H_addr_4', src/sha256_top.cpp:41) [46]  (0 ns)
	'store' operation ('store_ln41', src/sha256_top.cpp:41) of constant 1359893119 on array 'H', src/sha256_top.cpp:36 [47]  (2.32 ns)

 <State 4>: 6.79ns
The critical path consists of the following:
	s_axi read operation ('msg_len_words') on port 'msg_len_words' [7]  (1 ns)
	'sub' operation ('sub_ln49', src/sha256_top.cpp:49) [55]  (2.55 ns)
	'sub' operation ('sub_ln49_1', src/sha256_top.cpp:49) [58]  (2.43 ns)
	'select' operation ('num_blocks', src/sha256_top.cpp:49) [61]  (0.804 ns)

 <State 5>: 4.14ns
The critical path consists of the following:
	'load' operation ('msg_ptr_load', src/sha256_top.cpp:64) on local variable 'msg_ptr' [74]  (0 ns)
	'add' operation ('add_ln64', src/sha256_top.cpp:64) [96]  (2.55 ns)
	'store' operation ('store_ln52', src/sha256_top.cpp:52) of variable 'add_ln64', src/sha256_top.cpp:64 on local variable 'msg_ptr' [97]  (1.59 ns)

 <State 6>: 8.75ns
The critical path consists of the following:
	'call' operation ('call_ln60', src/sha256_top.cpp:60) to 'sha256_top_Pipeline_LOAD_BLOCK' [78]  (8.75 ns)

 <State 7>: 0ns
The critical path consists of the following:

 <State 8>: 5.69ns
The critical path consists of the following:
	'load' operation ('block_15_loc_load') on local variable 'block_15_loc' [79]  (0 ns)
	'call' operation ('call_ln64', src/sha256_top.cpp:64) to 'sha256_process_block' [95]  (5.69 ns)

 <State 9>: 0ns
The critical path consists of the following:

 <State 10>: 8.75ns
The critical path consists of the following:
	'getelementptr' operation ('DATA_addr', src/sha256_top.cpp:70) [103]  (0 ns)
	bus request operation ('empty', src/sha256_top.cpp:70) on port 'DATA' (src/sha256_top.cpp:70) [104]  (8.75 ns)

 <State 11>: 0ns
The critical path consists of the following:

 <State 12>: 0ns
The critical path consists of the following:

 <State 13>: 8.75ns
The critical path consists of the following:
	bus response operation ('empty_25', src/sha256_top.cpp:74) on port 'DATA' (src/sha256_top.cpp:74) [106]  (8.75 ns)

 <State 14>: 8.75ns
The critical path consists of the following:
	bus response operation ('empty_25', src/sha256_top.cpp:74) on port 'DATA' (src/sha256_top.cpp:74) [106]  (8.75 ns)

 <State 15>: 8.75ns
The critical path consists of the following:
	bus response operation ('empty_25', src/sha256_top.cpp:74) on port 'DATA' (src/sha256_top.cpp:74) [106]  (8.75 ns)

 <State 16>: 8.75ns
The critical path consists of the following:
	bus response operation ('empty_25', src/sha256_top.cpp:74) on port 'DATA' (src/sha256_top.cpp:74) [106]  (8.75 ns)

 <State 17>: 8.75ns
The critical path consists of the following:
	bus response operation ('empty_25', src/sha256_top.cpp:74) on port 'DATA' (src/sha256_top.cpp:74) [106]  (8.75 ns)


============================================================
+ Verbose Summary: Binding
============================================================
N/A
* FSMD analyzer results:
  - Output states:
 - Input state : 
  - Chain level:
	State 1
	State 2
	State 3
	State 4
	State 5
	State 6
	State 7
	State 8
	State 9
	State 10
	State 11
	State 12
	State 13
	State 14
	State 15
	State 16
	State 17


============================================================
+ Verbose Summary: Datapath Resource usage 
============================================================
N/A
