

================================================================
== Vitis HLS Report for 'sha256_process_block_Pipeline_EXPAND_W'
================================================================
* Date:           Sun Aug 23 12:50:42 2026

* Version:        2022.1 (Build 3526262 on Mon Apr 18 15:48:16 MDT 2022)
* Project:        sha256
* Solution:       solution1 (Vivado IP Flow Target)
* Product family: zynq
* Target device:  xc7z020-clg484-1


================================================================
== Performance Estimates
================================================================
+ Timing: 
    * Summary: 
    +--------+----------+----------+------------+
    |  Clock |  Target  | Estimated| Uncertainty|
    +--------+----------+----------+------------+
    |ap_clk  |  10.00 ns|  5.688 ns|     1.25 ns|
    +--------+----------+----------+------------+

+ Latency: 
    * Summary: 
    +---------+---------+----------+----------+-----+-----+---------+
    |  Latency (cycles) |  Latency (absolute) |  Interval | Pipeline|
    |   min   |   max   |    min   |    max   | min | max |   Type  |
    +---------+---------+----------+----------+-----+-----+---------+
    |       98|       98|  0.980 us|  0.980 us|   98|   98|       no|
    +---------+---------+----------+----------+-----+-----+---------+

    + Detail: 
        * Instance: 
        N/A

        * Loop: 
        +------------+---------+---------+----------+-----------+-----------+------+----------+
        |            |  Latency (cycles) | Iteration|  Initiation Interval  | Trip |          |
        |  Loop Name |   min   |   max   |  Latency |  achieved |   target  | Count| Pipelined|
        +------------+---------+---------+----------+-----------+-----------+------+----------+
        |- EXPAND_W  |       96|       96|         3|          2|          2|    48|       yes|
        +------------+---------+---------+----------+-----------+-----------+------+----------+

============================================================
+ Verbose Summary: Synthesis Manager
============================================================
InlineROM: 1
ExposeGlobal: 0
============================================================
+ Verbose Summary: CDFG Model
============================================================
IsTopModel: 0
ResetActiveHigh: 1
IsCombinational: 0
IsDatapathOnly: 0
HasWiredReturn: 1
HasMFsm: 2
HasVarLatency: 1
IsPipeline: 0
IsRtlPipelined: 0
IsInstanceOverlapped: 0
IsDontTouch: 0
HasImplIP: 0
IsGatedGlobalClock: 0

+ Individual pipeline summary: 
  * Pipeline-0: initiation interval (II) = 2, depth = 3


============================================================
+ Verbose Summary: Schedule
============================================================
* Number of FSM states : 3
* Pipeline : 1
  Pipeline-0 : II = 2, D = 3, States = { 1 2 3 }
* Dataflow Pipeline: 0

* FSM state transitions: 
1 --> 2 
2 --> 3 
3 --> 

* FSM state operations: 

State 1 <SV = 0> <Delay = 5.68>
ST_1 : Operation 6 [1/1] (0.00ns)   --->   "%t = alloca i32 1"   --->   Operation 6 'alloca' 't' <Predicate = true> <Delay = 0.00>
ST_1 : Operation 7 [1/1] (0.00ns)   --->   "%W = alloca i32 1"   --->   Operation 7 'alloca' 'W' <Predicate = true> <Delay = 0.00>
ST_1 : Operation 8 [1/1] (0.00ns)   --->   "%W_1 = alloca i32 1"   --->   Operation 8 'alloca' 'W_1' <Predicate = true> <Delay = 0.00>
ST_1 : Operation 9 [1/1] (0.00ns)   --->   "%W_2 = alloca i32 1"   --->   Operation 9 'alloca' 'W_2' <Predicate = true> <Delay = 0.00>
ST_1 : Operation 10 [1/1] (0.00ns)   --->   "%W_3 = alloca i32 1"   --->   Operation 10 'alloca' 'W_3' <Predicate = true> <Delay = 0.00>
ST_1 : Operation 11 [1/1] (0.00ns)   --->   "%W_4 = alloca i32 1"   --->   Operation 11 'alloca' 'W_4' <Predicate = true> <Delay = 0.00>
ST_1 : Operation 12 [1/1] (0.00ns)   --->   "%W_5 = alloca i32 1"   --->   Operation 12 'alloca' 'W_5' <Predicate = true> <Delay = 0.00>
ST_1 : Operation 13 [1/1] (0.00ns)   --->   "%W_6 = alloca i32 1"   --->   Operation 13 'alloca' 'W_6' <Predicate = true> <Delay = 0.00>
ST_1 : Operation 14 [1/1] (0.00ns)   --->   "%W_7 = alloca i32 1"   --->   Operation 14 'alloca' 'W_7' <Predicate = true> <Delay = 0.00>
ST_1 : Operation 15 [1/1] (0.00ns)   --->   "%W_8 = alloca i32 1"   --->   Operation 15 'alloca' 'W_8' <Predicate = true> <Delay = 0.00>
ST_1 : Operation 16 [1/1] (0.00ns)   --->   "%W_9 = alloca i32 1"   --->   Operation 16 'alloca' 'W_9' <Predicate = true> <Delay = 0.00>
ST_1 : Operation 17 [1/1] (0.00ns)   --->   "%W_10 = alloca i32 1"   --->   Operation 17 'alloca' 'W_10' <Predicate = true> <Delay = 0.00>
ST_1 : Operation 18 [1/1] (0.00ns)   --->   "%W_11 = alloca i32 1"   --->   Operation 18 'alloca' 'W_11' <Predicate = true> <Delay = 0.00>
ST_1 : Operation 19 [1/1] (0.00ns)   --->   "%W_12 = alloca i32 1"   --->   Operation 19 'alloca' 'W_12' <Predicate = true> <Delay = 0.00>
ST_1 : Operation 20 [1/1] (0.00ns)   --->   "%W_13 = alloca i32 1"   --->   Operation 20 'alloca' 'W_13' <Predicate = true> <Delay = 0.00>
ST_1 : Operation 21 [1/1] (0.00ns)   --->   "%W_14 = alloca i32 1"   --->   Operation 21 'alloca' 'W_14' <Predicate = true> <Delay = 0.00>
ST_1 : Operation 22 [1/1] (0.00ns)   --->   "%W_15 = alloca i32 1"   --->   Operation 22 'alloca' 'W_15' <Predicate = true> <Delay = 0.00>
ST_1 : Operation 23 [1/1] (0.00ns)   --->   "%W_16 = alloca i32 1"   --->   Operation 23 'alloca' 'W_16' <Predicate = true> <Delay = 0.00>
ST_1 : Operation 24 [1/1] (0.00ns)   --->   "%W_17 = alloca i32 1"   --->   Operation 24 'alloca' 'W_17' <Predicate = true> <Delay = 0.00>
ST_1 : Operation 25 [1/1] (0.00ns)   --->   "%W_18 = alloca i32 1"   --->   Operation 25 'alloca' 'W_18' <Predicate = true> <Delay = 0.00>
ST_1 : Operation 26 [1/1] (0.00ns)   --->   "%W_19 = alloca i32 1"   --->   Operation 26 'alloca' 'W_19' <Predicate = true> <Delay = 0.00>
ST_1 : Operation 27 [1/1] (0.00ns)   --->   "%W_20 = alloca i32 1"   --->   Operation 27 'alloca' 'W_20' <Predicate = true> <Delay = 0.00>
ST_1 : Operation 28 [1/1] (0.00ns)   --->   "%W_21 = alloca i32 1"   --->   Operation 28 'alloca' 'W_21' <Predicate = true> <Delay = 0.00>
ST_1 : Operation 29 [1/1] (0.00ns)   --->   "%W_22 = alloca i32 1"   --->   Operation 29 'alloca' 'W_22' <Predicate = true> <Delay = 0.00>
ST_1 : Operation 30 [1/1] (0.00ns)   --->   "%W_23 = alloca i32 1"   --->   Operation 30 'alloca' 'W_23' <Predicate = true> <Delay = 0.00>
ST_1 : Operation 31 [1/1] (0.00ns)   --->   "%W_24 = alloca i32 1"   --->   Operation 31 'alloca' 'W_24' <Predicate = true> <Delay = 0.00>
ST_1 : Operation 32 [1/1] (0.00ns)   --->   "%W_25 = alloca i32 1"   --->   Operation 32 'alloca' 'W_25' <Predicate = true> <Delay = 0.00>
ST_1 : Operation 33 [1/1] (0.00ns)   --->   "%W_26 = alloca i32 1"   --->   Operation 33 'alloca' 'W_26' <Predicate = true> <Delay = 0.00>
ST_1 : Operation 34 [1/1] (0.00ns)   --->   "%W_27 = alloca i32 1"   --->   Operation 34 'alloca' 'W_27' <Predicate = true> <Delay = 0.00>
ST_1 : Operation 35 [1/1] (0.00ns)   --->   "%W_28 = alloca i32 1"   --->   Operation 35 'alloca' 'W_28' <Predicate = true> <Delay = 0.00>
ST_1 : Operation 36 [1/1] (0.00ns)   --->   "%W_29 = alloca i32 1"   --->   Operation 36 'alloca' 'W_29' <Predicate = true> <Delay = 0.00>
ST_1 : Operation 37 [1/1] (0.00ns)   --->   "%W_30 = alloca i32 1"   --->   Operation 37 'alloca' 'W_30' <Predicate = true> <Delay = 0.00>
ST_1 : Operation 38 [1/1] (0.00ns)   --->   "%W_31 = alloca i32 1"   --->   Operation 38 'alloca' 'W_31' <Predicate = true> <Delay = 0.00>
ST_1 : Operation 39 [1/1] (0.00ns)   --->   "%W_32 = alloca i32 1"   --->   Operation 39 'alloca' 'W_32' <Predicate = true> <Delay = 0.00>
ST_1 : Operation 40 [1/1] (0.00ns)   --->   "%W_33 = alloca i32 1"   --->   Operation 40 'alloca' 'W_33' <Predicate = true> <Delay = 0.00>
ST_1 : Operation 41 [1/1] (0.00ns)   --->   "%W_34 = alloca i32 1"   --->   Operation 41 'alloca' 'W_34' <Predicate = true> <Delay = 0.00>
ST_1 : Operation 42 [1/1] (0.00ns)   --->   "%W_35 = alloca i32 1"   --->   Operation 42 'alloca' 'W_35' <Predicate = true> <Delay = 0.00>
ST_1 : Operation 43 [1/1] (0.00ns)   --->   "%W_36 = alloca i32 1"   --->   Operation 43 'alloca' 'W_36' <Predicate = true> <Delay = 0.00>
ST_1 : Operation 44 [1/1] (0.00ns)   --->   "%W_37 = alloca i32 1"   --->   Operation 44 'alloca' 'W_37' <Predicate = true> <Delay = 0.00>
ST_1 : Operation 45 [1/1] (0.00ns)   --->   "%W_38 = alloca i32 1"   --->   Operation 45 'alloca' 'W_38' <Predicate = true> <Delay = 0.00>
ST_1 : Operation 46 [1/1] (0.00ns)   --->   "%W_39 = alloca i32 1"   --->   Operation 46 'alloca' 'W_39' <Predicate = true> <Delay = 0.00>
ST_1 : Operation 47 [1/1] (0.00ns)   --->   "%W_40 = alloca i32 1"   --->   Operation 47 'alloca' 'W_40' <Predicate = true> <Delay = 0.00>
ST_1 : Operation 48 [1/1] (0.00ns)   --->   "%W_41 = alloca i32 1"   --->   Operation 48 'alloca' 'W_41' <Predicate = true> <Delay = 0.00>
ST_1 : Operation 49 [1/1] (0.00ns)   --->   "%W_42 = alloca i32 1"   --->   Operation 49 'alloca' 'W_42' <Predicate = true> <Delay = 0.00>
ST_1 : Operation 50 [1/1] (0.00ns)   --->   "%W_43 = alloca i32 1"   --->   Operation 50 'alloca' 'W_43' <Predicate = true> <Delay = 0.00>
ST_1 : Operation 51 [1/1] (0.00ns)   --->   "%W_44 = alloca i32 1"   --->   Operation 51 'alloca' 'W_44' <Predicate = true> <Delay = 0.00>
ST_1 : Operation 52 [1/1] (0.00ns)   --->   "%W_45 = alloca i32 1"   --->   Operation 52 'alloca' 'W_45' <Predicate = true> <Delay = 0.00>
ST_1 : Operation 53 [1/1] (0.00ns)   --->   "%W_46 = alloca i32 1"   --->   Operation 53 'alloca' 'W_46' <Predicate = true> <Delay = 0.00>
ST_1 : Operation 54 [1/1] (0.00ns)   --->   "%W_47 = alloca i32 1"   --->   Operation 54 'alloca' 'W_47' <Predicate = true> <Delay = 0.00>
ST_1 : Operation 55 [1/1] (0.00ns)   --->   "%block_read_1 = read i32 @_ssdm_op_Read.ap_auto.i32, i32 %block_read"   --->   Operation 55 'read' 'block_read_1' <Predicate = true> <Delay = 0.00>
ST_1 : Operation 56 [1/1] (0.00ns)   --->   "%block_read_2 = read i32 @_ssdm_op_Read.ap_auto.i32, i32 %block_read_30"   --->   Operation 56 'read' 'block_read_2' <Predicate = true> <Delay = 0.00>
ST_1 : Operation 57 [1/1] (0.00ns)   --->   "%block_read_3 = read i32 @_ssdm_op_Read.ap_auto.i32, i32 %block_read_29"   --->   Operation 57 'read' 'block_read_3' <Predicate = true> <Delay = 0.00>
ST_1 : Operation 58 [1/1] (0.00ns)   --->   "%block_read_4 = read i32 @_ssdm_op_Read.ap_auto.i32, i32 %block_read_28"   --->   Operation 58 'read' 'block_read_4' <Predicate = true> <Delay = 0.00>
ST_1 : Operation 59 [1/1] (0.00ns)   --->   "%block_read_5 = read i32 @_ssdm_op_Read.ap_auto.i32, i32 %block_read_27"   --->   Operation 59 'read' 'block_read_5' <Predicate = true> <Delay = 0.00>
ST_1 : Operation 60 [1/1] (0.00ns)   --->   "%block_read_6 = read i32 @_ssdm_op_Read.ap_auto.i32, i32 %block_read_26"   --->   Operation 60 'read' 'block_read_6' <Predicate = true> <Delay = 0.00>
ST_1 : Operation 61 [1/1] (0.00ns)   --->   "%block_read_7 = read i32 @_ssdm_op_Read.ap_auto.i32, i32 %block_read_25"   --->   Operation 61 'read' 'block_read_7' <Predicate = true> <Delay = 0.00>
ST_1 : Operation 62 [1/1] (0.00ns)   --->   "%block_read_8 = read i32 @_ssdm_op_Read.ap_auto.i32, i32 %block_read_24"   --->   Operation 62 'read' 'block_read_8' <Predicate = true> <Delay = 0.00>
ST_1 : Operation 63 [1/1] (0.00ns)   --->   "%block_read_9 = read i32 @_ssdm_op_Read.ap_auto.i32, i32 %block_read_23"   --->   Operation 63 'read' 'block_read_9' <Predicate = true> <Delay = 0.00>
ST_1 : Operation 64 [1/1] (0.00ns)   --->   "%block_read_10 = read i32 @_ssdm_op_Read.ap_auto.i32, i32 %block_read_22"   --->   Operation 64 'read' 'block_read_10' <Predicate = true> <Delay = 0.00>
ST_1 : Operation 65 [1/1] (0.00ns)   --->   "%block_read_11 = read i32 @_ssdm_op_Read.ap_auto.i32, i32 %block_read_21"   --->   Operation 65 'read' 'block_read_11' <Predicate = true> <Delay = 0.00>
ST_1 : Operation 66 [1/1] (0.00ns)   --->   "%block_read_12 = read i32 @_ssdm_op_Read.ap_auto.i32, i32 %block_read_20"   --->   Operation 66 'read' 'block_read_12' <Predicate = true> <Delay = 0.00>
ST_1 : Operation 67 [1/1] (0.00ns)   --->   "%block_read_13 = read i32 @_ssdm_op_Read.ap_auto.i32, i32 %block_read_19"   --->   Operation 67 'read' 'block_read_13' <Predicate = true> <Delay = 0.00>
ST_1 : Operation 68 [1/1] (0.00ns)   --->   "%block_read_14 = read i32 @_ssdm_op_Read.ap_auto.i32, i32 %block_read_18"   --->   Operation 68 'read' 'block_read_14' <Predicate = true> <Delay = 0.00>
ST_1 : Operation 69 [1/1] (0.00ns)   --->   "%block_read_15 = read i32 @_ssdm_op_Read.ap_auto.i32, i32 %block_read_17"   --->   Operation 69 'read' 'block_read_15' <Predicate = true> <Delay = 0.00>
ST_1 : Operation 70 [1/1] (0.00ns)   --->   "%block_read_31 = read i32 @_ssdm_op_Read.ap_auto.i32, i32 %block_read_16"   --->   Operation 70 'read' 'block_read_31' <Predicate = true> <Delay = 0.00>
ST_1 : Operation 71 [1/1] (1.58ns)   --->   "%store_ln0 = store i7 16, i7 %t"   --->   Operation 71 'store' 'store_ln0' <Predicate = true> <Delay = 1.58>
ST_1 : Operation 72 [1/1] (0.00ns)   --->   "%br_ln0 = br void %for.inc61"   --->   Operation 72 'br' 'br_ln0' <Predicate = true> <Delay = 0.00>
ST_1 : Operation 73 [1/1] (0.00ns)   --->   "%t_1 = load i7 %t" [src/sha256.cpp:46]   --->   Operation 73 'load' 't_1' <Predicate = true> <Delay = 0.00>
ST_1 : Operation 74 [1/1] (1.48ns)   --->   "%icmp_ln39 = icmp_eq  i7 %t_1, i7 64" [src/sha256.cpp:39]   --->   Operation 74 'icmp' 'icmp_ln39' <Predicate = true> <Delay = 1.48> <CoreInst = "Cmp">   --->   Core 9 'Cmp' <Latency = 0> <II = 1> <Delay = 1.48> <FuncUnit> <Opcode : 'icmp'> <InPorts = 2> <OutPorts = 1>
ST_1 : Operation 75 [1/1] (0.00ns)   --->   "%empty = speclooptripcount i32 @_ssdm_op_SpecLoopTripCount, i64 48, i64 48, i64 48"   --->   Operation 75 'speclooptripcount' 'empty' <Predicate = true> <Delay = 0.00>
ST_1 : Operation 76 [1/1] (0.00ns)   --->   "%br_ln39 = br i1 %icmp_ln39, void %xcl_latency.for.inc61.1_begin, void %for.end63.exitStub" [src/sha256.cpp:39]   --->   Operation 76 'br' 'br_ln39' <Predicate = true> <Delay = 0.00>
ST_1 : Operation 77 [1/1] (0.00ns)   --->   "%W_2_load_1 = load i32 %W_2" [src/sha256.cpp:43]   --->   Operation 77 'load' 'W_2_load_1' <Predicate = (!icmp_ln39)> <Delay = 0.00>
ST_1 : Operation 78 [1/1] (0.00ns)   --->   "%W_3_load_1 = load i32 %W_3" [src/sha256.cpp:43]   --->   Operation 78 'load' 'W_3_load_1' <Predicate = (!icmp_ln39)> <Delay = 0.00>
ST_1 : Operation 79 [1/1] (0.00ns)   --->   "%W_4_load_1 = load i32 %W_4" [src/sha256.cpp:43]   --->   Operation 79 'load' 'W_4_load_1' <Predicate = (!icmp_ln39)> <Delay = 0.00>
ST_1 : Operation 80 [1/1] (0.00ns)   --->   "%W_5_load_1 = load i32 %W_5" [src/sha256.cpp:43]   --->   Operation 80 'load' 'W_5_load_1' <Predicate = (!icmp_ln39)> <Delay = 0.00>
ST_1 : Operation 81 [1/1] (0.00ns)   --->   "%W_6_load_1 = load i32 %W_6" [src/sha256.cpp:43]   --->   Operation 81 'load' 'W_6_load_1' <Predicate = (!icmp_ln39)> <Delay = 0.00>
ST_1 : Operation 82 [1/1] (0.00ns)   --->   "%W_7_load_1 = load i32 %W_7" [src/sha256.cpp:44]   --->   Operation 82 'load' 'W_7_load_1' <Predicate = (!icmp_ln39)> <Delay = 0.00>
ST_1 : Operation 83 [1/1] (0.00ns)   --->   "%W_8_load_1 = load i32 %W_8" [src/sha256.cpp:44]   --->   Operation 83 'load' 'W_8_load_1' <Predicate = (!icmp_ln39)> <Delay = 0.00>
ST_1 : Operation 84 [1/1] (0.00ns)   --->   "%W_9_load_1 = load i32 %W_9" [src/sha256.cpp:44]   --->   Operation 84 'load' 'W_9_load_1' <Predicate = (!icmp_ln39)> <Delay = 0.00>
ST_1 : Operation 85 [1/1] (0.00ns)   --->   "%W_10_load_1 = load i32 %W_10" [src/sha256.cpp:44]   --->   Operation 85 'load' 'W_10_load_1' <Predicate = (!icmp_ln39)> <Delay = 0.00>
ST_1 : Operation 86 [1/1] (0.00ns)   --->   "%W_11_load_1 = load i32 %W_11" [src/sha256.cpp:44]   --->   Operation 86 'load' 'W_11_load_1' <Predicate = (!icmp_ln39)> <Delay = 0.00>
ST_1 : Operation 87 [1/1] (0.00ns)   --->   "%W_12_load_1 = load i32 %W_12" [src/sha256.cpp:44]   --->   Operation 87 'load' 'W_12_load_1' <Predicate = (!icmp_ln39)> <Delay = 0.00>
ST_1 : Operation 88 [1/1] (0.00ns)   --->   "%W_13_load_1 = load i32 %W_13" [src/sha256.cpp:44]   --->   Operation 88 'load' 'W_13_load_1' <Predicate = (!icmp_ln39)> <Delay = 0.00>
ST_1 : Operation 89 [1/1] (0.00ns)   --->   "%W_14_load_1 = load i32 %W_14" [src/sha256.cpp:44]   --->   Operation 89 'load' 'W_14_load_1' <Predicate = (!icmp_ln39)> <Delay = 0.00>
ST_1 : Operation 90 [1/1] (0.00ns)   --->   "%W_15_load_1 = load i32 %W_15" [src/sha256.cpp:44]   --->   Operation 90 'load' 'W_15_load_1' <Predicate = (!icmp_ln39)> <Delay = 0.00>
ST_1 : Operation 91 [1/1] (0.00ns)   --->   "%W_16_load_1 = load i32 %W_16" [src/sha256.cpp:45]   --->   Operation 91 'load' 'W_16_load_1' <Predicate = (!icmp_ln39)> <Delay = 0.00>
ST_1 : Operation 92 [1/1] (0.00ns)   --->   "%W_17_load_1 = load i32 %W_17" [src/sha256.cpp:45]   --->   Operation 92 'load' 'W_17_load_1' <Predicate = (!icmp_ln39)> <Delay = 0.00>
ST_1 : Operation 93 [1/1] (0.00ns)   --->   "%W_18_load_1 = load i32 %W_18" [src/sha256.cpp:45]   --->   Operation 93 'load' 'W_18_load_1' <Predicate = (!icmp_ln39)> <Delay = 0.00>
ST_1 : Operation 94 [1/1] (0.00ns)   --->   "%W_19_load_1 = load i32 %W_19" [src/sha256.cpp:45]   --->   Operation 94 'load' 'W_19_load_1' <Predicate = (!icmp_ln39)> <Delay = 0.00>
ST_1 : Operation 95 [1/1] (0.00ns)   --->   "%W_20_load_1 = load i32 %W_20" [src/sha256.cpp:45]   --->   Operation 95 'load' 'W_20_load_1' <Predicate = (!icmp_ln39)> <Delay = 0.00>
ST_1 : Operation 96 [1/1] (0.00ns)   --->   "%W_21_load_1 = load i32 %W_21" [src/sha256.cpp:45]   --->   Operation 96 'load' 'W_21_load_1' <Predicate = (!icmp_ln39)> <Delay = 0.00>
ST_1 : Operation 97 [1/1] (0.00ns)   --->   "%W_22_load_1 = load i32 %W_22" [src/sha256.cpp:45]   --->   Operation 97 'load' 'W_22_load_1' <Predicate = (!icmp_ln39)> <Delay = 0.00>
ST_1 : Operation 98 [1/1] (0.00ns)   --->   "%W_23_load_1 = load i32 %W_23" [src/sha256.cpp:45]   --->   Operation 98 'load' 'W_23_load_1' <Predicate = (!icmp_ln39)> <Delay = 0.00>
ST_1 : Operation 99 [1/1] (0.00ns)   --->   "%W_24_load_1 = load i32 %W_24" [src/sha256.cpp:45]   --->   Operation 99 'load' 'W_24_load_1' <Predicate = (!icmp_ln39)> <Delay = 0.00>
ST_1 : Operation 100 [1/1] (0.00ns)   --->   "%W_25_load_1 = load i32 %W_25" [src/sha256.cpp:45]   --->   Operation 100 'load' 'W_25_load_1' <Predicate = (!icmp_ln39)> <Delay = 0.00>
ST_1 : Operation 101 [1/1] (0.00ns)   --->   "%W_26_load_1 = load i32 %W_26" [src/sha256.cpp:45]   --->   Operation 101 'load' 'W_26_load_1' <Predicate = (!icmp_ln39)> <Delay = 0.00>
ST_1 : Operation 102 [1/1] (0.00ns)   --->   "%W_27_load_1 = load i32 %W_27" [src/sha256.cpp:45]   --->   Operation 102 'load' 'W_27_load_1' <Predicate = (!icmp_ln39)> <Delay = 0.00>
ST_1 : Operation 103 [1/1] (0.00ns)   --->   "%W_28_load_1 = load i32 %W_28" [src/sha256.cpp:45]   --->   Operation 103 'load' 'W_28_load_1' <Predicate = (!icmp_ln39)> <Delay = 0.00>
ST_1 : Operation 104 [1/1] (0.00ns)   --->   "%W_29_load_1 = load i32 %W_29" [src/sha256.cpp:45]   --->   Operation 104 'load' 'W_29_load_1' <Predicate = (!icmp_ln39)> <Delay = 0.00>
ST_1 : Operation 105 [1/1] (0.00ns)   --->   "%W_30_load_1 = load i32 %W_30" [src/sha256.cpp:45]   --->   Operation 105 'load' 'W_30_load_1' <Predicate = (!icmp_ln39)> <Delay = 0.00>
ST_1 : Operation 106 [1/1] (0.00ns)   --->   "%W_31_load_1 = load i32 %W_31" [src/sha256.cpp:45]   --->   Operation 106 'load' 'W_31_load_1' <Predicate = (!icmp_ln39)> <Delay = 0.00>
ST_1 : Operation 107 [1/1] (0.00ns)   --->   "%W_32_load_1 = load i32 %W_32" [src/sha256.cpp:45]   --->   Operation 107 'load' 'W_32_load_1' <Predicate = (!icmp_ln39)> <Delay = 0.00>
ST_1 : Operation 108 [1/1] (0.00ns)   --->   "%W_33_load_1 = load i32 %W_33" [src/sha256.cpp:45]   --->   Operation 108 'load' 'W_33_load_1' <Predicate = (!icmp_ln39)> <Delay = 0.00>
ST_1 : Operation 109 [1/1] (0.00ns)   --->   "%W_34_load_1 = load i32 %W_34" [src/sha256.cpp:45]   --->   Operation 109 'load' 'W_34_load_1' <Predicate = (!icmp_ln39)> <Delay = 0.00>
ST_1 : Operation 110 [1/1] (0.00ns)   --->   "%W_35_load_1 = load i32 %W_35" [src/sha256.cpp:45]   --->   Operation 110 'load' 'W_35_load_1' <Predicate = (!icmp_ln39)> <Delay = 0.00>
ST_1 : Operation 111 [1/1] (0.00ns)   --->   "%W_36_load_1 = load i32 %W_36" [src/sha256.cpp:45]   --->   Operation 111 'load' 'W_36_load_1' <Predicate = (!icmp_ln39)> <Delay = 0.00>
ST_1 : Operation 112 [1/1] (0.00ns)   --->   "%W_37_load_1 = load i32 %W_37" [src/sha256.cpp:45]   --->   Operation 112 'load' 'W_37_load_1' <Predicate = (!icmp_ln39)> <Delay = 0.00>
ST_1 : Operation 113 [1/1] (0.00ns)   --->   "%W_38_load_1 = load i32 %W_38" [src/sha256.cpp:45]   --->   Operation 113 'load' 'W_38_load_1' <Predicate = (!icmp_ln39)> <Delay = 0.00>
ST_1 : Operation 114 [1/1] (0.00ns)   --->   "%W_39_load_1 = load i32 %W_39" [src/sha256.cpp:45]   --->   Operation 114 'load' 'W_39_load_1' <Predicate = (!icmp_ln39)> <Delay = 0.00>
ST_1 : Operation 115 [1/1] (0.00ns)   --->   "%W_40_load_1 = load i32 %W_40" [src/sha256.cpp:45]   --->   Operation 115 'load' 'W_40_load_1' <Predicate = (!icmp_ln39)> <Delay = 0.00>
ST_1 : Operation 116 [1/1] (0.00ns)   --->   "%W_41_load_1 = load i32 %W_41" [src/sha256.cpp:45]   --->   Operation 116 'load' 'W_41_load_1' <Predicate = (!icmp_ln39)> <Delay = 0.00>
ST_1 : Operation 117 [1/1] (0.00ns)   --->   "%W_42_load_1 = load i32 %W_42" [src/sha256.cpp:45]   --->   Operation 117 'load' 'W_42_load_1' <Predicate = (!icmp_ln39)> <Delay = 0.00>
ST_1 : Operation 118 [1/1] (0.00ns)   --->   "%W_43_load_1 = load i32 %W_43" [src/sha256.cpp:45]   --->   Operation 118 'load' 'W_43_load_1' <Predicate = (!icmp_ln39)> <Delay = 0.00>
ST_1 : Operation 119 [1/1] (0.00ns)   --->   "%W_44_load_1 = load i32 %W_44" [src/sha256.cpp:45]   --->   Operation 119 'load' 'W_44_load_1' <Predicate = (!icmp_ln39)> <Delay = 0.00>
ST_1 : Operation 120 [1/1] (0.00ns)   --->   "%W_45_load_1 = load i32 %W_45" [src/sha256.cpp:45]   --->   Operation 120 'load' 'W_45_load_1' <Predicate = (!icmp_ln39)> <Delay = 0.00>
ST_1 : Operation 121 [1/1] (0.00ns)   --->   "%W_46_load_1 = load i32 %W_46" [src/sha256.cpp:45]   --->   Operation 121 'load' 'W_46_load_1' <Predicate = (!icmp_ln39)> <Delay = 0.00>
ST_1 : Operation 122 [1/1] (0.00ns)   --->   "%W_47_load_1 = load i32 %W_47" [src/sha256.cpp:45]   --->   Operation 122 'load' 'W_47_load_1' <Predicate = (!icmp_ln39)> <Delay = 0.00>
ST_1 : Operation 123 [1/1] (0.00ns)   --->   "%rbegin1 = specregionbegin i32 @_ssdm_op_SpecRegionBegin, void @empty_1" [src/sha256.cpp:39]   --->   Operation 123 'specregionbegin' 'rbegin1' <Predicate = (!icmp_ln39)> <Delay = 0.00>
ST_1 : Operation 124 [1/1] (3.13ns)   --->   "%tmp = mux i32 @_ssdm_op_Mux.ap_auto.64i32.i7, i32 0, i32 0, i32 0, i32 0, i32 0, i32 0, i32 0, i32 0, i32 0, i32 0, i32 0, i32 0, i32 0, i32 0, i32 0, i32 0, i32 %block_read_31, i32 %block_read_15, i32 %block_read_14, i32 %block_read_13, i32 %block_read_12, i32 %block_read_11, i32 %block_read_10, i32 %block_read_9, i32 %block_read_8, i32 %block_read_7, i32 %block_read_6, i32 %block_read_5, i32 %block_read_4, i32 %block_read_3, i32 %block_read_2, i32 %W_16_load_1, i32 %W_17_load_1, i32 %W_18_load_1, i32 %W_19_load_1, i32 %W_20_load_1, i32 %W_21_load_1, i32 %W_22_load_1, i32 %W_23_load_1, i32 %W_24_load_1, i32 %W_25_load_1, i32 %W_26_load_1, i32 %W_27_load_1, i32 %W_28_load_1, i32 %W_29_load_1, i32 %W_30_load_1, i32 %W_31_load_1, i32 %W_32_load_1, i32 %W_33_load_1, i32 %W_34_load_1, i32 %W_35_load_1, i32 %W_36_load_1, i32 %W_37_load_1, i32 %W_38_load_1, i32 %W_39_load_1, i32 %W_40_load_1, i32 %W_41_load_1, i32 %W_42_load_1, i32 %W_43_load_1, i32 %W_44_load_1, i32 %W_45_load_1, i32 %W_46_load_1, i32 %W_47_load_1, i32 %W_15_load_1, i7 %t_1" [src/sha256.cpp:42]   --->   Operation 124 'mux' 'tmp' <Predicate = (!icmp_ln39)> <Delay = 3.13> <CoreInst = "Multiplexer">   --->   Core 76 'Multiplexer' <Latency = 0> <II = 1> <Delay = 3.13> <FuncUnit> <Opcode : 'mux'> <InPorts = 2> <OutPorts = 1>
ST_1 : Operation 125 [1/1] (0.00ns) (grouped into LUT with out node s0)   --->   "%lshr_ln = partselect i25 @_ssdm_op_PartSelect.i25.i32.i32.i32, i32 %tmp, i32 7, i32 31" [src/sha256.cpp:42]   --->   Operation 125 'partselect' 'lshr_ln' <Predicate = (!icmp_ln39)> <Delay = 0.00>
ST_1 : Operation 126 [1/1] (0.00ns) (grouped into LUT with out node s0)   --->   "%trunc_ln42 = trunc i32 %tmp" [src/sha256.cpp:42]   --->   Operation 126 'trunc' 'trunc_ln42' <Predicate = (!icmp_ln39)> <Delay = 0.00>
ST_1 : Operation 127 [1/1] (0.00ns) (grouped into LUT with out node s0)   --->   "%or_ln = bitconcatenate i32 @_ssdm_op_BitConcatenate.i32.i7.i25, i7 %trunc_ln42, i25 %lshr_ln" [src/sha256.cpp:42]   --->   Operation 127 'bitconcatenate' 'or_ln' <Predicate = (!icmp_ln39)> <Delay = 0.00>
ST_1 : Operation 128 [1/1] (0.00ns) (grouped into LUT with out node s0)   --->   "%lshr_ln42_1 = partselect i14 @_ssdm_op_PartSelect.i14.i32.i32.i32, i32 %tmp, i32 18, i32 31" [src/sha256.cpp:42]   --->   Operation 128 'partselect' 'lshr_ln42_1' <Predicate = (!icmp_ln39)> <Delay = 0.00>
ST_1 : Operation 129 [1/1] (0.00ns) (grouped into LUT with out node s0)   --->   "%trunc_ln42_1 = trunc i32 %tmp" [src/sha256.cpp:42]   --->   Operation 129 'trunc' 'trunc_ln42_1' <Predicate = (!icmp_ln39)> <Delay = 0.00>
ST_1 : Operation 130 [1/1] (0.00ns) (grouped into LUT with out node s0)   --->   "%or_ln42_1 = bitconcatenate i32 @_ssdm_op_BitConcatenate.i32.i18.i14, i18 %trunc_ln42_1, i14 %lshr_ln42_1" [src/sha256.cpp:42]   --->   Operation 130 'bitconcatenate' 'or_ln42_1' <Predicate = (!icmp_ln39)> <Delay = 0.00>
ST_1 : Operation 131 [1/1] (0.00ns) (grouped into LUT with out node s0)   --->   "%lshr_ln42_2 = partselect i29 @_ssdm_op_PartSelect.i29.i32.i32.i32, i32 %tmp, i32 3, i32 31" [src/sha256.cpp:42]   --->   Operation 131 'partselect' 'lshr_ln42_2' <Predicate = (!icmp_ln39)> <Delay = 0.00>
ST_1 : Operation 132 [1/1] (0.00ns) (grouped into LUT with out node s0)   --->   "%zext_ln42 = zext i29 %lshr_ln42_2" [src/sha256.cpp:42]   --->   Operation 132 'zext' 'zext_ln42' <Predicate = (!icmp_ln39)> <Delay = 0.00>
ST_1 : Operation 133 [1/1] (0.00ns) (grouped into LUT with out node s0)   --->   "%xor_ln42 = xor i32 %or_ln, i32 %zext_ln42" [src/sha256.cpp:42]   --->   Operation 133 'xor' 'xor_ln42' <Predicate = (!icmp_ln39)> <Delay = 0.00> <CoreInst = "LogicGate">   --->   Core 74 'LogicGate' <Latency = 0> <II = 1> <Delay = 0.99> <FuncUnit> <Opcode : 'and' 'or' 'xor'> <InPorts = 2> <OutPorts = 1>
ST_1 : Operation 134 [1/1] (0.99ns) (out node of the LUT)   --->   "%s0 = xor i32 %xor_ln42, i32 %or_ln42_1" [src/sha256.cpp:42]   --->   Operation 134 'xor' 's0' <Predicate = (!icmp_ln39)> <Delay = 0.99> <CoreInst = "LogicGate">   --->   Core 74 'LogicGate' <Latency = 0> <II = 1> <Delay = 0.99> <FuncUnit> <Opcode : 'and' 'or' 'xor'> <InPorts = 2> <OutPorts = 1>
ST_1 : Operation 135 [1/1] (3.13ns)   --->   "%tmp_1 = mux i32 @_ssdm_op_Mux.ap_auto.64i32.i7, i32 0, i32 0, i32 0, i32 0, i32 0, i32 0, i32 0, i32 0, i32 0, i32 0, i32 0, i32 0, i32 0, i32 0, i32 0, i32 0, i32 %block_read_3, i32 %block_read_2, i32 %W_16_load_1, i32 %W_17_load_1, i32 %W_18_load_1, i32 %W_19_load_1, i32 %W_20_load_1, i32 %W_21_load_1, i32 %W_22_load_1, i32 %W_23_load_1, i32 %W_24_load_1, i32 %W_25_load_1, i32 %W_26_load_1, i32 %W_27_load_1, i32 %W_28_load_1, i32 %W_29_load_1, i32 %W_30_load_1, i32 %W_31_load_1, i32 %W_32_load_1, i32 %W_33_load_1, i32 %W_34_load_1, i32 %W_35_load_1, i32 %W_36_load_1, i32 %W_37_load_1, i32 %W_38_load_1, i32 %W_39_load_1, i32 %W_40_load_1, i32 %W_41_load_1, i32 %W_42_load_1, i32 %W_43_load_1, i32 %W_44_load_1, i32 %W_45_load_1, i32 %W_46_load_1, i32 %W_47_load_1, i32 %W_15_load_1, i32 %W_14_load_1, i32 %W_13_load_1, i32 %W_12_load_1, i32 %W_11_load_1, i32 %W_10_load_1, i32 %W_9_load_1, i32 %W_8_load_1, i32 %W_7_load_1, i32 %W_6_load_1, i32 %W_5_load_1, i32 %W_4_load_1, i32 %W_3_load_1, i32 %W_2_load_1, i7 %t_1" [src/sha256.cpp:43]   --->   Operation 135 'mux' 'tmp_1' <Predicate = (!icmp_ln39)> <Delay = 3.13> <CoreInst = "Multiplexer">   --->   Core 76 'Multiplexer' <Latency = 0> <II = 1> <Delay = 3.13> <FuncUnit> <Opcode : 'mux'> <InPorts = 2> <OutPorts = 1>
ST_1 : Operation 136 [1/1] (0.00ns) (grouped into LUT with out node s1)   --->   "%lshr_ln1 = partselect i15 @_ssdm_op_PartSelect.i15.i32.i32.i32, i32 %tmp_1, i32 17, i32 31" [src/sha256.cpp:43]   --->   Operation 136 'partselect' 'lshr_ln1' <Predicate = (!icmp_ln39)> <Delay = 0.00>
ST_1 : Operation 137 [1/1] (0.00ns) (grouped into LUT with out node s1)   --->   "%trunc_ln43 = trunc i32 %tmp_1" [src/sha256.cpp:43]   --->   Operation 137 'trunc' 'trunc_ln43' <Predicate = (!icmp_ln39)> <Delay = 0.00>
ST_1 : Operation 138 [1/1] (0.00ns) (grouped into LUT with out node s1)   --->   "%or_ln1 = bitconcatenate i32 @_ssdm_op_BitConcatenate.i32.i17.i15, i17 %trunc_ln43, i15 %lshr_ln1" [src/sha256.cpp:43]   --->   Operation 138 'bitconcatenate' 'or_ln1' <Predicate = (!icmp_ln39)> <Delay = 0.00>
ST_1 : Operation 139 [1/1] (0.00ns) (grouped into LUT with out node s1)   --->   "%lshr_ln43_1 = partselect i13 @_ssdm_op_PartSelect.i13.i32.i32.i32, i32 %tmp_1, i32 19, i32 31" [src/sha256.cpp:43]   --->   Operation 139 'partselect' 'lshr_ln43_1' <Predicate = (!icmp_ln39)> <Delay = 0.00>
ST_1 : Operation 140 [1/1] (0.00ns) (grouped into LUT with out node s1)   --->   "%trunc_ln43_1 = trunc i32 %tmp_1" [src/sha256.cpp:43]   --->   Operation 140 'trunc' 'trunc_ln43_1' <Predicate = (!icmp_ln39)> <Delay = 0.00>
ST_1 : Operation 141 [1/1] (0.00ns) (grouped into LUT with out node s1)   --->   "%or_ln43_1 = bitconcatenate i32 @_ssdm_op_BitConcatenate.i32.i19.i13, i19 %trunc_ln43_1, i13 %lshr_ln43_1" [src/sha256.cpp:43]   --->   Operation 141 'bitconcatenate' 'or_ln43_1' <Predicate = (!icmp_ln39)> <Delay = 0.00>
ST_1 : Operation 142 [1/1] (0.00ns) (grouped into LUT with out node s1)   --->   "%lshr_ln43_2 = partselect i22 @_ssdm_op_PartSelect.i22.i32.i32.i32, i32 %tmp_1, i32 10, i32 31" [src/sha256.cpp:43]   --->   Operation 142 'partselect' 'lshr_ln43_2' <Predicate = (!icmp_ln39)> <Delay = 0.00>
ST_1 : Operation 143 [1/1] (0.00ns) (grouped into LUT with out node s1)   --->   "%zext_ln43 = zext i22 %lshr_ln43_2" [src/sha256.cpp:43]   --->   Operation 143 'zext' 'zext_ln43' <Predicate = (!icmp_ln39)> <Delay = 0.00>
ST_1 : Operation 144 [1/1] (0.00ns) (grouped into LUT with out node s1)   --->   "%xor_ln43 = xor i32 %or_ln1, i32 %zext_ln43" [src/sha256.cpp:43]   --->   Operation 144 'xor' 'xor_ln43' <Predicate = (!icmp_ln39)> <Delay = 0.00> <CoreInst = "LogicGate">   --->   Core 74 'LogicGate' <Latency = 0> <II = 1> <Delay = 0.99> <FuncUnit> <Opcode : 'and' 'or' 'xor'> <InPorts = 2> <OutPorts = 1>
ST_1 : Operation 145 [1/1] (0.99ns) (out node of the LUT)   --->   "%s1 = xor i32 %xor_ln43, i32 %or_ln43_1" [src/sha256.cpp:43]   --->   Operation 145 'xor' 's1' <Predicate = (!icmp_ln39)> <Delay = 0.99> <CoreInst = "LogicGate">   --->   Core 74 'LogicGate' <Latency = 0> <II = 1> <Delay = 0.99> <FuncUnit> <Opcode : 'and' 'or' 'xor'> <InPorts = 2> <OutPorts = 1>
ST_1 : Operation 146 [1/1] (3.13ns)   --->   "%tmp_2 = mux i32 @_ssdm_op_Mux.ap_auto.64i32.i7, i32 0, i32 0, i32 0, i32 0, i32 0, i32 0, i32 0, i32 0, i32 0, i32 0, i32 0, i32 0, i32 0, i32 0, i32 0, i32 0, i32 %block_read_8, i32 %block_read_7, i32 %block_read_6, i32 %block_read_5, i32 %block_read_4, i32 %block_read_3, i32 %block_read_2, i32 %W_16_load_1, i32 %W_17_load_1, i32 %W_18_load_1, i32 %W_19_load_1, i32 %W_20_load_1, i32 %W_21_load_1, i32 %W_22_load_1, i32 %W_23_load_1, i32 %W_24_load_1, i32 %W_25_load_1, i32 %W_26_load_1, i32 %W_27_load_1, i32 %W_28_load_1, i32 %W_29_load_1, i32 %W_30_load_1, i32 %W_31_load_1, i32 %W_32_load_1, i32 %W_33_load_1, i32 %W_34_load_1, i32 %W_35_load_1, i32 %W_36_load_1, i32 %W_37_load_1, i32 %W_38_load_1, i32 %W_39_load_1, i32 %W_40_load_1, i32 %W_41_load_1, i32 %W_42_load_1, i32 %W_43_load_1, i32 %W_44_load_1, i32 %W_45_load_1, i32 %W_46_load_1, i32 %W_47_load_1, i32 %W_15_load_1, i32 %W_14_load_1, i32 %W_13_load_1, i32 %W_12_load_1, i32 %W_11_load_1, i32 %W_10_load_1, i32 %W_9_load_1, i32 %W_8_load_1, i32 %W_7_load_1, i7 %t_1" [src/sha256.cpp:44]   --->   Operation 146 'mux' 'tmp_2' <Predicate = (!icmp_ln39)> <Delay = 3.13> <CoreInst = "Multiplexer">   --->   Core 76 'Multiplexer' <Latency = 0> <II = 1> <Delay = 3.13> <FuncUnit> <Opcode : 'mux'> <InPorts = 2> <OutPorts = 1>
ST_1 : Operation 147 [1/1] (3.13ns)   --->   "%tmp_3 = mux i32 @_ssdm_op_Mux.ap_auto.64i32.i7, i32 0, i32 0, i32 0, i32 0, i32 0, i32 0, i32 0, i32 0, i32 0, i32 0, i32 0, i32 0, i32 0, i32 0, i32 0, i32 0, i32 %block_read_1, i32 %block_read_31, i32 %block_read_15, i32 %block_read_14, i32 %block_read_13, i32 %block_read_12, i32 %block_read_11, i32 %block_read_10, i32 %block_read_9, i32 %block_read_8, i32 %block_read_7, i32 %block_read_6, i32 %block_read_5, i32 %block_read_4, i32 %block_read_3, i32 %block_read_2, i32 %W_16_load_1, i32 %W_17_load_1, i32 %W_18_load_1, i32 %W_19_load_1, i32 %W_20_load_1, i32 %W_21_load_1, i32 %W_22_load_1, i32 %W_23_load_1, i32 %W_24_load_1, i32 %W_25_load_1, i32 %W_26_load_1, i32 %W_27_load_1, i32 %W_28_load_1, i32 %W_29_load_1, i32 %W_30_load_1, i32 %W_31_load_1, i32 %W_32_load_1, i32 %W_33_load_1, i32 %W_34_load_1, i32 %W_35_load_1, i32 %W_36_load_1, i32 %W_37_load_1, i32 %W_38_load_1, i32 %W_39_load_1, i32 %W_40_load_1, i32 %W_41_load_1, i32 %W_42_load_1, i32 %W_43_load_1, i32 %W_44_load_1, i32 %W_45_load_1, i32 %W_46_load_1, i32 %W_47_load_1, i7 %t_1" [src/sha256.cpp:45]   --->   Operation 147 'mux' 'tmp_3' <Predicate = (!icmp_ln39)> <Delay = 3.13> <CoreInst = "Multiplexer">   --->   Core 76 'Multiplexer' <Latency = 0> <II = 1> <Delay = 3.13> <FuncUnit> <Opcode : 'mux'> <InPorts = 2> <OutPorts = 1>
ST_1 : Operation 148 [1/1] (2.55ns)   --->   "%add_ln46 = add i32 %tmp_3, i32 %tmp_2" [src/sha256.cpp:46]   --->   Operation 148 'add' 'add_ln46' <Predicate = (!icmp_ln39)> <Delay = 2.55> <CoreInst = "Adder">   --->   Core 1 'Adder' <Latency = 0> <II = 1> <Delay = 2.55> <FuncUnit> <Opcode : 'add' 'sub'> <InPorts = 2> <OutPorts = 1>
ST_1 : Operation 149 [1/1] (0.00ns)   --->   "%trunc_ln46 = trunc i7 %t_1" [src/sha256.cpp:46]   --->   Operation 149 'trunc' 'trunc_ln46' <Predicate = (!icmp_ln39)> <Delay = 0.00>
ST_1 : Operation 150 [1/1] (0.95ns)   --->   "%switch_ln46 = switch i6 %trunc_ln46, void %arrayidx60.case.63, i6 16, void %xcl_latency.for.inc61.1_begin.xcl_latency.for.inc61.1_end_crit_edge, i6 17, void %xcl_latency.for.inc61.1_begin.xcl_latency.for.inc61.1_end_crit_edge47, i6 18, void %arrayidx60.case.18, i6 19, void %arrayidx60.case.19, i6 20, void %arrayidx60.case.20, i6 21, void %arrayidx60.case.21, i6 22, void %arrayidx60.case.22, i6 23, void %arrayidx60.case.23, i6 24, void %arrayidx60.case.24, i6 25, void %arrayidx60.case.25, i6 26, void %arrayidx60.case.26, i6 27, void %arrayidx60.case.27, i6 28, void %arrayidx60.case.28, i6 29, void %arrayidx60.case.29, i6 30, void %arrayidx60.case.30, i6 31, void %arrayidx60.case.31, i6 32, void %arrayidx60.case.32, i6 33, void %arrayidx60.case.33, i6 34, void %arrayidx60.case.34, i6 35, void %arrayidx60.case.35, i6 36, void %arrayidx60.case.36, i6 37, void %arrayidx60.case.37, i6 38, void %arrayidx60.case.38, i6 39, void %arrayidx60.case.39, i6 40, void %arrayidx60.case.40, i6 41, void %arrayidx60.case.41, i6 42, void %arrayidx60.case.42, i6 43, void %arrayidx60.case.43, i6 44, void %arrayidx60.case.44, i6 45, void %arrayidx60.case.45, i6 46, void %arrayidx60.case.46, i6 47, void %arrayidx60.case.47, i6 48, void %arrayidx60.case.48, i6 49, void %arrayidx60.case.49, i6 50, void %arrayidx60.case.50, i6 51, void %arrayidx60.case.51, i6 52, void %arrayidx60.case.52, i6 53, void %arrayidx60.case.53, i6 54, void %arrayidx60.case.54, i6 55, void %arrayidx60.case.55, i6 56, void %arrayidx60.case.56, i6 57, void %arrayidx60.case.57, i6 58, void %arrayidx60.case.58, i6 59, void %arrayidx60.case.59, i6 60, void %arrayidx60.case.60, i6 61, void %arrayidx60.case.61, i6 62, void %arrayidx60.case.62" [src/sha256.cpp:46]   --->   Operation 150 'switch' 'switch_ln46' <Predicate = (!icmp_ln39)> <Delay = 0.95>
ST_1 : Operation 151 [1/1] (0.00ns)   --->   "%br_ln46 = br void %xcl_latency.for.inc61.1_end" [src/sha256.cpp:46]   --->   Operation 151 'br' 'br_ln46' <Predicate = (!icmp_ln39 & trunc_ln46 == 62)> <Delay = 0.00>
ST_1 : Operation 152 [1/1] (0.00ns)   --->   "%br_ln46 = br void %xcl_latency.for.inc61.1_end" [src/sha256.cpp:46]   --->   Operation 152 'br' 'br_ln46' <Predicate = (!icmp_ln39 & trunc_ln46 == 61)> <Delay = 0.00>
ST_1 : Operation 153 [1/1] (0.00ns)   --->   "%br_ln46 = br void %xcl_latency.for.inc61.1_end" [src/sha256.cpp:46]   --->   Operation 153 'br' 'br_ln46' <Predicate = (!icmp_ln39 & trunc_ln46 == 60)> <Delay = 0.00>
ST_1 : Operation 154 [1/1] (0.00ns)   --->   "%br_ln46 = br void %xcl_latency.for.inc61.1_end" [src/sha256.cpp:46]   --->   Operation 154 'br' 'br_ln46' <Predicate = (!icmp_ln39 & trunc_ln46 == 59)> <Delay = 0.00>
ST_1 : Operation 155 [1/1] (0.00ns)   --->   "%br_ln46 = br void %xcl_latency.for.inc61.1_end" [src/sha256.cpp:46]   --->   Operation 155 'br' 'br_ln46' <Predicate = (!icmp_ln39 & trunc_ln46 == 58)> <Delay = 0.00>
ST_1 : Operation 156 [1/1] (0.00ns)   --->   "%br_ln46 = br void %xcl_latency.for.inc61.1_end" [src/sha256.cpp:46]   --->   Operation 156 'br' 'br_ln46' <Predicate = (!icmp_ln39 & trunc_ln46 == 57)> <Delay = 0.00>
ST_1 : Operation 157 [1/1] (0.00ns)   --->   "%br_ln46 = br void %xcl_latency.for.inc61.1_end" [src/sha256.cpp:46]   --->   Operation 157 'br' 'br_ln46' <Predicate = (!icmp_ln39 & trunc_ln46 == 56)> <Delay = 0.00>
ST_1 : Operation 158 [1/1] (0.00ns)   --->   "%br_ln46 = br void %xcl_latency.for.inc61.1_end" [src/sha256.cpp:46]   --->   Operation 158 'br' 'br_ln46' <Predicate = (!icmp_ln39 & trunc_ln46 == 55)> <Delay = 0.00>
ST_1 : Operation 159 [1/1] (0.00ns)   --->   "%br_ln46 = br void %xcl_latency.for.inc61.1_end" [src/sha256.cpp:46]   --->   Operation 159 'br' 'br_ln46' <Predicate = (!icmp_ln39 & trunc_ln46 == 54)> <Delay = 0.00>
ST_1 : Operation 160 [1/1] (0.00ns)   --->   "%br_ln46 = br void %xcl_latency.for.inc61.1_end" [src/sha256.cpp:46]   --->   Operation 160 'br' 'br_ln46' <Predicate = (!icmp_ln39 & trunc_ln46 == 53)> <Delay = 0.00>
ST_1 : Operation 161 [1/1] (0.00ns)   --->   "%br_ln46 = br void %xcl_latency.for.inc61.1_end" [src/sha256.cpp:46]   --->   Operation 161 'br' 'br_ln46' <Predicate = (!icmp_ln39 & trunc_ln46 == 52)> <Delay = 0.00>
ST_1 : Operation 162 [1/1] (0.00ns)   --->   "%br_ln46 = br void %xcl_latency.for.inc61.1_end" [src/sha256.cpp:46]   --->   Operation 162 'br' 'br_ln46' <Predicate = (!icmp_ln39 & trunc_ln46 == 51)> <Delay = 0.00>
ST_1 : Operation 163 [1/1] (0.00ns)   --->   "%br_ln46 = br void %xcl_latency.for.inc61.1_end" [src/sha256.cpp:46]   --->   Operation 163 'br' 'br_ln46' <Predicate = (!icmp_ln39 & trunc_ln46 == 50)> <Delay = 0.00>
ST_1 : Operation 164 [1/1] (0.00ns)   --->   "%br_ln46 = br void %xcl_latency.for.inc61.1_end" [src/sha256.cpp:46]   --->   Operation 164 'br' 'br_ln46' <Predicate = (!icmp_ln39 & trunc_ln46 == 49)> <Delay = 0.00>
ST_1 : Operation 165 [1/1] (0.00ns)   --->   "%br_ln46 = br void %xcl_latency.for.inc61.1_end" [src/sha256.cpp:46]   --->   Operation 165 'br' 'br_ln46' <Predicate = (!icmp_ln39 & trunc_ln46 == 48)> <Delay = 0.00>
ST_1 : Operation 166 [1/1] (0.00ns)   --->   "%br_ln46 = br void %xcl_latency.for.inc61.1_end" [src/sha256.cpp:46]   --->   Operation 166 'br' 'br_ln46' <Predicate = (!icmp_ln39 & trunc_ln46 == 47)> <Delay = 0.00>
ST_1 : Operation 167 [1/1] (0.00ns)   --->   "%br_ln46 = br void %xcl_latency.for.inc61.1_end" [src/sha256.cpp:46]   --->   Operation 167 'br' 'br_ln46' <Predicate = (!icmp_ln39 & trunc_ln46 == 46)> <Delay = 0.00>
ST_1 : Operation 168 [1/1] (0.00ns)   --->   "%br_ln46 = br void %xcl_latency.for.inc61.1_end" [src/sha256.cpp:46]   --->   Operation 168 'br' 'br_ln46' <Predicate = (!icmp_ln39 & trunc_ln46 == 45)> <Delay = 0.00>
ST_1 : Operation 169 [1/1] (0.00ns)   --->   "%br_ln46 = br void %xcl_latency.for.inc61.1_end" [src/sha256.cpp:46]   --->   Operation 169 'br' 'br_ln46' <Predicate = (!icmp_ln39 & trunc_ln46 == 44)> <Delay = 0.00>
ST_1 : Operation 170 [1/1] (0.00ns)   --->   "%br_ln46 = br void %xcl_latency.for.inc61.1_end" [src/sha256.cpp:46]   --->   Operation 170 'br' 'br_ln46' <Predicate = (!icmp_ln39 & trunc_ln46 == 43)> <Delay = 0.00>
ST_1 : Operation 171 [1/1] (0.00ns)   --->   "%br_ln46 = br void %xcl_latency.for.inc61.1_end" [src/sha256.cpp:46]   --->   Operation 171 'br' 'br_ln46' <Predicate = (!icmp_ln39 & trunc_ln46 == 42)> <Delay = 0.00>
ST_1 : Operation 172 [1/1] (0.00ns)   --->   "%br_ln46 = br void %xcl_latency.for.inc61.1_end" [src/sha256.cpp:46]   --->   Operation 172 'br' 'br_ln46' <Predicate = (!icmp_ln39 & trunc_ln46 == 41)> <Delay = 0.00>
ST_1 : Operation 173 [1/1] (0.00ns)   --->   "%br_ln46 = br void %xcl_latency.for.inc61.1_end" [src/sha256.cpp:46]   --->   Operation 173 'br' 'br_ln46' <Predicate = (!icmp_ln39 & trunc_ln46 == 40)> <Delay = 0.00>
ST_1 : Operation 174 [1/1] (0.00ns)   --->   "%br_ln46 = br void %xcl_latency.for.inc61.1_end" [src/sha256.cpp:46]   --->   Operation 174 'br' 'br_ln46' <Predicate = (!icmp_ln39 & trunc_ln46 == 39)> <Delay = 0.00>
ST_1 : Operation 175 [1/1] (0.00ns)   --->   "%br_ln46 = br void %xcl_latency.for.inc61.1_end" [src/sha256.cpp:46]   --->   Operation 175 'br' 'br_ln46' <Predicate = (!icmp_ln39 & trunc_ln46 == 38)> <Delay = 0.00>
ST_1 : Operation 176 [1/1] (0.00ns)   --->   "%br_ln46 = br void %xcl_latency.for.inc61.1_end" [src/sha256.cpp:46]   --->   Operation 176 'br' 'br_ln46' <Predicate = (!icmp_ln39 & trunc_ln46 == 37)> <Delay = 0.00>
ST_1 : Operation 177 [1/1] (0.00ns)   --->   "%br_ln46 = br void %xcl_latency.for.inc61.1_end" [src/sha256.cpp:46]   --->   Operation 177 'br' 'br_ln46' <Predicate = (!icmp_ln39 & trunc_ln46 == 36)> <Delay = 0.00>
ST_1 : Operation 178 [1/1] (0.00ns)   --->   "%br_ln46 = br void %xcl_latency.for.inc61.1_end" [src/sha256.cpp:46]   --->   Operation 178 'br' 'br_ln46' <Predicate = (!icmp_ln39 & trunc_ln46 == 35)> <Delay = 0.00>
ST_1 : Operation 179 [1/1] (0.00ns)   --->   "%br_ln46 = br void %xcl_latency.for.inc61.1_end" [src/sha256.cpp:46]   --->   Operation 179 'br' 'br_ln46' <Predicate = (!icmp_ln39 & trunc_ln46 == 34)> <Delay = 0.00>
ST_1 : Operation 180 [1/1] (0.00ns)   --->   "%br_ln46 = br void %xcl_latency.for.inc61.1_end" [src/sha256.cpp:46]   --->   Operation 180 'br' 'br_ln46' <Predicate = (!icmp_ln39 & trunc_ln46 == 33)> <Delay = 0.00>
ST_1 : Operation 181 [1/1] (0.00ns)   --->   "%br_ln46 = br void %xcl_latency.for.inc61.1_end" [src/sha256.cpp:46]   --->   Operation 181 'br' 'br_ln46' <Predicate = (!icmp_ln39 & trunc_ln46 == 32)> <Delay = 0.00>
ST_1 : Operation 182 [1/1] (0.00ns)   --->   "%br_ln46 = br void %xcl_latency.for.inc61.1_end" [src/sha256.cpp:46]   --->   Operation 182 'br' 'br_ln46' <Predicate = (!icmp_ln39 & trunc_ln46 == 31)> <Delay = 0.00>
ST_1 : Operation 183 [1/1] (0.00ns)   --->   "%br_ln46 = br void %xcl_latency.for.inc61.1_end" [src/sha256.cpp:46]   --->   Operation 183 'br' 'br_ln46' <Predicate = (!icmp_ln39 & trunc_ln46 == 30)> <Delay = 0.00>
ST_1 : Operation 184 [1/1] (0.00ns)   --->   "%br_ln46 = br void %xcl_latency.for.inc61.1_end" [src/sha256.cpp:46]   --->   Operation 184 'br' 'br_ln46' <Predicate = (!icmp_ln39 & trunc_ln46 == 29)> <Delay = 0.00>
ST_1 : Operation 185 [1/1] (0.00ns)   --->   "%br_ln46 = br void %xcl_latency.for.inc61.1_end" [src/sha256.cpp:46]   --->   Operation 185 'br' 'br_ln46' <Predicate = (!icmp_ln39 & trunc_ln46 == 28)> <Delay = 0.00>
ST_1 : Operation 186 [1/1] (0.00ns)   --->   "%br_ln46 = br void %xcl_latency.for.inc61.1_end" [src/sha256.cpp:46]   --->   Operation 186 'br' 'br_ln46' <Predicate = (!icmp_ln39 & trunc_ln46 == 27)> <Delay = 0.00>
ST_1 : Operation 187 [1/1] (0.00ns)   --->   "%br_ln46 = br void %xcl_latency.for.inc61.1_end" [src/sha256.cpp:46]   --->   Operation 187 'br' 'br_ln46' <Predicate = (!icmp_ln39 & trunc_ln46 == 26)> <Delay = 0.00>
ST_1 : Operation 188 [1/1] (0.00ns)   --->   "%br_ln46 = br void %xcl_latency.for.inc61.1_end" [src/sha256.cpp:46]   --->   Operation 188 'br' 'br_ln46' <Predicate = (!icmp_ln39 & trunc_ln46 == 25)> <Delay = 0.00>
ST_1 : Operation 189 [1/1] (0.00ns)   --->   "%br_ln46 = br void %xcl_latency.for.inc61.1_end" [src/sha256.cpp:46]   --->   Operation 189 'br' 'br_ln46' <Predicate = (!icmp_ln39 & trunc_ln46 == 24)> <Delay = 0.00>
ST_1 : Operation 190 [1/1] (0.00ns)   --->   "%br_ln46 = br void %xcl_latency.for.inc61.1_end" [src/sha256.cpp:46]   --->   Operation 190 'br' 'br_ln46' <Predicate = (!icmp_ln39 & trunc_ln46 == 23)> <Delay = 0.00>
ST_1 : Operation 191 [1/1] (0.00ns)   --->   "%br_ln46 = br void %xcl_latency.for.inc61.1_end" [src/sha256.cpp:46]   --->   Operation 191 'br' 'br_ln46' <Predicate = (!icmp_ln39 & trunc_ln46 == 22)> <Delay = 0.00>
ST_1 : Operation 192 [1/1] (0.00ns)   --->   "%br_ln46 = br void %xcl_latency.for.inc61.1_end" [src/sha256.cpp:46]   --->   Operation 192 'br' 'br_ln46' <Predicate = (!icmp_ln39 & trunc_ln46 == 21)> <Delay = 0.00>
ST_1 : Operation 193 [1/1] (0.00ns)   --->   "%br_ln46 = br void %xcl_latency.for.inc61.1_end" [src/sha256.cpp:46]   --->   Operation 193 'br' 'br_ln46' <Predicate = (!icmp_ln39 & trunc_ln46 == 20)> <Delay = 0.00>
ST_1 : Operation 194 [1/1] (0.00ns)   --->   "%br_ln46 = br void %xcl_latency.for.inc61.1_end" [src/sha256.cpp:46]   --->   Operation 194 'br' 'br_ln46' <Predicate = (!icmp_ln39 & trunc_ln46 == 19)> <Delay = 0.00>
ST_1 : Operation 195 [1/1] (0.00ns)   --->   "%br_ln46 = br void %xcl_latency.for.inc61.1_end" [src/sha256.cpp:46]   --->   Operation 195 'br' 'br_ln46' <Predicate = (!icmp_ln39 & trunc_ln46 == 18)> <Delay = 0.00>
ST_1 : Operation 196 [1/1] (0.00ns)   --->   "%br_ln46 = br void %xcl_latency.for.inc61.1_end" [src/sha256.cpp:46]   --->   Operation 196 'br' 'br_ln46' <Predicate = (!icmp_ln39 & trunc_ln46 == 17)> <Delay = 0.00>
ST_1 : Operation 197 [1/1] (0.00ns)   --->   "%br_ln46 = br void %xcl_latency.for.inc61.1_end" [src/sha256.cpp:46]   --->   Operation 197 'br' 'br_ln46' <Predicate = (!icmp_ln39 & trunc_ln46 == 16)> <Delay = 0.00>
ST_1 : Operation 198 [1/1] (0.00ns)   --->   "%br_ln46 = br void %xcl_latency.for.inc61.1_end" [src/sha256.cpp:46]   --->   Operation 198 'br' 'br_ln46' <Predicate = (!icmp_ln39 & trunc_ln46 == 63) | (!icmp_ln39 & trunc_ln46 == 15) | (!icmp_ln39 & trunc_ln46 == 14) | (!icmp_ln39 & trunc_ln46 == 13) | (!icmp_ln39 & trunc_ln46 == 12) | (!icmp_ln39 & trunc_ln46 == 11) | (!icmp_ln39 & trunc_ln46 == 10) | (!icmp_ln39 & trunc_ln46 == 9) | (!icmp_ln39 & trunc_ln46 == 8) | (!icmp_ln39 & trunc_ln46 == 7) | (!icmp_ln39 & trunc_ln46 == 6) | (!icmp_ln39 & trunc_ln46 == 5) | (!icmp_ln39 & trunc_ln46 == 4) | (!icmp_ln39 & trunc_ln46 == 3) | (!icmp_ln39 & trunc_ln46 == 2) | (!icmp_ln39 & trunc_ln46 == 1) | (!icmp_ln39 & trunc_ln46 == 0)> <Delay = 0.00>
ST_1 : Operation 256 [1/1] (0.00ns)   --->   "%W_load = load i32 %W"   --->   Operation 256 'load' 'W_load' <Predicate = (icmp_ln39)> <Delay = 0.00>
ST_1 : Operation 257 [1/1] (0.00ns)   --->   "%W_1_load = load i32 %W_1"   --->   Operation 257 'load' 'W_1_load' <Predicate = (icmp_ln39)> <Delay = 0.00>
ST_1 : Operation 258 [1/1] (0.00ns)   --->   "%W_2_load = load i32 %W_2"   --->   Operation 258 'load' 'W_2_load' <Predicate = (icmp_ln39)> <Delay = 0.00>
ST_1 : Operation 259 [1/1] (0.00ns)   --->   "%W_3_load = load i32 %W_3"   --->   Operation 259 'load' 'W_3_load' <Predicate = (icmp_ln39)> <Delay = 0.00>
ST_1 : Operation 260 [1/1] (0.00ns)   --->   "%W_4_load = load i32 %W_4"   --->   Operation 260 'load' 'W_4_load' <Predicate = (icmp_ln39)> <Delay = 0.00>
ST_1 : Operation 261 [1/1] (0.00ns)   --->   "%W_5_load = load i32 %W_5"   --->   Operation 261 'load' 'W_5_load' <Predicate = (icmp_ln39)> <Delay = 0.00>
ST_1 : Operation 262 [1/1] (0.00ns)   --->   "%W_6_load = load i32 %W_6"   --->   Operation 262 'load' 'W_6_load' <Predicate = (icmp_ln39)> <Delay = 0.00>
ST_1 : Operation 263 [1/1] (0.00ns)   --->   "%W_7_load = load i32 %W_7"   --->   Operation 263 'load' 'W_7_load' <Predicate = (icmp_ln39)> <Delay = 0.00>
ST_1 : Operation 264 [1/1] (0.00ns)   --->   "%W_8_load = load i32 %W_8"   --->   Operation 264 'load' 'W_8_load' <Predicate = (icmp_ln39)> <Delay = 0.00>
ST_1 : Operation 265 [1/1] (0.00ns)   --->   "%W_9_load = load i32 %W_9"   --->   Operation 265 'load' 'W_9_load' <Predicate = (icmp_ln39)> <Delay = 0.00>
ST_1 : Operation 266 [1/1] (0.00ns)   --->   "%W_10_load = load i32 %W_10"   --->   Operation 266 'load' 'W_10_load' <Predicate = (icmp_ln39)> <Delay = 0.00>
ST_1 : Operation 267 [1/1] (0.00ns)   --->   "%W_11_load = load i32 %W_11"   --->   Operation 267 'load' 'W_11_load' <Predicate = (icmp_ln39)> <Delay = 0.00>
ST_1 : Operation 268 [1/1] (0.00ns)   --->   "%W_12_load = load i32 %W_12"   --->   Operation 268 'load' 'W_12_load' <Predicate = (icmp_ln39)> <Delay = 0.00>
ST_1 : Operation 269 [1/1] (0.00ns)   --->   "%W_13_load = load i32 %W_13"   --->   Operation 269 'load' 'W_13_load' <Predicate = (icmp_ln39)> <Delay = 0.00>
ST_1 : Operation 270 [1/1] (0.00ns)   --->   "%W_14_load = load i32 %W_14"   --->   Operation 270 'load' 'W_14_load' <Predicate = (icmp_ln39)> <Delay = 0.00>
ST_1 : Operation 271 [1/1] (0.00ns)   --->   "%W_15_load = load i32 %W_15"   --->   Operation 271 'load' 'W_15_load' <Predicate = (icmp_ln39)> <Delay = 0.00>
ST_1 : Operation 272 [1/1] (0.00ns)   --->   "%W_16_load = load i32 %W_16"   --->   Operation 272 'load' 'W_16_load' <Predicate = (icmp_ln39)> <Delay = 0.00>
ST_1 : Operation 273 [1/1] (0.00ns)   --->   "%W_17_load = load i32 %W_17"   --->   Operation 273 'load' 'W_17_load' <Predicate = (icmp_ln39)> <Delay = 0.00>
ST_1 : Operation 274 [1/1] (0.00ns)   --->   "%W_18_load = load i32 %W_18"   --->   Operation 274 'load' 'W_18_load' <Predicate = (icmp_ln39)> <Delay = 0.00>
ST_1 : Operation 275 [1/1] (0.00ns)   --->   "%W_19_load = load i32 %W_19"   --->   Operation 275 'load' 'W_19_load' <Predicate = (icmp_ln39)> <Delay = 0.00>
ST_1 : Operation 276 [1/1] (0.00ns)   --->   "%W_20_load = load i32 %W_20"   --->   Operation 276 'load' 'W_20_load' <Predicate = (icmp_ln39)> <Delay = 0.00>
ST_1 : Operation 277 [1/1] (0.00ns)   --->   "%W_21_load = load i32 %W_21"   --->   Operation 277 'load' 'W_21_load' <Predicate = (icmp_ln39)> <Delay = 0.00>
ST_1 : Operation 278 [1/1] (0.00ns)   --->   "%W_22_load = load i32 %W_22"   --->   Operation 278 'load' 'W_22_load' <Predicate = (icmp_ln39)> <Delay = 0.00>
ST_1 : Operation 279 [1/1] (0.00ns)   --->   "%W_23_load = load i32 %W_23"   --->   Operation 279 'load' 'W_23_load' <Predicate = (icmp_ln39)> <Delay = 0.00>
ST_1 : Operation 280 [1/1] (0.00ns)   --->   "%W_24_load = load i32 %W_24"   --->   Operation 280 'load' 'W_24_load' <Predicate = (icmp_ln39)> <Delay = 0.00>
ST_1 : Operation 281 [1/1] (0.00ns)   --->   "%W_25_load = load i32 %W_25"   --->   Operation 281 'load' 'W_25_load' <Predicate = (icmp_ln39)> <Delay = 0.00>
ST_1 : Operation 282 [1/1] (0.00ns)   --->   "%W_26_load = load i32 %W_26"   --->   Operation 282 'load' 'W_26_load' <Predicate = (icmp_ln39)> <Delay = 0.00>
ST_1 : Operation 283 [1/1] (0.00ns)   --->   "%W_27_load = load i32 %W_27"   --->   Operation 283 'load' 'W_27_load' <Predicate = (icmp_ln39)> <Delay = 0.00>
ST_1 : Operation 284 [1/1] (0.00ns)   --->   "%W_28_load = load i32 %W_28"   --->   Operation 284 'load' 'W_28_load' <Predicate = (icmp_ln39)> <Delay = 0.00>
ST_1 : Operation 285 [1/1] (0.00ns)   --->   "%W_29_load = load i32 %W_29"   --->   Operation 285 'load' 'W_29_load' <Predicate = (icmp_ln39)> <Delay = 0.00>
ST_1 : Operation 286 [1/1] (0.00ns)   --->   "%W_30_load = load i32 %W_30"   --->   Operation 286 'load' 'W_30_load' <Predicate = (icmp_ln39)> <Delay = 0.00>
ST_1 : Operation 287 [1/1] (0.00ns)   --->   "%W_31_load = load i32 %W_31"   --->   Operation 287 'load' 'W_31_load' <Predicate = (icmp_ln39)> <Delay = 0.00>
ST_1 : Operation 288 [1/1] (0.00ns)   --->   "%W_32_load = load i32 %W_32"   --->   Operation 288 'load' 'W_32_load' <Predicate = (icmp_ln39)> <Delay = 0.00>
ST_1 : Operation 289 [1/1] (0.00ns)   --->   "%W_33_load = load i32 %W_33"   --->   Operation 289 'load' 'W_33_load' <Predicate = (icmp_ln39)> <Delay = 0.00>
ST_1 : Operation 290 [1/1] (0.00ns)   --->   "%W_34_load = load i32 %W_34"   --->   Operation 290 'load' 'W_34_load' <Predicate = (icmp_ln39)> <Delay = 0.00>
ST_1 : Operation 291 [1/1] (0.00ns)   --->   "%W_35_load = load i32 %W_35"   --->   Operation 291 'load' 'W_35_load' <Predicate = (icmp_ln39)> <Delay = 0.00>
ST_1 : Operation 292 [1/1] (0.00ns)   --->   "%W_36_load = load i32 %W_36"   --->   Operation 292 'load' 'W_36_load' <Predicate = (icmp_ln39)> <Delay = 0.00>
ST_1 : Operation 293 [1/1] (0.00ns)   --->   "%W_37_load = load i32 %W_37"   --->   Operation 293 'load' 'W_37_load' <Predicate = (icmp_ln39)> <Delay = 0.00>
ST_1 : Operation 294 [1/1] (0.00ns)   --->   "%W_38_load = load i32 %W_38"   --->   Operation 294 'load' 'W_38_load' <Predicate = (icmp_ln39)> <Delay = 0.00>
ST_1 : Operation 295 [1/1] (0.00ns)   --->   "%W_39_load = load i32 %W_39"   --->   Operation 295 'load' 'W_39_load' <Predicate = (icmp_ln39)> <Delay = 0.00>
ST_1 : Operation 296 [1/1] (0.00ns)   --->   "%W_40_load = load i32 %W_40"   --->   Operation 296 'load' 'W_40_load' <Predicate = (icmp_ln39)> <Delay = 0.00>
ST_1 : Operation 297 [1/1] (0.00ns)   --->   "%W_41_load = load i32 %W_41"   --->   Operation 297 'load' 'W_41_load' <Predicate = (icmp_ln39)> <Delay = 0.00>
ST_1 : Operation 298 [1/1] (0.00ns)   --->   "%W_42_load = load i32 %W_42"   --->   Operation 298 'load' 'W_42_load' <Predicate = (icmp_ln39)> <Delay = 0.00>
ST_1 : Operation 299 [1/1] (0.00ns)   --->   "%W_43_load = load i32 %W_43"   --->   Operation 299 'load' 'W_43_load' <Predicate = (icmp_ln39)> <Delay = 0.00>
ST_1 : Operation 300 [1/1] (0.00ns)   --->   "%W_44_load = load i32 %W_44"   --->   Operation 300 'load' 'W_44_load' <Predicate = (icmp_ln39)> <Delay = 0.00>
ST_1 : Operation 301 [1/1] (0.00ns)   --->   "%W_45_load = load i32 %W_45"   --->   Operation 301 'load' 'W_45_load' <Predicate = (icmp_ln39)> <Delay = 0.00>
ST_1 : Operation 302 [1/1] (0.00ns)   --->   "%W_46_load = load i32 %W_46"   --->   Operation 302 'load' 'W_46_load' <Predicate = (icmp_ln39)> <Delay = 0.00>
ST_1 : Operation 303 [1/1] (0.00ns)   --->   "%W_47_load = load i32 %W_47"   --->   Operation 303 'load' 'W_47_load' <Predicate = (icmp_ln39)> <Delay = 0.00>
ST_1 : Operation 304 [1/1] (0.00ns)   --->   "%write_ln0 = write void @_ssdm_op_Write.ap_auto.i32P0A, i32 %W_47_out, i32 %W_47_load"   --->   Operation 304 'write' 'write_ln0' <Predicate = (icmp_ln39)> <Delay = 0.00>
ST_1 : Operation 305 [1/1] (0.00ns)   --->   "%write_ln0 = write void @_ssdm_op_Write.ap_auto.i32P0A, i32 %W_46_out, i32 %W_46_load"   --->   Operation 305 'write' 'write_ln0' <Predicate = (icmp_ln39)> <Delay = 0.00>
ST_1 : Operation 306 [1/1] (0.00ns)   --->   "%write_ln0 = write void @_ssdm_op_Write.ap_auto.i32P0A, i32 %W_45_out, i32 %W_45_load"   --->   Operation 306 'write' 'write_ln0' <Predicate = (icmp_ln39)> <Delay = 0.00>
ST_1 : Operation 307 [1/1] (0.00ns)   --->   "%write_ln0 = write void @_ssdm_op_Write.ap_auto.i32P0A, i32 %W_44_out, i32 %W_44_load"   --->   Operation 307 'write' 'write_ln0' <Predicate = (icmp_ln39)> <Delay = 0.00>
ST_1 : Operation 308 [1/1] (0.00ns)   --->   "%write_ln0 = write void @_ssdm_op_Write.ap_auto.i32P0A, i32 %W_43_out, i32 %W_43_load"   --->   Operation 308 'write' 'write_ln0' <Predicate = (icmp_ln39)> <Delay = 0.00>
ST_1 : Operation 309 [1/1] (0.00ns)   --->   "%write_ln0 = write void @_ssdm_op_Write.ap_auto.i32P0A, i32 %W_42_out, i32 %W_42_load"   --->   Operation 309 'write' 'write_ln0' <Predicate = (icmp_ln39)> <Delay = 0.00>
ST_1 : Operation 310 [1/1] (0.00ns)   --->   "%write_ln0 = write void @_ssdm_op_Write.ap_auto.i32P0A, i32 %W_41_out, i32 %W_41_load"   --->   Operation 310 'write' 'write_ln0' <Predicate = (icmp_ln39)> <Delay = 0.00>
ST_1 : Operation 311 [1/1] (0.00ns)   --->   "%write_ln0 = write void @_ssdm_op_Write.ap_auto.i32P0A, i32 %W_40_out, i32 %W_40_load"   --->   Operation 311 'write' 'write_ln0' <Predicate = (icmp_ln39)> <Delay = 0.00>
ST_1 : Operation 312 [1/1] (0.00ns)   --->   "%write_ln0 = write void @_ssdm_op_Write.ap_auto.i32P0A, i32 %W_39_out, i32 %W_39_load"   --->   Operation 312 'write' 'write_ln0' <Predicate = (icmp_ln39)> <Delay = 0.00>
ST_1 : Operation 313 [1/1] (0.00ns)   --->   "%write_ln0 = write void @_ssdm_op_Write.ap_auto.i32P0A, i32 %W_38_out, i32 %W_38_load"   --->   Operation 313 'write' 'write_ln0' <Predicate = (icmp_ln39)> <Delay = 0.00>
ST_1 : Operation 314 [1/1] (0.00ns)   --->   "%write_ln0 = write void @_ssdm_op_Write.ap_auto.i32P0A, i32 %W_37_out, i32 %W_37_load"   --->   Operation 314 'write' 'write_ln0' <Predicate = (icmp_ln39)> <Delay = 0.00>
ST_1 : Operation 315 [1/1] (0.00ns)   --->   "%write_ln0 = write void @_ssdm_op_Write.ap_auto.i32P0A, i32 %W_36_out, i32 %W_36_load"   --->   Operation 315 'write' 'write_ln0' <Predicate = (icmp_ln39)> <Delay = 0.00>
ST_1 : Operation 316 [1/1] (0.00ns)   --->   "%write_ln0 = write void @_ssdm_op_Write.ap_auto.i32P0A, i32 %W_35_out, i32 %W_35_load"   --->   Operation 316 'write' 'write_ln0' <Predicate = (icmp_ln39)> <Delay = 0.00>
ST_1 : Operation 317 [1/1] (0.00ns)   --->   "%write_ln0 = write void @_ssdm_op_Write.ap_auto.i32P0A, i32 %W_34_out, i32 %W_34_load"   --->   Operation 317 'write' 'write_ln0' <Predicate = (icmp_ln39)> <Delay = 0.00>
ST_1 : Operation 318 [1/1] (0.00ns)   --->   "%write_ln0 = write void @_ssdm_op_Write.ap_auto.i32P0A, i32 %W_33_out, i32 %W_33_load"   --->   Operation 318 'write' 'write_ln0' <Predicate = (icmp_ln39)> <Delay = 0.00>
ST_1 : Operation 319 [1/1] (0.00ns)   --->   "%write_ln0 = write void @_ssdm_op_Write.ap_auto.i32P0A, i32 %W_32_out, i32 %W_32_load"   --->   Operation 319 'write' 'write_ln0' <Predicate = (icmp_ln39)> <Delay = 0.00>
ST_1 : Operation 320 [1/1] (0.00ns)   --->   "%write_ln0 = write void @_ssdm_op_Write.ap_auto.i32P0A, i32 %W_31_out, i32 %W_31_load"   --->   Operation 320 'write' 'write_ln0' <Predicate = (icmp_ln39)> <Delay = 0.00>
ST_1 : Operation 321 [1/1] (0.00ns)   --->   "%write_ln0 = write void @_ssdm_op_Write.ap_auto.i32P0A, i32 %W_30_out, i32 %W_30_load"   --->   Operation 321 'write' 'write_ln0' <Predicate = (icmp_ln39)> <Delay = 0.00>
ST_1 : Operation 322 [1/1] (0.00ns)   --->   "%write_ln0 = write void @_ssdm_op_Write.ap_auto.i32P0A, i32 %W_29_out, i32 %W_29_load"   --->   Operation 322 'write' 'write_ln0' <Predicate = (icmp_ln39)> <Delay = 0.00>
ST_1 : Operation 323 [1/1] (0.00ns)   --->   "%write_ln0 = write void @_ssdm_op_Write.ap_auto.i32P0A, i32 %W_28_out, i32 %W_28_load"   --->   Operation 323 'write' 'write_ln0' <Predicate = (icmp_ln39)> <Delay = 0.00>
ST_1 : Operation 324 [1/1] (0.00ns)   --->   "%write_ln0 = write void @_ssdm_op_Write.ap_auto.i32P0A, i32 %W_27_out, i32 %W_27_load"   --->   Operation 324 'write' 'write_ln0' <Predicate = (icmp_ln39)> <Delay = 0.00>
ST_1 : Operation 325 [1/1] (0.00ns)   --->   "%write_ln0 = write void @_ssdm_op_Write.ap_auto.i32P0A, i32 %W_26_out, i32 %W_26_load"   --->   Operation 325 'write' 'write_ln0' <Predicate = (icmp_ln39)> <Delay = 0.00>
ST_1 : Operation 326 [1/1] (0.00ns)   --->   "%write_ln0 = write void @_ssdm_op_Write.ap_auto.i32P0A, i32 %W_25_out, i32 %W_25_load"   --->   Operation 326 'write' 'write_ln0' <Predicate = (icmp_ln39)> <Delay = 0.00>
ST_1 : Operation 327 [1/1] (0.00ns)   --->   "%write_ln0 = write void @_ssdm_op_Write.ap_auto.i32P0A, i32 %W_24_out, i32 %W_24_load"   --->   Operation 327 'write' 'write_ln0' <Predicate = (icmp_ln39)> <Delay = 0.00>
ST_1 : Operation 328 [1/1] (0.00ns)   --->   "%write_ln0 = write void @_ssdm_op_Write.ap_auto.i32P0A, i32 %W_23_out, i32 %W_23_load"   --->   Operation 328 'write' 'write_ln0' <Predicate = (icmp_ln39)> <Delay = 0.00>
ST_1 : Operation 329 [1/1] (0.00ns)   --->   "%write_ln0 = write void @_ssdm_op_Write.ap_auto.i32P0A, i32 %W_22_out, i32 %W_22_load"   --->   Operation 329 'write' 'write_ln0' <Predicate = (icmp_ln39)> <Delay = 0.00>
ST_1 : Operation 330 [1/1] (0.00ns)   --->   "%write_ln0 = write void @_ssdm_op_Write.ap_auto.i32P0A, i32 %W_21_out, i32 %W_21_load"   --->   Operation 330 'write' 'write_ln0' <Predicate = (icmp_ln39)> <Delay = 0.00>
ST_1 : Operation 331 [1/1] (0.00ns)   --->   "%write_ln0 = write void @_ssdm_op_Write.ap_auto.i32P0A, i32 %W_20_out, i32 %W_20_load"   --->   Operation 331 'write' 'write_ln0' <Predicate = (icmp_ln39)> <Delay = 0.00>
ST_1 : Operation 332 [1/1] (0.00ns)   --->   "%write_ln0 = write void @_ssdm_op_Write.ap_auto.i32P0A, i32 %W_19_out, i32 %W_19_load"   --->   Operation 332 'write' 'write_ln0' <Predicate = (icmp_ln39)> <Delay = 0.00>
ST_1 : Operation 333 [1/1] (0.00ns)   --->   "%write_ln0 = write void @_ssdm_op_Write.ap_auto.i32P0A, i32 %W_18_out, i32 %W_18_load"   --->   Operation 333 'write' 'write_ln0' <Predicate = (icmp_ln39)> <Delay = 0.00>
ST_1 : Operation 334 [1/1] (0.00ns)   --->   "%write_ln0 = write void @_ssdm_op_Write.ap_auto.i32P0A, i32 %W_17_out, i32 %W_17_load"   --->   Operation 334 'write' 'write_ln0' <Predicate = (icmp_ln39)> <Delay = 0.00>
ST_1 : Operation 335 [1/1] (0.00ns)   --->   "%write_ln0 = write void @_ssdm_op_Write.ap_auto.i32P0A, i32 %W_16_out, i32 %W_16_load"   --->   Operation 335 'write' 'write_ln0' <Predicate = (icmp_ln39)> <Delay = 0.00>
ST_1 : Operation 336 [1/1] (0.00ns)   --->   "%write_ln0 = write void @_ssdm_op_Write.ap_auto.i32P0A, i32 %W_15_out, i32 %W_15_load"   --->   Operation 336 'write' 'write_ln0' <Predicate = (icmp_ln39)> <Delay = 0.00>
ST_1 : Operation 337 [1/1] (0.00ns)   --->   "%write_ln0 = write void @_ssdm_op_Write.ap_auto.i32P0A, i32 %W_14_out, i32 %W_14_load"   --->   Operation 337 'write' 'write_ln0' <Predicate = (icmp_ln39)> <Delay = 0.00>
ST_1 : Operation 338 [1/1] (0.00ns)   --->   "%write_ln0 = write void @_ssdm_op_Write.ap_auto.i32P0A, i32 %W_13_out, i32 %W_13_load"   --->   Operation 338 'write' 'write_ln0' <Predicate = (icmp_ln39)> <Delay = 0.00>
ST_1 : Operation 339 [1/1] (0.00ns)   --->   "%write_ln0 = write void @_ssdm_op_Write.ap_auto.i32P0A, i32 %W_12_out, i32 %W_12_load"   --->   Operation 339 'write' 'write_ln0' <Predicate = (icmp_ln39)> <Delay = 0.00>
ST_1 : Operation 340 [1/1] (0.00ns)   --->   "%write_ln0 = write void @_ssdm_op_Write.ap_auto.i32P0A, i32 %W_11_out, i32 %W_11_load"   --->   Operation 340 'write' 'write_ln0' <Predicate = (icmp_ln39)> <Delay = 0.00>
ST_1 : Operation 341 [1/1] (0.00ns)   --->   "%write_ln0 = write void @_ssdm_op_Write.ap_auto.i32P0A, i32 %W_10_out, i32 %W_10_load"   --->   Operation 341 'write' 'write_ln0' <Predicate = (icmp_ln39)> <Delay = 0.00>
ST_1 : Operation 342 [1/1] (0.00ns)   --->   "%write_ln0 = write void @_ssdm_op_Write.ap_auto.i32P0A, i32 %W_9_out, i32 %W_9_load"   --->   Operation 342 'write' 'write_ln0' <Predicate = (icmp_ln39)> <Delay = 0.00>
ST_1 : Operation 343 [1/1] (0.00ns)   --->   "%write_ln0 = write void @_ssdm_op_Write.ap_auto.i32P0A, i32 %W_8_out, i32 %W_8_load"   --->   Operation 343 'write' 'write_ln0' <Predicate = (icmp_ln39)> <Delay = 0.00>
ST_1 : Operation 344 [1/1] (0.00ns)   --->   "%write_ln0 = write void @_ssdm_op_Write.ap_auto.i32P0A, i32 %W_7_out, i32 %W_7_load"   --->   Operation 344 'write' 'write_ln0' <Predicate = (icmp_ln39)> <Delay = 0.00>
ST_1 : Operation 345 [1/1] (0.00ns)   --->   "%write_ln0 = write void @_ssdm_op_Write.ap_auto.i32P0A, i32 %W_6_out, i32 %W_6_load"   --->   Operation 345 'write' 'write_ln0' <Predicate = (icmp_ln39)> <Delay = 0.00>
ST_1 : Operation 346 [1/1] (0.00ns)   --->   "%write_ln0 = write void @_ssdm_op_Write.ap_auto.i32P0A, i32 %W_5_out, i32 %W_5_load"   --->   Operation 346 'write' 'write_ln0' <Predicate = (icmp_ln39)> <Delay = 0.00>
ST_1 : Operation 347 [1/1] (0.00ns)   --->   "%write_ln0 = write void @_ssdm_op_Write.ap_auto.i32P0A, i32 %W_4_out, i32 %W_4_load"   --->   Operation 347 'write' 'write_ln0' <Predicate = (icmp_ln39)> <Delay = 0.00>
ST_1 : Operation 348 [1/1] (0.00ns)   --->   "%write_ln0 = write void @_ssdm_op_Write.ap_auto.i32P0A, i32 %W_3_out, i32 %W_3_load"   --->   Operation 348 'write' 'write_ln0' <Predicate = (icmp_ln39)> <Delay = 0.00>
ST_1 : Operation 349 [1/1] (0.00ns)   --->   "%write_ln0 = write void @_ssdm_op_Write.ap_auto.i32P0A, i32 %W_2_out, i32 %W_2_load"   --->   Operation 349 'write' 'write_ln0' <Predicate = (icmp_ln39)> <Delay = 0.00>
ST_1 : Operation 350 [1/1] (0.00ns)   --->   "%write_ln0 = write void @_ssdm_op_Write.ap_auto.i32P0A, i32 %W_1_out, i32 %W_1_load"   --->   Operation 350 'write' 'write_ln0' <Predicate = (icmp_ln39)> <Delay = 0.00>
ST_1 : Operation 351 [1/1] (0.00ns)   --->   "%write_ln0 = write void @_ssdm_op_Write.ap_auto.i32P0A, i32 %W_out, i32 %W_load"   --->   Operation 351 'write' 'write_ln0' <Predicate = (icmp_ln39)> <Delay = 0.00>
ST_1 : Operation 352 [1/1] (0.00ns)   --->   "%ret_ln0 = ret"   --->   Operation 352 'ret' 'ret_ln0' <Predicate = (icmp_ln39)> <Delay = 0.00>

State 2 <SV = 1> <Delay = 4.37>
ST_2 : Operation 199 [1/1] (0.00ns)   --->   "%specpipeline_ln40 = specpipeline void @_ssdm_op_SpecPipeline, i32 2, i32 0, i32 0, i32 0, void @empty_0" [src/sha256.cpp:40]   --->   Operation 199 'specpipeline' 'specpipeline_ln40' <Predicate = (!icmp_ln39)> <Delay = 0.00>
ST_2 : Operation 200 [1/1] (0.00ns)   --->   "%specloopname_ln28 = specloopname void @_ssdm_op_SpecLoopName, void @empty_17" [src/sha256.cpp:28]   --->   Operation 200 'specloopname' 'specloopname_ln28' <Predicate = (!icmp_ln39)> <Delay = 0.00>
ST_2 : Operation 201 [1/1] (0.00ns) (grouped into TernaryAdder)   --->   "%add_ln46_1 = add i32 %add_ln46, i32 %s0" [src/sha256.cpp:46]   --->   Operation 201 'add' 'add_ln46_1' <Predicate = (!icmp_ln39)> <Delay = 0.00> <CoreInst = "TAddSub">   --->   Core 10 'TAddSub' <Latency = 0> <II = 1> <Delay = 2.18> <IPBlock> <Opcode : 'add' 'sub'> <InPorts = 3> <OutPorts = 1> <Sync> <CReg>
ST_2 : Operation 202 [1/1] (4.37ns) (root node of TernaryAdder)   --->   "%W_48 = add i32 %add_ln46_1, i32 %s1" [src/sha256.cpp:46]   --->   Operation 202 'add' 'W_48' <Predicate = (!icmp_ln39)> <Delay = 4.37> <CoreInst = "TAddSub">   --->   Core 10 'TAddSub' <Latency = 0> <II = 1> <Delay = 2.18> <IPBlock> <Opcode : 'add' 'sub'> <InPorts = 3> <OutPorts = 1> <Sync> <CReg>
ST_2 : Operation 203 [1/1] (0.00ns)   --->   "%store_ln46 = store i32 %W_48, i32 %W_1" [src/sha256.cpp:46]   --->   Operation 203 'store' 'store_ln46' <Predicate = (!icmp_ln39 & trunc_ln46 == 62)> <Delay = 0.00>
ST_2 : Operation 204 [1/1] (0.00ns)   --->   "%store_ln46 = store i32 %W_48, i32 %W_2" [src/sha256.cpp:46]   --->   Operation 204 'store' 'store_ln46' <Predicate = (!icmp_ln39 & trunc_ln46 == 61)> <Delay = 0.00>
ST_2 : Operation 205 [1/1] (0.00ns)   --->   "%store_ln46 = store i32 %W_48, i32 %W_3" [src/sha256.cpp:46]   --->   Operation 205 'store' 'store_ln46' <Predicate = (!icmp_ln39 & trunc_ln46 == 60)> <Delay = 0.00>
ST_2 : Operation 206 [1/1] (0.00ns)   --->   "%store_ln46 = store i32 %W_48, i32 %W_4" [src/sha256.cpp:46]   --->   Operation 206 'store' 'store_ln46' <Predicate = (!icmp_ln39 & trunc_ln46 == 59)> <Delay = 0.00>
ST_2 : Operation 207 [1/1] (0.00ns)   --->   "%store_ln46 = store i32 %W_48, i32 %W_5" [src/sha256.cpp:46]   --->   Operation 207 'store' 'store_ln46' <Predicate = (!icmp_ln39 & trunc_ln46 == 58)> <Delay = 0.00>
ST_2 : Operation 208 [1/1] (0.00ns)   --->   "%store_ln46 = store i32 %W_48, i32 %W_6" [src/sha256.cpp:46]   --->   Operation 208 'store' 'store_ln46' <Predicate = (!icmp_ln39 & trunc_ln46 == 57)> <Delay = 0.00>
ST_2 : Operation 209 [1/1] (0.00ns)   --->   "%store_ln46 = store i32 %W_48, i32 %W_7" [src/sha256.cpp:46]   --->   Operation 209 'store' 'store_ln46' <Predicate = (!icmp_ln39 & trunc_ln46 == 56)> <Delay = 0.00>
ST_2 : Operation 210 [1/1] (0.00ns)   --->   "%store_ln46 = store i32 %W_48, i32 %W_8" [src/sha256.cpp:46]   --->   Operation 210 'store' 'store_ln46' <Predicate = (!icmp_ln39 & trunc_ln46 == 55)> <Delay = 0.00>
ST_2 : Operation 211 [1/1] (0.00ns)   --->   "%store_ln46 = store i32 %W_48, i32 %W_9" [src/sha256.cpp:46]   --->   Operation 211 'store' 'store_ln46' <Predicate = (!icmp_ln39 & trunc_ln46 == 54)> <Delay = 0.00>
ST_2 : Operation 212 [1/1] (0.00ns)   --->   "%store_ln46 = store i32 %W_48, i32 %W_10" [src/sha256.cpp:46]   --->   Operation 212 'store' 'store_ln46' <Predicate = (!icmp_ln39 & trunc_ln46 == 53)> <Delay = 0.00>
ST_2 : Operation 213 [1/1] (0.00ns)   --->   "%store_ln46 = store i32 %W_48, i32 %W_11" [src/sha256.cpp:46]   --->   Operation 213 'store' 'store_ln46' <Predicate = (!icmp_ln39 & trunc_ln46 == 52)> <Delay = 0.00>
ST_2 : Operation 214 [1/1] (0.00ns)   --->   "%store_ln46 = store i32 %W_48, i32 %W_12" [src/sha256.cpp:46]   --->   Operation 214 'store' 'store_ln46' <Predicate = (!icmp_ln39 & trunc_ln46 == 51)> <Delay = 0.00>
ST_2 : Operation 215 [1/1] (0.00ns)   --->   "%store_ln46 = store i32 %W_48, i32 %W_13" [src/sha256.cpp:46]   --->   Operation 215 'store' 'store_ln46' <Predicate = (!icmp_ln39 & trunc_ln46 == 50)> <Delay = 0.00>
ST_2 : Operation 216 [1/1] (0.00ns)   --->   "%store_ln46 = store i32 %W_48, i32 %W_14" [src/sha256.cpp:46]   --->   Operation 216 'store' 'store_ln46' <Predicate = (!icmp_ln39 & trunc_ln46 == 49)> <Delay = 0.00>
ST_2 : Operation 217 [1/1] (0.00ns)   --->   "%store_ln46 = store i32 %W_48, i32 %W_15" [src/sha256.cpp:46]   --->   Operation 217 'store' 'store_ln46' <Predicate = (!icmp_ln39 & trunc_ln46 == 48)> <Delay = 0.00>
ST_2 : Operation 218 [1/1] (0.00ns)   --->   "%store_ln46 = store i32 %W_48, i32 %W_47" [src/sha256.cpp:46]   --->   Operation 218 'store' 'store_ln46' <Predicate = (!icmp_ln39 & trunc_ln46 == 47)> <Delay = 0.00>
ST_2 : Operation 219 [1/1] (0.00ns)   --->   "%store_ln46 = store i32 %W_48, i32 %W_46" [src/sha256.cpp:46]   --->   Operation 219 'store' 'store_ln46' <Predicate = (!icmp_ln39 & trunc_ln46 == 46)> <Delay = 0.00>
ST_2 : Operation 220 [1/1] (0.00ns)   --->   "%store_ln46 = store i32 %W_48, i32 %W_45" [src/sha256.cpp:46]   --->   Operation 220 'store' 'store_ln46' <Predicate = (!icmp_ln39 & trunc_ln46 == 45)> <Delay = 0.00>
ST_2 : Operation 221 [1/1] (0.00ns)   --->   "%store_ln46 = store i32 %W_48, i32 %W_44" [src/sha256.cpp:46]   --->   Operation 221 'store' 'store_ln46' <Predicate = (!icmp_ln39 & trunc_ln46 == 44)> <Delay = 0.00>
ST_2 : Operation 222 [1/1] (0.00ns)   --->   "%store_ln46 = store i32 %W_48, i32 %W_43" [src/sha256.cpp:46]   --->   Operation 222 'store' 'store_ln46' <Predicate = (!icmp_ln39 & trunc_ln46 == 43)> <Delay = 0.00>
ST_2 : Operation 223 [1/1] (0.00ns)   --->   "%store_ln46 = store i32 %W_48, i32 %W_42" [src/sha256.cpp:46]   --->   Operation 223 'store' 'store_ln46' <Predicate = (!icmp_ln39 & trunc_ln46 == 42)> <Delay = 0.00>
ST_2 : Operation 224 [1/1] (0.00ns)   --->   "%store_ln46 = store i32 %W_48, i32 %W_41" [src/sha256.cpp:46]   --->   Operation 224 'store' 'store_ln46' <Predicate = (!icmp_ln39 & trunc_ln46 == 41)> <Delay = 0.00>
ST_2 : Operation 225 [1/1] (0.00ns)   --->   "%store_ln46 = store i32 %W_48, i32 %W_40" [src/sha256.cpp:46]   --->   Operation 225 'store' 'store_ln46' <Predicate = (!icmp_ln39 & trunc_ln46 == 40)> <Delay = 0.00>
ST_2 : Operation 226 [1/1] (0.00ns)   --->   "%store_ln46 = store i32 %W_48, i32 %W_39" [src/sha256.cpp:46]   --->   Operation 226 'store' 'store_ln46' <Predicate = (!icmp_ln39 & trunc_ln46 == 39)> <Delay = 0.00>
ST_2 : Operation 227 [1/1] (0.00ns)   --->   "%store_ln46 = store i32 %W_48, i32 %W_38" [src/sha256.cpp:46]   --->   Operation 227 'store' 'store_ln46' <Predicate = (!icmp_ln39 & trunc_ln46 == 38)> <Delay = 0.00>
ST_2 : Operation 228 [1/1] (0.00ns)   --->   "%store_ln46 = store i32 %W_48, i32 %W_37" [src/sha256.cpp:46]   --->   Operation 228 'store' 'store_ln46' <Predicate = (!icmp_ln39 & trunc_ln46 == 37)> <Delay = 0.00>
ST_2 : Operation 229 [1/1] (0.00ns)   --->   "%store_ln46 = store i32 %W_48, i32 %W_36" [src/sha256.cpp:46]   --->   Operation 229 'store' 'store_ln46' <Predicate = (!icmp_ln39 & trunc_ln46 == 36)> <Delay = 0.00>
ST_2 : Operation 230 [1/1] (0.00ns)   --->   "%store_ln46 = store i32 %W_48, i32 %W_35" [src/sha256.cpp:46]   --->   Operation 230 'store' 'store_ln46' <Predicate = (!icmp_ln39 & trunc_ln46 == 35)> <Delay = 0.00>
ST_2 : Operation 231 [1/1] (0.00ns)   --->   "%store_ln46 = store i32 %W_48, i32 %W_34" [src/sha256.cpp:46]   --->   Operation 231 'store' 'store_ln46' <Predicate = (!icmp_ln39 & trunc_ln46 == 34)> <Delay = 0.00>
ST_2 : Operation 232 [1/1] (0.00ns)   --->   "%store_ln46 = store i32 %W_48, i32 %W_33" [src/sha256.cpp:46]   --->   Operation 232 'store' 'store_ln46' <Predicate = (!icmp_ln39 & trunc_ln46 == 33)> <Delay = 0.00>
ST_2 : Operation 233 [1/1] (0.00ns)   --->   "%store_ln46 = store i32 %W_48, i32 %W_32" [src/sha256.cpp:46]   --->   Operation 233 'store' 'store_ln46' <Predicate = (!icmp_ln39 & trunc_ln46 == 32)> <Delay = 0.00>
ST_2 : Operation 234 [1/1] (0.00ns)   --->   "%store_ln46 = store i32 %W_48, i32 %W_31" [src/sha256.cpp:46]   --->   Operation 234 'store' 'store_ln46' <Predicate = (!icmp_ln39 & trunc_ln46 == 31)> <Delay = 0.00>
ST_2 : Operation 235 [1/1] (0.00ns)   --->   "%store_ln46 = store i32 %W_48, i32 %W_30" [src/sha256.cpp:46]   --->   Operation 235 'store' 'store_ln46' <Predicate = (!icmp_ln39 & trunc_ln46 == 30)> <Delay = 0.00>
ST_2 : Operation 236 [1/1] (0.00ns)   --->   "%store_ln46 = store i32 %W_48, i32 %W_29" [src/sha256.cpp:46]   --->   Operation 236 'store' 'store_ln46' <Predicate = (!icmp_ln39 & trunc_ln46 == 29)> <Delay = 0.00>
ST_2 : Operation 237 [1/1] (0.00ns)   --->   "%store_ln46 = store i32 %W_48, i32 %W_28" [src/sha256.cpp:46]   --->   Operation 237 'store' 'store_ln46' <Predicate = (!icmp_ln39 & trunc_ln46 == 28)> <Delay = 0.00>
ST_2 : Operation 238 [1/1] (0.00ns)   --->   "%store_ln46 = store i32 %W_48, i32 %W_27" [src/sha256.cpp:46]   --->   Operation 238 'store' 'store_ln46' <Predicate = (!icmp_ln39 & trunc_ln46 == 27)> <Delay = 0.00>
ST_2 : Operation 239 [1/1] (0.00ns)   --->   "%store_ln46 = store i32 %W_48, i32 %W_26" [src/sha256.cpp:46]   --->   Operation 239 'store' 'store_ln46' <Predicate = (!icmp_ln39 & trunc_ln46 == 26)> <Delay = 0.00>
ST_2 : Operation 240 [1/1] (0.00ns)   --->   "%store_ln46 = store i32 %W_48, i32 %W_25" [src/sha256.cpp:46]   --->   Operation 240 'store' 'store_ln46' <Predicate = (!icmp_ln39 & trunc_ln46 == 25)> <Delay = 0.00>
ST_2 : Operation 241 [1/1] (0.00ns)   --->   "%store_ln46 = store i32 %W_48, i32 %W_24" [src/sha256.cpp:46]   --->   Operation 241 'store' 'store_ln46' <Predicate = (!icmp_ln39 & trunc_ln46 == 24)> <Delay = 0.00>
ST_2 : Operation 242 [1/1] (0.00ns)   --->   "%store_ln46 = store i32 %W_48, i32 %W_23" [src/sha256.cpp:46]   --->   Operation 242 'store' 'store_ln46' <Predicate = (!icmp_ln39 & trunc_ln46 == 23)> <Delay = 0.00>
ST_2 : Operation 243 [1/1] (0.00ns)   --->   "%store_ln46 = store i32 %W_48, i32 %W_22" [src/sha256.cpp:46]   --->   Operation 243 'store' 'store_ln46' <Predicate = (!icmp_ln39 & trunc_ln46 == 22)> <Delay = 0.00>
ST_2 : Operation 244 [1/1] (0.00ns)   --->   "%store_ln46 = store i32 %W_48, i32 %W_21" [src/sha256.cpp:46]   --->   Operation 244 'store' 'store_ln46' <Predicate = (!icmp_ln39 & trunc_ln46 == 21)> <Delay = 0.00>
ST_2 : Operation 245 [1/1] (0.00ns)   --->   "%store_ln46 = store i32 %W_48, i32 %W_20" [src/sha256.cpp:46]   --->   Operation 245 'store' 'store_ln46' <Predicate = (!icmp_ln39 & trunc_ln46 == 20)> <Delay = 0.00>
ST_2 : Operation 246 [1/1] (0.00ns)   --->   "%store_ln46 = store i32 %W_48, i32 %W_19" [src/sha256.cpp:46]   --->   Operation 246 'store' 'store_ln46' <Predicate = (!icmp_ln39 & trunc_ln46 == 19)> <Delay = 0.00>
ST_2 : Operation 247 [1/1] (0.00ns)   --->   "%store_ln46 = store i32 %W_48, i32 %W_18" [src/sha256.cpp:46]   --->   Operation 247 'store' 'store_ln46' <Predicate = (!icmp_ln39 & trunc_ln46 == 18)> <Delay = 0.00>
ST_2 : Operation 248 [1/1] (0.00ns)   --->   "%store_ln46 = store i32 %W_48, i32 %W_17" [src/sha256.cpp:46]   --->   Operation 248 'store' 'store_ln46' <Predicate = (!icmp_ln39 & trunc_ln46 == 17)> <Delay = 0.00>
ST_2 : Operation 249 [1/1] (0.00ns)   --->   "%store_ln46 = store i32 %W_48, i32 %W_16" [src/sha256.cpp:46]   --->   Operation 249 'store' 'store_ln46' <Predicate = (!icmp_ln39 & trunc_ln46 == 16)> <Delay = 0.00>
ST_2 : Operation 250 [1/1] (0.00ns)   --->   "%store_ln46 = store i32 %W_48, i32 %W" [src/sha256.cpp:46]   --->   Operation 250 'store' 'store_ln46' <Predicate = (!icmp_ln39 & trunc_ln46 == 63) | (!icmp_ln39 & trunc_ln46 == 15) | (!icmp_ln39 & trunc_ln46 == 14) | (!icmp_ln39 & trunc_ln46 == 13) | (!icmp_ln39 & trunc_ln46 == 12) | (!icmp_ln39 & trunc_ln46 == 11) | (!icmp_ln39 & trunc_ln46 == 10) | (!icmp_ln39 & trunc_ln46 == 9) | (!icmp_ln39 & trunc_ln46 == 8) | (!icmp_ln39 & trunc_ln46 == 7) | (!icmp_ln39 & trunc_ln46 == 6) | (!icmp_ln39 & trunc_ln46 == 5) | (!icmp_ln39 & trunc_ln46 == 4) | (!icmp_ln39 & trunc_ln46 == 3) | (!icmp_ln39 & trunc_ln46 == 2) | (!icmp_ln39 & trunc_ln46 == 1) | (!icmp_ln39 & trunc_ln46 == 0)> <Delay = 0.00>
ST_2 : Operation 251 [1/1] (0.00ns)   --->   "%speclatency_ln41 = speclatency void @_ssdm_op_SpecLatency, i64 2, i64 2, void @empty_0" [src/sha256.cpp:41]   --->   Operation 251 'speclatency' 'speclatency_ln41' <Predicate = (!icmp_ln39)> <Delay = 0.00>
ST_2 : Operation 252 [1/1] (1.87ns)   --->   "%add_ln39 = add i7 %t_1, i7 1" [src/sha256.cpp:39]   --->   Operation 252 'add' 'add_ln39' <Predicate = (!icmp_ln39)> <Delay = 1.87> <CoreInst = "Adder">   --->   Core 1 'Adder' <Latency = 0> <II = 1> <Delay = 1.87> <FuncUnit> <Opcode : 'add' 'sub'> <InPorts = 2> <OutPorts = 1>
ST_2 : Operation 253 [1/1] (1.58ns)   --->   "%store_ln39 = store i7 %add_ln39, i7 %t" [src/sha256.cpp:39]   --->   Operation 253 'store' 'store_ln39' <Predicate = (!icmp_ln39)> <Delay = 1.58>

State 3 <SV = 2> <Delay = 0.00>
ST_3 : Operation 254 [1/1] (0.00ns)   --->   "%rend243 = specregionend i32 @_ssdm_op_SpecRegionEnd, void @empty_1, i32 %rbegin1" [src/sha256.cpp:47]   --->   Operation 254 'specregionend' 'rend243' <Predicate = true> <Delay = 0.00>
ST_3 : Operation 255 [1/1] (0.00ns)   --->   "%br_ln39 = br void %for.inc61" [src/sha256.cpp:39]   --->   Operation 255 'br' 'br_ln39' <Predicate = true> <Delay = 0.00>


============================================================
+ Verbose Summary: Timing violations
============================================================
Target clock period: 10ns, clock uncertainty: 1.25ns.

 <State 1>: 5.69ns
The critical path consists of the following:
	'alloca' operation ('t') [65]  (0 ns)
	'load' operation ('t', src/sha256.cpp:46) on local variable 't' [133]  (0 ns)
	'mux' operation ('tmp_2', src/sha256.cpp:44) [209]  (3.14 ns)
	'add' operation ('add_ln46', src/sha256.cpp:46) [211]  (2.55 ns)

 <State 2>: 4.37ns
The critical path consists of the following:
	'add' operation ('add_ln46_1', src/sha256.cpp:46) [212]  (0 ns)
	'add' operation ('W', src/sha256.cpp:46) [213]  (4.37 ns)
	'store' operation ('store_ln46', src/sha256.cpp:46) of variable 'W', src/sha256.cpp:46 on local variable 'W' [286]  (0 ns)

 <State 3>: 0ns
The critical path consists of the following:


============================================================
+ Verbose Summary: Binding
============================================================
N/A
* FSMD analyzer results:
  - Output states:
 - Input state : 
  - Chain level:
	State 1
	State 2
	State 3


============================================================
+ Verbose Summary: Datapath Resource usage 
============================================================
N/A
