

================================================================
== Vitis HLS Report for 'sha256_process_block'
================================================================
* Date:           Sun Aug 23 12:50:43 2026

* Version:        2022.1 (Build 3526262 on Mon Apr 18 15:48:16 MDT 2022)
* Project:        sha256
* Solution:       solution1 (Vivado IP Flow Target)
* Product family: zynq
* Target device:  xc7z020-clg484-1


================================================================
== Performance Estimates
================================================================
+ Timing: 
    * Summary: 
    +--------+----------+----------+------------+
    |  Clock |  Target  | Estimated| Uncertainty|
    +--------+----------+----------+------------+
    |ap_clk  |  10.00 ns|  8.511 ns|     1.25 ns|
    +--------+----------+----------+------------+

+ Latency: 
    * Summary: 
    +---------+---------+----------+----------+-----+-----+---------+
    |  Latency (cycles) |  Latency (absolute) |  Interval | Pipeline|
    |   min   |   max   |    min   |    max   | min | max |   Type  |
    +---------+---------+----------+----------+-----+-----+---------+
    |      238|      238|  2.380 us|  2.380 us|  238|  238|       no|
    +---------+---------+----------+----------+-----+-----+---------+

    + Detail: 
        * Instance: 
        N/A

        * Loop: 
        N/A

============================================================
+ Verbose Summary: Synthesis Manager
============================================================
InlineROM: 1
ExposeGlobal: 0
============================================================
+ Verbose Summary: CDFG Model
============================================================
IsTopModel: 0
ResetActiveHigh: 1
IsCombinational: 0
IsDatapathOnly: 0
HasWiredReturn: 1
HasMFsm: 0
HasVarLatency: 1
IsPipeline: 0
IsRtlPipelined: 0
IsInstanceOverlapped: 0
IsDontTouch: 0
HasImplIP: 0
IsGatedGlobalClock: 0


============================================================
+ Verbose Summary: Schedule
============================================================
* Number of FSM states : 10
* Pipeline : 0
* Dataflow Pipeline: 0

* FSM state transitions: 
1 --> 2 
2 --> 3 
3 --> 4 
4 --> 5 
5 --> 6 
6 --> 7 
7 --> 8 
8 --> 9 
9 --> 10 
10 --> 

* FSM state operations: 

State 1 <SV = 0> <Delay = 2.32>
ST_1 : Operation 11 [1/1] (0.00ns)   --->   "%c_3_loc = alloca i64 1"   --->   Operation 11 'alloca' 'c_3_loc' <Predicate = true> <Delay = 0.00>
ST_1 : Operation 12 [1/1] (0.00ns)   --->   "%b_3_loc = alloca i64 1"   --->   Operation 12 'alloca' 'b_3_loc' <Predicate = true> <Delay = 0.00>
ST_1 : Operation 13 [1/1] (0.00ns)   --->   "%a_3_loc = alloca i64 1"   --->   Operation 13 'alloca' 'a_3_loc' <Predicate = true> <Delay = 0.00>
ST_1 : Operation 14 [1/1] (0.00ns)   --->   "%d_1_loc = alloca i64 1"   --->   Operation 14 'alloca' 'd_1_loc' <Predicate = true> <Delay = 0.00>
ST_1 : Operation 15 [1/1] (0.00ns)   --->   "%e_3_loc = alloca i64 1"   --->   Operation 15 'alloca' 'e_3_loc' <Predicate = true> <Delay = 0.00>
ST_1 : Operation 16 [1/1] (0.00ns)   --->   "%f_3_loc = alloca i64 1"   --->   Operation 16 'alloca' 'f_3_loc' <Predicate = true> <Delay = 0.00>
ST_1 : Operation 17 [1/1] (0.00ns)   --->   "%g_3_loc = alloca i64 1"   --->   Operation 17 'alloca' 'g_3_loc' <Predicate = true> <Delay = 0.00>
ST_1 : Operation 18 [1/1] (0.00ns)   --->   "%h_1_loc = alloca i64 1"   --->   Operation 18 'alloca' 'h_1_loc' <Predicate = true> <Delay = 0.00>
ST_1 : Operation 19 [1/1] (0.00ns)   --->   "%W_loc = alloca i64 1"   --->   Operation 19 'alloca' 'W_loc' <Predicate = true> <Delay = 0.00>
ST_1 : Operation 20 [1/1] (0.00ns)   --->   "%W_1_loc = alloca i64 1"   --->   Operation 20 'alloca' 'W_1_loc' <Predicate = true> <Delay = 0.00>
ST_1 : Operation 21 [1/1] (0.00ns)   --->   "%W_2_loc = alloca i64 1"   --->   Operation 21 'alloca' 'W_2_loc' <Predicate = true> <Delay = 0.00>
ST_1 : Operation 22 [1/1] (0.00ns)   --->   "%W_3_loc = alloca i64 1"   --->   Operation 22 'alloca' 'W_3_loc' <Predicate = true> <Delay = 0.00>
ST_1 : Operation 23 [1/1] (0.00ns)   --->   "%W_4_loc = alloca i64 1"   --->   Operation 23 'alloca' 'W_4_loc' <Predicate = true> <Delay = 0.00>
ST_1 : Operation 24 [1/1] (0.00ns)   --->   "%W_5_loc = alloca i64 1"   --->   Operation 24 'alloca' 'W_5_loc' <Predicate = true> <Delay = 0.00>
ST_1 : Operation 25 [1/1] (0.00ns)   --->   "%W_6_loc = alloca i64 1"   --->   Operation 25 'alloca' 'W_6_loc' <Predicate = true> <Delay = 0.00>
ST_1 : Operation 26 [1/1] (0.00ns)   --->   "%W_7_loc = alloca i64 1"   --->   Operation 26 'alloca' 'W_7_loc' <Predicate = true> <Delay = 0.00>
ST_1 : Operation 27 [1/1] (0.00ns)   --->   "%W_8_loc = alloca i64 1"   --->   Operation 27 'alloca' 'W_8_loc' <Predicate = true> <Delay = 0.00>
ST_1 : Operation 28 [1/1] (0.00ns)   --->   "%W_9_loc = alloca i64 1"   --->   Operation 28 'alloca' 'W_9_loc' <Predicate = true> <Delay = 0.00>
ST_1 : Operation 29 [1/1] (0.00ns)   --->   "%W_10_loc = alloca i64 1"   --->   Operation 29 'alloca' 'W_10_loc' <Predicate = true> <Delay = 0.00>
ST_1 : Operation 30 [1/1] (0.00ns)   --->   "%W_11_loc = alloca i64 1"   --->   Operation 30 'alloca' 'W_11_loc' <Predicate = true> <Delay = 0.00>
ST_1 : Operation 31 [1/1] (0.00ns)   --->   "%W_12_loc = alloca i64 1"   --->   Operation 31 'alloca' 'W_12_loc' <Predicate = true> <Delay = 0.00>
ST_1 : Operation 32 [1/1] (0.00ns)   --->   "%W_13_loc = alloca i64 1"   --->   Operation 32 'alloca' 'W_13_loc' <Predicate = true> <Delay = 0.00>
ST_1 : Operation 33 [1/1] (0.00ns)   --->   "%W_14_loc = alloca i64 1"   --->   Operation 33 'alloca' 'W_14_loc' <Predicate = true> <Delay = 0.00>
ST_1 : Operation 34 [1/1] (0.00ns)   --->   "%W_15_loc = alloca i64 1"   --->   Operation 34 'alloca' 'W_15_loc' <Predicate = true> <Delay = 0.00>
ST_1 : Operation 35 [1/1] (0.00ns)   --->   "%W_16_loc = alloca i64 1"   --->   Operation 35 'alloca' 'W_16_loc' <Predicate = true> <Delay = 0.00>
ST_1 : Operation 36 [1/1] (0.00ns)   --->   "%W_17_loc = alloca i64 1"   --->   Operation 36 'alloca' 'W_17_loc' <Predicate = true> <Delay = 0.00>
ST_1 : Operation 37 [1/1] (0.00ns)   --->   "%W_18_loc = alloca i64 1"   --->   Operation 37 'alloca' 'W_18_loc' <Predicate = true> <Delay = 0.00>
ST_1 : Operation 38 [1/1] (0.00ns)   --->   "%W_19_loc = alloca i64 1"   --->   Operation 38 'alloca' 'W_19_loc' <Predicate = true> <Delay = 0.00>
ST_1 : Operation 39 [1/1] (0.00ns)   --->   "%W_20_loc = alloca i64 1"   --->   Operation 39 'alloca' 'W_20_loc' <Predicate = true> <Delay = 0.00>
ST_1 : Operation 40 [1/1] (0.00ns)   --->   "%W_21_loc = alloca i64 1"   --->   Operation 40 'alloca' 'W_21_loc' <Predicate = true> <Delay = 0.00>
ST_1 : Operation 41 [1/1] (0.00ns)   --->   "%W_22_loc = alloca i64 1"   --->   Operation 41 'alloca' 'W_22_loc' <Predicate = true> <Delay = 0.00>
ST_1 : Operation 42 [1/1] (0.00ns)   --->   "%W_23_loc = alloca i64 1"   --->   Operation 42 'alloca' 'W_23_loc' <Predicate = true> <Delay = 0.00>
ST_1 : Operation 43 [1/1] (0.00ns)   --->   "%W_24_loc = alloca i64 1"   --->   Operation 43 'alloca' 'W_24_loc' <Predicate = true> <Delay = 0.00>
ST_1 : Operation 44 [1/1] (0.00ns)   --->   "%W_25_loc = alloca i64 1"   --->   Operation 44 'alloca' 'W_25_loc' <Predicate = true> <Delay = 0.00>
ST_1 : Operation 45 [1/1] (0.00ns)   --->   "%W_26_loc = alloca i64 1"   --->   Operation 45 'alloca' 'W_26_loc' <Predicate = true> <Delay = 0.00>
ST_1 : Operation 46 [1/1] (0.00ns)   --->   "%W_27_loc = alloca i64 1"   --->   Operation 46 'alloca' 'W_27_loc' <Predicate = true> <Delay = 0.00>
ST_1 : Operation 47 [1/1] (0.00ns)   --->   "%W_28_loc = alloca i64 1"   --->   Operation 47 'alloca' 'W_28_loc' <Predicate = true> <Delay = 0.00>
ST_1 : Operation 48 [1/1] (0.00ns)   --->   "%W_29_loc = alloca i64 1"   --->   Operation 48 'alloca' 'W_29_loc' <Predicate = true> <Delay = 0.00>
ST_1 : Operation 49 [1/1] (0.00ns)   --->   "%W_30_loc = alloca i64 1"   --->   Operation 49 'alloca' 'W_30_loc' <Predicate = true> <Delay = 0.00>
ST_1 : Operation 50 [1/1] (0.00ns)   --->   "%W_31_loc = alloca i64 1"   --->   Operation 50 'alloca' 'W_31_loc' <Predicate = true> <Delay = 0.00>
ST_1 : Operation 51 [1/1] (0.00ns)   --->   "%W_32_loc = alloca i64 1"   --->   Operation 51 'alloca' 'W_32_loc' <Predicate = true> <Delay = 0.00>
ST_1 : Operation 52 [1/1] (0.00ns)   --->   "%W_33_loc = alloca i64 1"   --->   Operation 52 'alloca' 'W_33_loc' <Predicate = true> <Delay = 0.00>
ST_1 : Operation 53 [1/1] (0.00ns)   --->   "%W_34_loc = alloca i64 1"   --->   Operation 53 'alloca' 'W_34_loc' <Predicate = true> <Delay = 0.00>
ST_1 : Operation 54 [1/1] (0.00ns)   --->   "%W_35_loc = alloca i64 1"   --->   Operation 54 'alloca' 'W_35_loc' <Predicate = true> <Delay = 0.00>
ST_1 : Operation 55 [1/1] (0.00ns)   --->   "%W_36_loc = alloca i64 1"   --->   Operation 55 'alloca' 'W_36_loc' <Predicate = true> <Delay = 0.00>
ST_1 : Operation 56 [1/1] (0.00ns)   --->   "%W_37_loc = alloca i64 1"   --->   Operation 56 'alloca' 'W_37_loc' <Predicate = true> <Delay = 0.00>
ST_1 : Operation 57 [1/1] (0.00ns)   --->   "%W_38_loc = alloca i64 1"   --->   Operation 57 'alloca' 'W_38_loc' <Predicate = true> <Delay = 0.00>
ST_1 : Operation 58 [1/1] (0.00ns)   --->   "%W_39_loc = alloca i64 1"   --->   Operation 58 'alloca' 'W_39_loc' <Predicate = true> <Delay = 0.00>
ST_1 : Operation 59 [1/1] (0.00ns)   --->   "%W_40_loc = alloca i64 1"   --->   Operation 59 'alloca' 'W_40_loc' <Predicate = true> <Delay = 0.00>
ST_1 : Operation 60 [1/1] (0.00ns)   --->   "%W_41_loc = alloca i64 1"   --->   Operation 60 'alloca' 'W_41_loc' <Predicate = true> <Delay = 0.00>
ST_1 : Operation 61 [1/1] (0.00ns)   --->   "%W_42_loc = alloca i64 1"   --->   Operation 61 'alloca' 'W_42_loc' <Predicate = true> <Delay = 0.00>
ST_1 : Operation 62 [1/1] (0.00ns)   --->   "%W_43_loc = alloca i64 1"   --->   Operation 62 'alloca' 'W_43_loc' <Predicate = true> <Delay = 0.00>
ST_1 : Operation 63 [1/1] (0.00ns)   --->   "%W_44_loc = alloca i64 1"   --->   Operation 63 'alloca' 'W_44_loc' <Predicate = true> <Delay = 0.00>
ST_1 : Operation 64 [1/1] (0.00ns)   --->   "%W_45_loc = alloca i64 1"   --->   Operation 64 'alloca' 'W_45_loc' <Predicate = true> <Delay = 0.00>
ST_1 : Operation 65 [1/1] (0.00ns)   --->   "%W_46_loc = alloca i64 1"   --->   Operation 65 'alloca' 'W_46_loc' <Predicate = true> <Delay = 0.00>
ST_1 : Operation 66 [1/1] (0.00ns)   --->   "%W_47_loc = alloca i64 1"   --->   Operation 66 'alloca' 'W_47_loc' <Predicate = true> <Delay = 0.00>
ST_1 : Operation 67 [1/1] (0.00ns)   --->   "%H_addr = getelementptr i32 %H, i64 0, i64 0" [src/sha256.cpp:20]   --->   Operation 67 'getelementptr' 'H_addr' <Predicate = true> <Delay = 0.00>
ST_1 : Operation 68 [2/2] (2.32ns)   --->   "%a = load i3 %H_addr" [src/sha256.cpp:52]   --->   Operation 68 'load' 'a' <Predicate = true> <Delay = 2.32> <CoreInst = "RAM">   --->   Core 82 'RAM' <Latency = 1> <II = 1> <Delay = 2.32> <Storage> <Opcode : 'load' 'store'> <Ports = 2> <Width = 32> <Depth = 8> <RAM>
ST_1 : Operation 69 [1/1] (0.00ns)   --->   "%H_addr_8 = getelementptr i32 %H, i64 0, i64 1" [src/sha256.cpp:53]   --->   Operation 69 'getelementptr' 'H_addr_8' <Predicate = true> <Delay = 0.00>
ST_1 : Operation 70 [2/2] (2.32ns)   --->   "%b = load i3 %H_addr_8" [src/sha256.cpp:53]   --->   Operation 70 'load' 'b' <Predicate = true> <Delay = 2.32> <CoreInst = "RAM">   --->   Core 82 'RAM' <Latency = 1> <II = 1> <Delay = 2.32> <Storage> <Opcode : 'load' 'store'> <Ports = 2> <Width = 32> <Depth = 8> <RAM>

State 2 <SV = 1> <Delay = 2.32>
ST_2 : Operation 71 [1/2] (2.32ns)   --->   "%a = load i3 %H_addr" [src/sha256.cpp:52]   --->   Operation 71 'load' 'a' <Predicate = true> <Delay = 2.32> <CoreInst = "RAM">   --->   Core 82 'RAM' <Latency = 1> <II = 1> <Delay = 2.32> <Storage> <Opcode : 'load' 'store'> <Ports = 2> <Width = 32> <Depth = 8> <RAM>
ST_2 : Operation 72 [1/2] (2.32ns)   --->   "%b = load i3 %H_addr_8" [src/sha256.cpp:53]   --->   Operation 72 'load' 'b' <Predicate = true> <Delay = 2.32> <CoreInst = "RAM">   --->   Core 82 'RAM' <Latency = 1> <II = 1> <Delay = 2.32> <Storage> <Opcode : 'load' 'store'> <Ports = 2> <Width = 32> <Depth = 8> <RAM>
ST_2 : Operation 73 [1/1] (0.00ns)   --->   "%H_addr_9 = getelementptr i32 %H, i64 0, i64 2" [src/sha256.cpp:54]   --->   Operation 73 'getelementptr' 'H_addr_9' <Predicate = true> <Delay = 0.00>
ST_2 : Operation 74 [2/2] (2.32ns)   --->   "%c = load i3 %H_addr_9" [src/sha256.cpp:54]   --->   Operation 74 'load' 'c' <Predicate = true> <Delay = 2.32> <CoreInst = "RAM">   --->   Core 82 'RAM' <Latency = 1> <II = 1> <Delay = 2.32> <Storage> <Opcode : 'load' 'store'> <Ports = 2> <Width = 32> <Depth = 8> <RAM>
ST_2 : Operation 75 [1/1] (0.00ns)   --->   "%H_addr_10 = getelementptr i32 %H, i64 0, i64 3" [src/sha256.cpp:55]   --->   Operation 75 'getelementptr' 'H_addr_10' <Predicate = true> <Delay = 0.00>
ST_2 : Operation 76 [2/2] (2.32ns)   --->   "%d = load i3 %H_addr_10" [src/sha256.cpp:55]   --->   Operation 76 'load' 'd' <Predicate = true> <Delay = 2.32> <CoreInst = "RAM">   --->   Core 82 'RAM' <Latency = 1> <II = 1> <Delay = 2.32> <Storage> <Opcode : 'load' 'store'> <Ports = 2> <Width = 32> <Depth = 8> <RAM>

State 3 <SV = 2> <Delay = 5.68>
ST_3 : Operation 77 [1/1] (0.00ns)   --->   "%block_read_48 = read i32 @_ssdm_op_Read.ap_auto.i32, i32 %block_read_93"   --->   Operation 77 'read' 'block_read_48' <Predicate = true> <Delay = 0.00>
ST_3 : Operation 78 [1/1] (0.00ns)   --->   "%block_read_49 = read i32 @_ssdm_op_Read.ap_auto.i32, i32 %block_read_92"   --->   Operation 78 'read' 'block_read_49' <Predicate = true> <Delay = 0.00>
ST_3 : Operation 79 [1/1] (0.00ns)   --->   "%block_read_50 = read i32 @_ssdm_op_Read.ap_auto.i32, i32 %block_read_91"   --->   Operation 79 'read' 'block_read_50' <Predicate = true> <Delay = 0.00>
ST_3 : Operation 80 [1/1] (0.00ns)   --->   "%block_read_51 = read i32 @_ssdm_op_Read.ap_auto.i32, i32 %block_read_90"   --->   Operation 80 'read' 'block_read_51' <Predicate = true> <Delay = 0.00>
ST_3 : Operation 81 [1/1] (0.00ns)   --->   "%block_read_52 = read i32 @_ssdm_op_Read.ap_auto.i32, i32 %block_read_89"   --->   Operation 81 'read' 'block_read_52' <Predicate = true> <Delay = 0.00>
ST_3 : Operation 82 [1/1] (0.00ns)   --->   "%block_read_53 = read i32 @_ssdm_op_Read.ap_auto.i32, i32 %block_read_88"   --->   Operation 82 'read' 'block_read_53' <Predicate = true> <Delay = 0.00>
ST_3 : Operation 83 [1/1] (0.00ns)   --->   "%block_read_54 = read i32 @_ssdm_op_Read.ap_auto.i32, i32 %block_read_87"   --->   Operation 83 'read' 'block_read_54' <Predicate = true> <Delay = 0.00>
ST_3 : Operation 84 [1/1] (0.00ns)   --->   "%block_read_55 = read i32 @_ssdm_op_Read.ap_auto.i32, i32 %block_read_86"   --->   Operation 84 'read' 'block_read_55' <Predicate = true> <Delay = 0.00>
ST_3 : Operation 85 [1/1] (0.00ns)   --->   "%block_read_56 = read i32 @_ssdm_op_Read.ap_auto.i32, i32 %block_read_85"   --->   Operation 85 'read' 'block_read_56' <Predicate = true> <Delay = 0.00>
ST_3 : Operation 86 [1/1] (0.00ns)   --->   "%block_read_57 = read i32 @_ssdm_op_Read.ap_auto.i32, i32 %block_read_84"   --->   Operation 86 'read' 'block_read_57' <Predicate = true> <Delay = 0.00>
ST_3 : Operation 87 [1/1] (0.00ns)   --->   "%block_read_58 = read i32 @_ssdm_op_Read.ap_auto.i32, i32 %block_read_83"   --->   Operation 87 'read' 'block_read_58' <Predicate = true> <Delay = 0.00>
ST_3 : Operation 88 [1/1] (0.00ns)   --->   "%block_read_59 = read i32 @_ssdm_op_Read.ap_auto.i32, i32 %block_read_82"   --->   Operation 88 'read' 'block_read_59' <Predicate = true> <Delay = 0.00>
ST_3 : Operation 89 [1/1] (0.00ns)   --->   "%block_read_60 = read i32 @_ssdm_op_Read.ap_auto.i32, i32 %block_read_81"   --->   Operation 89 'read' 'block_read_60' <Predicate = true> <Delay = 0.00>
ST_3 : Operation 90 [1/1] (0.00ns)   --->   "%block_read_61 = read i32 @_ssdm_op_Read.ap_auto.i32, i32 %block_read_80"   --->   Operation 90 'read' 'block_read_61' <Predicate = true> <Delay = 0.00>
ST_3 : Operation 91 [1/1] (0.00ns)   --->   "%block_read_62 = read i32 @_ssdm_op_Read.ap_auto.i32, i32 %block_read_79"   --->   Operation 91 'read' 'block_read_62' <Predicate = true> <Delay = 0.00>
ST_3 : Operation 92 [1/1] (0.00ns)   --->   "%block_read_63 = read i32 @_ssdm_op_Read.ap_auto.i32, i32 %block_read"   --->   Operation 92 'read' 'block_read_63' <Predicate = true> <Delay = 0.00>
ST_3 : Operation 93 [2/2] (5.68ns)   --->   "%call_ln0 = call void @sha256_process_block_Pipeline_EXPAND_W, i32 %block_read_62, i32 %block_read_61, i32 %block_read_60, i32 %block_read_59, i32 %block_read_58, i32 %block_read_57, i32 %block_read_56, i32 %block_read_55, i32 %block_read_54, i32 %block_read_53, i32 %block_read_52, i32 %block_read_51, i32 %block_read_50, i32 %block_read_49, i32 %block_read_48, i32 %block_read_63, i32 %W_47_loc, i32 %W_46_loc, i32 %W_45_loc, i32 %W_44_loc, i32 %W_43_loc, i32 %W_42_loc, i32 %W_41_loc, i32 %W_40_loc, i32 %W_39_loc, i32 %W_38_loc, i32 %W_37_loc, i32 %W_36_loc, i32 %W_35_loc, i32 %W_34_loc, i32 %W_33_loc, i32 %W_32_loc, i32 %W_31_loc, i32 %W_30_loc, i32 %W_29_loc, i32 %W_28_loc, i32 %W_27_loc, i32 %W_26_loc, i32 %W_25_loc, i32 %W_24_loc, i32 %W_23_loc, i32 %W_22_loc, i32 %W_21_loc, i32 %W_20_loc, i32 %W_19_loc, i32 %W_18_loc, i32 %W_17_loc, i32 %W_16_loc, i32 %W_15_loc, i32 %W_14_loc, i32 %W_13_loc, i32 %W_12_loc, i32 %W_11_loc, i32 %W_10_loc, i32 %W_9_loc, i32 %W_8_loc, i32 %W_7_loc, i32 %W_6_loc, i32 %W_5_loc, i32 %W_4_loc, i32 %W_3_loc, i32 %W_2_loc, i32 %W_1_loc, i32 %W_loc"   --->   Operation 93 'call' 'call_ln0' <Predicate = true> <Delay = 5.68> <CoreType = "Generic">   --->   Core 0 '' <Latency = 0> <II = 1> <Delay = 1.00> <Generic> <Opcode : >
ST_3 : Operation 94 [1/2] (2.32ns)   --->   "%c = load i3 %H_addr_9" [src/sha256.cpp:54]   --->   Operation 94 'load' 'c' <Predicate = true> <Delay = 2.32> <CoreInst = "RAM">   --->   Core 82 'RAM' <Latency = 1> <II = 1> <Delay = 2.32> <Storage> <Opcode : 'load' 'store'> <Ports = 2> <Width = 32> <Depth = 8> <RAM>
ST_3 : Operation 95 [1/2] (2.32ns)   --->   "%d = load i3 %H_addr_10" [src/sha256.cpp:55]   --->   Operation 95 'load' 'd' <Predicate = true> <Delay = 2.32> <CoreInst = "RAM">   --->   Core 82 'RAM' <Latency = 1> <II = 1> <Delay = 2.32> <Storage> <Opcode : 'load' 'store'> <Ports = 2> <Width = 32> <Depth = 8> <RAM>
ST_3 : Operation 96 [1/1] (0.00ns)   --->   "%H_addr_11 = getelementptr i32 %H, i64 0, i64 4" [src/sha256.cpp:56]   --->   Operation 96 'getelementptr' 'H_addr_11' <Predicate = true> <Delay = 0.00>
ST_3 : Operation 97 [2/2] (2.32ns)   --->   "%e = load i3 %H_addr_11" [src/sha256.cpp:56]   --->   Operation 97 'load' 'e' <Predicate = true> <Delay = 2.32> <CoreInst = "RAM">   --->   Core 82 'RAM' <Latency = 1> <II = 1> <Delay = 2.32> <Storage> <Opcode : 'load' 'store'> <Ports = 2> <Width = 32> <Depth = 8> <RAM>
ST_3 : Operation 98 [1/1] (0.00ns)   --->   "%H_addr_12 = getelementptr i32 %H, i64 0, i64 5" [src/sha256.cpp:57]   --->   Operation 98 'getelementptr' 'H_addr_12' <Predicate = true> <Delay = 0.00>
ST_3 : Operation 99 [2/2] (2.32ns)   --->   "%f = load i3 %H_addr_12" [src/sha256.cpp:57]   --->   Operation 99 'load' 'f' <Predicate = true> <Delay = 2.32> <CoreInst = "RAM">   --->   Core 82 'RAM' <Latency = 1> <II = 1> <Delay = 2.32> <Storage> <Opcode : 'load' 'store'> <Ports = 2> <Width = 32> <Depth = 8> <RAM>

State 4 <SV = 3> <Delay = 3.07>
ST_4 : Operation 100 [1/2] (3.07ns)   --->   "%call_ln0 = call void @sha256_process_block_Pipeline_EXPAND_W, i32 %block_read_62, i32 %block_read_61, i32 %block_read_60, i32 %block_read_59, i32 %block_read_58, i32 %block_read_57, i32 %block_read_56, i32 %block_read_55, i32 %block_read_54, i32 %block_read_53, i32 %block_read_52, i32 %block_read_51, i32 %block_read_50, i32 %block_read_49, i32 %block_read_48, i32 %block_read_63, i32 %W_47_loc, i32 %W_46_loc, i32 %W_45_loc, i32 %W_44_loc, i32 %W_43_loc, i32 %W_42_loc, i32 %W_41_loc, i32 %W_40_loc, i32 %W_39_loc, i32 %W_38_loc, i32 %W_37_loc, i32 %W_36_loc, i32 %W_35_loc, i32 %W_34_loc, i32 %W_33_loc, i32 %W_32_loc, i32 %W_31_loc, i32 %W_30_loc, i32 %W_29_loc, i32 %W_28_loc, i32 %W_27_loc, i32 %W_26_loc, i32 %W_25_loc, i32 %W_24_loc, i32 %W_23_loc, i32 %W_22_loc, i32 %W_21_loc, i32 %W_20_loc, i32 %W_19_loc, i32 %W_18_loc, i32 %W_17_loc, i32 %W_16_loc, i32 %W_15_loc, i32 %W_14_loc, i32 %W_13_loc, i32 %W_12_loc, i32 %W_11_loc, i32 %W_10_loc, i32 %W_9_loc, i32 %W_8_loc, i32 %W_7_loc, i32 %W_6_loc, i32 %W_5_loc, i32 %W_4_loc, i32 %W_3_loc, i32 %W_2_loc, i32 %W_1_loc, i32 %W_loc"   --->   Operation 100 'call' 'call_ln0' <Predicate = true> <Delay = 3.07> <CoreType = "Generic">   --->   Core 0 '' <Latency = 0> <II = 1> <Delay = 1.00> <Generic> <Opcode : >
ST_4 : Operation 101 [1/2] (2.32ns)   --->   "%e = load i3 %H_addr_11" [src/sha256.cpp:56]   --->   Operation 101 'load' 'e' <Predicate = true> <Delay = 2.32> <CoreInst = "RAM">   --->   Core 82 'RAM' <Latency = 1> <II = 1> <Delay = 2.32> <Storage> <Opcode : 'load' 'store'> <Ports = 2> <Width = 32> <Depth = 8> <RAM>
ST_4 : Operation 102 [1/2] (2.32ns)   --->   "%f = load i3 %H_addr_12" [src/sha256.cpp:57]   --->   Operation 102 'load' 'f' <Predicate = true> <Delay = 2.32> <CoreInst = "RAM">   --->   Core 82 'RAM' <Latency = 1> <II = 1> <Delay = 2.32> <Storage> <Opcode : 'load' 'store'> <Ports = 2> <Width = 32> <Depth = 8> <RAM>
ST_4 : Operation 103 [1/1] (0.00ns)   --->   "%H_addr_13 = getelementptr i32 %H, i64 0, i64 6" [src/sha256.cpp:58]   --->   Operation 103 'getelementptr' 'H_addr_13' <Predicate = true> <Delay = 0.00>
ST_4 : Operation 104 [2/2] (2.32ns)   --->   "%g = load i3 %H_addr_13" [src/sha256.cpp:58]   --->   Operation 104 'load' 'g' <Predicate = true> <Delay = 2.32> <CoreInst = "RAM">   --->   Core 82 'RAM' <Latency = 1> <II = 1> <Delay = 2.32> <Storage> <Opcode : 'load' 'store'> <Ports = 2> <Width = 32> <Depth = 8> <RAM>
ST_4 : Operation 105 [1/1] (0.00ns)   --->   "%H_addr_14 = getelementptr i32 %H, i64 0, i64 7" [src/sha256.cpp:59]   --->   Operation 105 'getelementptr' 'H_addr_14' <Predicate = true> <Delay = 0.00>
ST_4 : Operation 106 [2/2] (2.32ns)   --->   "%h = load i3 %H_addr_14" [src/sha256.cpp:59]   --->   Operation 106 'load' 'h' <Predicate = true> <Delay = 2.32> <CoreInst = "RAM">   --->   Core 82 'RAM' <Latency = 1> <II = 1> <Delay = 2.32> <Storage> <Opcode : 'load' 'store'> <Ports = 2> <Width = 32> <Depth = 8> <RAM>

State 5 <SV = 4> <Delay = 3.91>
ST_5 : Operation 107 [1/1] (0.00ns)   --->   "%W_47_loc_load = load i32 %W_47_loc"   --->   Operation 107 'load' 'W_47_loc_load' <Predicate = true> <Delay = 0.00>
ST_5 : Operation 108 [1/1] (0.00ns)   --->   "%W_46_loc_load = load i32 %W_46_loc"   --->   Operation 108 'load' 'W_46_loc_load' <Predicate = true> <Delay = 0.00>
ST_5 : Operation 109 [1/1] (0.00ns)   --->   "%W_45_loc_load = load i32 %W_45_loc"   --->   Operation 109 'load' 'W_45_loc_load' <Predicate = true> <Delay = 0.00>
ST_5 : Operation 110 [1/1] (0.00ns)   --->   "%W_44_loc_load = load i32 %W_44_loc"   --->   Operation 110 'load' 'W_44_loc_load' <Predicate = true> <Delay = 0.00>
ST_5 : Operation 111 [1/1] (0.00ns)   --->   "%W_43_loc_load = load i32 %W_43_loc"   --->   Operation 111 'load' 'W_43_loc_load' <Predicate = true> <Delay = 0.00>
ST_5 : Operation 112 [1/1] (0.00ns)   --->   "%W_42_loc_load = load i32 %W_42_loc"   --->   Operation 112 'load' 'W_42_loc_load' <Predicate = true> <Delay = 0.00>
ST_5 : Operation 113 [1/1] (0.00ns)   --->   "%W_41_loc_load = load i32 %W_41_loc"   --->   Operation 113 'load' 'W_41_loc_load' <Predicate = true> <Delay = 0.00>
ST_5 : Operation 114 [1/1] (0.00ns)   --->   "%W_40_loc_load = load i32 %W_40_loc"   --->   Operation 114 'load' 'W_40_loc_load' <Predicate = true> <Delay = 0.00>
ST_5 : Operation 115 [1/1] (0.00ns)   --->   "%W_39_loc_load = load i32 %W_39_loc"   --->   Operation 115 'load' 'W_39_loc_load' <Predicate = true> <Delay = 0.00>
ST_5 : Operation 116 [1/1] (0.00ns)   --->   "%W_38_loc_load = load i32 %W_38_loc"   --->   Operation 116 'load' 'W_38_loc_load' <Predicate = true> <Delay = 0.00>
ST_5 : Operation 117 [1/1] (0.00ns)   --->   "%W_37_loc_load = load i32 %W_37_loc"   --->   Operation 117 'load' 'W_37_loc_load' <Predicate = true> <Delay = 0.00>
ST_5 : Operation 118 [1/1] (0.00ns)   --->   "%W_36_loc_load = load i32 %W_36_loc"   --->   Operation 118 'load' 'W_36_loc_load' <Predicate = true> <Delay = 0.00>
ST_5 : Operation 119 [1/1] (0.00ns)   --->   "%W_35_loc_load = load i32 %W_35_loc"   --->   Operation 119 'load' 'W_35_loc_load' <Predicate = true> <Delay = 0.00>
ST_5 : Operation 120 [1/1] (0.00ns)   --->   "%W_34_loc_load = load i32 %W_34_loc"   --->   Operation 120 'load' 'W_34_loc_load' <Predicate = true> <Delay = 0.00>
ST_5 : Operation 121 [1/1] (0.00ns)   --->   "%W_33_loc_load = load i32 %W_33_loc"   --->   Operation 121 'load' 'W_33_loc_load' <Predicate = true> <Delay = 0.00>
ST_5 : Operation 122 [1/1] (0.00ns)   --->   "%W_32_loc_load = load i32 %W_32_loc"   --->   Operation 122 'load' 'W_32_loc_load' <Predicate = true> <Delay = 0.00>
ST_5 : Operation 123 [1/1] (0.00ns)   --->   "%W_31_loc_load = load i32 %W_31_loc"   --->   Operation 123 'load' 'W_31_loc_load' <Predicate = true> <Delay = 0.00>
ST_5 : Operation 124 [1/1] (0.00ns)   --->   "%W_30_loc_load = load i32 %W_30_loc"   --->   Operation 124 'load' 'W_30_loc_load' <Predicate = true> <Delay = 0.00>
ST_5 : Operation 125 [1/1] (0.00ns)   --->   "%W_29_loc_load = load i32 %W_29_loc"   --->   Operation 125 'load' 'W_29_loc_load' <Predicate = true> <Delay = 0.00>
ST_5 : Operation 126 [1/1] (0.00ns)   --->   "%W_28_loc_load = load i32 %W_28_loc"   --->   Operation 126 'load' 'W_28_loc_load' <Predicate = true> <Delay = 0.00>
ST_5 : Operation 127 [1/1] (0.00ns)   --->   "%W_27_loc_load = load i32 %W_27_loc"   --->   Operation 127 'load' 'W_27_loc_load' <Predicate = true> <Delay = 0.00>
ST_5 : Operation 128 [1/1] (0.00ns)   --->   "%W_26_loc_load = load i32 %W_26_loc"   --->   Operation 128 'load' 'W_26_loc_load' <Predicate = true> <Delay = 0.00>
ST_5 : Operation 129 [1/1] (0.00ns)   --->   "%W_25_loc_load = load i32 %W_25_loc"   --->   Operation 129 'load' 'W_25_loc_load' <Predicate = true> <Delay = 0.00>
ST_5 : Operation 130 [1/1] (0.00ns)   --->   "%W_24_loc_load = load i32 %W_24_loc"   --->   Operation 130 'load' 'W_24_loc_load' <Predicate = true> <Delay = 0.00>
ST_5 : Operation 131 [1/1] (0.00ns)   --->   "%W_23_loc_load = load i32 %W_23_loc"   --->   Operation 131 'load' 'W_23_loc_load' <Predicate = true> <Delay = 0.00>
ST_5 : Operation 132 [1/1] (0.00ns)   --->   "%W_22_loc_load = load i32 %W_22_loc"   --->   Operation 132 'load' 'W_22_loc_load' <Predicate = true> <Delay = 0.00>
ST_5 : Operation 133 [1/1] (0.00ns)   --->   "%W_21_loc_load = load i32 %W_21_loc"   --->   Operation 133 'load' 'W_21_loc_load' <Predicate = true> <Delay = 0.00>
ST_5 : Operation 134 [1/1] (0.00ns)   --->   "%W_20_loc_load = load i32 %W_20_loc"   --->   Operation 134 'load' 'W_20_loc_load' <Predicate = true> <Delay = 0.00>
ST_5 : Operation 135 [1/1] (0.00ns)   --->   "%W_19_loc_load = load i32 %W_19_loc"   --->   Operation 135 'load' 'W_19_loc_load' <Predicate = true> <Delay = 0.00>
ST_5 : Operation 136 [1/1] (0.00ns)   --->   "%W_18_loc_load = load i32 %W_18_loc"   --->   Operation 136 'load' 'W_18_loc_load' <Predicate = true> <Delay = 0.00>
ST_5 : Operation 137 [1/1] (0.00ns)   --->   "%W_17_loc_load = load i32 %W_17_loc"   --->   Operation 137 'load' 'W_17_loc_load' <Predicate = true> <Delay = 0.00>
ST_5 : Operation 138 [1/1] (0.00ns)   --->   "%W_16_loc_load = load i32 %W_16_loc"   --->   Operation 138 'load' 'W_16_loc_load' <Predicate = true> <Delay = 0.00>
ST_5 : Operation 139 [1/1] (0.00ns)   --->   "%W_15_loc_load = load i32 %W_15_loc"   --->   Operation 139 'load' 'W_15_loc_load' <Predicate = true> <Delay = 0.00>
ST_5 : Operation 140 [1/1] (0.00ns)   --->   "%W_14_loc_load = load i32 %W_14_loc"   --->   Operation 140 'load' 'W_14_loc_load' <Predicate = true> <Delay = 0.00>
ST_5 : Operation 141 [1/1] (0.00ns)   --->   "%W_13_loc_load = load i32 %W_13_loc"   --->   Operation 141 'load' 'W_13_loc_load' <Predicate = true> <Delay = 0.00>
ST_5 : Operation 142 [1/1] (0.00ns)   --->   "%W_12_loc_load = load i32 %W_12_loc"   --->   Operation 142 'load' 'W_12_loc_load' <Predicate = true> <Delay = 0.00>
ST_5 : Operation 143 [1/1] (0.00ns)   --->   "%W_11_loc_load = load i32 %W_11_loc"   --->   Operation 143 'load' 'W_11_loc_load' <Predicate = true> <Delay = 0.00>
ST_5 : Operation 144 [1/1] (0.00ns)   --->   "%W_10_loc_load = load i32 %W_10_loc"   --->   Operation 144 'load' 'W_10_loc_load' <Predicate = true> <Delay = 0.00>
ST_5 : Operation 145 [1/1] (0.00ns)   --->   "%W_9_loc_load = load i32 %W_9_loc"   --->   Operation 145 'load' 'W_9_loc_load' <Predicate = true> <Delay = 0.00>
ST_5 : Operation 146 [1/1] (0.00ns)   --->   "%W_8_loc_load = load i32 %W_8_loc"   --->   Operation 146 'load' 'W_8_loc_load' <Predicate = true> <Delay = 0.00>
ST_5 : Operation 147 [1/1] (0.00ns)   --->   "%W_7_loc_load = load i32 %W_7_loc"   --->   Operation 147 'load' 'W_7_loc_load' <Predicate = true> <Delay = 0.00>
ST_5 : Operation 148 [1/1] (0.00ns)   --->   "%W_6_loc_load = load i32 %W_6_loc"   --->   Operation 148 'load' 'W_6_loc_load' <Predicate = true> <Delay = 0.00>
ST_5 : Operation 149 [1/1] (0.00ns)   --->   "%W_5_loc_load = load i32 %W_5_loc"   --->   Operation 149 'load' 'W_5_loc_load' <Predicate = true> <Delay = 0.00>
ST_5 : Operation 150 [1/1] (0.00ns)   --->   "%W_4_loc_load = load i32 %W_4_loc"   --->   Operation 150 'load' 'W_4_loc_load' <Predicate = true> <Delay = 0.00>
ST_5 : Operation 151 [1/1] (0.00ns)   --->   "%W_3_loc_load = load i32 %W_3_loc"   --->   Operation 151 'load' 'W_3_loc_load' <Predicate = true> <Delay = 0.00>
ST_5 : Operation 152 [1/1] (0.00ns)   --->   "%W_2_loc_load = load i32 %W_2_loc"   --->   Operation 152 'load' 'W_2_loc_load' <Predicate = true> <Delay = 0.00>
ST_5 : Operation 153 [1/1] (0.00ns)   --->   "%W_1_loc_load = load i32 %W_1_loc"   --->   Operation 153 'load' 'W_1_loc_load' <Predicate = true> <Delay = 0.00>
ST_5 : Operation 154 [1/1] (0.00ns)   --->   "%W_loc_load = load i32 %W_loc"   --->   Operation 154 'load' 'W_loc_load' <Predicate = true> <Delay = 0.00>
ST_5 : Operation 155 [1/2] (2.32ns)   --->   "%g = load i3 %H_addr_13" [src/sha256.cpp:58]   --->   Operation 155 'load' 'g' <Predicate = true> <Delay = 2.32> <CoreInst = "RAM">   --->   Core 82 'RAM' <Latency = 1> <II = 1> <Delay = 2.32> <Storage> <Opcode : 'load' 'store'> <Ports = 2> <Width = 32> <Depth = 8> <RAM>
ST_5 : Operation 156 [1/2] (2.32ns)   --->   "%h = load i3 %H_addr_14" [src/sha256.cpp:59]   --->   Operation 156 'load' 'h' <Predicate = true> <Delay = 2.32> <CoreInst = "RAM">   --->   Core 82 'RAM' <Latency = 1> <II = 1> <Delay = 2.32> <Storage> <Opcode : 'load' 'store'> <Ports = 2> <Width = 32> <Depth = 8> <RAM>
ST_5 : Operation 157 [2/2] (1.58ns)   --->   "%call_ln59 = call void @sha256_process_block_Pipeline_COMPRESS, i32 %h, i32 %g, i32 %f, i32 %e, i32 %d, i32 %a, i32 %b, i32 %c, i32 %block_read_63, i32 %block_read_62, i32 %block_read_61, i32 %block_read_60, i32 %block_read_59, i32 %block_read_58, i32 %block_read_57, i32 %block_read_56, i32 %block_read_55, i32 %block_read_54, i32 %block_read_53, i32 %block_read_52, i32 %block_read_51, i32 %block_read_50, i32 %block_read_49, i32 %block_read_48, i32 %W_16_loc_load, i32 %W_17_loc_load, i32 %W_18_loc_load, i32 %W_19_loc_load, i32 %W_20_loc_load, i32 %W_21_loc_load, i32 %W_22_loc_load, i32 %W_23_loc_load, i32 %W_24_loc_load, i32 %W_25_loc_load, i32 %W_26_loc_load, i32 %W_27_loc_load, i32 %W_28_loc_load, i32 %W_29_loc_load, i32 %W_30_loc_load, i32 %W_31_loc_load, i32 %W_32_loc_load, i32 %W_33_loc_load, i32 %W_34_loc_load, i32 %W_35_loc_load, i32 %W_36_loc_load, i32 %W_37_loc_load, i32 %W_38_loc_load, i32 %W_39_loc_load, i32 %W_40_loc_load, i32 %W_41_loc_load, i32 %W_42_loc_load, i32 %W_43_loc_load, i32 %W_44_loc_load, i32 %W_45_loc_load, i32 %W_46_loc_load, i32 %W_47_loc_load, i32 %W_15_loc_load, i32 %W_14_loc_load, i32 %W_13_loc_load, i32 %W_12_loc_load, i32 %W_11_loc_load, i32 %W_10_loc_load, i32 %W_9_loc_load, i32 %W_8_loc_load, i32 %W_7_loc_load, i32 %W_6_loc_load, i32 %W_5_loc_load, i32 %W_4_loc_load, i32 %W_3_loc_load, i32 %W_2_loc_load, i32 %W_1_loc_load, i32 %W_loc_load, i32 %h_1_loc, i32 %g_3_loc, i32 %f_3_loc, i32 %e_3_loc, i32 %d_1_loc, i32 %a_3_loc, i32 %b_3_loc, i32 %c_3_loc" [src/sha256.cpp:59]   --->   Operation 157 'call' 'call_ln59' <Predicate = true> <Delay = 1.58> <CoreType = "Generic">   --->   Core 0 '' <Latency = 0> <II = 1> <Delay = 1.00> <Generic> <Opcode : >

State 6 <SV = 5> <Delay = 0.00>
ST_6 : Operation 158 [1/2] (0.00ns)   --->   "%call_ln59 = call void @sha256_process_block_Pipeline_COMPRESS, i32 %h, i32 %g, i32 %f, i32 %e, i32 %d, i32 %a, i32 %b, i32 %c, i32 %block_read_63, i32 %block_read_62, i32 %block_read_61, i32 %block_read_60, i32 %block_read_59, i32 %block_read_58, i32 %block_read_57, i32 %block_read_56, i32 %block_read_55, i32 %block_read_54, i32 %block_read_53, i32 %block_read_52, i32 %block_read_51, i32 %block_read_50, i32 %block_read_49, i32 %block_read_48, i32 %W_16_loc_load, i32 %W_17_loc_load, i32 %W_18_loc_load, i32 %W_19_loc_load, i32 %W_20_loc_load, i32 %W_21_loc_load, i32 %W_22_loc_load, i32 %W_23_loc_load, i32 %W_24_loc_load, i32 %W_25_loc_load, i32 %W_26_loc_load, i32 %W_27_loc_load, i32 %W_28_loc_load, i32 %W_29_loc_load, i32 %W_30_loc_load, i32 %W_31_loc_load, i32 %W_32_loc_load, i32 %W_33_loc_load, i32 %W_34_loc_load, i32 %W_35_loc_load, i32 %W_36_loc_load, i32 %W_37_loc_load, i32 %W_38_loc_load, i32 %W_39_loc_load, i32 %W_40_loc_load, i32 %W_41_loc_load, i32 %W_42_loc_load, i32 %W_43_loc_load, i32 %W_44_loc_load, i32 %W_45_loc_load, i32 %W_46_loc_load, i32 %W_47_loc_load, i32 %W_15_loc_load, i32 %W_14_loc_load, i32 %W_13_loc_load, i32 %W_12_loc_load, i32 %W_11_loc_load, i32 %W_10_loc_load, i32 %W_9_loc_load, i32 %W_8_loc_load, i32 %W_7_loc_load, i32 %W_6_loc_load, i32 %W_5_loc_load, i32 %W_4_loc_load, i32 %W_3_loc_load, i32 %W_2_loc_load, i32 %W_1_loc_load, i32 %W_loc_load, i32 %h_1_loc, i32 %g_3_loc, i32 %f_3_loc, i32 %e_3_loc, i32 %d_1_loc, i32 %a_3_loc, i32 %b_3_loc, i32 %c_3_loc" [src/sha256.cpp:59]   --->   Operation 158 'call' 'call_ln59' <Predicate = true> <Delay = 0.00> <CoreType = "Generic">   --->   Core 0 '' <Latency = 0> <II = 1> <Delay = 1.00> <Generic> <Opcode : >

State 7 <SV = 6> <Delay = 4.87>
ST_7 : Operation 159 [1/1] (0.00ns)   --->   "%a_3_loc_load = load i32 %a_3_loc"   --->   Operation 159 'load' 'a_3_loc_load' <Predicate = true> <Delay = 0.00>
ST_7 : Operation 160 [1/1] (0.00ns)   --->   "%b_3_loc_load = load i32 %b_3_loc"   --->   Operation 160 'load' 'b_3_loc_load' <Predicate = true> <Delay = 0.00>
ST_7 : Operation 161 [1/1] (2.55ns)   --->   "%add_ln97 = add i32 %a, i32 %a_3_loc_load" [src/sha256.cpp:97]   --->   Operation 161 'add' 'add_ln97' <Predicate = true> <Delay = 2.55> <CoreInst = "Adder">   --->   Core 1 'Adder' <Latency = 0> <II = 1> <Delay = 2.55> <FuncUnit> <Opcode : 'add' 'sub'> <InPorts = 2> <OutPorts = 1>
ST_7 : Operation 162 [1/1] (2.32ns)   --->   "%store_ln97 = store i32 %add_ln97, i3 %H_addr" [src/sha256.cpp:97]   --->   Operation 162 'store' 'store_ln97' <Predicate = true> <Delay = 2.32> <CoreInst = "RAM">   --->   Core 82 'RAM' <Latency = 1> <II = 1> <Delay = 2.32> <Storage> <Opcode : 'load' 'store'> <Ports = 2> <Width = 32> <Depth = 8> <RAM>
ST_7 : Operation 163 [1/1] (2.55ns)   --->   "%add_ln98 = add i32 %b, i32 %b_3_loc_load" [src/sha256.cpp:98]   --->   Operation 163 'add' 'add_ln98' <Predicate = true> <Delay = 2.55> <CoreInst = "Adder">   --->   Core 1 'Adder' <Latency = 0> <II = 1> <Delay = 2.55> <FuncUnit> <Opcode : 'add' 'sub'> <InPorts = 2> <OutPorts = 1>
ST_7 : Operation 164 [1/1] (2.32ns)   --->   "%store_ln98 = store i32 %add_ln98, i3 %H_addr_8" [src/sha256.cpp:98]   --->   Operation 164 'store' 'store_ln98' <Predicate = true> <Delay = 2.32> <CoreInst = "RAM">   --->   Core 82 'RAM' <Latency = 1> <II = 1> <Delay = 2.32> <Storage> <Opcode : 'load' 'store'> <Ports = 2> <Width = 32> <Depth = 8> <RAM>

State 8 <SV = 7> <Delay = 4.87>
ST_8 : Operation 165 [1/1] (0.00ns)   --->   "%d_1_loc_load = load i32 %d_1_loc"   --->   Operation 165 'load' 'd_1_loc_load' <Predicate = true> <Delay = 0.00>
ST_8 : Operation 166 [1/1] (0.00ns)   --->   "%c_3_loc_load = load i32 %c_3_loc"   --->   Operation 166 'load' 'c_3_loc_load' <Predicate = true> <Delay = 0.00>
ST_8 : Operation 167 [1/1] (2.55ns)   --->   "%add_ln99 = add i32 %c, i32 %c_3_loc_load" [src/sha256.cpp:99]   --->   Operation 167 'add' 'add_ln99' <Predicate = true> <Delay = 2.55> <CoreInst = "Adder">   --->   Core 1 'Adder' <Latency = 0> <II = 1> <Delay = 2.55> <FuncUnit> <Opcode : 'add' 'sub'> <InPorts = 2> <OutPorts = 1>
ST_8 : Operation 168 [1/1] (2.32ns)   --->   "%store_ln99 = store i32 %add_ln99, i3 %H_addr_9" [src/sha256.cpp:99]   --->   Operation 168 'store' 'store_ln99' <Predicate = true> <Delay = 2.32> <CoreInst = "RAM">   --->   Core 82 'RAM' <Latency = 1> <II = 1> <Delay = 2.32> <Storage> <Opcode : 'load' 'store'> <Ports = 2> <Width = 32> <Depth = 8> <RAM>
ST_8 : Operation 169 [1/1] (2.55ns)   --->   "%add_ln100 = add i32 %d, i32 %d_1_loc_load" [src/sha256.cpp:100]   --->   Operation 169 'add' 'add_ln100' <Predicate = true> <Delay = 2.55> <CoreInst = "Adder">   --->   Core 1 'Adder' <Latency = 0> <II = 1> <Delay = 2.55> <FuncUnit> <Opcode : 'add' 'sub'> <InPorts = 2> <OutPorts = 1>
ST_8 : Operation 170 [1/1] (2.32ns)   --->   "%store_ln100 = store i32 %add_ln100, i3 %H_addr_10" [src/sha256.cpp:100]   --->   Operation 170 'store' 'store_ln100' <Predicate = true> <Delay = 2.32> <CoreInst = "RAM">   --->   Core 82 'RAM' <Latency = 1> <II = 1> <Delay = 2.32> <Storage> <Opcode : 'load' 'store'> <Ports = 2> <Width = 32> <Depth = 8> <RAM>

State 9 <SV = 8> <Delay = 4.87>
ST_9 : Operation 171 [1/1] (0.00ns)   --->   "%f_3_loc_load = load i32 %f_3_loc"   --->   Operation 171 'load' 'f_3_loc_load' <Predicate = true> <Delay = 0.00>
ST_9 : Operation 172 [1/1] (0.00ns)   --->   "%e_3_loc_load = load i32 %e_3_loc"   --->   Operation 172 'load' 'e_3_loc_load' <Predicate = true> <Delay = 0.00>
ST_9 : Operation 173 [1/1] (2.55ns)   --->   "%add_ln101 = add i32 %e, i32 %e_3_loc_load" [src/sha256.cpp:101]   --->   Operation 173 'add' 'add_ln101' <Predicate = true> <Delay = 2.55> <CoreInst = "Adder">   --->   Core 1 'Adder' <Latency = 0> <II = 1> <Delay = 2.55> <FuncUnit> <Opcode : 'add' 'sub'> <InPorts = 2> <OutPorts = 1>
ST_9 : Operation 174 [1/1] (2.32ns)   --->   "%store_ln101 = store i32 %add_ln101, i3 %H_addr_11" [src/sha256.cpp:101]   --->   Operation 174 'store' 'store_ln101' <Predicate = true> <Delay = 2.32> <CoreInst = "RAM">   --->   Core 82 'RAM' <Latency = 1> <II = 1> <Delay = 2.32> <Storage> <Opcode : 'load' 'store'> <Ports = 2> <Width = 32> <Depth = 8> <RAM>
ST_9 : Operation 175 [1/1] (2.55ns)   --->   "%add_ln102 = add i32 %f, i32 %f_3_loc_load" [src/sha256.cpp:102]   --->   Operation 175 'add' 'add_ln102' <Predicate = true> <Delay = 2.55> <CoreInst = "Adder">   --->   Core 1 'Adder' <Latency = 0> <II = 1> <Delay = 2.55> <FuncUnit> <Opcode : 'add' 'sub'> <InPorts = 2> <OutPorts = 1>
ST_9 : Operation 176 [1/1] (2.32ns)   --->   "%store_ln102 = store i32 %add_ln102, i3 %H_addr_12" [src/sha256.cpp:102]   --->   Operation 176 'store' 'store_ln102' <Predicate = true> <Delay = 2.32> <CoreInst = "RAM">   --->   Core 82 'RAM' <Latency = 1> <II = 1> <Delay = 2.32> <Storage> <Opcode : 'load' 'store'> <Ports = 2> <Width = 32> <Depth = 8> <RAM>

State 10 <SV = 9> <Delay = 4.87>
ST_10 : Operation 177 [1/1] (0.00ns)   --->   "%h_1_loc_load = load i32 %h_1_loc"   --->   Operation 177 'load' 'h_1_loc_load' <Predicate = true> <Delay = 0.00>
ST_10 : Operation 178 [1/1] (0.00ns)   --->   "%g_3_loc_load = load i32 %g_3_loc"   --->   Operation 178 'load' 'g_3_loc_load' <Predicate = true> <Delay = 0.00>
ST_10 : Operation 179 [1/1] (2.55ns)   --->   "%add_ln103 = add i32 %g, i32 %g_3_loc_load" [src/sha256.cpp:103]   --->   Operation 179 'add' 'add_ln103' <Predicate = true> <Delay = 2.55> <CoreInst = "Adder">   --->   Core 1 'Adder' <Latency = 0> <II = 1> <Delay = 2.55> <FuncUnit> <Opcode : 'add' 'sub'> <InPorts = 2> <OutPorts = 1>
ST_10 : Operation 180 [1/1] (2.32ns)   --->   "%store_ln103 = store i32 %add_ln103, i3 %H_addr_13" [src/sha256.cpp:103]   --->   Operation 180 'store' 'store_ln103' <Predicate = true> <Delay = 2.32> <CoreInst = "RAM">   --->   Core 82 'RAM' <Latency = 1> <II = 1> <Delay = 2.32> <Storage> <Opcode : 'load' 'store'> <Ports = 2> <Width = 32> <Depth = 8> <RAM>
ST_10 : Operation 181 [1/1] (2.55ns)   --->   "%add_ln104 = add i32 %h, i32 %h_1_loc_load" [src/sha256.cpp:104]   --->   Operation 181 'add' 'add_ln104' <Predicate = true> <Delay = 2.55> <CoreInst = "Adder">   --->   Core 1 'Adder' <Latency = 0> <II = 1> <Delay = 2.55> <FuncUnit> <Opcode : 'add' 'sub'> <InPorts = 2> <OutPorts = 1>
ST_10 : Operation 182 [1/1] (2.32ns)   --->   "%store_ln104 = store i32 %add_ln104, i3 %H_addr_14" [src/sha256.cpp:104]   --->   Operation 182 'store' 'store_ln104' <Predicate = true> <Delay = 2.32> <CoreInst = "RAM">   --->   Core 82 'RAM' <Latency = 1> <II = 1> <Delay = 2.32> <Storage> <Opcode : 'load' 'store'> <Ports = 2> <Width = 32> <Depth = 8> <RAM>
ST_10 : Operation 183 [1/1] (0.00ns)   --->   "%ret_ln105 = ret" [src/sha256.cpp:105]   --->   Operation 183 'ret' 'ret_ln105' <Predicate = true> <Delay = 0.00>


============================================================
+ Verbose Summary: Timing violations
============================================================
Target clock period: 10ns, clock uncertainty: 1.25ns.

 <State 1>: 2.32ns
The critical path consists of the following:
	'getelementptr' operation ('H_addr', src/sha256.cpp:20) [90]  (0 ns)
	'load' operation ('a', src/sha256.cpp:52) on array 'H' [140]  (2.32 ns)

 <State 2>: 2.32ns
The critical path consists of the following:
	'load' operation ('a', src/sha256.cpp:52) on array 'H' [140]  (2.32 ns)

 <State 3>: 5.69ns
The critical path consists of the following:
	wire read operation ('block') on port 'block_read_93' [18]  (0 ns)
	'call' operation ('call_ln0') to 'sha256_process_block_Pipeline_EXPAND_W' [91]  (5.69 ns)

 <State 4>: 3.08ns
The critical path consists of the following:
	'call' operation ('call_ln0') to 'sha256_process_block_Pipeline_EXPAND_W' [91]  (3.08 ns)

 <State 5>: 3.91ns
The critical path consists of the following:
	'load' operation ('g', src/sha256.cpp:58) on array 'H' [152]  (2.32 ns)
	'call' operation ('call_ln59', src/sha256.cpp:59) to 'sha256_process_block_Pipeline_COMPRESS' [155]  (1.59 ns)

 <State 6>: 0ns
The critical path consists of the following:

 <State 7>: 4.87ns
The critical path consists of the following:
	'load' operation ('a_3_loc_load') on local variable 'a_3_loc' [161]  (0 ns)
	'add' operation ('add_ln97', src/sha256.cpp:97) [164]  (2.55 ns)
	'store' operation ('store_ln97', src/sha256.cpp:97) of variable 'add_ln97', src/sha256.cpp:97 on array 'H' [165]  (2.32 ns)

 <State 8>: 4.87ns
The critical path consists of the following:
	'load' operation ('c_3_loc_load') on local variable 'c_3_loc' [163]  (0 ns)
	'add' operation ('add_ln99', src/sha256.cpp:99) [168]  (2.55 ns)
	'store' operation ('store_ln99', src/sha256.cpp:99) of variable 'add_ln99', src/sha256.cpp:99 on array 'H' [169]  (2.32 ns)

 <State 9>: 4.87ns
The critical path consists of the following:
	'load' operation ('e_3_loc_load') on local variable 'e_3_loc' [159]  (0 ns)
	'add' operation ('add_ln101', src/sha256.cpp:101) [172]  (2.55 ns)
	'store' operation ('store_ln101', src/sha256.cpp:101) of variable 'add_ln101', src/sha256.cpp:101 on array 'H' [173]  (2.32 ns)

 <State 10>: 4.87ns
The critical path consists of the following:
	'load' operation ('g_3_loc_load') on local variable 'g_3_loc' [157]  (0 ns)
	'add' operation ('add_ln103', src/sha256.cpp:103) [176]  (2.55 ns)
	'store' operation ('store_ln103', src/sha256.cpp:103) of variable 'add_ln103', src/sha256.cpp:103 on array 'H' [177]  (2.32 ns)


============================================================
+ Verbose Summary: Binding
============================================================
N/A
* FSMD analyzer results:
  - Output states:
 - Input state : 
  - Chain level:
	State 1
	State 2
	State 3
	State 4
	State 5
	State 6
	State 7
	State 8
	State 9
	State 10


============================================================
+ Verbose Summary: Datapath Resource usage 
============================================================
N/A
