

================================================================
== Vitis HLS Report for 'sha256_top_Pipeline_LOAD_BLOCK'
================================================================
* Date:           Sun Aug 23 12:50:42 2026

* Version:        2022.1 (Build 3526262 on Mon Apr 18 15:48:16 MDT 2022)
* Project:        sha256
* Solution:       solution1 (Vivado IP Flow Target)
* Product family: zynq
* Target device:  xc7z020-clg484-1


================================================================
== Performance Estimates
================================================================
+ Timing: 
    * Summary: 
    +--------+----------+----------+------------+
    |  Clock |  Target  | Estimated| Uncertainty|
    +--------+----------+----------+------------+
    |ap_clk  |  10.00 ns|  8.750 ns|     1.25 ns|
    +--------+----------+----------+------------+

+ Latency: 
    * Summary: 
    +---------+---------+----------+----------+-----+-----+---------+
    |  Latency (cycles) |  Latency (absolute) |  Interval | Pipeline|
    |   min   |   max   |    min   |    max   | min | max |   Type  |
    +---------+---------+----------+----------+-----+-----+---------+
    |       24|       24|  0.240 us|  0.240 us|   24|   24|       no|
    +---------+---------+----------+----------+-----+-----+---------+

    + Detail: 
        * Instance: 
        N/A

        * Loop: 
        +--------------+---------+---------+----------+-----------+-----------+------+----------+
        |              |  Latency (cycles) | Iteration|  Initiation Interval  | Trip |          |
        |   Loop Name  |   min   |   max   |  Latency |  achieved |   target  | Count| Pipelined|
        +--------------+---------+---------+----------+-----------+-----------+------+----------+
        |- LOAD_BLOCK  |       16|       16|         2|          1|          1|    16|       yes|
        +--------------+---------+---------+----------+-----------+-----------+------+----------+

============================================================
+ Verbose Summary: Synthesis Manager
============================================================
InlineROM: 1
ExposeGlobal: 0
============================================================
+ Verbose Summary: CDFG Model
============================================================
IsTopModel: 0
ResetActiveHigh: 1
IsCombinational: 0
IsDatapathOnly: 0
HasWiredReturn: 1
HasMFsm: 2
HasVarLatency: 1
IsPipeline: 0
IsRtlPipelined: 0
IsInstanceOverlapped: 0
IsDontTouch: 0
HasImplIP: 0
IsGatedGlobalClock: 0

+ Individual pipeline summary: 
  * Pipeline-0: initiation interval (II) = 1, depth = 2


============================================================
+ Verbose Summary: Schedule
============================================================
* Number of FSM states : 10
* Pipeline : 1
  Pipeline-0 : II = 1, D = 2, States = { 8 9 }
* Dataflow Pipeline: 0

* FSM state transitions: 
1 --> 2 
2 --> 3 
3 --> 4 
4 --> 5 
5 --> 6 
6 --> 7 
7 --> 8 
8 --> 10 9 
9 --> 8 
10 --> 

* FSM state operations: 

State 1 <SV = 0> <Delay = 8.75>
ST_1 : Operation 11 [1/1] (0.00ns)   --->   "%i = alloca i32 1"   --->   Operation 11 'alloca' 'i' <Predicate = true> <Delay = 0.00>
ST_1 : Operation 12 [1/1] (0.00ns)   --->   "%block = alloca i32 1"   --->   Operation 12 'alloca' 'block' <Predicate = true> <Delay = 0.00>
ST_1 : Operation 13 [1/1] (0.00ns)   --->   "%block_1 = alloca i32 1"   --->   Operation 13 'alloca' 'block_1' <Predicate = true> <Delay = 0.00>
ST_1 : Operation 14 [1/1] (0.00ns)   --->   "%block_2 = alloca i32 1"   --->   Operation 14 'alloca' 'block_2' <Predicate = true> <Delay = 0.00>
ST_1 : Operation 15 [1/1] (0.00ns)   --->   "%block_3 = alloca i32 1"   --->   Operation 15 'alloca' 'block_3' <Predicate = true> <Delay = 0.00>
ST_1 : Operation 16 [1/1] (0.00ns)   --->   "%block_4 = alloca i32 1"   --->   Operation 16 'alloca' 'block_4' <Predicate = true> <Delay = 0.00>
ST_1 : Operation 17 [1/1] (0.00ns)   --->   "%block_5 = alloca i32 1"   --->   Operation 17 'alloca' 'block_5' <Predicate = true> <Delay = 0.00>
ST_1 : Operation 18 [1/1] (0.00ns)   --->   "%block_6 = alloca i32 1"   --->   Operation 18 'alloca' 'block_6' <Predicate = true> <Delay = 0.00>
ST_1 : Operation 19 [1/1] (0.00ns)   --->   "%block_7 = alloca i32 1"   --->   Operation 19 'alloca' 'block_7' <Predicate = true> <Delay = 0.00>
ST_1 : Operation 20 [1/1] (0.00ns)   --->   "%block_8 = alloca i32 1"   --->   Operation 20 'alloca' 'block_8' <Predicate = true> <Delay = 0.00>
ST_1 : Operation 21 [1/1] (0.00ns)   --->   "%block_9 = alloca i32 1"   --->   Operation 21 'alloca' 'block_9' <Predicate = true> <Delay = 0.00>
ST_1 : Operation 22 [1/1] (0.00ns)   --->   "%block_10 = alloca i32 1"   --->   Operation 22 'alloca' 'block_10' <Predicate = true> <Delay = 0.00>
ST_1 : Operation 23 [1/1] (0.00ns)   --->   "%block_11 = alloca i32 1"   --->   Operation 23 'alloca' 'block_11' <Predicate = true> <Delay = 0.00>
ST_1 : Operation 24 [1/1] (0.00ns)   --->   "%block_12 = alloca i32 1"   --->   Operation 24 'alloca' 'block_12' <Predicate = true> <Delay = 0.00>
ST_1 : Operation 25 [1/1] (0.00ns)   --->   "%block_13 = alloca i32 1"   --->   Operation 25 'alloca' 'block_13' <Predicate = true> <Delay = 0.00>
ST_1 : Operation 26 [1/1] (0.00ns)   --->   "%block_14 = alloca i32 1"   --->   Operation 26 'alloca' 'block_14' <Predicate = true> <Delay = 0.00>
ST_1 : Operation 27 [1/1] (0.00ns)   --->   "%block_15 = alloca i32 1"   --->   Operation 27 'alloca' 'block_15' <Predicate = true> <Delay = 0.00>
ST_1 : Operation 28 [1/1] (0.00ns)   --->   "%sext_ln60_read = read i63 @_ssdm_op_Read.ap_auto.i63, i63 %sext_ln60"   --->   Operation 28 'read' 'sext_ln60_read' <Predicate = true> <Delay = 0.00>
ST_1 : Operation 29 [1/1] (0.00ns)   --->   "%sext_ln60_cast = sext i63 %sext_ln60_read"   --->   Operation 29 'sext' 'sext_ln60_cast' <Predicate = true> <Delay = 0.00>
ST_1 : Operation 30 [1/1] (0.00ns)   --->   "%DATA_addr = getelementptr i32 %DATA, i64 %sext_ln60_cast" [src/sha256_top.cpp:60]   --->   Operation 30 'getelementptr' 'DATA_addr' <Predicate = true> <Delay = 0.00>
ST_1 : Operation 31 [7/7] (8.75ns)   --->   "%p_rd_req = readreq i1 @_ssdm_op_ReadReq.m_axi.i32P1A, i32 %DATA_addr, i32 16" [src/sha256_top.cpp:60]   --->   Operation 31 'readreq' 'p_rd_req' <Predicate = true> <Delay = 8.75> <CoreInst = "m_axi">   --->   Core 113 'm_axi' <Latency = 0> <II = 1> <Delay = 1.00> <Adapter> <Opcode : 'read' 'write' 'readreq' 'writereq' 'writeresp'>
ST_1 : Operation 32 [1/1] (1.58ns)   --->   "%store_ln0 = store i5 0, i5 %i"   --->   Operation 32 'store' 'store_ln0' <Predicate = true> <Delay = 1.58>

State 2 <SV = 1> <Delay = 8.75>
ST_2 : Operation 33 [6/7] (8.75ns)   --->   "%p_rd_req = readreq i1 @_ssdm_op_ReadReq.m_axi.i32P1A, i32 %DATA_addr, i32 16" [src/sha256_top.cpp:60]   --->   Operation 33 'readreq' 'p_rd_req' <Predicate = true> <Delay = 8.75> <CoreInst = "m_axi">   --->   Core 113 'm_axi' <Latency = 0> <II = 1> <Delay = 1.00> <Adapter> <Opcode : 'read' 'write' 'readreq' 'writereq' 'writeresp'>

State 3 <SV = 2> <Delay = 8.75>
ST_3 : Operation 34 [5/7] (8.75ns)   --->   "%p_rd_req = readreq i1 @_ssdm_op_ReadReq.m_axi.i32P1A, i32 %DATA_addr, i32 16" [src/sha256_top.cpp:60]   --->   Operation 34 'readreq' 'p_rd_req' <Predicate = true> <Delay = 8.75> <CoreInst = "m_axi">   --->   Core 113 'm_axi' <Latency = 0> <II = 1> <Delay = 1.00> <Adapter> <Opcode : 'read' 'write' 'readreq' 'writereq' 'writeresp'>

State 4 <SV = 3> <Delay = 8.75>
ST_4 : Operation 35 [4/7] (8.75ns)   --->   "%p_rd_req = readreq i1 @_ssdm_op_ReadReq.m_axi.i32P1A, i32 %DATA_addr, i32 16" [src/sha256_top.cpp:60]   --->   Operation 35 'readreq' 'p_rd_req' <Predicate = true> <Delay = 8.75> <CoreInst = "m_axi">   --->   Core 113 'm_axi' <Latency = 0> <II = 1> <Delay = 1.00> <Adapter> <Opcode : 'read' 'write' 'readreq' 'writereq' 'writeresp'>

State 5 <SV = 4> <Delay = 8.75>
ST_5 : Operation 36 [3/7] (8.75ns)   --->   "%p_rd_req = readreq i1 @_ssdm_op_ReadReq.m_axi.i32P1A, i32 %DATA_addr, i32 16" [src/sha256_top.cpp:60]   --->   Operation 36 'readreq' 'p_rd_req' <Predicate = true> <Delay = 8.75> <CoreInst = "m_axi">   --->   Core 113 'm_axi' <Latency = 0> <II = 1> <Delay = 1.00> <Adapter> <Opcode : 'read' 'write' 'readreq' 'writereq' 'writeresp'>

State 6 <SV = 5> <Delay = 8.75>
ST_6 : Operation 37 [2/7] (8.75ns)   --->   "%p_rd_req = readreq i1 @_ssdm_op_ReadReq.m_axi.i32P1A, i32 %DATA_addr, i32 16" [src/sha256_top.cpp:60]   --->   Operation 37 'readreq' 'p_rd_req' <Predicate = true> <Delay = 8.75> <CoreInst = "m_axi">   --->   Core 113 'm_axi' <Latency = 0> <II = 1> <Delay = 1.00> <Adapter> <Opcode : 'read' 'write' 'readreq' 'writereq' 'writeresp'>

State 7 <SV = 6> <Delay = 8.75>
ST_7 : Operation 38 [1/1] (0.00ns)   --->   "%zext_ln526 = read i32 @_ssdm_op_Read.ap_auto.i32, i32 %zext_ln52"   --->   Operation 38 'read' 'zext_ln526' <Predicate = true> <Delay = 0.00>
ST_7 : Operation 39 [1/1] (0.00ns)   --->   "%sext_ln525 = read i62 @_ssdm_op_Read.ap_auto.i62, i62 %sext_ln52"   --->   Operation 39 'read' 'sext_ln525' <Predicate = true> <Delay = 0.00>
ST_7 : Operation 40 [1/1] (0.00ns)   --->   "%specinterface_ln0 = specinterface void @_ssdm_op_SpecInterface, i32 %DATA, void @empty_2, i32 0, i32 0, void @empty_0, i32 0, i32 256, void @empty_3, void @empty_4, void @empty_0, i32 16, i32 16, i32 16, i32 16, void @empty_0, void @empty_0, i32 4294967295, i32 0"   --->   Operation 40 'specinterface' 'specinterface_ln0' <Predicate = true> <Delay = 0.00>
ST_7 : Operation 41 [1/7] (8.75ns)   --->   "%p_rd_req = readreq i1 @_ssdm_op_ReadReq.m_axi.i32P1A, i32 %DATA_addr, i32 16" [src/sha256_top.cpp:60]   --->   Operation 41 'readreq' 'p_rd_req' <Predicate = true> <Delay = 8.75> <CoreInst = "m_axi">   --->   Core 113 'm_axi' <Latency = 0> <II = 1> <Delay = 1.00> <Adapter> <Opcode : 'read' 'write' 'readreq' 'writereq' 'writeresp'>
ST_7 : Operation 42 [1/1] (0.00ns)   --->   "%br_ln0 = br void %for.inc"   --->   Operation 42 'br' 'br_ln0' <Predicate = true> <Delay = 0.00>

State 8 <SV = 7> <Delay = 3.36>
ST_8 : Operation 43 [1/1] (0.00ns)   --->   "%i_2 = load i5 %i" [src/sha256_top.cpp:60]   --->   Operation 43 'load' 'i_2' <Predicate = true> <Delay = 0.00>
ST_8 : Operation 44 [1/1] (0.00ns)   --->   "%specbitsmap_ln0 = specbitsmap void @_ssdm_op_SpecBitsMap, i32 %DATA"   --->   Operation 44 'specbitsmap' 'specbitsmap_ln0' <Predicate = true> <Delay = 0.00>
ST_8 : Operation 45 [1/1] (1.36ns)   --->   "%icmp_ln58 = icmp_eq  i5 %i_2, i5 16" [src/sha256_top.cpp:58]   --->   Operation 45 'icmp' 'icmp_ln58' <Predicate = true> <Delay = 1.36> <CoreInst = "Cmp">   --->   Core 9 'Cmp' <Latency = 0> <II = 1> <Delay = 1.36> <FuncUnit> <Opcode : 'icmp'> <InPorts = 2> <OutPorts = 1>
ST_8 : Operation 46 [1/1] (0.00ns)   --->   "%empty = speclooptripcount i32 @_ssdm_op_SpecLoopTripCount, i64 16, i64 16, i64 16"   --->   Operation 46 'speclooptripcount' 'empty' <Predicate = true> <Delay = 0.00>
ST_8 : Operation 47 [1/1] (1.78ns)   --->   "%add_ln58 = add i5 %i_2, i5 1" [src/sha256_top.cpp:58]   --->   Operation 47 'add' 'add_ln58' <Predicate = true> <Delay = 1.78> <CoreInst = "Adder">   --->   Core 1 'Adder' <Latency = 0> <II = 1> <Delay = 1.78> <FuncUnit> <Opcode : 'add' 'sub'> <InPorts = 2> <OutPorts = 1>
ST_8 : Operation 48 [1/1] (0.00ns)   --->   "%br_ln58 = br i1 %icmp_ln58, void %for.inc.split, void %for.inc17.exitStub" [src/sha256_top.cpp:58]   --->   Operation 48 'br' 'br_ln58' <Predicate = true> <Delay = 0.00>
ST_8 : Operation 49 [1/1] (0.00ns)   --->   "%trunc_ln60 = trunc i5 %i_2" [src/sha256_top.cpp:60]   --->   Operation 49 'trunc' 'trunc_ln60' <Predicate = (!icmp_ln58)> <Delay = 0.00>
ST_8 : Operation 50 [1/1] (0.95ns)   --->   "%switch_ln60 = switch i4 %trunc_ln60, void %arrayidx14.case.15, i4 0, void %for.inc.split.arrayidx14.exit_crit_edge, i4 1, void %for.inc.split.arrayidx14.exit_crit_edge7, i4 2, void %arrayidx14.case.2, i4 3, void %arrayidx14.case.3, i4 4, void %arrayidx14.case.4, i4 5, void %arrayidx14.case.5, i4 6, void %arrayidx14.case.6, i4 7, void %arrayidx14.case.7, i4 8, void %arrayidx14.case.8, i4 9, void %arrayidx14.case.9, i4 10, void %arrayidx14.case.10, i4 11, void %arrayidx14.case.11, i4 12, void %arrayidx14.case.12, i4 13, void %arrayidx14.case.13, i4 14, void %arrayidx14.case.14" [src/sha256_top.cpp:60]   --->   Operation 50 'switch' 'switch_ln60' <Predicate = (!icmp_ln58)> <Delay = 0.95>
ST_8 : Operation 51 [1/1] (1.58ns)   --->   "%store_ln58 = store i5 %add_ln58, i5 %i" [src/sha256_top.cpp:58]   --->   Operation 51 'store' 'store_ln58' <Predicate = (!icmp_ln58)> <Delay = 1.58>
ST_8 : Operation 52 [1/1] (0.00ns)   --->   "%br_ln58 = br void %for.inc" [src/sha256_top.cpp:58]   --->   Operation 52 'br' 'br_ln58' <Predicate = (!icmp_ln58)> <Delay = 0.00>

State 9 <SV = 8> <Delay = 8.75>
ST_9 : Operation 53 [1/1] (0.00ns)   --->   "%specpipeline_ln59 = specpipeline void @_ssdm_op_SpecPipeline, i32 1, i32 0, i32 0, i32 0, void @empty_0" [src/sha256_top.cpp:59]   --->   Operation 53 'specpipeline' 'specpipeline_ln59' <Predicate = true> <Delay = 0.00>
ST_9 : Operation 54 [1/1] (0.00ns)   --->   "%specloopname_ln58 = specloopname void @_ssdm_op_SpecLoopName, void @empty_14" [src/sha256_top.cpp:58]   --->   Operation 54 'specloopname' 'specloopname_ln58' <Predicate = true> <Delay = 0.00>
ST_9 : Operation 55 [1/1] (8.75ns)   --->   "%DATA_addr_read = read i32 @_ssdm_op_Read.m_axi.i32P1A, i32 %DATA_addr" [src/sha256_top.cpp:60]   --->   Operation 55 'read' 'DATA_addr_read' <Predicate = true> <Delay = 8.75> <CoreInst = "m_axi">   --->   Core 113 'm_axi' <Latency = 0> <II = 1> <Delay = 1.00> <Adapter> <Opcode : 'read' 'write' 'readreq' 'writereq' 'writeresp'>
ST_9 : Operation 56 [1/1] (0.00ns)   --->   "%store_ln60 = store i32 %DATA_addr_read, i32 %block" [src/sha256_top.cpp:60]   --->   Operation 56 'store' 'store_ln60' <Predicate = (trunc_ln60 == 14)> <Delay = 0.00>
ST_9 : Operation 57 [1/1] (0.00ns)   --->   "%br_ln60 = br void %arrayidx14.exit" [src/sha256_top.cpp:60]   --->   Operation 57 'br' 'br_ln60' <Predicate = (trunc_ln60 == 14)> <Delay = 0.00>
ST_9 : Operation 58 [1/1] (0.00ns)   --->   "%store_ln60 = store i32 %DATA_addr_read, i32 %block_1" [src/sha256_top.cpp:60]   --->   Operation 58 'store' 'store_ln60' <Predicate = (trunc_ln60 == 13)> <Delay = 0.00>
ST_9 : Operation 59 [1/1] (0.00ns)   --->   "%br_ln60 = br void %arrayidx14.exit" [src/sha256_top.cpp:60]   --->   Operation 59 'br' 'br_ln60' <Predicate = (trunc_ln60 == 13)> <Delay = 0.00>
ST_9 : Operation 60 [1/1] (0.00ns)   --->   "%store_ln60 = store i32 %DATA_addr_read, i32 %block_2" [src/sha256_top.cpp:60]   --->   Operation 60 'store' 'store_ln60' <Predicate = (trunc_ln60 == 12)> <Delay = 0.00>
ST_9 : Operation 61 [1/1] (0.00ns)   --->   "%br_ln60 = br void %arrayidx14.exit" [src/sha256_top.cpp:60]   --->   Operation 61 'br' 'br_ln60' <Predicate = (trunc_ln60 == 12)> <Delay = 0.00>
ST_9 : Operation 62 [1/1] (0.00ns)   --->   "%store_ln60 = store i32 %DATA_addr_read, i32 %block_3" [src/sha256_top.cpp:60]   --->   Operation 62 'store' 'store_ln60' <Predicate = (trunc_ln60 == 11)> <Delay = 0.00>
ST_9 : Operation 63 [1/1] (0.00ns)   --->   "%br_ln60 = br void %arrayidx14.exit" [src/sha256_top.cpp:60]   --->   Operation 63 'br' 'br_ln60' <Predicate = (trunc_ln60 == 11)> <Delay = 0.00>
ST_9 : Operation 64 [1/1] (0.00ns)   --->   "%store_ln60 = store i32 %DATA_addr_read, i32 %block_4" [src/sha256_top.cpp:60]   --->   Operation 64 'store' 'store_ln60' <Predicate = (trunc_ln60 == 10)> <Delay = 0.00>
ST_9 : Operation 65 [1/1] (0.00ns)   --->   "%br_ln60 = br void %arrayidx14.exit" [src/sha256_top.cpp:60]   --->   Operation 65 'br' 'br_ln60' <Predicate = (trunc_ln60 == 10)> <Delay = 0.00>
ST_9 : Operation 66 [1/1] (0.00ns)   --->   "%store_ln60 = store i32 %DATA_addr_read, i32 %block_5" [src/sha256_top.cpp:60]   --->   Operation 66 'store' 'store_ln60' <Predicate = (trunc_ln60 == 9)> <Delay = 0.00>
ST_9 : Operation 67 [1/1] (0.00ns)   --->   "%br_ln60 = br void %arrayidx14.exit" [src/sha256_top.cpp:60]   --->   Operation 67 'br' 'br_ln60' <Predicate = (trunc_ln60 == 9)> <Delay = 0.00>
ST_9 : Operation 68 [1/1] (0.00ns)   --->   "%store_ln60 = store i32 %DATA_addr_read, i32 %block_6" [src/sha256_top.cpp:60]   --->   Operation 68 'store' 'store_ln60' <Predicate = (trunc_ln60 == 8)> <Delay = 0.00>
ST_9 : Operation 69 [1/1] (0.00ns)   --->   "%br_ln60 = br void %arrayidx14.exit" [src/sha256_top.cpp:60]   --->   Operation 69 'br' 'br_ln60' <Predicate = (trunc_ln60 == 8)> <Delay = 0.00>
ST_9 : Operation 70 [1/1] (0.00ns)   --->   "%store_ln60 = store i32 %DATA_addr_read, i32 %block_7" [src/sha256_top.cpp:60]   --->   Operation 70 'store' 'store_ln60' <Predicate = (trunc_ln60 == 7)> <Delay = 0.00>
ST_9 : Operation 71 [1/1] (0.00ns)   --->   "%br_ln60 = br void %arrayidx14.exit" [src/sha256_top.cpp:60]   --->   Operation 71 'br' 'br_ln60' <Predicate = (trunc_ln60 == 7)> <Delay = 0.00>
ST_9 : Operation 72 [1/1] (0.00ns)   --->   "%store_ln60 = store i32 %DATA_addr_read, i32 %block_8" [src/sha256_top.cpp:60]   --->   Operation 72 'store' 'store_ln60' <Predicate = (trunc_ln60 == 6)> <Delay = 0.00>
ST_9 : Operation 73 [1/1] (0.00ns)   --->   "%br_ln60 = br void %arrayidx14.exit" [src/sha256_top.cpp:60]   --->   Operation 73 'br' 'br_ln60' <Predicate = (trunc_ln60 == 6)> <Delay = 0.00>
ST_9 : Operation 74 [1/1] (0.00ns)   --->   "%store_ln60 = store i32 %DATA_addr_read, i32 %block_9" [src/sha256_top.cpp:60]   --->   Operation 74 'store' 'store_ln60' <Predicate = (trunc_ln60 == 5)> <Delay = 0.00>
ST_9 : Operation 75 [1/1] (0.00ns)   --->   "%br_ln60 = br void %arrayidx14.exit" [src/sha256_top.cpp:60]   --->   Operation 75 'br' 'br_ln60' <Predicate = (trunc_ln60 == 5)> <Delay = 0.00>
ST_9 : Operation 76 [1/1] (0.00ns)   --->   "%store_ln60 = store i32 %DATA_addr_read, i32 %block_10" [src/sha256_top.cpp:60]   --->   Operation 76 'store' 'store_ln60' <Predicate = (trunc_ln60 == 4)> <Delay = 0.00>
ST_9 : Operation 77 [1/1] (0.00ns)   --->   "%br_ln60 = br void %arrayidx14.exit" [src/sha256_top.cpp:60]   --->   Operation 77 'br' 'br_ln60' <Predicate = (trunc_ln60 == 4)> <Delay = 0.00>
ST_9 : Operation 78 [1/1] (0.00ns)   --->   "%store_ln60 = store i32 %DATA_addr_read, i32 %block_11" [src/sha256_top.cpp:60]   --->   Operation 78 'store' 'store_ln60' <Predicate = (trunc_ln60 == 3)> <Delay = 0.00>
ST_9 : Operation 79 [1/1] (0.00ns)   --->   "%br_ln60 = br void %arrayidx14.exit" [src/sha256_top.cpp:60]   --->   Operation 79 'br' 'br_ln60' <Predicate = (trunc_ln60 == 3)> <Delay = 0.00>
ST_9 : Operation 80 [1/1] (0.00ns)   --->   "%store_ln60 = store i32 %DATA_addr_read, i32 %block_12" [src/sha256_top.cpp:60]   --->   Operation 80 'store' 'store_ln60' <Predicate = (trunc_ln60 == 2)> <Delay = 0.00>
ST_9 : Operation 81 [1/1] (0.00ns)   --->   "%br_ln60 = br void %arrayidx14.exit" [src/sha256_top.cpp:60]   --->   Operation 81 'br' 'br_ln60' <Predicate = (trunc_ln60 == 2)> <Delay = 0.00>
ST_9 : Operation 82 [1/1] (0.00ns)   --->   "%store_ln60 = store i32 %DATA_addr_read, i32 %block_13" [src/sha256_top.cpp:60]   --->   Operation 82 'store' 'store_ln60' <Predicate = (trunc_ln60 == 1)> <Delay = 0.00>
ST_9 : Operation 83 [1/1] (0.00ns)   --->   "%br_ln60 = br void %arrayidx14.exit" [src/sha256_top.cpp:60]   --->   Operation 83 'br' 'br_ln60' <Predicate = (trunc_ln60 == 1)> <Delay = 0.00>
ST_9 : Operation 84 [1/1] (0.00ns)   --->   "%store_ln60 = store i32 %DATA_addr_read, i32 %block_14" [src/sha256_top.cpp:60]   --->   Operation 84 'store' 'store_ln60' <Predicate = (trunc_ln60 == 0)> <Delay = 0.00>
ST_9 : Operation 85 [1/1] (0.00ns)   --->   "%br_ln60 = br void %arrayidx14.exit" [src/sha256_top.cpp:60]   --->   Operation 85 'br' 'br_ln60' <Predicate = (trunc_ln60 == 0)> <Delay = 0.00>
ST_9 : Operation 86 [1/1] (0.00ns)   --->   "%store_ln60 = store i32 %DATA_addr_read, i32 %block_15" [src/sha256_top.cpp:60]   --->   Operation 86 'store' 'store_ln60' <Predicate = (trunc_ln60 == 15)> <Delay = 0.00>
ST_9 : Operation 87 [1/1] (0.00ns)   --->   "%br_ln60 = br void %arrayidx14.exit" [src/sha256_top.cpp:60]   --->   Operation 87 'br' 'br_ln60' <Predicate = (trunc_ln60 == 15)> <Delay = 0.00>

State 10 <SV = 8> <Delay = 0.00>
ST_10 : Operation 88 [1/1] (0.00ns)   --->   "%block_load = load i32 %block"   --->   Operation 88 'load' 'block_load' <Predicate = true> <Delay = 0.00>
ST_10 : Operation 89 [1/1] (0.00ns)   --->   "%block_1_load = load i32 %block_1"   --->   Operation 89 'load' 'block_1_load' <Predicate = true> <Delay = 0.00>
ST_10 : Operation 90 [1/1] (0.00ns)   --->   "%block_2_load = load i32 %block_2"   --->   Operation 90 'load' 'block_2_load' <Predicate = true> <Delay = 0.00>
ST_10 : Operation 91 [1/1] (0.00ns)   --->   "%block_3_load = load i32 %block_3"   --->   Operation 91 'load' 'block_3_load' <Predicate = true> <Delay = 0.00>
ST_10 : Operation 92 [1/1] (0.00ns)   --->   "%block_4_load = load i32 %block_4"   --->   Operation 92 'load' 'block_4_load' <Predicate = true> <Delay = 0.00>
ST_10 : Operation 93 [1/1] (0.00ns)   --->   "%block_5_load = load i32 %block_5"   --->   Operation 93 'load' 'block_5_load' <Predicate = true> <Delay = 0.00>
ST_10 : Operation 94 [1/1] (0.00ns)   --->   "%block_6_load = load i32 %block_6"   --->   Operation 94 'load' 'block_6_load' <Predicate = true> <Delay = 0.00>
ST_10 : Operation 95 [1/1] (0.00ns)   --->   "%block_7_load = load i32 %block_7"   --->   Operation 95 'load' 'block_7_load' <Predicate = true> <Delay = 0.00>
ST_10 : Operation 96 [1/1] (0.00ns)   --->   "%block_8_load = load i32 %block_8"   --->   Operation 96 'load' 'block_8_load' <Predicate = true> <Delay = 0.00>
ST_10 : Operation 97 [1/1] (0.00ns)   --->   "%block_9_load = load i32 %block_9"   --->   Operation 97 'load' 'block_9_load' <Predicate = true> <Delay = 0.00>
ST_10 : Operation 98 [1/1] (0.00ns)   --->   "%block_10_load = load i32 %block_10"   --->   Operation 98 'load' 'block_10_load' <Predicate = true> <Delay = 0.00>
ST_10 : Operation 99 [1/1] (0.00ns)   --->   "%block_11_load = load i32 %block_11"   --->   Operation 99 'load' 'block_11_load' <Predicate = true> <Delay = 0.00>
ST_10 : Operation 100 [1/1] (0.00ns)   --->   "%block_12_load = load i32 %block_12"   --->   Operation 100 'load' 'block_12_load' <Predicate = true> <Delay = 0.00>
ST_10 : Operation 101 [1/1] (0.00ns)   --->   "%block_13_load = load i32 %block_13"   --->   Operation 101 'load' 'block_13_load' <Predicate = true> <Delay = 0.00>
ST_10 : Operation 102 [1/1] (0.00ns)   --->   "%block_14_load = load i32 %block_14"   --->   Operation 102 'load' 'block_14_load' <Predicate = true> <Delay = 0.00>
ST_10 : Operation 103 [1/1] (0.00ns)   --->   "%block_15_load = load i32 %block_15"   --->   Operation 103 'load' 'block_15_load' <Predicate = true> <Delay = 0.00>
ST_10 : Operation 104 [1/1] (0.00ns)   --->   "%write_ln0 = write void @_ssdm_op_Write.ap_auto.i32P0A, i32 %block_15_out, i32 %block_15_load"   --->   Operation 104 'write' 'write_ln0' <Predicate = true> <Delay = 0.00>
ST_10 : Operation 105 [1/1] (0.00ns)   --->   "%write_ln0 = write void @_ssdm_op_Write.ap_auto.i32P0A, i32 %block_14_out, i32 %block_14_load"   --->   Operation 105 'write' 'write_ln0' <Predicate = true> <Delay = 0.00>
ST_10 : Operation 106 [1/1] (0.00ns)   --->   "%write_ln0 = write void @_ssdm_op_Write.ap_auto.i32P0A, i32 %block_13_out, i32 %block_13_load"   --->   Operation 106 'write' 'write_ln0' <Predicate = true> <Delay = 0.00>
ST_10 : Operation 107 [1/1] (0.00ns)   --->   "%write_ln0 = write void @_ssdm_op_Write.ap_auto.i32P0A, i32 %block_12_out, i32 %block_12_load"   --->   Operation 107 'write' 'write_ln0' <Predicate = true> <Delay = 0.00>
ST_10 : Operation 108 [1/1] (0.00ns)   --->   "%write_ln0 = write void @_ssdm_op_Write.ap_auto.i32P0A, i32 %block_11_out, i32 %block_11_load"   --->   Operation 108 'write' 'write_ln0' <Predicate = true> <Delay = 0.00>
ST_10 : Operation 109 [1/1] (0.00ns)   --->   "%write_ln0 = write void @_ssdm_op_Write.ap_auto.i32P0A, i32 %block_10_out, i32 %block_10_load"   --->   Operation 109 'write' 'write_ln0' <Predicate = true> <Delay = 0.00>
ST_10 : Operation 110 [1/1] (0.00ns)   --->   "%write_ln0 = write void @_ssdm_op_Write.ap_auto.i32P0A, i32 %block_9_out, i32 %block_9_load"   --->   Operation 110 'write' 'write_ln0' <Predicate = true> <Delay = 0.00>
ST_10 : Operation 111 [1/1] (0.00ns)   --->   "%write_ln0 = write void @_ssdm_op_Write.ap_auto.i32P0A, i32 %block_8_out, i32 %block_8_load"   --->   Operation 111 'write' 'write_ln0' <Predicate = true> <Delay = 0.00>
ST_10 : Operation 112 [1/1] (0.00ns)   --->   "%write_ln0 = write void @_ssdm_op_Write.ap_auto.i32P0A, i32 %block_7_out, i32 %block_7_load"   --->   Operation 112 'write' 'write_ln0' <Predicate = true> <Delay = 0.00>
ST_10 : Operation 113 [1/1] (0.00ns)   --->   "%write_ln0 = write void @_ssdm_op_Write.ap_auto.i32P0A, i32 %block_6_out, i32 %block_6_load"   --->   Operation 113 'write' 'write_ln0' <Predicate = true> <Delay = 0.00>
ST_10 : Operation 114 [1/1] (0.00ns)   --->   "%write_ln0 = write void @_ssdm_op_Write.ap_auto.i32P0A, i32 %block_5_out, i32 %block_5_load"   --->   Operation 114 'write' 'write_ln0' <Predicate = true> <Delay = 0.00>
ST_10 : Operation 115 [1/1] (0.00ns)   --->   "%write_ln0 = write void @_ssdm_op_Write.ap_auto.i32P0A, i32 %block_4_out, i32 %block_4_load"   --->   Operation 115 'write' 'write_ln0' <Predicate = true> <Delay = 0.00>
ST_10 : Operation 116 [1/1] (0.00ns)   --->   "%write_ln0 = write void @_ssdm_op_Write.ap_auto.i32P0A, i32 %block_3_out, i32 %block_3_load"   --->   Operation 116 'write' 'write_ln0' <Predicate = true> <Delay = 0.00>
ST_10 : Operation 117 [1/1] (0.00ns)   --->   "%write_ln0 = write void @_ssdm_op_Write.ap_auto.i32P0A, i32 %block_2_out, i32 %block_2_load"   --->   Operation 117 'write' 'write_ln0' <Predicate = true> <Delay = 0.00>
ST_10 : Operation 118 [1/1] (0.00ns)   --->   "%write_ln0 = write void @_ssdm_op_Write.ap_auto.i32P0A, i32 %block_1_out, i32 %block_1_load"   --->   Operation 118 'write' 'write_ln0' <Predicate = true> <Delay = 0.00>
ST_10 : Operation 119 [1/1] (0.00ns)   --->   "%write_ln0 = write void @_ssdm_op_Write.ap_auto.i32P0A, i32 %block_out, i32 %block_load"   --->   Operation 119 'write' 'write_ln0' <Predicate = true> <Delay = 0.00>
ST_10 : Operation 120 [1/1] (0.00ns)   --->   "%ret_ln0 = ret"   --->   Operation 120 'ret' 'ret_ln0' <Predicate = true> <Delay = 0.00>


============================================================
+ Verbose Summary: Binding
============================================================
STG Binding: 
---------------- STG Properties BEGIN ----------------
- Is combinational: 0
- Is one-state seq: 0
- Is datapath-only: 0
- Is pipelined: 0
- Is top level: 0
Port [ Return ] is wired: 1; IO mode=ap_ctrl_hs:ce=0
Port [ DATA]:  wired=1; compound=1; hidden=0; nouse=0; global=0; static=0; extern=0; dir=0; type=4; pingpong=0; private_global=0; IO mode=m_axi:ce=0
Port [ sext_ln60]:  wired=1; compound=0; hidden=0; nouse=0; global=0; static=0; extern=0; dir=0; type=0; pingpong=0; private_global=0; IO mode=ap_none:ce=0
Port [ sext_ln52]:  wired=1; compound=0; hidden=0; nouse=0; global=0; static=0; extern=0; dir=0; type=0; pingpong=0; private_global=0; IO mode=ap_none:ce=0
Port [ zext_ln52]:  wired=1; compound=0; hidden=0; nouse=0; global=0; static=0; extern=0; dir=0; type=0; pingpong=0; private_global=0; IO mode=ap_none:ce=0
Port [ block_15_out]:  wired=1; compound=0; hidden=0; nouse=0; global=0; static=0; extern=0; dir=1; type=0; pingpong=0; private_global=0; IO mode=ap_vld:ce=0
Port [ block_14_out]:  wired=1; compound=0; hidden=0; nouse=0; global=0; static=0; extern=0; dir=1; type=0; pingpong=0; private_global=0; IO mode=ap_vld:ce=0
Port [ block_13_out]:  wired=1; compound=0; hidden=0; nouse=0; global=0; static=0; extern=0; dir=1; type=0; pingpong=0; private_global=0; IO mode=ap_vld:ce=0
Port [ block_12_out]:  wired=1; compound=0; hidden=0; nouse=0; global=0; static=0; extern=0; dir=1; type=0; pingpong=0; private_global=0; IO mode=ap_vld:ce=0
Port [ block_11_out]:  wired=1; compound=0; hidden=0; nouse=0; global=0; static=0; extern=0; dir=1; type=0; pingpong=0; private_global=0; IO mode=ap_vld:ce=0
Port [ block_10_out]:  wired=1; compound=0; hidden=0; nouse=0; global=0; static=0; extern=0; dir=1; type=0; pingpong=0; private_global=0; IO mode=ap_vld:ce=0
Port [ block_9_out]:  wired=1; compound=0; hidden=0; nouse=0; global=0; static=0; extern=0; dir=1; type=0; pingpong=0; private_global=0; IO mode=ap_vld:ce=0
Port [ block_8_out]:  wired=1; compound=0; hidden=0; nouse=0; global=0; static=0; extern=0; dir=1; type=0; pingpong=0; private_global=0; IO mode=ap_vld:ce=0
Port [ block_7_out]:  wired=1; compound=0; hidden=0; nouse=0; global=0; static=0; extern=0; dir=1; type=0; pingpong=0; private_global=0; IO mode=ap_vld:ce=0
Port [ block_6_out]:  wired=1; compound=0; hidden=0; nouse=0; global=0; static=0; extern=0; dir=1; type=0; pingpong=0; private_global=0; IO mode=ap_vld:ce=0
Port [ block_5_out]:  wired=1; compound=0; hidden=0; nouse=0; global=0; static=0; extern=0; dir=1; type=0; pingpong=0; private_global=0; IO mode=ap_vld:ce=0
Port [ block_4_out]:  wired=1; compound=0; hidden=0; nouse=0; global=0; static=0; extern=0; dir=1; type=0; pingpong=0; private_global=0; IO mode=ap_vld:ce=0
Port [ block_3_out]:  wired=1; compound=0; hidden=0; nouse=0; global=0; static=0; extern=0; dir=1; type=0; pingpong=0; private_global=0; IO mode=ap_vld:ce=0
Port [ block_2_out]:  wired=1; compound=0; hidden=0; nouse=0; global=0; static=0; extern=0; dir=1; type=0; pingpong=0; private_global=0; IO mode=ap_vld:ce=0
Port [ block_1_out]:  wired=1; compound=0; hidden=0; nouse=0; global=0; static=0; extern=0; dir=1; type=0; pingpong=0; private_global=0; IO mode=ap_vld:ce=0
Port [ block_out]:  wired=1; compound=0; hidden=0; nouse=0; global=0; static=0; extern=0; dir=1; type=0; pingpong=0; private_global=0; IO mode=ap_vld:ce=0
---------------- STG Properties END ------------------

---------------- Datapath Model BEGIN ----------------

<LifeTime>
<method=bitvector/>
i                 (alloca           ) [ 01111111110]
block             (alloca           ) [ 00111111111]
block_1           (alloca           ) [ 00111111111]
block_2           (alloca           ) [ 00111111111]
block_3           (alloca           ) [ 00111111111]
block_4           (alloca           ) [ 00111111111]
block_5           (alloca           ) [ 00111111111]
block_6           (alloca           ) [ 00111111111]
block_7           (alloca           ) [ 00111111111]
block_8           (alloca           ) [ 00111111111]
block_9           (alloca           ) [ 00111111111]
block_10          (alloca           ) [ 00111111111]
block_11          (alloca           ) [ 00111111111]
block_12          (alloca           ) [ 00111111111]
block_13          (alloca           ) [ 00111111111]
block_14          (alloca           ) [ 00111111111]
block_15          (alloca           ) [ 00111111111]
sext_ln60_read    (read             ) [ 00000000000]
sext_ln60_cast    (sext             ) [ 00000000000]
DATA_addr         (getelementptr    ) [ 00111111110]
store_ln0         (store            ) [ 00000000000]
zext_ln526        (read             ) [ 00000000000]
sext_ln525        (read             ) [ 00000000000]
specinterface_ln0 (specinterface    ) [ 00000000000]
p_rd_req          (readreq          ) [ 00000000000]
br_ln0            (br               ) [ 00000000000]
i_2               (load             ) [ 00000000000]
specbitsmap_ln0   (specbitsmap      ) [ 00000000000]
icmp_ln58         (icmp             ) [ 00000000110]
empty             (speclooptripcount) [ 00000000000]
add_ln58          (add              ) [ 00000000000]
br_ln58           (br               ) [ 00000000000]
trunc_ln60        (trunc            ) [ 00000000110]
switch_ln60       (switch           ) [ 00000000000]
store_ln58        (store            ) [ 00000000000]
br_ln58           (br               ) [ 00000000000]
specpipeline_ln59 (specpipeline     ) [ 00000000000]
specloopname_ln58 (specloopname     ) [ 00000000000]
DATA_addr_read    (read             ) [ 00000000000]
store_ln60        (store            ) [ 00000000000]
br_ln60           (br               ) [ 00000000000]
store_ln60        (store            ) [ 00000000000]
br_ln60           (br               ) [ 00000000000]
store_ln60        (store            ) [ 00000000000]
br_ln60           (br               ) [ 00000000000]
store_ln60        (store            ) [ 00000000000]
br_ln60           (br               ) [ 00000000000]
store_ln60        (store            ) [ 00000000000]
br_ln60           (br               ) [ 00000000000]
store_ln60        (store            ) [ 00000000000]
br_ln60           (br               ) [ 00000000000]
store_ln60        (store            ) [ 00000000000]
br_ln60           (br               ) [ 00000000000]
store_ln60        (store            ) [ 00000000000]
br_ln60           (br               ) [ 00000000000]
store_ln60        (store            ) [ 00000000000]
br_ln60           (br               ) [ 00000000000]
store_ln60        (store            ) [ 00000000000]
br_ln60           (br               ) [ 00000000000]
store_ln60        (store            ) [ 00000000000]
br_ln60           (br               ) [ 00000000000]
store_ln60        (store            ) [ 00000000000]
br_ln60           (br               ) [ 00000000000]
store_ln60        (store            ) [ 00000000000]
br_ln60           (br               ) [ 00000000000]
store_ln60        (store            ) [ 00000000000]
br_ln60           (br               ) [ 00000000000]
store_ln60        (store            ) [ 00000000000]
br_ln60           (br               ) [ 00000000000]
store_ln60        (store            ) [ 00000000000]
br_ln60           (br               ) [ 00000000000]
block_load        (load             ) [ 00000000000]
block_1_load      (load             ) [ 00000000000]
block_2_load      (load             ) [ 00000000000]
block_3_load      (load             ) [ 00000000000]
block_4_load      (load             ) [ 00000000000]
block_5_load      (load             ) [ 00000000000]
block_6_load      (load             ) [ 00000000000]
block_7_load      (load             ) [ 00000000000]
block_8_load      (load             ) [ 00000000000]
block_9_load      (load             ) [ 00000000000]
block_10_load     (load             ) [ 00000000000]
block_11_load     (load             ) [ 00000000000]
block_12_load     (load             ) [ 00000000000]
block_13_load     (load             ) [ 00000000000]
block_14_load     (load             ) [ 00000000000]
block_15_load     (load             ) [ 00000000000]
write_ln0         (write            ) [ 00000000000]
write_ln0         (write            ) [ 00000000000]
write_ln0         (write            ) [ 00000000000]
write_ln0         (write            ) [ 00000000000]
write_ln0         (write            ) [ 00000000000]
write_ln0         (write            ) [ 00000000000]
write_ln0         (write            ) [ 00000000000]
write_ln0         (write            ) [ 00000000000]
write_ln0         (write            ) [ 00000000000]
write_ln0         (write            ) [ 00000000000]
write_ln0         (write            ) [ 00000000000]
write_ln0         (write            ) [ 00000000000]
write_ln0         (write            ) [ 00000000000]
write_ln0         (write            ) [ 00000000000]
write_ln0         (write            ) [ 00000000000]
write_ln0         (write            ) [ 00000000000]
ret_ln0           (ret              ) [ 00000000000]
</LifeTime>

<model>

<comp_list>
<comp id="0" class="1000" name="DATA">
<pin_list>
<pin id="1" dir="1" index="0" bw="1" slack="0"/>
</pin_list>
<bind>
<StgValue><ssdm name="DATA"/></StgValue>
</bind>
</comp>

<comp id="2" class="1000" name="sext_ln60">
<pin_list>
<pin id="3" dir="1" index="0" bw="1" slack="0"/>
</pin_list>
<bind>
<StgValue><ssdm name="sext_ln60"/></StgValue>
</bind>
</comp>

<comp id="4" class="1000" name="sext_ln52">
<pin_list>
<pin id="5" dir="1" index="0" bw="1" slack="0"/>
</pin_list>
<bind>
<StgValue><ssdm name="sext_ln52"/></StgValue>
</bind>
</comp>

<comp id="6" class="1000" name="zext_ln52">
<pin_list>
<pin id="7" dir="1" index="0" bw="1" slack="0"/>
</pin_list>
<bind>
<StgValue><ssdm name="zext_ln52"/></StgValue>
</bind>
</comp>

<comp id="8" class="1000" name="block_15_out">
<pin_list>
<pin id="9" dir="1" index="0" bw="1" slack="0"/>
</pin_list>
<bind>
<StgValue><ssdm name="block_15_out"/></StgValue>
</bind>
</comp>

<comp id="10" class="1000" name="block_14_out">
<pin_list>
<pin id="11" dir="1" index="0" bw="1" slack="0"/>
</pin_list>
<bind>
<StgValue><ssdm name="block_14_out"/></StgValue>
</bind>
</comp>

<comp id="12" class="1000" name="block_13_out">
<pin_list>
<pin id="13" dir="1" index="0" bw="1" slack="0"/>
</pin_list>
<bind>
<StgValue><ssdm name="block_13_out"/></StgValue>
</bind>
</comp>

<comp id="14" class="1000" name="block_12_out">
<pin_list>
<pin id="15" dir="1" index="0" bw="1" slack="0"/>
</pin_list>
<bind>
<StgValue><ssdm name="block_12_out"/></StgValue>
</bind>
</comp>

<comp id="16" class="1000" name="block_11_out">
<pin_list>
<pin id="17" dir="1" index="0" bw="1" slack="0"/>
</pin_list>
<bind>
<StgValue><ssdm name="block_11_out"/></StgValue>
</bind>
</comp>

<comp id="18" class="1000" name="block_10_out">
<pin_list>
<pin id="19" dir="1" index="0" bw="1" slack="0"/>
</pin_list>
<bind>
<StgValue><ssdm name="block_10_out"/></StgValue>
</bind>
</comp>

<comp id="20" class="1000" name="block_9_out">
<pin_list>
<pin id="21" dir="1" index="0" bw="1" slack="0"/>
</pin_list>
<bind>
<StgValue><ssdm name="block_9_out"/></StgValue>
</bind>
</comp>

<comp id="22" class="1000" name="block_8_out">
<pin_list>
<pin id="23" dir="1" index="0" bw="1" slack="0"/>
</pin_list>
<bind>
<StgValue><ssdm name="block_8_out"/></StgValue>
</bind>
</comp>

<comp id="24" class="1000" name="block_7_out">
<pin_list>
<pin id="25" dir="1" index="0" bw="1" slack="0"/>
</pin_list>
<bind>
<StgValue><ssdm name="block_7_out"/></StgValue>
</bind>
</comp>

<comp id="26" class="1000" name="block_6_out">
<pin_list>
<pin id="27" dir="1" index="0" bw="1" slack="0"/>
</pin_list>
<bind>
<StgValue><ssdm name="block_6_out"/></StgValue>
</bind>
</comp>

<comp id="28" class="1000" name="block_5_out">
<pin_list>
<pin id="29" dir="1" index="0" bw="1" slack="0"/>
</pin_list>
<bind>
<StgValue><ssdm name="block_5_out"/></StgValue>
</bind>
</comp>

<comp id="30" class="1000" name="block_4_out">
<pin_list>
<pin id="31" dir="1" index="0" bw="1" slack="0"/>
</pin_list>
<bind>
<StgValue><ssdm name="block_4_out"/></StgValue>
</bind>
</comp>

<comp id="32" class="1000" name="block_3_out">
<pin_list>
<pin id="33" dir="1" index="0" bw="1" slack="0"/>
</pin_list>
<bind>
<StgValue><ssdm name="block_3_out"/></StgValue>
</bind>
</comp>

<comp id="34" class="1000" name="block_2_out">
<pin_list>
<pin id="35" dir="1" index="0" bw="1" slack="0"/>
</pin_list>
<bind>
<StgValue><ssdm name="block_2_out"/></StgValue>
</bind>
</comp>

<comp id="36" class="1000" name="block_1_out">
<pin_list>
<pin id="37" dir="1" index="0" bw="1" slack="0"/>
</pin_list>
<bind>
<StgValue><ssdm name="block_1_out"/></StgValue>
</bind>
</comp>

<comp id="38" class="1000" name="block_out">
<pin_list>
<pin id="39" dir="1" index="0" bw="1" slack="0"/>
</pin_list>
<bind>
<StgValue><ssdm name="block_out"/></StgValue>
</bind>
</comp>

<comp id="40" class="1001" name="const_40">
<pin_list>
<pin id="41" dir="1" index="0" bw="1" slack="0"/>
</pin_list>
<bind>
<StgValue><ssdm name=""/></StgValue>
</bind>
</comp>

<comp id="42" class="1001" name="const_42">
<pin_list>
<pin id="43" dir="1" index="0" bw="1" slack="0"/>
</pin_list>
<bind>
<StgValue><ssdm name="_ssdm_op_Read.ap_auto.i63"/></StgValue>
</bind>
</comp>

<comp id="44" class="1001" name="const_44">
<pin_list>
<pin id="45" dir="1" index="0" bw="1" slack="0"/>
</pin_list>
<bind>
<StgValue><ssdm name="_ssdm_op_ReadReq.m_axi.i32P1A"/></StgValue>
</bind>
</comp>

<comp id="46" class="1001" name="const_46">
<pin_list>
<pin id="47" dir="1" index="0" bw="1" slack="0"/>
</pin_list>
<bind>
<StgValue><ssdm name=""/></StgValue>
</bind>
</comp>

<comp id="48" class="1001" name="const_48">
<pin_list>
<pin id="49" dir="1" index="0" bw="1" slack="0"/>
</pin_list>
<bind>
<StgValue><ssdm name=""/></StgValue>
</bind>
</comp>

<comp id="50" class="1001" name="const_50">
<pin_list>
<pin id="51" dir="1" index="0" bw="1" slack="0"/>
</pin_list>
<bind>
<StgValue><ssdm name="_ssdm_op_Read.ap_auto.i32"/></StgValue>
</bind>
</comp>

<comp id="52" class="1001" name="const_52">
<pin_list>
<pin id="53" dir="1" index="0" bw="1" slack="0"/>
</pin_list>
<bind>
<StgValue><ssdm name="_ssdm_op_Read.ap_auto.i62"/></StgValue>
</bind>
</comp>

<comp id="54" class="1001" name="const_54">
<pin_list>
<pin id="55" dir="1" index="0" bw="1" slack="2147483647"/>
</pin_list>
<bind>
<StgValue><ssdm name="_ssdm_op_SpecInterface"/></StgValue>
</bind>
</comp>

<comp id="56" class="1001" name="const_56">
<pin_list>
<pin id="57" dir="1" index="0" bw="1" slack="2147483647"/>
</pin_list>
<bind>
<StgValue><ssdm name="empty_2"/></StgValue>
</bind>
</comp>

<comp id="58" class="1001" name="const_58">
<pin_list>
<pin id="59" dir="1" index="0" bw="1" slack="2147483647"/>
</pin_list>
<bind>
<StgValue><ssdm name=""/></StgValue>
</bind>
</comp>

<comp id="60" class="1001" name="const_60">
<pin_list>
<pin id="61" dir="1" index="0" bw="1" slack="2147483647"/>
</pin_list>
<bind>
<StgValue><ssdm name="empty_0"/></StgValue>
</bind>
</comp>

<comp id="62" class="1001" name="const_62">
<pin_list>
<pin id="63" dir="1" index="0" bw="1" slack="2147483647"/>
</pin_list>
<bind>
<StgValue><ssdm name=""/></StgValue>
</bind>
</comp>

<comp id="64" class="1001" name="const_64">
<pin_list>
<pin id="65" dir="1" index="0" bw="1" slack="2147483647"/>
</pin_list>
<bind>
<StgValue><ssdm name="empty_3"/></StgValue>
</bind>
</comp>

<comp id="66" class="1001" name="const_66">
<pin_list>
<pin id="67" dir="1" index="0" bw="1" slack="2147483647"/>
</pin_list>
<bind>
<StgValue><ssdm name="empty_4"/></StgValue>
</bind>
</comp>

<comp id="68" class="1001" name="const_68">
<pin_list>
<pin id="69" dir="1" index="0" bw="1" slack="2147483647"/>
</pin_list>
<bind>
<StgValue><ssdm name=""/></StgValue>
</bind>
</comp>

<comp id="70" class="1001" name="const_70">
<pin_list>
<pin id="71" dir="1" index="0" bw="1" slack="2147483647"/>
</pin_list>
<bind>
<StgValue><ssdm name="_ssdm_op_SpecBitsMap"/></StgValue>
</bind>
</comp>

<comp id="72" class="1001" name="const_72">
<pin_list>
<pin id="73" dir="1" index="0" bw="1" slack="0"/>
</pin_list>
<bind>
<StgValue><ssdm name=""/></StgValue>
</bind>
</comp>

<comp id="74" class="1001" name="const_74">
<pin_list>
<pin id="75" dir="1" index="0" bw="1" slack="2147483647"/>
</pin_list>
<bind>
<StgValue><ssdm name="_ssdm_op_SpecLoopTripCount"/></StgValue>
</bind>
</comp>

<comp id="76" class="1001" name="const_76">
<pin_list>
<pin id="77" dir="1" index="0" bw="1" slack="2147483647"/>
</pin_list>
<bind>
<StgValue><ssdm name=""/></StgValue>
</bind>
</comp>

<comp id="78" class="1001" name="const_78">
<pin_list>
<pin id="79" dir="1" index="0" bw="1" slack="0"/>
</pin_list>
<bind>
<StgValue><ssdm name=""/></StgValue>
</bind>
</comp>

<comp id="80" class="1001" name="const_80">
<pin_list>
<pin id="81" dir="1" index="0" bw="1" slack="2147483647"/>
</pin_list>
<bind>
<StgValue><ssdm name=""/></StgValue>
</bind>
</comp>

<comp id="82" class="1001" name="const_82">
<pin_list>
<pin id="83" dir="1" index="0" bw="1" slack="2147483647"/>
</pin_list>
<bind>
<StgValue><ssdm name=""/></StgValue>
</bind>
</comp>

<comp id="84" class="1001" name="const_84">
<pin_list>
<pin id="85" dir="1" index="0" bw="1" slack="2147483647"/>
</pin_list>
<bind>
<StgValue><ssdm name=""/></StgValue>
</bind>
</comp>

<comp id="86" class="1001" name="const_86">
<pin_list>
<pin id="87" dir="1" index="0" bw="1" slack="2147483647"/>
</pin_list>
<bind>
<StgValue><ssdm name=""/></StgValue>
</bind>
</comp>

<comp id="88" class="1001" name="const_88">
<pin_list>
<pin id="89" dir="1" index="0" bw="1" slack="2147483647"/>
</pin_list>
<bind>
<StgValue><ssdm name=""/></StgValue>
</bind>
</comp>

<comp id="90" class="1001" name="const_90">
<pin_list>
<pin id="91" dir="1" index="0" bw="1" slack="2147483647"/>
</pin_list>
<bind>
<StgValue><ssdm name=""/></StgValue>
</bind>
</comp>

<comp id="92" class="1001" name="const_92">
<pin_list>
<pin id="93" dir="1" index="0" bw="1" slack="2147483647"/>
</pin_list>
<bind>
<StgValue><ssdm name=""/></StgValue>
</bind>
</comp>

<comp id="94" class="1001" name="const_94">
<pin_list>
<pin id="95" dir="1" index="0" bw="1" slack="2147483647"/>
</pin_list>
<bind>
<StgValue><ssdm name=""/></StgValue>
</bind>
</comp>

<comp id="96" class="1001" name="const_96">
<pin_list>
<pin id="97" dir="1" index="0" bw="1" slack="2147483647"/>
</pin_list>
<bind>
<StgValue><ssdm name=""/></StgValue>
</bind>
</comp>

<comp id="98" class="1001" name="const_98">
<pin_list>
<pin id="99" dir="1" index="0" bw="1" slack="2147483647"/>
</pin_list>
<bind>
<StgValue><ssdm name=""/></StgValue>
</bind>
</comp>

<comp id="100" class="1001" name="const_100">
<pin_list>
<pin id="101" dir="1" index="0" bw="1" slack="2147483647"/>
</pin_list>
<bind>
<StgValue><ssdm name=""/></StgValue>
</bind>
</comp>

<comp id="102" class="1001" name="const_102">
<pin_list>
<pin id="103" dir="1" index="0" bw="1" slack="2147483647"/>
</pin_list>
<bind>
<StgValue><ssdm name=""/></StgValue>
</bind>
</comp>

<comp id="104" class="1001" name="const_104">
<pin_list>
<pin id="105" dir="1" index="0" bw="1" slack="2147483647"/>
</pin_list>
<bind>
<StgValue><ssdm name=""/></StgValue>
</bind>
</comp>

<comp id="106" class="1001" name="const_106">
<pin_list>
<pin id="107" dir="1" index="0" bw="1" slack="2147483647"/>
</pin_list>
<bind>
<StgValue><ssdm name=""/></StgValue>
</bind>
</comp>

<comp id="108" class="1001" name="const_108">
<pin_list>
<pin id="109" dir="1" index="0" bw="1" slack="2147483647"/>
</pin_list>
<bind>
<StgValue><ssdm name=""/></StgValue>
</bind>
</comp>

<comp id="110" class="1001" name="const_110">
<pin_list>
<pin id="111" dir="1" index="0" bw="1" slack="2147483647"/>
</pin_list>
<bind>
<StgValue><ssdm name="_ssdm_op_SpecPipeline"/></StgValue>
</bind>
</comp>

<comp id="112" class="1001" name="const_112">
<pin_list>
<pin id="113" dir="1" index="0" bw="1" slack="2147483647"/>
</pin_list>
<bind>
<StgValue><ssdm name="_ssdm_op_SpecLoopName"/></StgValue>
</bind>
</comp>

<comp id="114" class="1001" name="const_114">
<pin_list>
<pin id="115" dir="1" index="0" bw="1" slack="2147483647"/>
</pin_list>
<bind>
<StgValue><ssdm name="empty_14"/></StgValue>
</bind>
</comp>

<comp id="116" class="1001" name="const_116">
<pin_list>
<pin id="117" dir="1" index="0" bw="1" slack="0"/>
</pin_list>
<bind>
<StgValue><ssdm name="_ssdm_op_Read.m_axi.i32P1A"/></StgValue>
</bind>
</comp>

<comp id="118" class="1001" name="const_118">
<pin_list>
<pin id="119" dir="1" index="0" bw="1" slack="0"/>
</pin_list>
<bind>
<StgValue><ssdm name="_ssdm_op_Write.ap_auto.i32P0A"/></StgValue>
</bind>
</comp>

<comp id="120" class="1004" name="i_fu_120">
<pin_list>
<pin id="121" dir="0" index="0" bw="1" slack="0"/>
<pin id="122" dir="1" index="1" bw="5" slack="0"/>
</pin_list>
<bind>
<opcode="alloca(26) " fcode="alloca"/>
<opset="i/1 "/>
</bind>
</comp>

<comp id="124" class="1004" name="block_fu_124">
<pin_list>
<pin id="125" dir="0" index="0" bw="1" slack="0"/>
<pin id="126" dir="1" index="1" bw="32" slack="8"/>
</pin_list>
<bind>
<opcode="alloca(26) " fcode="alloca"/>
<opset="block/1 "/>
</bind>
</comp>

<comp id="128" class="1004" name="block_1_fu_128">
<pin_list>
<pin id="129" dir="0" index="0" bw="1" slack="0"/>
<pin id="130" dir="1" index="1" bw="32" slack="8"/>
</pin_list>
<bind>
<opcode="alloca(26) " fcode="alloca"/>
<opset="block_1/1 "/>
</bind>
</comp>

<comp id="132" class="1004" name="block_2_fu_132">
<pin_list>
<pin id="133" dir="0" index="0" bw="1" slack="0"/>
<pin id="134" dir="1" index="1" bw="32" slack="8"/>
</pin_list>
<bind>
<opcode="alloca(26) " fcode="alloca"/>
<opset="block_2/1 "/>
</bind>
</comp>

<comp id="136" class="1004" name="block_3_fu_136">
<pin_list>
<pin id="137" dir="0" index="0" bw="1" slack="0"/>
<pin id="138" dir="1" index="1" bw="32" slack="8"/>
</pin_list>
<bind>
<opcode="alloca(26) " fcode="alloca"/>
<opset="block_3/1 "/>
</bind>
</comp>

<comp id="140" class="1004" name="block_4_fu_140">
<pin_list>
<pin id="141" dir="0" index="0" bw="1" slack="0"/>
<pin id="142" dir="1" index="1" bw="32" slack="8"/>
</pin_list>
<bind>
<opcode="alloca(26) " fcode="alloca"/>
<opset="block_4/1 "/>
</bind>
</comp>

<comp id="144" class="1004" name="block_5_fu_144">
<pin_list>
<pin id="145" dir="0" index="0" bw="1" slack="0"/>
<pin id="146" dir="1" index="1" bw="32" slack="8"/>
</pin_list>
<bind>
<opcode="alloca(26) " fcode="alloca"/>
<opset="block_5/1 "/>
</bind>
</comp>

<comp id="148" class="1004" name="block_6_fu_148">
<pin_list>
<pin id="149" dir="0" index="0" bw="1" slack="0"/>
<pin id="150" dir="1" index="1" bw="32" slack="8"/>
</pin_list>
<bind>
<opcode="alloca(26) " fcode="alloca"/>
<opset="block_6/1 "/>
</bind>
</comp>

<comp id="152" class="1004" name="block_7_fu_152">
<pin_list>
<pin id="153" dir="0" index="0" bw="1" slack="0"/>
<pin id="154" dir="1" index="1" bw="32" slack="8"/>
</pin_list>
<bind>
<opcode="alloca(26) " fcode="alloca"/>
<opset="block_7/1 "/>
</bind>
</comp>

<comp id="156" class="1004" name="block_8_fu_156">
<pin_list>
<pin id="157" dir="0" index="0" bw="1" slack="0"/>
<pin id="158" dir="1" index="1" bw="32" slack="8"/>
</pin_list>
<bind>
<opcode="alloca(26) " fcode="alloca"/>
<opset="block_8/1 "/>
</bind>
</comp>

<comp id="160" class="1004" name="block_9_fu_160">
<pin_list>
<pin id="161" dir="0" index="0" bw="1" slack="0"/>
<pin id="162" dir="1" index="1" bw="32" slack="8"/>
</pin_list>
<bind>
<opcode="alloca(26) " fcode="alloca"/>
<opset="block_9/1 "/>
</bind>
</comp>

<comp id="164" class="1004" name="block_10_fu_164">
<pin_list>
<pin id="165" dir="0" index="0" bw="1" slack="0"/>
<pin id="166" dir="1" index="1" bw="32" slack="8"/>
</pin_list>
<bind>
<opcode="alloca(26) " fcode="alloca"/>
<opset="block_10/1 "/>
</bind>
</comp>

<comp id="168" class="1004" name="block_11_fu_168">
<pin_list>
<pin id="169" dir="0" index="0" bw="1" slack="0"/>
<pin id="170" dir="1" index="1" bw="32" slack="8"/>
</pin_list>
<bind>
<opcode="alloca(26) " fcode="alloca"/>
<opset="block_11/1 "/>
</bind>
</comp>

<comp id="172" class="1004" name="block_12_fu_172">
<pin_list>
<pin id="173" dir="0" index="0" bw="1" slack="0"/>
<pin id="174" dir="1" index="1" bw="32" slack="8"/>
</pin_list>
<bind>
<opcode="alloca(26) " fcode="alloca"/>
<opset="block_12/1 "/>
</bind>
</comp>

<comp id="176" class="1004" name="block_13_fu_176">
<pin_list>
<pin id="177" dir="0" index="0" bw="1" slack="0"/>
<pin id="178" dir="1" index="1" bw="32" slack="8"/>
</pin_list>
<bind>
<opcode="alloca(26) " fcode="alloca"/>
<opset="block_13/1 "/>
</bind>
</comp>

<comp id="180" class="1004" name="block_14_fu_180">
<pin_list>
<pin id="181" dir="0" index="0" bw="1" slack="0"/>
<pin id="182" dir="1" index="1" bw="32" slack="8"/>
</pin_list>
<bind>
<opcode="alloca(26) " fcode="alloca"/>
<opset="block_14/1 "/>
</bind>
</comp>

<comp id="184" class="1004" name="block_15_fu_184">
<pin_list>
<pin id="185" dir="0" index="0" bw="1" slack="0"/>
<pin id="186" dir="1" index="1" bw="32" slack="8"/>
</pin_list>
<bind>
<opcode="alloca(26) " fcode="alloca"/>
<opset="block_15/1 "/>
</bind>
</comp>

<comp id="188" class="1004" name="sext_ln60_read_read_fu_188">
<pin_list>
<pin id="189" dir="0" index="0" bw="63" slack="0"/>
<pin id="190" dir="0" index="1" bw="63" slack="0"/>
<pin id="191" dir="1" index="2" bw="63" slack="0"/>
</pin_list>
<bind>
<opcode="read(1150) " fcode="read"/>
<opset="sext_ln60_read/1 "/>
</bind>
</comp>

<comp id="194" class="1004" name="grp_readreq_fu_194">
<pin_list>
<pin id="195" dir="0" index="0" bw="1" slack="0"/>
<pin id="196" dir="0" index="1" bw="32" slack="0"/>
<pin id="197" dir="0" index="2" bw="6" slack="0"/>
<pin id="198" dir="1" index="3" bw="1" slack="2147483647"/>
</pin_list>
<bind>
<opcode="readreq(1154) " fcode="readreq"/>
<opset="p_rd_req/1 "/>
</bind>
</comp>

<comp id="201" class="1004" name="zext_ln526_read_fu_201">
<pin_list>
<pin id="202" dir="0" index="0" bw="32" slack="0"/>
<pin id="203" dir="0" index="1" bw="32" slack="0"/>
<pin id="204" dir="1" index="2" bw="32" slack="2147483647"/>
</pin_list>
<bind>
<opcode="read(1150) " fcode="read"/>
<opset="zext_ln526/7 "/>
</bind>
</comp>

<comp id="207" class="1004" name="sext_ln525_read_fu_207">
<pin_list>
<pin id="208" dir="0" index="0" bw="62" slack="0"/>
<pin id="209" dir="0" index="1" bw="62" slack="0"/>
<pin id="210" dir="1" index="2" bw="62" slack="2147483647"/>
</pin_list>
<bind>
<opcode="read(1150) " fcode="read"/>
<opset="sext_ln525/7 "/>
</bind>
</comp>

<comp id="213" class="1004" name="DATA_addr_read_read_fu_213">
<pin_list>
<pin id="214" dir="0" index="0" bw="32" slack="0"/>
<pin id="215" dir="0" index="1" bw="32" slack="8"/>
<pin id="216" dir="1" index="2" bw="32" slack="0"/>
</pin_list>
<bind>
<opcode="read(1150) " fcode="read"/>
<opset="DATA_addr_read/9 "/>
</bind>
</comp>

<comp id="218" class="1004" name="write_ln0_write_fu_218">
<pin_list>
<pin id="219" dir="0" index="0" bw="0" slack="0"/>
<pin id="220" dir="0" index="1" bw="32" slack="0"/>
<pin id="221" dir="0" index="2" bw="32" slack="0"/>
<pin id="222" dir="1" index="3" bw="0" slack="2147483647"/>
</pin_list>
<bind>
<opcode="write(1151) " fcode="write"/>
<opset="write_ln0/10 "/>
</bind>
</comp>

<comp id="225" class="1004" name="write_ln0_write_fu_225">
<pin_list>
<pin id="226" dir="0" index="0" bw="0" slack="0"/>
<pin id="227" dir="0" index="1" bw="32" slack="0"/>
<pin id="228" dir="0" index="2" bw="32" slack="0"/>
<pin id="229" dir="1" index="3" bw="0" slack="2147483647"/>
</pin_list>
<bind>
<opcode="write(1151) " fcode="write"/>
<opset="write_ln0/10 "/>
</bind>
</comp>

<comp id="232" class="1004" name="write_ln0_write_fu_232">
<pin_list>
<pin id="233" dir="0" index="0" bw="0" slack="0"/>
<pin id="234" dir="0" index="1" bw="32" slack="0"/>
<pin id="235" dir="0" index="2" bw="32" slack="0"/>
<pin id="236" dir="1" index="3" bw="0" slack="2147483647"/>
</pin_list>
<bind>
<opcode="write(1151) " fcode="write"/>
<opset="write_ln0/10 "/>
</bind>
</comp>

<comp id="239" class="1004" name="write_ln0_write_fu_239">
<pin_list>
<pin id="240" dir="0" index="0" bw="0" slack="0"/>
<pin id="241" dir="0" index="1" bw="32" slack="0"/>
<pin id="242" dir="0" index="2" bw="32" slack="0"/>
<pin id="243" dir="1" index="3" bw="0" slack="2147483647"/>
</pin_list>
<bind>
<opcode="write(1151) " fcode="write"/>
<opset="write_ln0/10 "/>
</bind>
</comp>

<comp id="246" class="1004" name="write_ln0_write_fu_246">
<pin_list>
<pin id="247" dir="0" index="0" bw="0" slack="0"/>
<pin id="248" dir="0" index="1" bw="32" slack="0"/>
<pin id="249" dir="0" index="2" bw="32" slack="0"/>
<pin id="250" dir="1" index="3" bw="0" slack="2147483647"/>
</pin_list>
<bind>
<opcode="write(1151) " fcode="write"/>
<opset="write_ln0/10 "/>
</bind>
</comp>

<comp id="253" class="1004" name="write_ln0_write_fu_253">
<pin_list>
<pin id="254" dir="0" index="0" bw="0" slack="0"/>
<pin id="255" dir="0" index="1" bw="32" slack="0"/>
<pin id="256" dir="0" index="2" bw="32" slack="0"/>
<pin id="257" dir="1" index="3" bw="0" slack="2147483647"/>
</pin_list>
<bind>
<opcode="write(1151) " fcode="write"/>
<opset="write_ln0/10 "/>
</bind>
</comp>

<comp id="260" class="1004" name="write_ln0_write_fu_260">
<pin_list>
<pin id="261" dir="0" index="0" bw="0" slack="0"/>
<pin id="262" dir="0" index="1" bw="32" slack="0"/>
<pin id="263" dir="0" index="2" bw="32" slack="0"/>
<pin id="264" dir="1" index="3" bw="0" slack="2147483647"/>
</pin_list>
<bind>
<opcode="write(1151) " fcode="write"/>
<opset="write_ln0/10 "/>
</bind>
</comp>

<comp id="267" class="1004" name="write_ln0_write_fu_267">
<pin_list>
<pin id="268" dir="0" index="0" bw="0" slack="0"/>
<pin id="269" dir="0" index="1" bw="32" slack="0"/>
<pin id="270" dir="0" index="2" bw="32" slack="0"/>
<pin id="271" dir="1" index="3" bw="0" slack="2147483647"/>
</pin_list>
<bind>
<opcode="write(1151) " fcode="write"/>
<opset="write_ln0/10 "/>
</bind>
</comp>

<comp id="274" class="1004" name="write_ln0_write_fu_274">
<pin_list>
<pin id="275" dir="0" index="0" bw="0" slack="0"/>
<pin id="276" dir="0" index="1" bw="32" slack="0"/>
<pin id="277" dir="0" index="2" bw="32" slack="0"/>
<pin id="278" dir="1" index="3" bw="0" slack="2147483647"/>
</pin_list>
<bind>
<opcode="write(1151) " fcode="write"/>
<opset="write_ln0/10 "/>
</bind>
</comp>

<comp id="281" class="1004" name="write_ln0_write_fu_281">
<pin_list>
<pin id="282" dir="0" index="0" bw="0" slack="0"/>
<pin id="283" dir="0" index="1" bw="32" slack="0"/>
<pin id="284" dir="0" index="2" bw="32" slack="0"/>
<pin id="285" dir="1" index="3" bw="0" slack="2147483647"/>
</pin_list>
<bind>
<opcode="write(1151) " fcode="write"/>
<opset="write_ln0/10 "/>
</bind>
</comp>

<comp id="288" class="1004" name="write_ln0_write_fu_288">
<pin_list>
<pin id="289" dir="0" index="0" bw="0" slack="0"/>
<pin id="290" dir="0" index="1" bw="32" slack="0"/>
<pin id="291" dir="0" index="2" bw="32" slack="0"/>
<pin id="292" dir="1" index="3" bw="0" slack="2147483647"/>
</pin_list>
<bind>
<opcode="write(1151) " fcode="write"/>
<opset="write_ln0/10 "/>
</bind>
</comp>

<comp id="295" class="1004" name="write_ln0_write_fu_295">
<pin_list>
<pin id="296" dir="0" index="0" bw="0" slack="0"/>
<pin id="297" dir="0" index="1" bw="32" slack="0"/>
<pin id="298" dir="0" index="2" bw="32" slack="0"/>
<pin id="299" dir="1" index="3" bw="0" slack="2147483647"/>
</pin_list>
<bind>
<opcode="write(1151) " fcode="write"/>
<opset="write_ln0/10 "/>
</bind>
</comp>

<comp id="302" class="1004" name="write_ln0_write_fu_302">
<pin_list>
<pin id="303" dir="0" index="0" bw="0" slack="0"/>
<pin id="304" dir="0" index="1" bw="32" slack="0"/>
<pin id="305" dir="0" index="2" bw="32" slack="0"/>
<pin id="306" dir="1" index="3" bw="0" slack="2147483647"/>
</pin_list>
<bind>
<opcode="write(1151) " fcode="write"/>
<opset="write_ln0/10 "/>
</bind>
</comp>

<comp id="309" class="1004" name="write_ln0_write_fu_309">
<pin_list>
<pin id="310" dir="0" index="0" bw="0" slack="0"/>
<pin id="311" dir="0" index="1" bw="32" slack="0"/>
<pin id="312" dir="0" index="2" bw="32" slack="0"/>
<pin id="313" dir="1" index="3" bw="0" slack="2147483647"/>
</pin_list>
<bind>
<opcode="write(1151) " fcode="write"/>
<opset="write_ln0/10 "/>
</bind>
</comp>

<comp id="316" class="1004" name="write_ln0_write_fu_316">
<pin_list>
<pin id="317" dir="0" index="0" bw="0" slack="0"/>
<pin id="318" dir="0" index="1" bw="32" slack="0"/>
<pin id="319" dir="0" index="2" bw="32" slack="0"/>
<pin id="320" dir="1" index="3" bw="0" slack="2147483647"/>
</pin_list>
<bind>
<opcode="write(1151) " fcode="write"/>
<opset="write_ln0/10 "/>
</bind>
</comp>

<comp id="323" class="1004" name="write_ln0_write_fu_323">
<pin_list>
<pin id="324" dir="0" index="0" bw="0" slack="0"/>
<pin id="325" dir="0" index="1" bw="32" slack="0"/>
<pin id="326" dir="0" index="2" bw="32" slack="0"/>
<pin id="327" dir="1" index="3" bw="0" slack="2147483647"/>
</pin_list>
<bind>
<opcode="write(1151) " fcode="write"/>
<opset="write_ln0/10 "/>
</bind>
</comp>

<comp id="330" class="1004" name="sext_ln60_cast_fu_330">
<pin_list>
<pin id="331" dir="0" index="0" bw="63" slack="0"/>
<pin id="332" dir="1" index="1" bw="64" slack="0"/>
</pin_list>
<bind>
<opcode="sext(35) " fcode="sext"/>
<opset="sext_ln60_cast/1 "/>
</bind>
</comp>

<comp id="334" class="1004" name="DATA_addr_fu_334">
<pin_list>
<pin id="335" dir="0" index="0" bw="32" slack="0"/>
<pin id="336" dir="0" index="1" bw="63" slack="0"/>
<pin id="337" dir="1" index="2" bw="32" slack="0"/>
</pin_list>
<bind>
<opcode="getelementptr(29) " fcode="getelementptr"/>
<opset="DATA_addr/1 "/>
</bind>
</comp>

<comp id="341" class="1004" name="store_ln0_store_fu_341">
<pin_list>
<pin id="342" dir="0" index="0" bw="1" slack="0"/>
<pin id="343" dir="0" index="1" bw="5" slack="0"/>
<pin id="344" dir="1" index="2" bw="0" slack="2147483647"/>
</pin_list>
<bind>
<opcode="store(28) " fcode="store"/>
<opset="store_ln0/1 "/>
</bind>
</comp>

<comp id="346" class="1004" name="i_2_load_fu_346">
<pin_list>
<pin id="347" dir="0" index="0" bw="5" slack="7"/>
<pin id="348" dir="1" index="1" bw="5" slack="0"/>
</pin_list>
<bind>
<opcode="load(27) " fcode="load"/>
<opset="i_2/8 "/>
</bind>
</comp>

<comp id="349" class="1004" name="icmp_ln58_fu_349">
<pin_list>
<pin id="350" dir="0" index="0" bw="5" slack="0"/>
<pin id="351" dir="0" index="1" bw="5" slack="0"/>
<pin id="352" dir="1" index="2" bw="1" slack="2147483647"/>
</pin_list>
<bind>
<opcode="icmp(45) " fcode="icmp"/>
<opset="icmp_ln58/8 "/>
</bind>
</comp>

<comp id="355" class="1004" name="add_ln58_fu_355">
<pin_list>
<pin id="356" dir="0" index="0" bw="5" slack="0"/>
<pin id="357" dir="0" index="1" bw="1" slack="0"/>
<pin id="358" dir="1" index="2" bw="5" slack="0"/>
</pin_list>
<bind>
<opcode="add(8) " fcode="add"/>
<opset="add_ln58/8 "/>
</bind>
</comp>

<comp id="361" class="1004" name="trunc_ln60_fu_361">
<pin_list>
<pin id="362" dir="0" index="0" bw="5" slack="0"/>
<pin id="363" dir="1" index="1" bw="4" slack="1"/>
</pin_list>
<bind>
<opcode="trunc(33) " fcode="trunc"/>
<opset="trunc_ln60/8 "/>
</bind>
</comp>

<comp id="365" class="1004" name="store_ln58_store_fu_365">
<pin_list>
<pin id="366" dir="0" index="0" bw="5" slack="0"/>
<pin id="367" dir="0" index="1" bw="5" slack="7"/>
<pin id="368" dir="1" index="2" bw="0" slack="2147483647"/>
</pin_list>
<bind>
<opcode="store(28) " fcode="store"/>
<opset="store_ln58/8 "/>
</bind>
</comp>

<comp id="370" class="1004" name="store_ln60_store_fu_370">
<pin_list>
<pin id="371" dir="0" index="0" bw="32" slack="0"/>
<pin id="372" dir="0" index="1" bw="32" slack="8"/>
<pin id="373" dir="1" index="2" bw="0" slack="2147483647"/>
</pin_list>
<bind>
<opcode="store(28) " fcode="store"/>
<opset="store_ln60/9 "/>
</bind>
</comp>

<comp id="375" class="1004" name="store_ln60_store_fu_375">
<pin_list>
<pin id="376" dir="0" index="0" bw="32" slack="0"/>
<pin id="377" dir="0" index="1" bw="32" slack="8"/>
<pin id="378" dir="1" index="2" bw="0" slack="2147483647"/>
</pin_list>
<bind>
<opcode="store(28) " fcode="store"/>
<opset="store_ln60/9 "/>
</bind>
</comp>

<comp id="380" class="1004" name="store_ln60_store_fu_380">
<pin_list>
<pin id="381" dir="0" index="0" bw="32" slack="0"/>
<pin id="382" dir="0" index="1" bw="32" slack="8"/>
<pin id="383" dir="1" index="2" bw="0" slack="2147483647"/>
</pin_list>
<bind>
<opcode="store(28) " fcode="store"/>
<opset="store_ln60/9 "/>
</bind>
</comp>

<comp id="385" class="1004" name="store_ln60_store_fu_385">
<pin_list>
<pin id="386" dir="0" index="0" bw="32" slack="0"/>
<pin id="387" dir="0" index="1" bw="32" slack="8"/>
<pin id="388" dir="1" index="2" bw="0" slack="2147483647"/>
</pin_list>
<bind>
<opcode="store(28) " fcode="store"/>
<opset="store_ln60/9 "/>
</bind>
</comp>

<comp id="390" class="1004" name="store_ln60_store_fu_390">
<pin_list>
<pin id="391" dir="0" index="0" bw="32" slack="0"/>
<pin id="392" dir="0" index="1" bw="32" slack="8"/>
<pin id="393" dir="1" index="2" bw="0" slack="2147483647"/>
</pin_list>
<bind>
<opcode="store(28) " fcode="store"/>
<opset="store_ln60/9 "/>
</bind>
</comp>

<comp id="395" class="1004" name="store_ln60_store_fu_395">
<pin_list>
<pin id="396" dir="0" index="0" bw="32" slack="0"/>
<pin id="397" dir="0" index="1" bw="32" slack="8"/>
<pin id="398" dir="1" index="2" bw="0" slack="2147483647"/>
</pin_list>
<bind>
<opcode="store(28) " fcode="store"/>
<opset="store_ln60/9 "/>
</bind>
</comp>

<comp id="400" class="1004" name="store_ln60_store_fu_400">
<pin_list>
<pin id="401" dir="0" index="0" bw="32" slack="0"/>
<pin id="402" dir="0" index="1" bw="32" slack="8"/>
<pin id="403" dir="1" index="2" bw="0" slack="2147483647"/>
</pin_list>
<bind>
<opcode="store(28) " fcode="store"/>
<opset="store_ln60/9 "/>
</bind>
</comp>

<comp id="405" class="1004" name="store_ln60_store_fu_405">
<pin_list>
<pin id="406" dir="0" index="0" bw="32" slack="0"/>
<pin id="407" dir="0" index="1" bw="32" slack="8"/>
<pin id="408" dir="1" index="2" bw="0" slack="2147483647"/>
</pin_list>
<bind>
<opcode="store(28) " fcode="store"/>
<opset="store_ln60/9 "/>
</bind>
</comp>

<comp id="410" class="1004" name="store_ln60_store_fu_410">
<pin_list>
<pin id="411" dir="0" index="0" bw="32" slack="0"/>
<pin id="412" dir="0" index="1" bw="32" slack="8"/>
<pin id="413" dir="1" index="2" bw="0" slack="2147483647"/>
</pin_list>
<bind>
<opcode="store(28) " fcode="store"/>
<opset="store_ln60/9 "/>
</bind>
</comp>

<comp id="415" class="1004" name="store_ln60_store_fu_415">
<pin_list>
<pin id="416" dir="0" index="0" bw="32" slack="0"/>
<pin id="417" dir="0" index="1" bw="32" slack="8"/>
<pin id="418" dir="1" index="2" bw="0" slack="2147483647"/>
</pin_list>
<bind>
<opcode="store(28) " fcode="store"/>
<opset="store_ln60/9 "/>
</bind>
</comp>

<comp id="420" class="1004" name="store_ln60_store_fu_420">
<pin_list>
<pin id="421" dir="0" index="0" bw="32" slack="0"/>
<pin id="422" dir="0" index="1" bw="32" slack="8"/>
<pin id="423" dir="1" index="2" bw="0" slack="2147483647"/>
</pin_list>
<bind>
<opcode="store(28) " fcode="store"/>
<opset="store_ln60/9 "/>
</bind>
</comp>

<comp id="425" class="1004" name="store_ln60_store_fu_425">
<pin_list>
<pin id="426" dir="0" index="0" bw="32" slack="0"/>
<pin id="427" dir="0" index="1" bw="32" slack="8"/>
<pin id="428" dir="1" index="2" bw="0" slack="2147483647"/>
</pin_list>
<bind>
<opcode="store(28) " fcode="store"/>
<opset="store_ln60/9 "/>
</bind>
</comp>

<comp id="430" class="1004" name="store_ln60_store_fu_430">
<pin_list>
<pin id="431" dir="0" index="0" bw="32" slack="0"/>
<pin id="432" dir="0" index="1" bw="32" slack="8"/>
<pin id="433" dir="1" index="2" bw="0" slack="2147483647"/>
</pin_list>
<bind>
<opcode="store(28) " fcode="store"/>
<opset="store_ln60/9 "/>
</bind>
</comp>

<comp id="435" class="1004" name="store_ln60_store_fu_435">
<pin_list>
<pin id="436" dir="0" index="0" bw="32" slack="0"/>
<pin id="437" dir="0" index="1" bw="32" slack="8"/>
<pin id="438" dir="1" index="2" bw="0" slack="2147483647"/>
</pin_list>
<bind>
<opcode="store(28) " fcode="store"/>
<opset="store_ln60/9 "/>
</bind>
</comp>

<comp id="440" class="1004" name="store_ln60_store_fu_440">
<pin_list>
<pin id="441" dir="0" index="0" bw="32" slack="0"/>
<pin id="442" dir="0" index="1" bw="32" slack="8"/>
<pin id="443" dir="1" index="2" bw="0" slack="2147483647"/>
</pin_list>
<bind>
<opcode="store(28) " fcode="store"/>
<opset="store_ln60/9 "/>
</bind>
</comp>

<comp id="445" class="1004" name="store_ln60_store_fu_445">
<pin_list>
<pin id="446" dir="0" index="0" bw="32" slack="0"/>
<pin id="447" dir="0" index="1" bw="32" slack="8"/>
<pin id="448" dir="1" index="2" bw="0" slack="2147483647"/>
</pin_list>
<bind>
<opcode="store(28) " fcode="store"/>
<opset="store_ln60/9 "/>
</bind>
</comp>

<comp id="450" class="1004" name="block_load_load_fu_450">
<pin_list>
<pin id="451" dir="0" index="0" bw="32" slack="8"/>
<pin id="452" dir="1" index="1" bw="32" slack="0"/>
</pin_list>
<bind>
<opcode="load(27) " fcode="load"/>
<opset="block_load/10 "/>
</bind>
</comp>

<comp id="454" class="1004" name="block_1_load_load_fu_454">
<pin_list>
<pin id="455" dir="0" index="0" bw="32" slack="8"/>
<pin id="456" dir="1" index="1" bw="32" slack="0"/>
</pin_list>
<bind>
<opcode="load(27) " fcode="load"/>
<opset="block_1_load/10 "/>
</bind>
</comp>

<comp id="458" class="1004" name="block_2_load_load_fu_458">
<pin_list>
<pin id="459" dir="0" index="0" bw="32" slack="8"/>
<pin id="460" dir="1" index="1" bw="32" slack="0"/>
</pin_list>
<bind>
<opcode="load(27) " fcode="load"/>
<opset="block_2_load/10 "/>
</bind>
</comp>

<comp id="462" class="1004" name="block_3_load_load_fu_462">
<pin_list>
<pin id="463" dir="0" index="0" bw="32" slack="8"/>
<pin id="464" dir="1" index="1" bw="32" slack="0"/>
</pin_list>
<bind>
<opcode="load(27) " fcode="load"/>
<opset="block_3_load/10 "/>
</bind>
</comp>

<comp id="466" class="1004" name="block_4_load_load_fu_466">
<pin_list>
<pin id="467" dir="0" index="0" bw="32" slack="8"/>
<pin id="468" dir="1" index="1" bw="32" slack="0"/>
</pin_list>
<bind>
<opcode="load(27) " fcode="load"/>
<opset="block_4_load/10 "/>
</bind>
</comp>

<comp id="470" class="1004" name="block_5_load_load_fu_470">
<pin_list>
<pin id="471" dir="0" index="0" bw="32" slack="8"/>
<pin id="472" dir="1" index="1" bw="32" slack="0"/>
</pin_list>
<bind>
<opcode="load(27) " fcode="load"/>
<opset="block_5_load/10 "/>
</bind>
</comp>

<comp id="474" class="1004" name="block_6_load_load_fu_474">
<pin_list>
<pin id="475" dir="0" index="0" bw="32" slack="8"/>
<pin id="476" dir="1" index="1" bw="32" slack="0"/>
</pin_list>
<bind>
<opcode="load(27) " fcode="load"/>
<opset="block_6_load/10 "/>
</bind>
</comp>

<comp id="478" class="1004" name="block_7_load_load_fu_478">
<pin_list>
<pin id="479" dir="0" index="0" bw="32" slack="8"/>
<pin id="480" dir="1" index="1" bw="32" slack="0"/>
</pin_list>
<bind>
<opcode="load(27) " fcode="load"/>
<opset="block_7_load/10 "/>
</bind>
</comp>

<comp id="482" class="1004" name="block_8_load_load_fu_482">
<pin_list>
<pin id="483" dir="0" index="0" bw="32" slack="8"/>
<pin id="484" dir="1" index="1" bw="32" slack="0"/>
</pin_list>
<bind>
<opcode="load(27) " fcode="load"/>
<opset="block_8_load/10 "/>
</bind>
</comp>

<comp id="486" class="1004" name="block_9_load_load_fu_486">
<pin_list>
<pin id="487" dir="0" index="0" bw="32" slack="8"/>
<pin id="488" dir="1" index="1" bw="32" slack="0"/>
</pin_list>
<bind>
<opcode="load(27) " fcode="load"/>
<opset="block_9_load/10 "/>
</bind>
</comp>

<comp id="490" class="1004" name="block_10_load_load_fu_490">
<pin_list>
<pin id="491" dir="0" index="0" bw="32" slack="8"/>
<pin id="492" dir="1" index="1" bw="32" slack="0"/>
</pin_list>
<bind>
<opcode="load(27) " fcode="load"/>
<opset="block_10_load/10 "/>
</bind>
</comp>

<comp id="494" class="1004" name="block_11_load_load_fu_494">
<pin_list>
<pin id="495" dir="0" index="0" bw="32" slack="8"/>
<pin id="496" dir="1" index="1" bw="32" slack="0"/>
</pin_list>
<bind>
<opcode="load(27) " fcode="load"/>
<opset="block_11_load/10 "/>
</bind>
</comp>

<comp id="498" class="1004" name="block_12_load_load_fu_498">
<pin_list>
<pin id="499" dir="0" index="0" bw="32" slack="8"/>
<pin id="500" dir="1" index="1" bw="32" slack="0"/>
</pin_list>
<bind>
<opcode="load(27) " fcode="load"/>
<opset="block_12_load/10 "/>
</bind>
</comp>

<comp id="502" class="1004" name="block_13_load_load_fu_502">
<pin_list>
<pin id="503" dir="0" index="0" bw="32" slack="8"/>
<pin id="504" dir="1" index="1" bw="32" slack="0"/>
</pin_list>
<bind>
<opcode="load(27) " fcode="load"/>
<opset="block_13_load/10 "/>
</bind>
</comp>

<comp id="506" class="1004" name="block_14_load_load_fu_506">
<pin_list>
<pin id="507" dir="0" index="0" bw="32" slack="8"/>
<pin id="508" dir="1" index="1" bw="32" slack="0"/>
</pin_list>
<bind>
<opcode="load(27) " fcode="load"/>
<opset="block_14_load/10 "/>
</bind>
</comp>

<comp id="510" class="1004" name="block_15_load_load_fu_510">
<pin_list>
<pin id="511" dir="0" index="0" bw="32" slack="8"/>
<pin id="512" dir="1" index="1" bw="32" slack="0"/>
</pin_list>
<bind>
<opcode="load(27) " fcode="load"/>
<opset="block_15_load/10 "/>
</bind>
</comp>

<comp id="514" class="1005" name="i_reg_514">
<pin_list>
<pin id="515" dir="0" index="0" bw="5" slack="0"/>
<pin id="516" dir="1" index="1" bw="5" slack="0"/>
</pin_list>
<bind>
<opset="i "/>
</bind>
</comp>

<comp id="521" class="1005" name="block_reg_521">
<pin_list>
<pin id="522" dir="0" index="0" bw="32" slack="8"/>
<pin id="523" dir="1" index="1" bw="32" slack="8"/>
</pin_list>
<bind>
<opset="block "/>
</bind>
</comp>

<comp id="527" class="1005" name="block_1_reg_527">
<pin_list>
<pin id="528" dir="0" index="0" bw="32" slack="8"/>
<pin id="529" dir="1" index="1" bw="32" slack="8"/>
</pin_list>
<bind>
<opset="block_1 "/>
</bind>
</comp>

<comp id="533" class="1005" name="block_2_reg_533">
<pin_list>
<pin id="534" dir="0" index="0" bw="32" slack="8"/>
<pin id="535" dir="1" index="1" bw="32" slack="8"/>
</pin_list>
<bind>
<opset="block_2 "/>
</bind>
</comp>

<comp id="539" class="1005" name="block_3_reg_539">
<pin_list>
<pin id="540" dir="0" index="0" bw="32" slack="8"/>
<pin id="541" dir="1" index="1" bw="32" slack="8"/>
</pin_list>
<bind>
<opset="block_3 "/>
</bind>
</comp>

<comp id="545" class="1005" name="block_4_reg_545">
<pin_list>
<pin id="546" dir="0" index="0" bw="32" slack="8"/>
<pin id="547" dir="1" index="1" bw="32" slack="8"/>
</pin_list>
<bind>
<opset="block_4 "/>
</bind>
</comp>

<comp id="551" class="1005" name="block_5_reg_551">
<pin_list>
<pin id="552" dir="0" index="0" bw="32" slack="8"/>
<pin id="553" dir="1" index="1" bw="32" slack="8"/>
</pin_list>
<bind>
<opset="block_5 "/>
</bind>
</comp>

<comp id="557" class="1005" name="block_6_reg_557">
<pin_list>
<pin id="558" dir="0" index="0" bw="32" slack="8"/>
<pin id="559" dir="1" index="1" bw="32" slack="8"/>
</pin_list>
<bind>
<opset="block_6 "/>
</bind>
</comp>

<comp id="563" class="1005" name="block_7_reg_563">
<pin_list>
<pin id="564" dir="0" index="0" bw="32" slack="8"/>
<pin id="565" dir="1" index="1" bw="32" slack="8"/>
</pin_list>
<bind>
<opset="block_7 "/>
</bind>
</comp>

<comp id="569" class="1005" name="block_8_reg_569">
<pin_list>
<pin id="570" dir="0" index="0" bw="32" slack="8"/>
<pin id="571" dir="1" index="1" bw="32" slack="8"/>
</pin_list>
<bind>
<opset="block_8 "/>
</bind>
</comp>

<comp id="575" class="1005" name="block_9_reg_575">
<pin_list>
<pin id="576" dir="0" index="0" bw="32" slack="8"/>
<pin id="577" dir="1" index="1" bw="32" slack="8"/>
</pin_list>
<bind>
<opset="block_9 "/>
</bind>
</comp>

<comp id="581" class="1005" name="block_10_reg_581">
<pin_list>
<pin id="582" dir="0" index="0" bw="32" slack="8"/>
<pin id="583" dir="1" index="1" bw="32" slack="8"/>
</pin_list>
<bind>
<opset="block_10 "/>
</bind>
</comp>

<comp id="587" class="1005" name="block_11_reg_587">
<pin_list>
<pin id="588" dir="0" index="0" bw="32" slack="8"/>
<pin id="589" dir="1" index="1" bw="32" slack="8"/>
</pin_list>
<bind>
<opset="block_11 "/>
</bind>
</comp>

<comp id="593" class="1005" name="block_12_reg_593">
<pin_list>
<pin id="594" dir="0" index="0" bw="32" slack="8"/>
<pin id="595" dir="1" index="1" bw="32" slack="8"/>
</pin_list>
<bind>
<opset="block_12 "/>
</bind>
</comp>

<comp id="599" class="1005" name="block_13_reg_599">
<pin_list>
<pin id="600" dir="0" index="0" bw="32" slack="8"/>
<pin id="601" dir="1" index="1" bw="32" slack="8"/>
</pin_list>
<bind>
<opset="block_13 "/>
</bind>
</comp>

<comp id="605" class="1005" name="block_14_reg_605">
<pin_list>
<pin id="606" dir="0" index="0" bw="32" slack="8"/>
<pin id="607" dir="1" index="1" bw="32" slack="8"/>
</pin_list>
<bind>
<opset="block_14 "/>
</bind>
</comp>

<comp id="611" class="1005" name="block_15_reg_611">
<pin_list>
<pin id="612" dir="0" index="0" bw="32" slack="8"/>
<pin id="613" dir="1" index="1" bw="32" slack="8"/>
</pin_list>
<bind>
<opset="block_15 "/>
</bind>
</comp>

<comp id="617" class="1005" name="DATA_addr_reg_617">
<pin_list>
<pin id="618" dir="0" index="0" bw="32" slack="1"/>
<pin id="619" dir="1" index="1" bw="32" slack="1"/>
</pin_list>
<bind>
<opset="DATA_addr "/>
</bind>
</comp>

<comp id="626" class="1005" name="trunc_ln60_reg_626">
<pin_list>
<pin id="627" dir="0" index="0" bw="4" slack="1"/>
<pin id="628" dir="1" index="1" bw="4" slack="2147483647"/>
</pin_list>
<bind>
<opset="trunc_ln60 "/>
</bind>
</comp>

</comp_list>

<net_list>
<net id="123"><net_src comp="40" pin="0"/><net_sink comp="120" pin=0"/></net>

<net id="127"><net_src comp="40" pin="0"/><net_sink comp="124" pin=0"/></net>

<net id="131"><net_src comp="40" pin="0"/><net_sink comp="128" pin=0"/></net>

<net id="135"><net_src comp="40" pin="0"/><net_sink comp="132" pin=0"/></net>

<net id="139"><net_src comp="40" pin="0"/><net_sink comp="136" pin=0"/></net>

<net id="143"><net_src comp="40" pin="0"/><net_sink comp="140" pin=0"/></net>

<net id="147"><net_src comp="40" pin="0"/><net_sink comp="144" pin=0"/></net>

<net id="151"><net_src comp="40" pin="0"/><net_sink comp="148" pin=0"/></net>

<net id="155"><net_src comp="40" pin="0"/><net_sink comp="152" pin=0"/></net>

<net id="159"><net_src comp="40" pin="0"/><net_sink comp="156" pin=0"/></net>

<net id="163"><net_src comp="40" pin="0"/><net_sink comp="160" pin=0"/></net>

<net id="167"><net_src comp="40" pin="0"/><net_sink comp="164" pin=0"/></net>

<net id="171"><net_src comp="40" pin="0"/><net_sink comp="168" pin=0"/></net>

<net id="175"><net_src comp="40" pin="0"/><net_sink comp="172" pin=0"/></net>

<net id="179"><net_src comp="40" pin="0"/><net_sink comp="176" pin=0"/></net>

<net id="183"><net_src comp="40" pin="0"/><net_sink comp="180" pin=0"/></net>

<net id="187"><net_src comp="40" pin="0"/><net_sink comp="184" pin=0"/></net>

<net id="192"><net_src comp="42" pin="0"/><net_sink comp="188" pin=0"/></net>

<net id="193"><net_src comp="2" pin="0"/><net_sink comp="188" pin=1"/></net>

<net id="199"><net_src comp="44" pin="0"/><net_sink comp="194" pin=0"/></net>

<net id="200"><net_src comp="46" pin="0"/><net_sink comp="194" pin=2"/></net>

<net id="205"><net_src comp="50" pin="0"/><net_sink comp="201" pin=0"/></net>

<net id="206"><net_src comp="6" pin="0"/><net_sink comp="201" pin=1"/></net>

<net id="211"><net_src comp="52" pin="0"/><net_sink comp="207" pin=0"/></net>

<net id="212"><net_src comp="4" pin="0"/><net_sink comp="207" pin=1"/></net>

<net id="217"><net_src comp="116" pin="0"/><net_sink comp="213" pin=0"/></net>

<net id="223"><net_src comp="118" pin="0"/><net_sink comp="218" pin=0"/></net>

<net id="224"><net_src comp="8" pin="0"/><net_sink comp="218" pin=1"/></net>

<net id="230"><net_src comp="118" pin="0"/><net_sink comp="225" pin=0"/></net>

<net id="231"><net_src comp="10" pin="0"/><net_sink comp="225" pin=1"/></net>

<net id="237"><net_src comp="118" pin="0"/><net_sink comp="232" pin=0"/></net>

<net id="238"><net_src comp="12" pin="0"/><net_sink comp="232" pin=1"/></net>

<net id="244"><net_src comp="118" pin="0"/><net_sink comp="239" pin=0"/></net>

<net id="245"><net_src comp="14" pin="0"/><net_sink comp="239" pin=1"/></net>

<net id="251"><net_src comp="118" pin="0"/><net_sink comp="246" pin=0"/></net>

<net id="252"><net_src comp="16" pin="0"/><net_sink comp="246" pin=1"/></net>

<net id="258"><net_src comp="118" pin="0"/><net_sink comp="253" pin=0"/></net>

<net id="259"><net_src comp="18" pin="0"/><net_sink comp="253" pin=1"/></net>

<net id="265"><net_src comp="118" pin="0"/><net_sink comp="260" pin=0"/></net>

<net id="266"><net_src comp="20" pin="0"/><net_sink comp="260" pin=1"/></net>

<net id="272"><net_src comp="118" pin="0"/><net_sink comp="267" pin=0"/></net>

<net id="273"><net_src comp="22" pin="0"/><net_sink comp="267" pin=1"/></net>

<net id="279"><net_src comp="118" pin="0"/><net_sink comp="274" pin=0"/></net>

<net id="280"><net_src comp="24" pin="0"/><net_sink comp="274" pin=1"/></net>

<net id="286"><net_src comp="118" pin="0"/><net_sink comp="281" pin=0"/></net>

<net id="287"><net_src comp="26" pin="0"/><net_sink comp="281" pin=1"/></net>

<net id="293"><net_src comp="118" pin="0"/><net_sink comp="288" pin=0"/></net>

<net id="294"><net_src comp="28" pin="0"/><net_sink comp="288" pin=1"/></net>

<net id="300"><net_src comp="118" pin="0"/><net_sink comp="295" pin=0"/></net>

<net id="301"><net_src comp="30" pin="0"/><net_sink comp="295" pin=1"/></net>

<net id="307"><net_src comp="118" pin="0"/><net_sink comp="302" pin=0"/></net>

<net id="308"><net_src comp="32" pin="0"/><net_sink comp="302" pin=1"/></net>

<net id="314"><net_src comp="118" pin="0"/><net_sink comp="309" pin=0"/></net>

<net id="315"><net_src comp="34" pin="0"/><net_sink comp="309" pin=1"/></net>

<net id="321"><net_src comp="118" pin="0"/><net_sink comp="316" pin=0"/></net>

<net id="322"><net_src comp="36" pin="0"/><net_sink comp="316" pin=1"/></net>

<net id="328"><net_src comp="118" pin="0"/><net_sink comp="323" pin=0"/></net>

<net id="329"><net_src comp="38" pin="0"/><net_sink comp="323" pin=1"/></net>

<net id="333"><net_src comp="188" pin="2"/><net_sink comp="330" pin=0"/></net>

<net id="338"><net_src comp="0" pin="0"/><net_sink comp="334" pin=0"/></net>

<net id="339"><net_src comp="330" pin="1"/><net_sink comp="334" pin=1"/></net>

<net id="340"><net_src comp="334" pin="2"/><net_sink comp="194" pin=1"/></net>

<net id="345"><net_src comp="48" pin="0"/><net_sink comp="341" pin=0"/></net>

<net id="353"><net_src comp="346" pin="1"/><net_sink comp="349" pin=0"/></net>

<net id="354"><net_src comp="72" pin="0"/><net_sink comp="349" pin=1"/></net>

<net id="359"><net_src comp="346" pin="1"/><net_sink comp="355" pin=0"/></net>

<net id="360"><net_src comp="78" pin="0"/><net_sink comp="355" pin=1"/></net>

<net id="364"><net_src comp="346" pin="1"/><net_sink comp="361" pin=0"/></net>

<net id="369"><net_src comp="355" pin="2"/><net_sink comp="365" pin=0"/></net>

<net id="374"><net_src comp="213" pin="2"/><net_sink comp="370" pin=0"/></net>

<net id="379"><net_src comp="213" pin="2"/><net_sink comp="375" pin=0"/></net>

<net id="384"><net_src comp="213" pin="2"/><net_sink comp="380" pin=0"/></net>

<net id="389"><net_src comp="213" pin="2"/><net_sink comp="385" pin=0"/></net>

<net id="394"><net_src comp="213" pin="2"/><net_sink comp="390" pin=0"/></net>

<net id="399"><net_src comp="213" pin="2"/><net_sink comp="395" pin=0"/></net>

<net id="404"><net_src comp="213" pin="2"/><net_sink comp="400" pin=0"/></net>

<net id="409"><net_src comp="213" pin="2"/><net_sink comp="405" pin=0"/></net>

<net id="414"><net_src comp="213" pin="2"/><net_sink comp="410" pin=0"/></net>

<net id="419"><net_src comp="213" pin="2"/><net_sink comp="415" pin=0"/></net>

<net id="424"><net_src comp="213" pin="2"/><net_sink comp="420" pin=0"/></net>

<net id="429"><net_src comp="213" pin="2"/><net_sink comp="425" pin=0"/></net>

<net id="434"><net_src comp="213" pin="2"/><net_sink comp="430" pin=0"/></net>

<net id="439"><net_src comp="213" pin="2"/><net_sink comp="435" pin=0"/></net>

<net id="444"><net_src comp="213" pin="2"/><net_sink comp="440" pin=0"/></net>

<net id="449"><net_src comp="213" pin="2"/><net_sink comp="445" pin=0"/></net>

<net id="453"><net_src comp="450" pin="1"/><net_sink comp="323" pin=2"/></net>

<net id="457"><net_src comp="454" pin="1"/><net_sink comp="316" pin=2"/></net>

<net id="461"><net_src comp="458" pin="1"/><net_sink comp="309" pin=2"/></net>

<net id="465"><net_src comp="462" pin="1"/><net_sink comp="302" pin=2"/></net>

<net id="469"><net_src comp="466" pin="1"/><net_sink comp="295" pin=2"/></net>

<net id="473"><net_src comp="470" pin="1"/><net_sink comp="288" pin=2"/></net>

<net id="477"><net_src comp="474" pin="1"/><net_sink comp="281" pin=2"/></net>

<net id="481"><net_src comp="478" pin="1"/><net_sink comp="274" pin=2"/></net>

<net id="485"><net_src comp="482" pin="1"/><net_sink comp="267" pin=2"/></net>

<net id="489"><net_src comp="486" pin="1"/><net_sink comp="260" pin=2"/></net>

<net id="493"><net_src comp="490" pin="1"/><net_sink comp="253" pin=2"/></net>

<net id="497"><net_src comp="494" pin="1"/><net_sink comp="246" pin=2"/></net>

<net id="501"><net_src comp="498" pin="1"/><net_sink comp="239" pin=2"/></net>

<net id="505"><net_src comp="502" pin="1"/><net_sink comp="232" pin=2"/></net>

<net id="509"><net_src comp="506" pin="1"/><net_sink comp="225" pin=2"/></net>

<net id="513"><net_src comp="510" pin="1"/><net_sink comp="218" pin=2"/></net>

<net id="517"><net_src comp="120" pin="1"/><net_sink comp="514" pin=0"/></net>

<net id="518"><net_src comp="514" pin="1"/><net_sink comp="341" pin=1"/></net>

<net id="519"><net_src comp="514" pin="1"/><net_sink comp="346" pin=0"/></net>

<net id="520"><net_src comp="514" pin="1"/><net_sink comp="365" pin=1"/></net>

<net id="524"><net_src comp="124" pin="1"/><net_sink comp="521" pin=0"/></net>

<net id="525"><net_src comp="521" pin="1"/><net_sink comp="370" pin=1"/></net>

<net id="526"><net_src comp="521" pin="1"/><net_sink comp="450" pin=0"/></net>

<net id="530"><net_src comp="128" pin="1"/><net_sink comp="527" pin=0"/></net>

<net id="531"><net_src comp="527" pin="1"/><net_sink comp="375" pin=1"/></net>

<net id="532"><net_src comp="527" pin="1"/><net_sink comp="454" pin=0"/></net>

<net id="536"><net_src comp="132" pin="1"/><net_sink comp="533" pin=0"/></net>

<net id="537"><net_src comp="533" pin="1"/><net_sink comp="380" pin=1"/></net>

<net id="538"><net_src comp="533" pin="1"/><net_sink comp="458" pin=0"/></net>

<net id="542"><net_src comp="136" pin="1"/><net_sink comp="539" pin=0"/></net>

<net id="543"><net_src comp="539" pin="1"/><net_sink comp="385" pin=1"/></net>

<net id="544"><net_src comp="539" pin="1"/><net_sink comp="462" pin=0"/></net>

<net id="548"><net_src comp="140" pin="1"/><net_sink comp="545" pin=0"/></net>

<net id="549"><net_src comp="545" pin="1"/><net_sink comp="390" pin=1"/></net>

<net id="550"><net_src comp="545" pin="1"/><net_sink comp="466" pin=0"/></net>

<net id="554"><net_src comp="144" pin="1"/><net_sink comp="551" pin=0"/></net>

<net id="555"><net_src comp="551" pin="1"/><net_sink comp="395" pin=1"/></net>

<net id="556"><net_src comp="551" pin="1"/><net_sink comp="470" pin=0"/></net>

<net id="560"><net_src comp="148" pin="1"/><net_sink comp="557" pin=0"/></net>

<net id="561"><net_src comp="557" pin="1"/><net_sink comp="400" pin=1"/></net>

<net id="562"><net_src comp="557" pin="1"/><net_sink comp="474" pin=0"/></net>

<net id="566"><net_src comp="152" pin="1"/><net_sink comp="563" pin=0"/></net>

<net id="567"><net_src comp="563" pin="1"/><net_sink comp="405" pin=1"/></net>

<net id="568"><net_src comp="563" pin="1"/><net_sink comp="478" pin=0"/></net>

<net id="572"><net_src comp="156" pin="1"/><net_sink comp="569" pin=0"/></net>

<net id="573"><net_src comp="569" pin="1"/><net_sink comp="410" pin=1"/></net>

<net id="574"><net_src comp="569" pin="1"/><net_sink comp="482" pin=0"/></net>

<net id="578"><net_src comp="160" pin="1"/><net_sink comp="575" pin=0"/></net>

<net id="579"><net_src comp="575" pin="1"/><net_sink comp="415" pin=1"/></net>

<net id="580"><net_src comp="575" pin="1"/><net_sink comp="486" pin=0"/></net>

<net id="584"><net_src comp="164" pin="1"/><net_sink comp="581" pin=0"/></net>

<net id="585"><net_src comp="581" pin="1"/><net_sink comp="420" pin=1"/></net>

<net id="586"><net_src comp="581" pin="1"/><net_sink comp="490" pin=0"/></net>

<net id="590"><net_src comp="168" pin="1"/><net_sink comp="587" pin=0"/></net>

<net id="591"><net_src comp="587" pin="1"/><net_sink comp="425" pin=1"/></net>

<net id="592"><net_src comp="587" pin="1"/><net_sink comp="494" pin=0"/></net>

<net id="596"><net_src comp="172" pin="1"/><net_sink comp="593" pin=0"/></net>

<net id="597"><net_src comp="593" pin="1"/><net_sink comp="430" pin=1"/></net>

<net id="598"><net_src comp="593" pin="1"/><net_sink comp="498" pin=0"/></net>

<net id="602"><net_src comp="176" pin="1"/><net_sink comp="599" pin=0"/></net>

<net id="603"><net_src comp="599" pin="1"/><net_sink comp="435" pin=1"/></net>

<net id="604"><net_src comp="599" pin="1"/><net_sink comp="502" pin=0"/></net>

<net id="608"><net_src comp="180" pin="1"/><net_sink comp="605" pin=0"/></net>

<net id="609"><net_src comp="605" pin="1"/><net_sink comp="440" pin=1"/></net>

<net id="610"><net_src comp="605" pin="1"/><net_sink comp="506" pin=0"/></net>

<net id="614"><net_src comp="184" pin="1"/><net_sink comp="611" pin=0"/></net>

<net id="615"><net_src comp="611" pin="1"/><net_sink comp="445" pin=1"/></net>

<net id="616"><net_src comp="611" pin="1"/><net_sink comp="510" pin=0"/></net>

<net id="620"><net_src comp="334" pin="2"/><net_sink comp="617" pin=0"/></net>

<net id="621"><net_src comp="617" pin="1"/><net_sink comp="194" pin=1"/></net>

<net id="622"><net_src comp="617" pin="1"/><net_sink comp="213" pin=1"/></net>

<net id="629"><net_src comp="361" pin="1"/><net_sink comp="626" pin=0"/></net>

</net_list>

</model> 
---------------- Datapath Model END ------------------

* FSMD analyzer results:
  - Output states:
	Port: block_15_out | {10 }
	Port: block_14_out | {10 }
	Port: block_13_out | {10 }
	Port: block_12_out | {10 }
	Port: block_11_out | {10 }
	Port: block_10_out | {10 }
	Port: block_9_out | {10 }
	Port: block_8_out | {10 }
	Port: block_7_out | {10 }
	Port: block_6_out | {10 }
	Port: block_5_out | {10 }
	Port: block_4_out | {10 }
	Port: block_3_out | {10 }
	Port: block_2_out | {10 }
	Port: block_1_out | {10 }
	Port: block_out | {10 }
 - Input state : 
	Port: sha256_top_Pipeline_LOAD_BLOCK : DATA | {1 2 3 4 5 6 7 9 }
	Port: sha256_top_Pipeline_LOAD_BLOCK : sext_ln60 | {1 }
	Port: sha256_top_Pipeline_LOAD_BLOCK : sext_ln52 | {7 }
	Port: sha256_top_Pipeline_LOAD_BLOCK : zext_ln52 | {7 }
  - Chain level:
	State 1
		DATA_addr : 1
		p_rd_req : 2
		store_ln0 : 1
	State 2
	State 3
	State 4
	State 5
	State 6
	State 7
	State 8
		icmp_ln58 : 1
		add_ln58 : 1
		br_ln58 : 2
		trunc_ln60 : 1
		switch_ln60 : 2
		store_ln58 : 2
	State 9
	State 10
		write_ln0 : 1
		write_ln0 : 1
		write_ln0 : 1
		write_ln0 : 1
		write_ln0 : 1
		write_ln0 : 1
		write_ln0 : 1
		write_ln0 : 1
		write_ln0 : 1
		write_ln0 : 1
		write_ln0 : 1
		write_ln0 : 1
		write_ln0 : 1
		write_ln0 : 1
		write_ln0 : 1
		write_ln0 : 1


============================================================
+ Verbose Summary: Datapath Resource usage 
============================================================

* Functional unit list:
|----------|----------------------------|---------|---------|
| Operation|       Functional Unit      |    FF   |   LUT   |
|----------|----------------------------|---------|---------|
|    add   |       add_ln58_fu_355      |    0    |    13   |
|----------|----------------------------|---------|---------|
|   icmp   |      icmp_ln58_fu_349      |    0    |    9    |
|----------|----------------------------|---------|---------|
|          | sext_ln60_read_read_fu_188 |    0    |    0    |
|   read   |   zext_ln526_read_fu_201   |    0    |    0    |
|          |   sext_ln525_read_fu_207   |    0    |    0    |
|          | DATA_addr_read_read_fu_213 |    0    |    0    |
|----------|----------------------------|---------|---------|
|  readreq |     grp_readreq_fu_194     |    0    |    0    |
|----------|----------------------------|---------|---------|
|          |   write_ln0_write_fu_218   |    0    |    0    |
|          |   write_ln0_write_fu_225   |    0    |    0    |
|          |   write_ln0_write_fu_232   |    0    |    0    |
|          |   write_ln0_write_fu_239   |    0    |    0    |
|          |   write_ln0_write_fu_246   |    0    |    0    |
|          |   write_ln0_write_fu_253   |    0    |    0    |
|          |   write_ln0_write_fu_260   |    0    |    0    |
|   write  |   write_ln0_write_fu_267   |    0    |    0    |
|          |   write_ln0_write_fu_274   |    0    |    0    |
|          |   write_ln0_write_fu_281   |    0    |    0    |
|          |   write_ln0_write_fu_288   |    0    |    0    |
|          |   write_ln0_write_fu_295   |    0    |    0    |
|          |   write_ln0_write_fu_302   |    0    |    0    |
|          |   write_ln0_write_fu_309   |    0    |    0    |
|          |   write_ln0_write_fu_316   |    0    |    0    |
|          |   write_ln0_write_fu_323   |    0    |    0    |
|----------|----------------------------|---------|---------|
|   sext   |    sext_ln60_cast_fu_330   |    0    |    0    |
|----------|----------------------------|---------|---------|
|   trunc  |      trunc_ln60_fu_361     |    0    |    0    |
|----------|----------------------------|---------|---------|
|   Total  |                            |    0    |    22   |
|----------|----------------------------|---------|---------|

Memories:
N/A

* Register list:
+------------------+--------+
|                  |   FF   |
+------------------+--------+
| DATA_addr_reg_617|   32   |
| block_10_reg_581 |   32   |
| block_11_reg_587 |   32   |
| block_12_reg_593 |   32   |
| block_13_reg_599 |   32   |
| block_14_reg_605 |   32   |
| block_15_reg_611 |   32   |
|  block_1_reg_527 |   32   |
|  block_2_reg_533 |   32   |
|  block_3_reg_539 |   32   |
|  block_4_reg_545 |   32   |
|  block_5_reg_551 |   32   |
|  block_6_reg_557 |   32   |
|  block_7_reg_563 |   32   |
|  block_8_reg_569 |   32   |
|  block_9_reg_575 |   32   |
|   block_reg_521  |   32   |
|     i_reg_514    |    5   |
|trunc_ln60_reg_626|    4   |
+------------------+--------+
|       Total      |   553  |
+------------------+--------+

* Multiplexer (MUX) list: 
|--------------------|------|------|------|--------||---------||---------|
|        Comp        |  Pin | Size |  BW  | S x BW ||  Delay  ||   LUT   |
|--------------------|------|------|------|--------||---------||---------|
| grp_readreq_fu_194 |  p1  |   2  |  32  |   64   ||    9    |
|--------------------|------|------|------|--------||---------||---------|
|        Total       |      |      |      |   64   ||  1.588  ||    9    |
|--------------------|------|------|------|--------||---------||---------|



* Summary:
+-----------+--------+--------+--------+
|           |  Delay |   FF   |   LUT  |
+-----------+--------+--------+--------+
|  Function |    -   |    0   |   22   |
|   Memory  |    -   |    -   |    -   |
|Multiplexer|    1   |    -   |    9   |
|  Register |    -   |   553  |    -   |
+-----------+--------+--------+--------+
|   Total   |    1   |   553  |   31   |
+-----------+--------+--------+--------+
