

================================================================
== Vitis HLS Report for 'sha256_top_Pipeline_STORE_DIGEST'
================================================================
* Date:           Sun Aug 23 12:50:47 2026

* Version:        2022.1 (Build 3526262 on Mon Apr 18 15:48:16 MDT 2022)
* Project:        sha256
* Solution:       solution1 (Vivado IP Flow Target)
* Product family: zynq
* Target device:  xc7z020-clg484-1


================================================================
== Performance Estimates
================================================================
+ Timing: 
    * Summary: 
    +--------+----------+----------+------------+
    |  Clock |  Target  | Estimated| Uncertainty|
    +--------+----------+----------+------------+
    |ap_clk  |  10.00 ns|  8.750 ns|     1.25 ns|
    +--------+----------+----------+------------+

+ Latency: 
    * Summary: 
    +---------+---------+----------+----------+-----+-----+---------+
    |  Latency (cycles) |  Latency (absolute) |  Interval | Pipeline|
    |   min   |   max   |    min   |    max   | min | max |   Type  |
    +---------+---------+----------+----------+-----+-----+---------+
    |       11|       11|  0.110 us|  0.110 us|   11|   11|       no|
    +---------+---------+----------+----------+-----+-----+---------+

    + Detail: 
        * Instance: 
        N/A

        * Loop: 
        +----------------+---------+---------+----------+-----------+-----------+------+----------+
        |                |  Latency (cycles) | Iteration|  Initiation Interval  | Trip |          |
        |    Loop Name   |   min   |   max   |  Latency |  achieved |   target  | Count| Pipelined|
        +----------------+---------+---------+----------+-----------+-----------+------+----------+
        |- STORE_DIGEST  |        9|        9|         3|          1|          1|     8|       yes|
        +----------------+---------+---------+----------+-----------+-----------+------+----------+



================================================================
== Utilization Estimates
================================================================
* Summary: 
+-----------------+---------+-----+--------+-------+-----+
|       Name      | BRAM_18K| DSP |   FF   |  LUT  | URAM|
+-----------------+---------+-----+--------+-------+-----+
|DSP              |        -|    -|       -|      -|    -|
|Expression       |        -|    -|       0|     26|    -|
|FIFO             |        -|    -|       -|      -|    -|
|Instance         |        -|    -|       -|      -|    -|
|Memory           |        -|    -|       -|      -|    -|
|Multiplexer      |        -|    -|       -|     45|    -|
|Register         |        -|    -|      42|      -|    -|
+-----------------+---------+-----+--------+-------+-----+
|Total            |        0|    0|      42|     71|    0|
+-----------------+---------+-----+--------+-------+-----+
|Available        |      280|  220|  106400|  53200|    0|
+-----------------+---------+-----+--------+-------+-----+
|Utilization (%)  |        0|    0|      ~0|     ~0|    0|
+-----------------+---------+-----+--------+-------+-----+

+ Detail: 
    * Instance: 
    N/A

    * DSP: 
    N/A

    * Memory: 
    N/A

    * FIFO: 
    N/A

    * Expression: 
    +---------------------------+----------+----+---+----+------------+------------+
    |       Variable Name       | Operation| DSP| FF| LUT| Bitwidth P0| Bitwidth P1|
    +---------------------------+----------+----+---+----+------------+------------+
    |add_ln70_fu_101_p2         |         +|   0|  0|  13|           4|           1|
    |ap_block_pp0_stage0_11001  |       and|   0|  0|   2|           1|           1|
    |icmp_ln70_fu_95_p2         |      icmp|   0|  0|   9|           4|           5|
    |ap_enable_pp0              |       xor|   0|  0|   2|           1|           2|
    +---------------------------+----------+----+---+----+------------+------------+
    |Total                      |          |   0|  0|  26|          10|           9|
    +---------------------------+----------+----+---+----+------------+------------+

    * Multiplexer: 
    +-------------------------+----+-----------+-----+-----------+
    |           Name          | LUT| Input Size| Bits| Total Bits|
    +-------------------------+----+-----------+-----+-----------+
    |DATA_blk_n_W             |   9|          2|    1|          2|
    |ap_done_int              |   9|          2|    1|          2|
    |ap_enable_reg_pp0_iter2  |   9|          2|    1|          2|
    |ap_sig_allocacmp_i_1     |   9|          2|    4|          8|
    |i_fu_52                  |   9|          2|    4|          8|
    +-------------------------+----+-----------+-----+-----------+
    |Total                    |  45|         10|   11|         22|
    +-------------------------+----+-----------+-----+-----------+

    * Register: 
    +----------------------------------+----+----+-----+-----------+
    |               Name               | FF | LUT| Bits| Const Bits|
    +----------------------------------+----+----+-----+-----------+
    |H_load_reg_148                    |  32|   0|   32|          0|
    |ap_CS_fsm                         |   1|   0|    1|          0|
    |ap_done_reg                       |   1|   0|    1|          0|
    |ap_enable_reg_pp0_iter1           |   1|   0|    1|          0|
    |ap_enable_reg_pp0_iter2           |   1|   0|    1|          0|
    |ap_loop_exit_ready_pp0_iter1_reg  |   1|   0|    1|          0|
    |i_fu_52                           |   4|   0|    4|          0|
    |icmp_ln70_reg_134                 |   1|   0|    1|          0|
    +----------------------------------+----+----+-----+-----------+
    |Total                             |  42|   0|   42|          0|
    +----------------------------------+----+----+-----+-----------+



================================================================
== Interface
================================================================
* Summary: 
+---------------------+-----+-----+------------+----------------------------------+--------------+
|      RTL Ports      | Dir | Bits|  Protocol  |           Source Object          |    C Type    |
+---------------------+-----+-----+------------+----------------------------------+--------------+
|ap_clk               |   in|    1|  ap_ctrl_hs|  sha256_top_Pipeline_STORE_DIGEST|  return value|
|ap_rst               |   in|    1|  ap_ctrl_hs|  sha256_top_Pipeline_STORE_DIGEST|  return value|
|ap_start             |   in|    1|  ap_ctrl_hs|  sha256_top_Pipeline_STORE_DIGEST|  return value|
|ap_done              |  out|    1|  ap_ctrl_hs|  sha256_top_Pipeline_STORE_DIGEST|  return value|
|ap_idle              |  out|    1|  ap_ctrl_hs|  sha256_top_Pipeline_STORE_DIGEST|  return value|
|ap_ready             |  out|    1|  ap_ctrl_hs|  sha256_top_Pipeline_STORE_DIGEST|  return value|
|m_axi_DATA_AWVALID   |  out|    1|       m_axi|                              DATA|       pointer|
|m_axi_DATA_AWREADY   |   in|    1|       m_axi|                              DATA|       pointer|
|m_axi_DATA_AWADDR    |  out|   64|       m_axi|                              DATA|       pointer|
|m_axi_DATA_AWID      |  out|    1|       m_axi|                              DATA|       pointer|
|m_axi_DATA_AWLEN     |  out|   32|       m_axi|                              DATA|       pointer|
|m_axi_DATA_AWSIZE    |  out|    3|       m_axi|                              DATA|       pointer|
|m_axi_DATA_AWBURST   |  out|    2|       m_axi|                              DATA|       pointer|
|m_axi_DATA_AWLOCK    |  out|    2|       m_axi|                              DATA|       pointer|
|m_axi_DATA_AWCACHE   |  out|    4|       m_axi|                              DATA|       pointer|
|m_axi_DATA_AWPROT    |  out|    3|       m_axi|                              DATA|       pointer|
|m_axi_DATA_AWQOS     |  out|    4|       m_axi|                              DATA|       pointer|
|m_axi_DATA_AWREGION  |  out|    4|       m_axi|                              DATA|       pointer|
|m_axi_DATA_AWUSER    |  out|    1|       m_axi|                              DATA|       pointer|
|m_axi_DATA_WVALID    |  out|    1|       m_axi|                              DATA|       pointer|
|m_axi_DATA_WREADY    |   in|    1|       m_axi|                              DATA|       pointer|
|m_axi_DATA_WDATA     |  out|   32|       m_axi|                              DATA|       pointer|
|m_axi_DATA_WSTRB     |  out|    4|       m_axi|                              DATA|       pointer|
|m_axi_DATA_WLAST     |  out|    1|       m_axi|                              DATA|       pointer|
|m_axi_DATA_WID       |  out|    1|       m_axi|                              DATA|       pointer|
|m_axi_DATA_WUSER     |  out|    1|       m_axi|                              DATA|       pointer|
|m_axi_DATA_ARVALID   |  out|    1|       m_axi|                              DATA|       pointer|
|m_axi_DATA_ARREADY   |   in|    1|       m_axi|                              DATA|       pointer|
|m_axi_DATA_ARADDR    |  out|   64|       m_axi|                              DATA|       pointer|
|m_axi_DATA_ARID      |  out|    1|       m_axi|                              DATA|       pointer|
|m_axi_DATA_ARLEN     |  out|   32|       m_axi|                              DATA|       pointer|
|m_axi_DATA_ARSIZE    |  out|    3|       m_axi|                              DATA|       pointer|
|m_axi_DATA_ARBURST   |  out|    2|       m_axi|                              DATA|       pointer|
|m_axi_DATA_ARLOCK    |  out|    2|       m_axi|                              DATA|       pointer|
|m_axi_DATA_ARCACHE   |  out|    4|       m_axi|                              DATA|       pointer|
|m_axi_DATA_ARPROT    |  out|    3|       m_axi|                              DATA|       pointer|
|m_axi_DATA_ARQOS     |  out|    4|       m_axi|                              DATA|       pointer|
|m_axi_DATA_ARREGION  |  out|    4|       m_axi|                              DATA|       pointer|
|m_axi_DATA_ARUSER    |  out|    1|       m_axi|                              DATA|       pointer|
|m_axi_DATA_RVALID    |   in|    1|       m_axi|                              DATA|       pointer|
|m_axi_DATA_RREADY    |  out|    1|       m_axi|                              DATA|       pointer|
|m_axi_DATA_RDATA     |   in|   32|       m_axi|                              DATA|       pointer|
|m_axi_DATA_RLAST     |   in|    1|       m_axi|                              DATA|       pointer|
|m_axi_DATA_RID       |   in|    1|       m_axi|                              DATA|       pointer|
|m_axi_DATA_RFIFONUM  |   in|    9|       m_axi|                              DATA|       pointer|
|m_axi_DATA_RUSER     |   in|    1|       m_axi|                              DATA|       pointer|
|m_axi_DATA_RRESP     |   in|    2|       m_axi|                              DATA|       pointer|
|m_axi_DATA_BVALID    |   in|    1|       m_axi|                              DATA|       pointer|
|m_axi_DATA_BREADY    |  out|    1|       m_axi|                              DATA|       pointer|
|m_axi_DATA_BRESP     |   in|    2|       m_axi|                              DATA|       pointer|
|m_axi_DATA_BID       |   in|    1|       m_axi|                              DATA|       pointer|
|m_axi_DATA_BUSER     |   in|    1|       m_axi|                              DATA|       pointer|
|sext_ln70            |   in|   62|     ap_none|                         sext_ln70|        scalar|
|H_address0           |  out|    3|   ap_memory|                                 H|         array|
|H_ce0                |  out|    1|   ap_memory|                                 H|         array|
|H_q0                 |   in|   32|   ap_memory|                                 H|         array|
+---------------------+-----+-----+------------+----------------------------------+--------------+

============================================================
+ Verbose Summary: Synthesis Manager
============================================================
InlineROM: 1
ExposeGlobal: 0
============================================================
+ Verbose Summary: CDFG Model
============================================================
IsTopModel: 0
ResetActiveHigh: 1
IsCombinational: 2
IsDatapathOnly: 2
HasWiredReturn: 1
HasMFsm: 2
HasVarLatency: 1
IsPipeline: 0
IsRtlPipelined: 0
IsInstanceOverlapped: 0
IsDontTouch: 0
HasImplIP: 0
IsGatedGlobalClock: 0

+ Individual pipeline summary: 
  * Pipeline-0: initiation interval (II) = 1, depth = 3


============================================================
+ Verbose Summary: Schedule
============================================================
* Number of FSM states : 3
* Pipeline : 1
  Pipeline-0 : II = 1, D = 3, States = { 1 2 3 }
* Dataflow Pipeline: 0

* FSM state transitions: 
1 --> 2 
2 --> 3 
3 --> 

* FSM state operations: 

State 1 <SV = 0> <Delay = 3.32>
ST_1 : Operation 6 [1/1] (0.00ns)   --->   "%i = alloca i32 1"   --->   Operation 6 'alloca' 'i' <Predicate = true> <Delay = 0.00>
ST_1 : Operation 7 [1/1] (0.00ns)   --->   "%sext_ln70_read = read i62 @_ssdm_op_Read.ap_auto.i62, i62 %sext_ln70"   --->   Operation 7 'read' 'sext_ln70_read' <Predicate = true> <Delay = 0.00>
ST_1 : Operation 8 [1/1] (0.00ns)   --->   "%sext_ln70_cast = sext i62 %sext_ln70_read"   --->   Operation 8 'sext' 'sext_ln70_cast' <Predicate = true> <Delay = 0.00>
ST_1 : Operation 9 [1/1] (0.00ns)   --->   "%specinterface_ln0 = specinterface void @_ssdm_op_SpecInterface, i32 %DATA, void @empty_2, i32 0, i32 0, void @empty_0, i32 0, i32 256, void @empty_3, void @empty_4, void @empty_0, i32 16, i32 16, i32 16, i32 16, void @empty_0, void @empty_0, i32 4294967295, i32 0"   --->   Operation 9 'specinterface' 'specinterface_ln0' <Predicate = true> <Delay = 0.00>
ST_1 : Operation 10 [1/1] (1.58ns)   --->   "%store_ln0 = store i4 0, i4 %i"   --->   Operation 10 'store' 'store_ln0' <Predicate = true> <Delay = 1.58>
ST_1 : Operation 11 [1/1] (0.00ns)   --->   "%br_ln0 = br void %for.inc29"   --->   Operation 11 'br' 'br_ln0' <Predicate = true> <Delay = 0.00>
ST_1 : Operation 12 [1/1] (0.00ns)   --->   "%i_1 = load i4 %i" [src/sha256_top.cpp:70]   --->   Operation 12 'load' 'i_1' <Predicate = true> <Delay = 0.00>
ST_1 : Operation 13 [1/1] (1.30ns)   --->   "%icmp_ln70 = icmp_eq  i4 %i_1, i4 8" [src/sha256_top.cpp:70]   --->   Operation 13 'icmp' 'icmp_ln70' <Predicate = true> <Delay = 1.30> <CoreInst = "Cmp">   --->   Core 9 'Cmp' <Latency = 0> <II = 1> <Delay = 1.36> <FuncUnit> <Opcode : 'icmp'> <InPorts = 2> <OutPorts = 1>
ST_1 : Operation 14 [1/1] (1.73ns)   --->   "%add_ln70 = add i4 %i_1, i4 1" [src/sha256_top.cpp:70]   --->   Operation 14 'add' 'add_ln70' <Predicate = true> <Delay = 1.73> <CoreInst = "Adder">   --->   Core 1 'Adder' <Latency = 0> <II = 1> <Delay = 1.73> <FuncUnit> <Opcode : 'add' 'sub'> <InPorts = 2> <OutPorts = 1>
ST_1 : Operation 15 [1/1] (0.00ns)   --->   "%br_ln70 = br i1 %icmp_ln70, void %for.inc29.split, void %for.end31.exitStub" [src/sha256_top.cpp:70]   --->   Operation 15 'br' 'br_ln70' <Predicate = true> <Delay = 0.00>
ST_1 : Operation 16 [1/1] (0.00ns)   --->   "%zext_ln70 = zext i4 %i_1" [src/sha256_top.cpp:70]   --->   Operation 16 'zext' 'zext_ln70' <Predicate = (!icmp_ln70)> <Delay = 0.00>
ST_1 : Operation 17 [1/1] (0.00ns)   --->   "%H_addr = getelementptr i32 %H, i64 0, i64 %zext_ln70" [src/sha256_top.cpp:72]   --->   Operation 17 'getelementptr' 'H_addr' <Predicate = (!icmp_ln70)> <Delay = 0.00>
ST_1 : Operation 18 [2/2] (2.32ns)   --->   "%H_load = load i3 %H_addr" [src/sha256_top.cpp:72]   --->   Operation 18 'load' 'H_load' <Predicate = (!icmp_ln70)> <Delay = 2.32> <CoreInst = "RAM">   --->   Core 82 'RAM' <Latency = 1> <II = 1> <Delay = 2.32> <Storage> <Opcode : 'load' 'store'> <Ports = 2> <Width = 32> <Depth = 8> <RAM>
ST_1 : Operation 19 [1/1] (1.58ns)   --->   "%store_ln70 = store i4 %add_ln70, i4 %i" [src/sha256_top.cpp:70]   --->   Operation 19 'store' 'store_ln70' <Predicate = (!icmp_ln70)> <Delay = 1.58>

State 2 <SV = 1> <Delay = 2.32>
ST_2 : Operation 20 [1/1] (0.00ns)   --->   "%specbitsmap_ln0 = specbitsmap void @_ssdm_op_SpecBitsMap, i32 %DATA"   --->   Operation 20 'specbitsmap' 'specbitsmap_ln0' <Predicate = true> <Delay = 0.00>
ST_2 : Operation 21 [1/1] (0.00ns)   --->   "%DATA_addr = getelementptr i32 %DATA, i64 %sext_ln70_cast" [src/sha256_top.cpp:70]   --->   Operation 21 'getelementptr' 'DATA_addr' <Predicate = true> <Delay = 0.00>
ST_2 : Operation 22 [1/1] (0.00ns)   --->   "%empty = speclooptripcount i32 @_ssdm_op_SpecLoopTripCount, i64 8, i64 8, i64 8"   --->   Operation 22 'speclooptripcount' 'empty' <Predicate = true> <Delay = 0.00>
ST_2 : Operation 23 [1/2] (2.32ns)   --->   "%H_load = load i3 %H_addr" [src/sha256_top.cpp:72]   --->   Operation 23 'load' 'H_load' <Predicate = (!icmp_ln70)> <Delay = 2.32> <CoreInst = "RAM">   --->   Core 82 'RAM' <Latency = 1> <II = 1> <Delay = 2.32> <Storage> <Opcode : 'load' 'store'> <Ports = 2> <Width = 32> <Depth = 8> <RAM>
ST_2 : Operation 28 [1/1] (0.00ns)   --->   "%ret_ln0 = ret"   --->   Operation 28 'ret' 'ret_ln0' <Predicate = (icmp_ln70)> <Delay = 0.00>

State 3 <SV = 2> <Delay = 8.75>
ST_3 : Operation 24 [1/1] (0.00ns)   --->   "%specpipeline_ln71 = specpipeline void @_ssdm_op_SpecPipeline, i32 1, i32 0, i32 0, i32 0, void @empty_0" [src/sha256_top.cpp:71]   --->   Operation 24 'specpipeline' 'specpipeline_ln71' <Predicate = true> <Delay = 0.00>
ST_3 : Operation 25 [1/1] (0.00ns)   --->   "%specloopname_ln70 = specloopname void @_ssdm_op_SpecLoopName, void @empty_13" [src/sha256_top.cpp:70]   --->   Operation 25 'specloopname' 'specloopname_ln70' <Predicate = true> <Delay = 0.00>
ST_3 : Operation 26 [1/1] (8.75ns)   --->   "%write_ln72 = write void @_ssdm_op_Write.m_axi.p1i32, i64 %DATA_addr, i32 %H_load, i4 15" [src/sha256_top.cpp:72]   --->   Operation 26 'write' 'write_ln72' <Predicate = true> <Delay = 8.75> <CoreInst = "m_axi">   --->   Core 113 'm_axi' <Latency = 0> <II = 1> <Delay = 1.00> <Adapter> <Opcode : 'read' 'write' 'readreq' 'writereq' 'writeresp'>
ST_3 : Operation 27 [1/1] (0.00ns)   --->   "%br_ln70 = br void %for.inc29" [src/sha256_top.cpp:70]   --->   Operation 27 'br' 'br_ln70' <Predicate = true> <Delay = 0.00>


============================================================
+ Verbose Summary: Binding
============================================================
STG Binding: 
---------------- STG Properties BEGIN ----------------
- Is combinational: 0
- Is one-state seq: 0
- Is datapath-only: 0
- Is pipelined: 0
- Is top level: 0
Port [ Return ] is wired: 1; IO mode=ap_ctrl_hs:ce=0
Port [ DATA]:  wired=1; compound=1; hidden=0; nouse=0; global=0; static=0; extern=0; dir=1; type=4; pingpong=0; private_global=0; IO mode=m_axi:ce=0
Port [ sext_ln70]:  wired=1; compound=0; hidden=0; nouse=0; global=0; static=0; extern=0; dir=0; type=0; pingpong=0; private_global=0; IO mode=ap_none:ce=0
Port [ H]:  wired=1; compound=1; hidden=0; nouse=0; global=0; static=0; extern=0; dir=0; type=1; pingpong=0; private_global=0; MemPort=[13]; IO mode=ap_memory:ce=0
---------------- STG Properties END ------------------

---------------- Datapath Model BEGIN ----------------

<LifeTime>
<method=bitvector/>
i                 (alloca           ) [ 0100]
sext_ln70_read    (read             ) [ 0000]
sext_ln70_cast    (sext             ) [ 0110]
specinterface_ln0 (specinterface    ) [ 0000]
store_ln0         (store            ) [ 0000]
br_ln0            (br               ) [ 0000]
i_1               (load             ) [ 0000]
icmp_ln70         (icmp             ) [ 0110]
add_ln70          (add              ) [ 0000]
br_ln70           (br               ) [ 0000]
zext_ln70         (zext             ) [ 0000]
H_addr            (getelementptr    ) [ 0110]
store_ln70        (store            ) [ 0000]
specbitsmap_ln0   (specbitsmap      ) [ 0000]
DATA_addr         (getelementptr    ) [ 0101]
empty             (speclooptripcount) [ 0000]
H_load            (load             ) [ 0101]
specpipeline_ln71 (specpipeline     ) [ 0000]
specloopname_ln70 (specloopname     ) [ 0000]
write_ln72        (write            ) [ 0000]
br_ln70           (br               ) [ 0000]
ret_ln0           (ret              ) [ 0000]
</LifeTime>

<model>

<comp_list>
<comp id="0" class="1000" name="DATA">
<pin_list>
<pin id="1" dir="1" index="0" bw="1" slack="0"/>
</pin_list>
<bind>
<StgValue><ssdm name="DATA"/></StgValue>
</bind>
</comp>

<comp id="2" class="1000" name="sext_ln70">
<pin_list>
<pin id="3" dir="1" index="0" bw="1" slack="0"/>
</pin_list>
<bind>
<StgValue><ssdm name="sext_ln70"/></StgValue>
</bind>
</comp>

<comp id="4" class="1000" name="H">
<pin_list>
<pin id="5" dir="1" index="0" bw="1" slack="0"/>
</pin_list>
<bind>
<StgValue><ssdm name="H"/><MemPortTyVec>1 3 </MemPortTyVec>
</StgValue>
</bind>
</comp>

<comp id="6" class="1001" name="const_6">
<pin_list>
<pin id="7" dir="1" index="0" bw="1" slack="0"/>
</pin_list>
<bind>
<StgValue><ssdm name=""/></StgValue>
</bind>
</comp>

<comp id="8" class="1001" name="const_8">
<pin_list>
<pin id="9" dir="1" index="0" bw="1" slack="0"/>
</pin_list>
<bind>
<StgValue><ssdm name="_ssdm_op_Read.ap_auto.i62"/></StgValue>
</bind>
</comp>

<comp id="10" class="1001" name="const_10">
<pin_list>
<pin id="11" dir="1" index="0" bw="1" slack="2147483647"/>
</pin_list>
<bind>
<StgValue><ssdm name="_ssdm_op_SpecInterface"/></StgValue>
</bind>
</comp>

<comp id="12" class="1001" name="const_12">
<pin_list>
<pin id="13" dir="1" index="0" bw="1" slack="2147483647"/>
</pin_list>
<bind>
<StgValue><ssdm name="empty_2"/></StgValue>
</bind>
</comp>

<comp id="14" class="1001" name="const_14">
<pin_list>
<pin id="15" dir="1" index="0" bw="1" slack="2147483647"/>
</pin_list>
<bind>
<StgValue><ssdm name=""/></StgValue>
</bind>
</comp>

<comp id="16" class="1001" name="const_16">
<pin_list>
<pin id="17" dir="1" index="0" bw="1" slack="2147483647"/>
</pin_list>
<bind>
<StgValue><ssdm name="empty_0"/></StgValue>
</bind>
</comp>

<comp id="18" class="1001" name="const_18">
<pin_list>
<pin id="19" dir="1" index="0" bw="1" slack="2147483647"/>
</pin_list>
<bind>
<StgValue><ssdm name=""/></StgValue>
</bind>
</comp>

<comp id="20" class="1001" name="const_20">
<pin_list>
<pin id="21" dir="1" index="0" bw="1" slack="2147483647"/>
</pin_list>
<bind>
<StgValue><ssdm name="empty_3"/></StgValue>
</bind>
</comp>

<comp id="22" class="1001" name="const_22">
<pin_list>
<pin id="23" dir="1" index="0" bw="1" slack="2147483647"/>
</pin_list>
<bind>
<StgValue><ssdm name="empty_4"/></StgValue>
</bind>
</comp>

<comp id="24" class="1001" name="const_24">
<pin_list>
<pin id="25" dir="1" index="0" bw="1" slack="2147483647"/>
</pin_list>
<bind>
<StgValue><ssdm name=""/></StgValue>
</bind>
</comp>

<comp id="26" class="1001" name="const_26">
<pin_list>
<pin id="27" dir="1" index="0" bw="1" slack="2147483647"/>
</pin_list>
<bind>
<StgValue><ssdm name=""/></StgValue>
</bind>
</comp>

<comp id="28" class="1001" name="const_28">
<pin_list>
<pin id="29" dir="1" index="0" bw="1" slack="0"/>
</pin_list>
<bind>
<StgValue><ssdm name=""/></StgValue>
</bind>
</comp>

<comp id="30" class="1001" name="const_30">
<pin_list>
<pin id="31" dir="1" index="0" bw="1" slack="0"/>
</pin_list>
<bind>
<StgValue><ssdm name=""/></StgValue>
</bind>
</comp>

<comp id="32" class="1001" name="const_32">
<pin_list>
<pin id="33" dir="1" index="0" bw="1" slack="0"/>
</pin_list>
<bind>
<StgValue><ssdm name=""/></StgValue>
</bind>
</comp>

<comp id="34" class="1001" name="const_34">
<pin_list>
<pin id="35" dir="1" index="0" bw="1" slack="0"/>
</pin_list>
<bind>
<StgValue><ssdm name=""/></StgValue>
</bind>
</comp>

<comp id="36" class="1001" name="const_36">
<pin_list>
<pin id="37" dir="1" index="0" bw="1" slack="2147483647"/>
</pin_list>
<bind>
<StgValue><ssdm name="_ssdm_op_SpecBitsMap"/></StgValue>
</bind>
</comp>

<comp id="38" class="1001" name="const_38">
<pin_list>
<pin id="39" dir="1" index="0" bw="1" slack="2147483647"/>
</pin_list>
<bind>
<StgValue><ssdm name="_ssdm_op_SpecLoopTripCount"/></StgValue>
</bind>
</comp>

<comp id="40" class="1001" name="const_40">
<pin_list>
<pin id="41" dir="1" index="0" bw="1" slack="2147483647"/>
</pin_list>
<bind>
<StgValue><ssdm name=""/></StgValue>
</bind>
</comp>

<comp id="42" class="1001" name="const_42">
<pin_list>
<pin id="43" dir="1" index="0" bw="1" slack="2147483647"/>
</pin_list>
<bind>
<StgValue><ssdm name="_ssdm_op_SpecPipeline"/></StgValue>
</bind>
</comp>

<comp id="44" class="1001" name="const_44">
<pin_list>
<pin id="45" dir="1" index="0" bw="1" slack="2147483647"/>
</pin_list>
<bind>
<StgValue><ssdm name="_ssdm_op_SpecLoopName"/></StgValue>
</bind>
</comp>

<comp id="46" class="1001" name="const_46">
<pin_list>
<pin id="47" dir="1" index="0" bw="1" slack="2147483647"/>
</pin_list>
<bind>
<StgValue><ssdm name="empty_13"/></StgValue>
</bind>
</comp>

<comp id="48" class="1001" name="const_48">
<pin_list>
<pin id="49" dir="1" index="0" bw="1" slack="0"/>
</pin_list>
<bind>
<StgValue><ssdm name="_ssdm_op_Write.m_axi.p1i32"/></StgValue>
</bind>
</comp>

<comp id="50" class="1001" name="const_50">
<pin_list>
<pin id="51" dir="1" index="0" bw="1" slack="0"/>
</pin_list>
<bind>
<StgValue><ssdm name=""/></StgValue>
</bind>
</comp>

<comp id="52" class="1004" name="i_fu_52">
<pin_list>
<pin id="53" dir="0" index="0" bw="1" slack="0"/>
<pin id="54" dir="1" index="1" bw="4" slack="0"/>
</pin_list>
<bind>
<opcode="alloca(26) " fcode="alloca"/>
<opset="i/1 "/>
</bind>
</comp>

<comp id="56" class="1004" name="sext_ln70_read_read_fu_56">
<pin_list>
<pin id="57" dir="0" index="0" bw="62" slack="0"/>
<pin id="58" dir="0" index="1" bw="62" slack="0"/>
<pin id="59" dir="1" index="2" bw="62" slack="0"/>
</pin_list>
<bind>
<opcode="read(1150) " fcode="read"/>
<opset="sext_ln70_read/1 "/>
</bind>
</comp>

<comp id="62" class="1004" name="write_ln72_write_fu_62">
<pin_list>
<pin id="63" dir="0" index="0" bw="0" slack="0"/>
<pin id="64" dir="0" index="1" bw="32" slack="1"/>
<pin id="65" dir="0" index="2" bw="32" slack="1"/>
<pin id="66" dir="0" index="3" bw="1" slack="0"/>
<pin id="67" dir="1" index="4" bw="0" slack="2147483647"/>
</pin_list>
<bind>
<opcode="write(1151) " fcode="write"/>
<opset="write_ln72/3 "/>
</bind>
</comp>

<comp id="70" class="1004" name="H_addr_gep_fu_70">
<pin_list>
<pin id="71" dir="0" index="0" bw="32" slack="0"/>
<pin id="72" dir="0" index="1" bw="1" slack="0"/>
<pin id="73" dir="0" index="2" bw="4" slack="0"/>
<pin id="74" dir="1" index="3" bw="3" slack="0"/>
</pin_list>
<bind>
<opcode="getelementptr(29) " fcode="getelementptr"/>
<opset="H_addr/1 "/>
</bind>
</comp>

<comp id="77" class="1004" name="grp_access_fu_77">
<pin_list>
<pin id="78" dir="0" index="0" bw="3" slack="0"/>
<pin id="79" dir="0" index="1" bw="32" slack="2147483647"/>
<pin id="80" dir="0" index="2" bw="0" slack="2147483647"/>
<pin id="81" dir="1" index="3" bw="32" slack="1"/>
</pin_list>
<bind>
<opcode="load(27) " fcode="load"/>
<opset="H_load/1 "/>
</bind>
</comp>

<comp id="83" class="1004" name="sext_ln70_cast_fu_83">
<pin_list>
<pin id="84" dir="0" index="0" bw="62" slack="0"/>
<pin id="85" dir="1" index="1" bw="64" slack="1"/>
</pin_list>
<bind>
<opcode="sext(35) " fcode="sext"/>
<opset="sext_ln70_cast/1 "/>
</bind>
</comp>

<comp id="87" class="1004" name="store_ln0_store_fu_87">
<pin_list>
<pin id="88" dir="0" index="0" bw="1" slack="0"/>
<pin id="89" dir="0" index="1" bw="4" slack="0"/>
<pin id="90" dir="1" index="2" bw="0" slack="2147483647"/>
</pin_list>
<bind>
<opcode="store(28) " fcode="store"/>
<opset="store_ln0/1 "/>
</bind>
</comp>

<comp id="92" class="1004" name="i_1_load_fu_92">
<pin_list>
<pin id="93" dir="0" index="0" bw="4" slack="0"/>
<pin id="94" dir="1" index="1" bw="4" slack="0"/>
</pin_list>
<bind>
<opcode="load(27) " fcode="load"/>
<opset="i_1/1 "/>
</bind>
</comp>

<comp id="95" class="1004" name="icmp_ln70_fu_95">
<pin_list>
<pin id="96" dir="0" index="0" bw="4" slack="0"/>
<pin id="97" dir="0" index="1" bw="4" slack="0"/>
<pin id="98" dir="1" index="2" bw="1" slack="1"/>
</pin_list>
<bind>
<opcode="icmp(45) " fcode="icmp"/>
<opset="icmp_ln70/1 "/>
</bind>
</comp>

<comp id="101" class="1004" name="add_ln70_fu_101">
<pin_list>
<pin id="102" dir="0" index="0" bw="4" slack="0"/>
<pin id="103" dir="0" index="1" bw="1" slack="0"/>
<pin id="104" dir="1" index="2" bw="4" slack="0"/>
</pin_list>
<bind>
<opcode="add(8) " fcode="add"/>
<opset="add_ln70/1 "/>
</bind>
</comp>

<comp id="107" class="1004" name="zext_ln70_fu_107">
<pin_list>
<pin id="108" dir="0" index="0" bw="4" slack="0"/>
<pin id="109" dir="1" index="1" bw="64" slack="0"/>
</pin_list>
<bind>
<opcode="zext(34) " fcode="zext"/>
<opset="zext_ln70/1 "/>
</bind>
</comp>

<comp id="112" class="1004" name="store_ln70_store_fu_112">
<pin_list>
<pin id="113" dir="0" index="0" bw="4" slack="0"/>
<pin id="114" dir="0" index="1" bw="4" slack="0"/>
<pin id="115" dir="1" index="2" bw="0" slack="2147483647"/>
</pin_list>
<bind>
<opcode="store(28) " fcode="store"/>
<opset="store_ln70/1 "/>
</bind>
</comp>

<comp id="117" class="1004" name="DATA_addr_fu_117">
<pin_list>
<pin id="118" dir="0" index="0" bw="64" slack="0"/>
<pin id="119" dir="0" index="1" bw="64" slack="1"/>
<pin id="120" dir="1" index="2" bw="64" slack="1"/>
</pin_list>
<bind>
<opcode="getelementptr(29) " fcode="getelementptr"/>
<opset="DATA_addr/2 "/>
</bind>
</comp>

<comp id="122" class="1005" name="i_reg_122">
<pin_list>
<pin id="123" dir="0" index="0" bw="4" slack="0"/>
<pin id="124" dir="1" index="1" bw="4" slack="0"/>
</pin_list>
<bind>
<opset="i "/>
</bind>
</comp>

<comp id="129" class="1005" name="sext_ln70_cast_reg_129">
<pin_list>
<pin id="130" dir="0" index="0" bw="64" slack="1"/>
<pin id="131" dir="1" index="1" bw="64" slack="1"/>
</pin_list>
<bind>
<opset="sext_ln70_cast "/>
</bind>
</comp>

<comp id="134" class="1005" name="icmp_ln70_reg_134">
<pin_list>
<pin id="135" dir="0" index="0" bw="1" slack="1"/>
<pin id="136" dir="1" index="1" bw="1" slack="2147483647"/>
</pin_list>
<bind>
<opset="icmp_ln70 "/>
</bind>
</comp>

<comp id="138" class="1005" name="H_addr_reg_138">
<pin_list>
<pin id="139" dir="0" index="0" bw="3" slack="1"/>
<pin id="140" dir="1" index="1" bw="3" slack="1"/>
</pin_list>
<bind>
<opset="H_addr "/>
</bind>
</comp>

<comp id="143" class="1005" name="DATA_addr_reg_143">
<pin_list>
<pin id="144" dir="0" index="0" bw="32" slack="1"/>
<pin id="145" dir="1" index="1" bw="32" slack="1"/>
</pin_list>
<bind>
<opset="DATA_addr "/>
</bind>
</comp>

<comp id="148" class="1005" name="H_load_reg_148">
<pin_list>
<pin id="149" dir="0" index="0" bw="32" slack="1"/>
<pin id="150" dir="1" index="1" bw="32" slack="1"/>
</pin_list>
<bind>
<opset="H_load "/>
</bind>
</comp>

</comp_list>

<net_list>
<net id="55"><net_src comp="6" pin="0"/><net_sink comp="52" pin=0"/></net>

<net id="60"><net_src comp="8" pin="0"/><net_sink comp="56" pin=0"/></net>

<net id="61"><net_src comp="2" pin="0"/><net_sink comp="56" pin=1"/></net>

<net id="68"><net_src comp="48" pin="0"/><net_sink comp="62" pin=0"/></net>

<net id="69"><net_src comp="50" pin="0"/><net_sink comp="62" pin=3"/></net>

<net id="75"><net_src comp="4" pin="0"/><net_sink comp="70" pin=0"/></net>

<net id="76"><net_src comp="34" pin="0"/><net_sink comp="70" pin=1"/></net>

<net id="82"><net_src comp="70" pin="3"/><net_sink comp="77" pin=0"/></net>

<net id="86"><net_src comp="56" pin="2"/><net_sink comp="83" pin=0"/></net>

<net id="91"><net_src comp="28" pin="0"/><net_sink comp="87" pin=0"/></net>

<net id="99"><net_src comp="92" pin="1"/><net_sink comp="95" pin=0"/></net>

<net id="100"><net_src comp="30" pin="0"/><net_sink comp="95" pin=1"/></net>

<net id="105"><net_src comp="92" pin="1"/><net_sink comp="101" pin=0"/></net>

<net id="106"><net_src comp="32" pin="0"/><net_sink comp="101" pin=1"/></net>

<net id="110"><net_src comp="92" pin="1"/><net_sink comp="107" pin=0"/></net>

<net id="111"><net_src comp="107" pin="1"/><net_sink comp="70" pin=2"/></net>

<net id="116"><net_src comp="101" pin="2"/><net_sink comp="112" pin=0"/></net>

<net id="121"><net_src comp="0" pin="0"/><net_sink comp="117" pin=0"/></net>

<net id="125"><net_src comp="52" pin="1"/><net_sink comp="122" pin=0"/></net>

<net id="126"><net_src comp="122" pin="1"/><net_sink comp="87" pin=1"/></net>

<net id="127"><net_src comp="122" pin="1"/><net_sink comp="92" pin=0"/></net>

<net id="128"><net_src comp="122" pin="1"/><net_sink comp="112" pin=1"/></net>

<net id="132"><net_src comp="83" pin="1"/><net_sink comp="129" pin=0"/></net>

<net id="133"><net_src comp="129" pin="1"/><net_sink comp="117" pin=1"/></net>

<net id="137"><net_src comp="95" pin="2"/><net_sink comp="134" pin=0"/></net>

<net id="141"><net_src comp="70" pin="3"/><net_sink comp="138" pin=0"/></net>

<net id="142"><net_src comp="138" pin="1"/><net_sink comp="77" pin=0"/></net>

<net id="146"><net_src comp="117" pin="2"/><net_sink comp="143" pin=0"/></net>

<net id="147"><net_src comp="143" pin="1"/><net_sink comp="62" pin=1"/></net>

<net id="151"><net_src comp="77" pin="3"/><net_sink comp="148" pin=0"/></net>

<net id="152"><net_src comp="148" pin="1"/><net_sink comp="62" pin=2"/></net>

</net_list>

</model> 
---------------- Datapath Model END ------------------

* FSMD analyzer results:
  - Output states:
	Port: DATA | {3 }
 - Input state : 
	Port: sha256_top_Pipeline_STORE_DIGEST : DATA | {}
	Port: sha256_top_Pipeline_STORE_DIGEST : sext_ln70 | {1 }
	Port: sha256_top_Pipeline_STORE_DIGEST : H | {1 2 }
  - Chain level:
	State 1
		store_ln0 : 1
		i_1 : 1
		icmp_ln70 : 2
		add_ln70 : 2
		br_ln70 : 3
		zext_ln70 : 2
		H_addr : 3
		H_load : 4
		store_ln70 : 3
	State 2
	State 3


============================================================
+ Verbose Summary: Datapath Resource usage 
============================================================

* Functional unit list:
|----------|---------------------------|---------|---------|
| Operation|      Functional Unit      |    FF   |   LUT   |
|----------|---------------------------|---------|---------|
|    add   |      add_ln70_fu_101      |    0    |    13   |
|----------|---------------------------|---------|---------|
|   icmp   |      icmp_ln70_fu_95      |    0    |    9    |
|----------|---------------------------|---------|---------|
|   read   | sext_ln70_read_read_fu_56 |    0    |    0    |
|----------|---------------------------|---------|---------|
|   write  |   write_ln72_write_fu_62  |    0    |    0    |
|----------|---------------------------|---------|---------|
|   sext   |    sext_ln70_cast_fu_83   |    0    |    0    |
|----------|---------------------------|---------|---------|
|   zext   |      zext_ln70_fu_107     |    0    |    0    |
|----------|---------------------------|---------|---------|
|   Total  |                           |    0    |    22   |
|----------|---------------------------|---------|---------|

Memories:
N/A

* Register list:
+----------------------+--------+
|                      |   FF   |
+----------------------+--------+
|   DATA_addr_reg_143  |   32   |
|    H_addr_reg_138    |    3   |
|    H_load_reg_148    |   32   |
|       i_reg_122      |    4   |
|   icmp_ln70_reg_134  |    1   |
|sext_ln70_cast_reg_129|   64   |
+----------------------+--------+
|         Total        |   136  |
+----------------------+--------+

* Multiplexer (MUX) list: 
|------------------|------|------|------|--------||---------||---------|
|       Comp       |  Pin | Size |  BW  | S x BW ||  Delay  ||   LUT   |
|------------------|------|------|------|--------||---------||---------|
| grp_access_fu_77 |  p0  |   2  |   3  |    6   ||    9    |
|------------------|------|------|------|--------||---------||---------|
|       Total      |      |      |      |    6   ||  1.588  ||    9    |
|------------------|------|------|------|--------||---------||---------|



* Summary:
+-----------+--------+--------+--------+
|           |  Delay |   FF   |   LUT  |
+-----------+--------+--------+--------+
|  Function |    -   |    0   |   22   |
|   Memory  |    -   |    -   |    -   |
|Multiplexer|    1   |    -   |    9   |
|  Register |    -   |   136  |    -   |
+-----------+--------+--------+--------+
|   Total   |    1   |   136  |   31   |
+-----------+--------+--------+--------+
