

================================================================
== Vitis HLS Report for 'accel_top_Pipeline_STORE_W'
================================================================
* Date:           Fri Aug 21 20:16:16 2026

* Version:        2022.1 (Build 3526262 on Mon Apr 18 15:48:16 MDT 2022)
* Project:        cnn_accelerator
* Solution:       solution1 (Vivado IP Flow Target)
* Product family: zynq
* Target device:  xc7z020-clg484-1


================================================================
== Performance Estimates
================================================================
+ Timing: 
    * Summary: 
    +--------+----------+----------+------------+
    |  Clock |  Target  | Estimated| Uncertainty|
    +--------+----------+----------+------------+
    |ap_clk  |  10.00 ns|  8.750 ns|     1.25 ns|
    +--------+----------+----------+------------+

+ Latency: 
    * Summary: 
    +---------+---------+-----------+----------+-----+-----+---------+
    |  Latency (cycles) |  Latency (absolute)  |  Interval | Pipeline|
    |   min   |   max   |    min    |    max   | min | max |   Type  |
    +---------+---------+-----------+----------+-----+-----+---------+
    |        9|        ?|  90.000 ns|         ?|    9|    ?|       no|
    +---------+---------+-----------+----------+-----+-----+---------+

    + Detail: 
        * Instance: 
        N/A

        * Loop: 
        +-----------+---------+---------+----------+-----------+-----------+-------+----------+
        |           |  Latency (cycles) | Iteration|  Initiation Interval  |  Trip |          |
        | Loop Name |   min   |   max   |  Latency |  achieved |   target  | Count | Pipelined|
        +-----------+---------+---------+----------+-----------+-----------+-------+----------+
        |- STORE_W  |        7|        ?|         8|          1|          1|  1 ~ ?|       yes|
        +-----------+---------+---------+----------+-----------+-----------+-------+----------+



================================================================
== Utilization Estimates
================================================================
* Summary: 
+-----------------+---------+-----+--------+-------+-----+
|       Name      | BRAM_18K| DSP |   FF   |  LUT  | URAM|
+-----------------+---------+-----+--------+-------+-----+
|DSP              |        -|    -|       -|      -|    -|
|Expression       |        -|    -|       0|    232|    -|
|FIFO             |        -|    -|       -|      -|    -|
|Instance         |        -|    -|       0|     27|    -|
|Memory           |        -|    -|       -|      -|    -|
|Multiplexer      |        -|    -|       -|     72|    -|
|Register         |        -|    -|     177|      -|    -|
+-----------------+---------+-----+--------+-------+-----+
|Total            |        0|    0|     177|    331|    0|
+-----------------+---------+-----+--------+-------+-----+
|Available        |      280|  220|  106400|  53200|    0|
+-----------------+---------+-----+--------+-------+-----+
|Utilization (%)  |        0|    0|      ~0|     ~0|    0|
+-----------------+---------+-----+--------+-------+-----+

+ Detail: 
    * Instance: 
    +-------------------+---------------+---------+----+---+----+-----+
    |      Instance     |     Module    | BRAM_18K| DSP| FF| LUT| URAM|
    +-------------------+---------------+---------+----+---+----+-----+
    |mux_21_32_1_1_U91  |mux_21_32_1_1  |        0|   0|  0|   9|    0|
    |mux_21_32_1_1_U92  |mux_21_32_1_1  |        0|   0|  0|   9|    0|
    |mux_21_32_1_1_U93  |mux_21_32_1_1  |        0|   0|  0|   9|    0|
    +-------------------+---------------+---------+----+---+----+-----+
    |Total              |               |        0|   0|  0|  27|    0|
    +-------------------+---------------+---------+----+---+----+-----+

    * DSP: 
    N/A

    * Memory: 
    N/A

    * FIFO: 
    N/A

    * Expression: 
    +---------------------------+----------+----+---+----+------------+------------+
    |       Variable Name       | Operation| DSP| FF| LUT| Bitwidth P0| Bitwidth P1|
    +---------------------------+----------+----+---+----+------------+------------+
    |add_ln161_fu_263_p2        |         +|   0|  0|  38|          31|           1|
    |add_ln164_fu_276_p2        |         +|   0|  0|  13|          10|          10|
    |add_ln166_1_fu_308_p2      |         +|   0|  0|  71|          64|          64|
    |add_ln166_2_fu_343_p2      |         +|   0|  0|  15|           8|           8|
    |add_ln166_fu_290_p2        |         +|   0|  0|  40|          33|           1|
    |ap_block_pp0_stage0_01001  |       and|   0|  0|   2|           1|           1|
    |icmp_ln161_fu_258_p2       |      icmp|   0|  0|  17|          31|          31|
    |ap_block_pp0_stage0_11001  |        or|   0|  0|   2|           1|           1|
    |select_ln104_fu_393_p3     |    select|   0|  0|  32|           1|          32|
    |ap_enable_pp0              |       xor|   0|  0|   2|           1|           2|
    +---------------------------+----------+----+---+----+------------+------------+
    |Total                      |          |   0|  0| 232|         181|         151|
    +---------------------------+----------+----+---+----+------------+------------+

    * Multiplexer: 
    +-------------------------+----+-----------+-----+-----------+
    |           Name          | LUT| Input Size| Bits| Total Bits|
    +-------------------------+----+-----------+-----+-----------+
    |DATA_blk_n_AW            |   9|          2|    1|          2|
    |DATA_blk_n_B             |   9|          2|    1|          2|
    |DATA_blk_n_W             |   9|          2|    1|          2|
    |ap_done_int              |   9|          2|    1|          2|
    |ap_enable_reg_pp0_iter1  |   9|          2|    1|          2|
    |ap_enable_reg_pp0_iter2  |   9|          2|    1|          2|
    |out_ptr_fu_114           |   9|          2|   33|         66|
    |w_fu_110                 |   9|          2|   31|         62|
    +-------------------------+----+-----------+-----+-----------+
    |Total                    |  72|         16|   70|        140|
    +-------------------------+----+-----------+-----+-----------+

    * Register: 
    +----------------------------------+----+----+-----+-----------+
    |               Name               | FF | LUT| Bits| Const Bits|
    +----------------------------------+----+----+-----+-----------+
    |DATA_addr_reg_459                 |  64|   0|   64|          0|
    |ap_CS_fsm                         |   1|   0|    1|          0|
    |ap_done_reg                       |   1|   0|    1|          0|
    |ap_enable_reg_pp0_iter1           |   1|   0|    1|          0|
    |ap_enable_reg_pp0_iter2           |   1|   0|    1|          0|
    |ap_enable_reg_pp0_iter3           |   1|   0|    1|          0|
    |ap_enable_reg_pp0_iter4           |   1|   0|    1|          0|
    |ap_enable_reg_pp0_iter5           |   1|   0|    1|          0|
    |ap_enable_reg_pp0_iter6           |   1|   0|    1|          0|
    |ap_enable_reg_pp0_iter7           |   1|   0|    1|          0|
    |ap_enable_reg_pp0_iter8           |   1|   0|    1|          0|
    |ap_loop_exit_ready_pp0_iter2_reg  |   1|   0|    1|          0|
    |ap_loop_exit_ready_pp0_iter3_reg  |   1|   0|    1|          0|
    |ap_loop_exit_ready_pp0_iter4_reg  |   1|   0|    1|          0|
    |ap_loop_exit_ready_pp0_iter5_reg  |   1|   0|    1|          0|
    |ap_loop_exit_ready_pp0_iter6_reg  |   1|   0|    1|          0|
    |ap_loop_exit_ready_pp0_iter7_reg  |   1|   0|    1|          0|
    |out_ptr_fu_114                    |  33|   0|   33|          0|
    |select_ln104_reg_485              |  32|   0|   32|          0|
    |trunc_ln161_reg_453               |   1|   0|    1|          0|
    |w_fu_110                          |  31|   0|   31|          0|
    +----------------------------------+----+----+-----+-----------+
    |Total                             | 177|   0|  177|          0|
    +----------------------------------+----+----+-----+-----------+



================================================================
== Interface
================================================================
* Summary: 
+--------------------------+-----+-----+------------+----------------------------+--------------+
|         RTL Ports        | Dir | Bits|  Protocol  |        Source Object       |    C Type    |
+--------------------------+-----+-----+------------+----------------------------+--------------+
|ap_clk                    |   in|    1|  ap_ctrl_hs|  accel_top_Pipeline_STORE_W|  return value|
|ap_rst                    |   in|    1|  ap_ctrl_hs|  accel_top_Pipeline_STORE_W|  return value|
|ap_start                  |   in|    1|  ap_ctrl_hs|  accel_top_Pipeline_STORE_W|  return value|
|ap_done                   |  out|    1|  ap_ctrl_hs|  accel_top_Pipeline_STORE_W|  return value|
|ap_idle                   |  out|    1|  ap_ctrl_hs|  accel_top_Pipeline_STORE_W|  return value|
|ap_ready                  |  out|    1|  ap_ctrl_hs|  accel_top_Pipeline_STORE_W|  return value|
|m_axi_DATA_AWVALID        |  out|    1|       m_axi|                        DATA|       pointer|
|m_axi_DATA_AWREADY        |   in|    1|       m_axi|                        DATA|       pointer|
|m_axi_DATA_AWADDR         |  out|   64|       m_axi|                        DATA|       pointer|
|m_axi_DATA_AWID           |  out|    1|       m_axi|                        DATA|       pointer|
|m_axi_DATA_AWLEN          |  out|   32|       m_axi|                        DATA|       pointer|
|m_axi_DATA_AWSIZE         |  out|    3|       m_axi|                        DATA|       pointer|
|m_axi_DATA_AWBURST        |  out|    2|       m_axi|                        DATA|       pointer|
|m_axi_DATA_AWLOCK         |  out|    2|       m_axi|                        DATA|       pointer|
|m_axi_DATA_AWCACHE        |  out|    4|       m_axi|                        DATA|       pointer|
|m_axi_DATA_AWPROT         |  out|    3|       m_axi|                        DATA|       pointer|
|m_axi_DATA_AWQOS          |  out|    4|       m_axi|                        DATA|       pointer|
|m_axi_DATA_AWREGION       |  out|    4|       m_axi|                        DATA|       pointer|
|m_axi_DATA_AWUSER         |  out|    1|       m_axi|                        DATA|       pointer|
|m_axi_DATA_WVALID         |  out|    1|       m_axi|                        DATA|       pointer|
|m_axi_DATA_WREADY         |   in|    1|       m_axi|                        DATA|       pointer|
|m_axi_DATA_WDATA          |  out|   32|       m_axi|                        DATA|       pointer|
|m_axi_DATA_WSTRB          |  out|    4|       m_axi|                        DATA|       pointer|
|m_axi_DATA_WLAST          |  out|    1|       m_axi|                        DATA|       pointer|
|m_axi_DATA_WID            |  out|    1|       m_axi|                        DATA|       pointer|
|m_axi_DATA_WUSER          |  out|    1|       m_axi|                        DATA|       pointer|
|m_axi_DATA_ARVALID        |  out|    1|       m_axi|                        DATA|       pointer|
|m_axi_DATA_ARREADY        |   in|    1|       m_axi|                        DATA|       pointer|
|m_axi_DATA_ARADDR         |  out|   64|       m_axi|                        DATA|       pointer|
|m_axi_DATA_ARID           |  out|    1|       m_axi|                        DATA|       pointer|
|m_axi_DATA_ARLEN          |  out|   32|       m_axi|                        DATA|       pointer|
|m_axi_DATA_ARSIZE         |  out|    3|       m_axi|                        DATA|       pointer|
|m_axi_DATA_ARBURST        |  out|    2|       m_axi|                        DATA|       pointer|
|m_axi_DATA_ARLOCK         |  out|    2|       m_axi|                        DATA|       pointer|
|m_axi_DATA_ARCACHE        |  out|    4|       m_axi|                        DATA|       pointer|
|m_axi_DATA_ARPROT         |  out|    3|       m_axi|                        DATA|       pointer|
|m_axi_DATA_ARQOS          |  out|    4|       m_axi|                        DATA|       pointer|
|m_axi_DATA_ARREGION       |  out|    4|       m_axi|                        DATA|       pointer|
|m_axi_DATA_ARUSER         |  out|    1|       m_axi|                        DATA|       pointer|
|m_axi_DATA_RVALID         |   in|    1|       m_axi|                        DATA|       pointer|
|m_axi_DATA_RREADY         |  out|    1|       m_axi|                        DATA|       pointer|
|m_axi_DATA_RDATA          |   in|   32|       m_axi|                        DATA|       pointer|
|m_axi_DATA_RLAST          |   in|    1|       m_axi|                        DATA|       pointer|
|m_axi_DATA_RID            |   in|    1|       m_axi|                        DATA|       pointer|
|m_axi_DATA_RFIFONUM       |   in|    9|       m_axi|                        DATA|       pointer|
|m_axi_DATA_RUSER          |   in|    1|       m_axi|                        DATA|       pointer|
|m_axi_DATA_RRESP          |   in|    2|       m_axi|                        DATA|       pointer|
|m_axi_DATA_BVALID         |   in|    1|       m_axi|                        DATA|       pointer|
|m_axi_DATA_BREADY         |  out|    1|       m_axi|                        DATA|       pointer|
|m_axi_DATA_BRESP          |   in|    2|       m_axi|                        DATA|       pointer|
|m_axi_DATA_BID            |   in|    1|       m_axi|                        DATA|       pointer|
|m_axi_DATA_BUSER          |   in|    1|       m_axi|                        DATA|       pointer|
|sext_ln166_1              |   in|   32|     ap_none|                sext_ln166_1|        scalar|
|final_width               |   in|   31|     ap_none|                 final_width|        scalar|
|zext_ln164                |   in|   10|     ap_none|                  zext_ln164|        scalar|
|pool_output_V_address0    |  out|   10|   ap_memory|               pool_output_V|         array|
|pool_output_V_ce0         |  out|    1|   ap_memory|               pool_output_V|         array|
|pool_output_V_q0          |   in|   32|   ap_memory|               pool_output_V|         array|
|output_data               |   in|   64|     ap_none|                 output_data|        scalar|
|zext_ln166_1              |   in|    8|     ap_none|                zext_ln166_1|        scalar|
|conv_output_V_address0    |  out|    8|   ap_memory|               conv_output_V|         array|
|conv_output_V_ce0         |  out|    1|   ap_memory|               conv_output_V|         array|
|conv_output_V_q0          |   in|   32|   ap_memory|               conv_output_V|         array|
|conv_output_V_1_address0  |  out|    8|   ap_memory|             conv_output_V_1|         array|
|conv_output_V_1_ce0       |  out|    1|   ap_memory|             conv_output_V_1|         array|
|conv_output_V_1_q0        |   in|   32|   ap_memory|             conv_output_V_1|         array|
|conv_output_V_2_address0  |  out|    8|   ap_memory|             conv_output_V_2|         array|
|conv_output_V_2_ce0       |  out|    1|   ap_memory|             conv_output_V_2|         array|
|conv_output_V_2_q0        |   in|   32|   ap_memory|             conv_output_V_2|         array|
|conv_output_V_3_address0  |  out|    8|   ap_memory|             conv_output_V_3|         array|
|conv_output_V_3_ce0       |  out|    1|   ap_memory|             conv_output_V_3|         array|
|conv_output_V_3_q0        |   in|   32|   ap_memory|             conv_output_V_3|         array|
|trunc_ln160_1             |   in|    1|     ap_none|               trunc_ln160_1|        scalar|
|icmp_ln104                |   in|    1|     ap_none|                  icmp_ln104|        scalar|
+--------------------------+-----+-----+------------+----------------------------+--------------+

============================================================
+ Verbose Summary: Synthesis Manager
============================================================
InlineROM: 1
ExposeGlobal: 0
============================================================
+ Verbose Summary: CDFG Model
============================================================
IsTopModel: 0
ResetActiveHigh: 1
IsCombinational: 2
IsDatapathOnly: 2
HasWiredReturn: 1
HasMFsm: 2
HasVarLatency: 1
IsPipeline: 0
IsRtlPipelined: 0
IsInstanceOverlapped: 0
IsDontTouch: 0
HasImplIP: 0
IsGatedGlobalClock: 0

+ Individual pipeline summary: 
  * Pipeline-0: initiation interval (II) = 1, depth = 9


============================================================
+ Verbose Summary: Schedule
============================================================
* Number of FSM states : 9
* Pipeline : 1
  Pipeline-0 : II = 1, D = 9, States = { 1 2 3 4 5 6 7 8 9 }
* Dataflow Pipeline: 0

* FSM state transitions: 
1 --> 2 
2 --> 3 
3 --> 4 
4 --> 5 
5 --> 6 
6 --> 7 
7 --> 8 
8 --> 9 
9 --> 

* FSM state operations: 

State 1 <SV = 0> <Delay = 1.58>
ST_1 : Operation 11 [1/1] (0.00ns)   --->   "%w = alloca i32 1"   --->   Operation 11 'alloca' 'w' <Predicate = true> <Delay = 0.00>
ST_1 : Operation 12 [1/1] (0.00ns)   --->   "%out_ptr = alloca i32 1"   --->   Operation 12 'alloca' 'out_ptr' <Predicate = true> <Delay = 0.00>
ST_1 : Operation 13 [1/1] (0.00ns)   --->   "%icmp_ln104_read = read i1 @_ssdm_op_Read.ap_auto.i1, i1 %icmp_ln104"   --->   Operation 13 'read' 'icmp_ln104_read' <Predicate = true> <Delay = 0.00>
ST_1 : Operation 14 [1/1] (0.00ns)   --->   "%trunc_ln160_1_read = read i1 @_ssdm_op_Read.ap_auto.i1, i1 %trunc_ln160_1"   --->   Operation 14 'read' 'trunc_ln160_1_read' <Predicate = true> <Delay = 0.00>
ST_1 : Operation 15 [1/1] (0.00ns)   --->   "%zext_ln166_1_read = read i8 @_ssdm_op_Read.ap_auto.i8, i8 %zext_ln166_1"   --->   Operation 15 'read' 'zext_ln166_1_read' <Predicate = true> <Delay = 0.00>
ST_1 : Operation 16 [1/1] (0.00ns)   --->   "%output_data_read = read i64 @_ssdm_op_Read.ap_auto.i64, i64 %output_data"   --->   Operation 16 'read' 'output_data_read' <Predicate = true> <Delay = 0.00>
ST_1 : Operation 17 [1/1] (0.00ns)   --->   "%zext_ln164_read = read i10 @_ssdm_op_Read.ap_auto.i10, i10 %zext_ln164"   --->   Operation 17 'read' 'zext_ln164_read' <Predicate = true> <Delay = 0.00>
ST_1 : Operation 18 [1/1] (0.00ns)   --->   "%final_width_read = read i31 @_ssdm_op_Read.ap_auto.i31, i31 %final_width"   --->   Operation 18 'read' 'final_width_read' <Predicate = true> <Delay = 0.00>
ST_1 : Operation 19 [1/1] (0.00ns)   --->   "%sext_ln166_1_read = read i32 @_ssdm_op_Read.ap_auto.i32, i32 %sext_ln166_1"   --->   Operation 19 'read' 'sext_ln166_1_read' <Predicate = true> <Delay = 0.00>
ST_1 : Operation 20 [1/1] (0.00ns)   --->   "%sext_ln166_1_cast = sext i32 %sext_ln166_1_read"   --->   Operation 20 'sext' 'sext_ln166_1_cast' <Predicate = true> <Delay = 0.00>
ST_1 : Operation 21 [1/1] (0.00ns)   --->   "%specmemcore_ln0 = specmemcore void @_ssdm_op_SpecMemCore, i32 %pool_output_V, i64 666, i64 22, i64 18446744073709551615"   --->   Operation 21 'specmemcore' 'specmemcore_ln0' <Predicate = true> <Delay = 0.00>
ST_1 : Operation 22 [1/1] (0.00ns)   --->   "%specmemcore_ln0 = specmemcore void @_ssdm_op_SpecMemCore, i32 %conv_output_V, i64 666, i64 22, i64 18446744073709551615"   --->   Operation 22 'specmemcore' 'specmemcore_ln0' <Predicate = true> <Delay = 0.00>
ST_1 : Operation 23 [1/1] (0.00ns)   --->   "%specmemcore_ln0 = specmemcore void @_ssdm_op_SpecMemCore, i32 %conv_output_V_1, i64 666, i64 22, i64 18446744073709551615"   --->   Operation 23 'specmemcore' 'specmemcore_ln0' <Predicate = true> <Delay = 0.00>
ST_1 : Operation 24 [1/1] (0.00ns)   --->   "%specmemcore_ln0 = specmemcore void @_ssdm_op_SpecMemCore, i32 %conv_output_V_2, i64 666, i64 22, i64 18446744073709551615"   --->   Operation 24 'specmemcore' 'specmemcore_ln0' <Predicate = true> <Delay = 0.00>
ST_1 : Operation 25 [1/1] (0.00ns)   --->   "%specmemcore_ln0 = specmemcore void @_ssdm_op_SpecMemCore, i32 %conv_output_V_3, i64 666, i64 22, i64 18446744073709551615"   --->   Operation 25 'specmemcore' 'specmemcore_ln0' <Predicate = true> <Delay = 0.00>
ST_1 : Operation 26 [1/1] (0.00ns)   --->   "%specinterface_ln0 = specinterface void @_ssdm_op_SpecInterface, i32 %DATA, void @empty_19, i32 0, i32 0, void @empty_23, i32 0, i32 65536, void @empty_31, void @empty_25, void @empty_23, i32 16, i32 16, i32 16, i32 16, void @empty_23, void @empty_23, i32 4294967295, i32 0"   --->   Operation 26 'specinterface' 'specinterface_ln0' <Predicate = true> <Delay = 0.00>
ST_1 : Operation 27 [1/1] (1.58ns)   --->   "%store_ln0 = store i33 %sext_ln166_1_cast, i33 %out_ptr"   --->   Operation 27 'store' 'store_ln0' <Predicate = true> <Delay = 1.58>
ST_1 : Operation 28 [1/1] (1.58ns)   --->   "%store_ln0 = store i31 0, i31 %w"   --->   Operation 28 'store' 'store_ln0' <Predicate = true> <Delay = 1.58>
ST_1 : Operation 29 [1/1] (0.00ns)   --->   "%br_ln0 = br void %for.body149"   --->   Operation 29 'br' 'br_ln0' <Predicate = true> <Delay = 0.00>

State 2 <SV = 1> <Delay = 5.16>
ST_2 : Operation 30 [1/1] (0.00ns)   --->   "%w_1 = load i31 %w" [src/accel_top.cpp:161]   --->   Operation 30 'load' 'w_1' <Predicate = true> <Delay = 0.00>
ST_2 : Operation 31 [1/1] (0.00ns)   --->   "%specbitsmap_ln0 = specbitsmap void @_ssdm_op_SpecBitsMap, i32 %DATA"   --->   Operation 31 'specbitsmap' 'specbitsmap_ln0' <Predicate = true> <Delay = 0.00>
ST_2 : Operation 32 [1/1] (2.47ns)   --->   "%icmp_ln161 = icmp_eq  i31 %w_1, i31 %final_width_read" [src/accel_top.cpp:161]   --->   Operation 32 'icmp' 'icmp_ln161' <Predicate = true> <Delay = 2.47> <CoreInst = "Cmp">   --->   Core 9 'Cmp' <Latency = 0> <II = 1> <Delay = 2.47> <FuncUnit> <Opcode : 'icmp'> <InPorts = 2> <OutPorts = 1>
ST_2 : Operation 33 [1/1] (0.00ns)   --->   "%empty = speclooptripcount i32 @_ssdm_op_SpecLoopTripCount, i64 1, i64 18446744073709551615, i64 0"   --->   Operation 33 'speclooptripcount' 'empty' <Predicate = true> <Delay = 0.00>
ST_2 : Operation 34 [1/1] (2.52ns)   --->   "%add_ln161 = add i31 %w_1, i31 1" [src/accel_top.cpp:161]   --->   Operation 34 'add' 'add_ln161' <Predicate = true> <Delay = 2.52> <CoreInst = "Adder">   --->   Core 1 'Adder' <Latency = 0> <II = 1> <Delay = 2.52> <FuncUnit> <Opcode : 'add' 'sub'> <InPorts = 2> <OutPorts = 1>
ST_2 : Operation 35 [1/1] (0.00ns)   --->   "%br_ln161 = br i1 %icmp_ln161, void %for.body149.split_ifconv, void %for.inc171.loopexit.exitStub" [src/accel_top.cpp:161]   --->   Operation 35 'br' 'br_ln161' <Predicate = true> <Delay = 0.00>
ST_2 : Operation 36 [1/1] (0.00ns)   --->   "%out_ptr_load = load i33 %out_ptr" [src/accel_top.cpp:166]   --->   Operation 36 'load' 'out_ptr_load' <Predicate = (!icmp_ln161)> <Delay = 0.00>
ST_2 : Operation 37 [1/1] (0.00ns)   --->   "%trunc_ln164 = trunc i31 %w_1" [src/accel_top.cpp:164]   --->   Operation 37 'trunc' 'trunc_ln164' <Predicate = (!icmp_ln161 & icmp_ln104_read)> <Delay = 0.00>
ST_2 : Operation 38 [1/1] (1.73ns)   --->   "%add_ln164 = add i10 %zext_ln164_read, i10 %trunc_ln164" [src/accel_top.cpp:164]   --->   Operation 38 'add' 'add_ln164' <Predicate = (!icmp_ln161 & icmp_ln104_read)> <Delay = 1.73> <CoreInst = "Adder">   --->   Core 1 'Adder' <Latency = 0> <II = 1> <Delay = 1.73> <FuncUnit> <Opcode : 'add' 'sub'> <InPorts = 2> <OutPorts = 1>
ST_2 : Operation 39 [1/1] (0.00ns)   --->   "%zext_ln164_1 = zext i10 %add_ln164" [src/accel_top.cpp:164]   --->   Operation 39 'zext' 'zext_ln164_1' <Predicate = (!icmp_ln161 & icmp_ln104_read)> <Delay = 0.00>
ST_2 : Operation 40 [1/1] (0.00ns)   --->   "%pool_output_V_addr = getelementptr i32 %pool_output_V, i64 0, i64 %zext_ln164_1" [src/accel_top.cpp:164]   --->   Operation 40 'getelementptr' 'pool_output_V_addr' <Predicate = (!icmp_ln161 & icmp_ln104_read)> <Delay = 0.00>
ST_2 : Operation 41 [1/1] (0.00ns)   --->   "%trunc_ln161 = trunc i31 %w_1" [src/accel_top.cpp:161]   --->   Operation 41 'trunc' 'trunc_ln161' <Predicate = (!icmp_ln161 & !icmp_ln104_read)> <Delay = 0.00>
ST_2 : Operation 42 [1/1] (2.59ns)   --->   "%add_ln166 = add i33 %out_ptr_load, i33 1" [src/accel_top.cpp:166]   --->   Operation 42 'add' 'add_ln166' <Predicate = (!icmp_ln161)> <Delay = 2.59> <CoreInst = "Adder">   --->   Core 1 'Adder' <Latency = 0> <II = 1> <Delay = 2.59> <FuncUnit> <Opcode : 'add' 'sub'> <InPorts = 2> <OutPorts = 1>
ST_2 : Operation 43 [1/1] (0.00ns)   --->   "%shl_ln4 = bitconcatenate i35 @_ssdm_op_BitConcatenate.i35.i33.i2, i33 %out_ptr_load, i2 0" [src/accel_top.cpp:166]   --->   Operation 43 'bitconcatenate' 'shl_ln4' <Predicate = (!icmp_ln161)> <Delay = 0.00>
ST_2 : Operation 44 [1/1] (0.00ns)   --->   "%sext_ln166_2 = sext i35 %shl_ln4" [src/accel_top.cpp:166]   --->   Operation 44 'sext' 'sext_ln166_2' <Predicate = (!icmp_ln161)> <Delay = 0.00>
ST_2 : Operation 45 [1/1] (3.52ns)   --->   "%add_ln166_1 = add i64 %sext_ln166_2, i64 %output_data_read" [src/accel_top.cpp:166]   --->   Operation 45 'add' 'add_ln166_1' <Predicate = (!icmp_ln161)> <Delay = 3.52> <CoreInst = "Adder">   --->   Core 1 'Adder' <Latency = 0> <II = 1> <Delay = 3.52> <FuncUnit> <Opcode : 'add' 'sub'> <InPorts = 2> <OutPorts = 1>
ST_2 : Operation 46 [1/1] (0.00ns)   --->   "%trunc_ln8 = partselect i62 @_ssdm_op_PartSelect.i62.i64.i32.i32, i64 %add_ln166_1, i32 2, i32 63" [src/accel_top.cpp:166]   --->   Operation 46 'partselect' 'trunc_ln8' <Predicate = (!icmp_ln161)> <Delay = 0.00>
ST_2 : Operation 47 [1/1] (0.00ns)   --->   "%sext_ln166 = sext i62 %trunc_ln8" [src/accel_top.cpp:166]   --->   Operation 47 'sext' 'sext_ln166' <Predicate = (!icmp_ln161)> <Delay = 0.00>
ST_2 : Operation 48 [1/1] (0.00ns)   --->   "%DATA_addr = getelementptr i32 %DATA, i64 %sext_ln166" [src/accel_top.cpp:166]   --->   Operation 48 'getelementptr' 'DATA_addr' <Predicate = (!icmp_ln161)> <Delay = 0.00>
ST_2 : Operation 49 [2/2] (3.25ns)   --->   "%pool_output_V_load = load i10 %pool_output_V_addr" [src/accel_top.cpp:164]   --->   Operation 49 'load' 'pool_output_V_load' <Predicate = (!icmp_ln161 & icmp_ln104_read)> <Delay = 3.25> <CoreInst = "RAM_2P_BRAM">   --->   Core 91 'RAM_2P_BRAM' <Latency = 1> <II = 1> <Delay = 3.25> <Storage> <Opcode : 'load' 'store'> <Ports = 2> <Width = 32> <Depth = 1024> <RAM>
ST_2 : Operation 50 [1/1] (0.00ns)   --->   "%lshr_ln166_1 = partselect i8 @_ssdm_op_PartSelect.i8.i31.i32.i32, i31 %w_1, i32 1, i32 8" [src/accel_top.cpp:166]   --->   Operation 50 'partselect' 'lshr_ln166_1' <Predicate = (!icmp_ln161 & !icmp_ln104_read)> <Delay = 0.00>
ST_2 : Operation 51 [1/1] (1.91ns)   --->   "%add_ln166_2 = add i8 %zext_ln166_1_read, i8 %lshr_ln166_1" [src/accel_top.cpp:166]   --->   Operation 51 'add' 'add_ln166_2' <Predicate = (!icmp_ln161 & !icmp_ln104_read)> <Delay = 1.91> <CoreInst = "Adder">   --->   Core 1 'Adder' <Latency = 0> <II = 1> <Delay = 1.91> <FuncUnit> <Opcode : 'add' 'sub'> <InPorts = 2> <OutPorts = 1>
ST_2 : Operation 52 [1/1] (0.00ns)   --->   "%zext_ln166 = zext i8 %add_ln166_2" [src/accel_top.cpp:166]   --->   Operation 52 'zext' 'zext_ln166' <Predicate = (!icmp_ln161 & !icmp_ln104_read)> <Delay = 0.00>
ST_2 : Operation 53 [1/1] (0.00ns)   --->   "%conv_output_V_addr = getelementptr i32 %conv_output_V, i64 0, i64 %zext_ln166" [src/accel_top.cpp:166]   --->   Operation 53 'getelementptr' 'conv_output_V_addr' <Predicate = (!icmp_ln161 & !icmp_ln104_read)> <Delay = 0.00>
ST_2 : Operation 54 [1/1] (0.00ns)   --->   "%conv_output_V_1_addr = getelementptr i32 %conv_output_V_1, i64 0, i64 %zext_ln166" [src/accel_top.cpp:166]   --->   Operation 54 'getelementptr' 'conv_output_V_1_addr' <Predicate = (!icmp_ln161 & !icmp_ln104_read)> <Delay = 0.00>
ST_2 : Operation 55 [1/1] (0.00ns)   --->   "%conv_output_V_2_addr = getelementptr i32 %conv_output_V_2, i64 0, i64 %zext_ln166" [src/accel_top.cpp:166]   --->   Operation 55 'getelementptr' 'conv_output_V_2_addr' <Predicate = (!icmp_ln161 & !icmp_ln104_read)> <Delay = 0.00>
ST_2 : Operation 56 [1/1] (0.00ns)   --->   "%conv_output_V_3_addr = getelementptr i32 %conv_output_V_3, i64 0, i64 %zext_ln166" [src/accel_top.cpp:166]   --->   Operation 56 'getelementptr' 'conv_output_V_3_addr' <Predicate = (!icmp_ln161 & !icmp_ln104_read)> <Delay = 0.00>
ST_2 : Operation 57 [2/2] (3.25ns)   --->   "%conv_output_V_load = load i8 %conv_output_V_addr" [src/accel_top.cpp:166]   --->   Operation 57 'load' 'conv_output_V_load' <Predicate = (!icmp_ln161 & !icmp_ln104_read)> <Delay = 3.25> <CoreInst = "RAM_2P_BRAM">   --->   Core 91 'RAM_2P_BRAM' <Latency = 1> <II = 1> <Delay = 3.25> <Storage> <Opcode : 'load' 'store'> <Ports = 2> <Width = 32> <Depth = 256> <RAM>
ST_2 : Operation 58 [2/2] (3.25ns)   --->   "%conv_output_V_1_load = load i8 %conv_output_V_1_addr" [src/accel_top.cpp:166]   --->   Operation 58 'load' 'conv_output_V_1_load' <Predicate = (!icmp_ln161 & !icmp_ln104_read)> <Delay = 3.25> <CoreInst = "RAM_2P_BRAM">   --->   Core 91 'RAM_2P_BRAM' <Latency = 1> <II = 1> <Delay = 3.25> <Storage> <Opcode : 'load' 'store'> <Ports = 2> <Width = 32> <Depth = 256> <RAM>
ST_2 : Operation 59 [2/2] (3.25ns)   --->   "%conv_output_V_2_load = load i8 %conv_output_V_2_addr" [src/accel_top.cpp:166]   --->   Operation 59 'load' 'conv_output_V_2_load' <Predicate = (!icmp_ln161 & !icmp_ln104_read)> <Delay = 3.25> <CoreInst = "RAM_2P_BRAM">   --->   Core 91 'RAM_2P_BRAM' <Latency = 1> <II = 1> <Delay = 3.25> <Storage> <Opcode : 'load' 'store'> <Ports = 2> <Width = 32> <Depth = 256> <RAM>
ST_2 : Operation 60 [2/2] (3.25ns)   --->   "%conv_output_V_3_load = load i8 %conv_output_V_3_addr" [src/accel_top.cpp:166]   --->   Operation 60 'load' 'conv_output_V_3_load' <Predicate = (!icmp_ln161 & !icmp_ln104_read)> <Delay = 3.25> <CoreInst = "RAM_2P_BRAM">   --->   Core 91 'RAM_2P_BRAM' <Latency = 1> <II = 1> <Delay = 3.25> <Storage> <Opcode : 'load' 'store'> <Ports = 2> <Width = 32> <Depth = 256> <RAM>
ST_2 : Operation 61 [1/1] (1.58ns)   --->   "%store_ln161 = store i33 %add_ln166, i33 %out_ptr" [src/accel_top.cpp:161]   --->   Operation 61 'store' 'store_ln161' <Predicate = (!icmp_ln161)> <Delay = 1.58>
ST_2 : Operation 62 [1/1] (1.58ns)   --->   "%store_ln161 = store i31 %add_ln161, i31 %w" [src/accel_top.cpp:161]   --->   Operation 62 'store' 'store_ln161' <Predicate = (!icmp_ln161)> <Delay = 1.58>

State 3 <SV = 2> <Delay = 8.75>
ST_3 : Operation 63 [1/2] (3.25ns)   --->   "%pool_output_V_load = load i10 %pool_output_V_addr" [src/accel_top.cpp:164]   --->   Operation 63 'load' 'pool_output_V_load' <Predicate = (icmp_ln104_read)> <Delay = 3.25> <CoreInst = "RAM_2P_BRAM">   --->   Core 91 'RAM_2P_BRAM' <Latency = 1> <II = 1> <Delay = 3.25> <Storage> <Opcode : 'load' 'store'> <Ports = 2> <Width = 32> <Depth = 1024> <RAM>
ST_3 : Operation 64 [1/2] (3.25ns)   --->   "%conv_output_V_load = load i8 %conv_output_V_addr" [src/accel_top.cpp:166]   --->   Operation 64 'load' 'conv_output_V_load' <Predicate = (!icmp_ln104_read)> <Delay = 3.25> <CoreInst = "RAM_2P_BRAM">   --->   Core 91 'RAM_2P_BRAM' <Latency = 1> <II = 1> <Delay = 3.25> <Storage> <Opcode : 'load' 'store'> <Ports = 2> <Width = 32> <Depth = 256> <RAM>
ST_3 : Operation 65 [1/2] (3.25ns)   --->   "%conv_output_V_1_load = load i8 %conv_output_V_1_addr" [src/accel_top.cpp:166]   --->   Operation 65 'load' 'conv_output_V_1_load' <Predicate = (!icmp_ln104_read)> <Delay = 3.25> <CoreInst = "RAM_2P_BRAM">   --->   Core 91 'RAM_2P_BRAM' <Latency = 1> <II = 1> <Delay = 3.25> <Storage> <Opcode : 'load' 'store'> <Ports = 2> <Width = 32> <Depth = 256> <RAM>
ST_3 : Operation 66 [1/1] (1.58ns)   --->   "%tmp = mux i32 @_ssdm_op_Mux.ap_auto.2i32.i1, i32 %conv_output_V_load, i32 %conv_output_V_1_load, i1 %trunc_ln161" [src/accel_top.cpp:166]   --->   Operation 66 'mux' 'tmp' <Predicate = (!icmp_ln104_read)> <Delay = 1.58> <CoreInst = "Multiplexer">   --->   Core 76 'Multiplexer' <Latency = 0> <II = 1> <Delay = 1.58> <FuncUnit> <Opcode : 'mux'> <InPorts = 2> <OutPorts = 1>
ST_3 : Operation 67 [1/2] (3.25ns)   --->   "%conv_output_V_2_load = load i8 %conv_output_V_2_addr" [src/accel_top.cpp:166]   --->   Operation 67 'load' 'conv_output_V_2_load' <Predicate = (!icmp_ln104_read)> <Delay = 3.25> <CoreInst = "RAM_2P_BRAM">   --->   Core 91 'RAM_2P_BRAM' <Latency = 1> <II = 1> <Delay = 3.25> <Storage> <Opcode : 'load' 'store'> <Ports = 2> <Width = 32> <Depth = 256> <RAM>
ST_3 : Operation 68 [1/2] (3.25ns)   --->   "%conv_output_V_3_load = load i8 %conv_output_V_3_addr" [src/accel_top.cpp:166]   --->   Operation 68 'load' 'conv_output_V_3_load' <Predicate = (!icmp_ln104_read)> <Delay = 3.25> <CoreInst = "RAM_2P_BRAM">   --->   Core 91 'RAM_2P_BRAM' <Latency = 1> <II = 1> <Delay = 3.25> <Storage> <Opcode : 'load' 'store'> <Ports = 2> <Width = 32> <Depth = 256> <RAM>
ST_3 : Operation 69 [1/1] (1.58ns)   --->   "%tmp_s = mux i32 @_ssdm_op_Mux.ap_auto.2i32.i1, i32 %conv_output_V_2_load, i32 %conv_output_V_3_load, i1 %trunc_ln161" [src/accel_top.cpp:166]   --->   Operation 69 'mux' 'tmp_s' <Predicate = (!icmp_ln104_read)> <Delay = 1.58> <CoreInst = "Multiplexer">   --->   Core 76 'Multiplexer' <Latency = 0> <II = 1> <Delay = 1.58> <FuncUnit> <Opcode : 'mux'> <InPorts = 2> <OutPorts = 1>
ST_3 : Operation 70 [1/1] (1.58ns)   --->   "%tmp_1 = mux i32 @_ssdm_op_Mux.ap_auto.2i32.i1, i32 %tmp, i32 %tmp_s, i1 %trunc_ln160_1_read" [src/accel_top.cpp:166]   --->   Operation 70 'mux' 'tmp_1' <Predicate = (!icmp_ln104_read)> <Delay = 1.58> <CoreInst = "Multiplexer">   --->   Core 76 'Multiplexer' <Latency = 0> <II = 1> <Delay = 1.58> <FuncUnit> <Opcode : 'mux'> <InPorts = 2> <OutPorts = 1>
ST_3 : Operation 71 [1/1] (0.69ns)   --->   "%select_ln104 = select i1 %icmp_ln104_read, i32 %pool_output_V_load, i32 %tmp_1" [src/accel_top.cpp:104]   --->   Operation 71 'select' 'select_ln104' <Predicate = true> <Delay = 0.69> <CoreInst = "Sel">   --->   Core 73 'Sel' <Latency = 0> <II = 1> <Delay = 0.69> <FuncUnit> <Opcode : 'select'> <InPorts = 3> <OutPorts = 1>
ST_3 : Operation 72 [1/1] (8.75ns)   --->   "%DATA_addr_3_req = writereq i1 @_ssdm_op_WriteReq.m_axi.i32P1A, i64 %DATA_addr, i32 1" [src/accel_top.cpp:166]   --->   Operation 72 'writereq' 'DATA_addr_3_req' <Predicate = true> <Delay = 8.75> <CoreInst = "m_axi">   --->   Core 113 'm_axi' <Latency = 0> <II = 1> <Delay = 1.00> <Adapter> <Opcode : 'read' 'write' 'readreq' 'writereq' 'writeresp'>

State 4 <SV = 3> <Delay = 8.75>
ST_4 : Operation 73 [1/1] (8.75ns)   --->   "%write_ln166 = write void @_ssdm_op_Write.m_axi.i32P1A, i64 %DATA_addr, i32 %select_ln104, i4 15" [src/accel_top.cpp:166]   --->   Operation 73 'write' 'write_ln166' <Predicate = true> <Delay = 8.75> <CoreInst = "m_axi">   --->   Core 113 'm_axi' <Latency = 0> <II = 1> <Delay = 1.00> <Adapter> <Opcode : 'read' 'write' 'readreq' 'writereq' 'writeresp'>

State 5 <SV = 4> <Delay = 8.75>
ST_5 : Operation 74 [5/5] (8.75ns)   --->   "%DATA_addr_3_resp = writeresp i1 @_ssdm_op_WriteResp.m_axi.i32P1A, i64 %DATA_addr" [src/accel_top.cpp:166]   --->   Operation 74 'writeresp' 'DATA_addr_3_resp' <Predicate = true> <Delay = 8.75> <CoreInst = "m_axi">   --->   Core 113 'm_axi' <Latency = 0> <II = 1> <Delay = 1.00> <Adapter> <Opcode : 'read' 'write' 'readreq' 'writereq' 'writeresp'>

State 6 <SV = 5> <Delay = 8.75>
ST_6 : Operation 75 [4/5] (8.75ns)   --->   "%DATA_addr_3_resp = writeresp i1 @_ssdm_op_WriteResp.m_axi.i32P1A, i64 %DATA_addr" [src/accel_top.cpp:166]   --->   Operation 75 'writeresp' 'DATA_addr_3_resp' <Predicate = true> <Delay = 8.75> <CoreInst = "m_axi">   --->   Core 113 'm_axi' <Latency = 0> <II = 1> <Delay = 1.00> <Adapter> <Opcode : 'read' 'write' 'readreq' 'writereq' 'writeresp'>

State 7 <SV = 6> <Delay = 8.75>
ST_7 : Operation 76 [3/5] (8.75ns)   --->   "%DATA_addr_3_resp = writeresp i1 @_ssdm_op_WriteResp.m_axi.i32P1A, i64 %DATA_addr" [src/accel_top.cpp:166]   --->   Operation 76 'writeresp' 'DATA_addr_3_resp' <Predicate = true> <Delay = 8.75> <CoreInst = "m_axi">   --->   Core 113 'm_axi' <Latency = 0> <II = 1> <Delay = 1.00> <Adapter> <Opcode : 'read' 'write' 'readreq' 'writereq' 'writeresp'>

State 8 <SV = 7> <Delay = 8.75>
ST_8 : Operation 77 [2/5] (8.75ns)   --->   "%DATA_addr_3_resp = writeresp i1 @_ssdm_op_WriteResp.m_axi.i32P1A, i64 %DATA_addr" [src/accel_top.cpp:166]   --->   Operation 77 'writeresp' 'DATA_addr_3_resp' <Predicate = true> <Delay = 8.75> <CoreInst = "m_axi">   --->   Core 113 'm_axi' <Latency = 0> <II = 1> <Delay = 1.00> <Adapter> <Opcode : 'read' 'write' 'readreq' 'writereq' 'writeresp'>
ST_8 : Operation 82 [1/1] (0.00ns)   --->   "%ret_ln0 = ret"   --->   Operation 82 'ret' 'ret_ln0' <Predicate = (icmp_ln161)> <Delay = 0.00>

State 9 <SV = 8> <Delay = 8.75>
ST_9 : Operation 78 [1/1] (0.00ns)   --->   "%specpipeline_ln162 = specpipeline void @_ssdm_op_SpecPipeline, i32 1, i32 0, i32 0, i32 0, void @empty_23" [src/accel_top.cpp:162]   --->   Operation 78 'specpipeline' 'specpipeline_ln162' <Predicate = true> <Delay = 0.00>
ST_9 : Operation 79 [1/1] (0.00ns)   --->   "%specloopname_ln108 = specloopname void @_ssdm_op_SpecLoopName, void @empty_14" [src/accel_top.cpp:108]   --->   Operation 79 'specloopname' 'specloopname_ln108' <Predicate = true> <Delay = 0.00>
ST_9 : Operation 80 [1/5] (8.75ns)   --->   "%DATA_addr_3_resp = writeresp i1 @_ssdm_op_WriteResp.m_axi.i32P1A, i64 %DATA_addr" [src/accel_top.cpp:166]   --->   Operation 80 'writeresp' 'DATA_addr_3_resp' <Predicate = true> <Delay = 8.75> <CoreInst = "m_axi">   --->   Core 113 'm_axi' <Latency = 0> <II = 1> <Delay = 1.00> <Adapter> <Opcode : 'read' 'write' 'readreq' 'writereq' 'writeresp'>
ST_9 : Operation 81 [1/1] (0.00ns)   --->   "%br_ln161 = br void %for.body149" [src/accel_top.cpp:161]   --->   Operation 81 'br' 'br_ln161' <Predicate = true> <Delay = 0.00>


============================================================
+ Verbose Summary: Binding
============================================================
STG Binding: 
---------------- STG Properties BEGIN ----------------
- Is combinational: 0
- Is one-state seq: 0
- Is datapath-only: 0
- Is pipelined: 0
- Is top level: 0
Port [ Return ] is wired: 1; IO mode=ap_ctrl_hs:ce=0
Port [ sext_ln166_1]:  wired=1; compound=0; hidden=0; nouse=0; global=0; static=0; extern=0; dir=0; type=0; pingpong=0; private_global=0; IO mode=ap_none:ce=0
Port [ DATA]:  wired=1; compound=1; hidden=0; nouse=0; global=0; static=0; extern=0; dir=1; type=4; pingpong=0; private_global=0; IO mode=m_axi:ce=0
Port [ final_width]:  wired=1; compound=0; hidden=0; nouse=0; global=0; static=0; extern=0; dir=0; type=0; pingpong=0; private_global=0; IO mode=ap_none:ce=0
Port [ zext_ln164]:  wired=1; compound=0; hidden=0; nouse=0; global=0; static=0; extern=0; dir=0; type=0; pingpong=0; private_global=0; IO mode=ap_none:ce=0
Port [ pool_output_V]:  wired=1; compound=1; hidden=0; nouse=0; global=0; static=0; extern=0; dir=0; type=1; pingpong=0; private_global=0; MemPort=[13]; IO mode=ap_memory:ce=0
Port [ output_data]:  wired=1; compound=0; hidden=0; nouse=0; global=0; static=0; extern=0; dir=0; type=0; pingpong=0; private_global=0; IO mode=ap_none:ce=0
Port [ zext_ln166_1]:  wired=1; compound=0; hidden=0; nouse=0; global=0; static=0; extern=0; dir=0; type=0; pingpong=0; private_global=0; IO mode=ap_none:ce=0
Port [ conv_output_V]:  wired=1; compound=1; hidden=0; nouse=0; global=0; static=0; extern=0; dir=0; type=1; pingpong=0; private_global=0; MemPort=[13]; IO mode=ap_memory:ce=0
Port [ conv_output_V_1]:  wired=1; compound=1; hidden=0; nouse=0; global=0; static=0; extern=0; dir=0; type=1; pingpong=0; private_global=0; MemPort=[13]; IO mode=ap_memory:ce=0
Port [ conv_output_V_2]:  wired=1; compound=1; hidden=0; nouse=0; global=0; static=0; extern=0; dir=0; type=1; pingpong=0; private_global=0; MemPort=[13]; IO mode=ap_memory:ce=0
Port [ conv_output_V_3]:  wired=1; compound=1; hidden=0; nouse=0; global=0; static=0; extern=0; dir=0; type=1; pingpong=0; private_global=0; MemPort=[13]; IO mode=ap_memory:ce=0
Port [ trunc_ln160_1]:  wired=1; compound=0; hidden=0; nouse=0; global=0; static=0; extern=0; dir=0; type=0; pingpong=0; private_global=0; IO mode=ap_none:ce=0
Port [ icmp_ln104]:  wired=1; compound=0; hidden=0; nouse=0; global=0; static=0; extern=0; dir=0; type=0; pingpong=0; private_global=0; IO mode=ap_none:ce=0
---------------- STG Properties END ------------------

---------------- Datapath Model BEGIN ----------------

<LifeTime>
<method=bitvector/>
w                    (alloca           ) [ 0110000000]
out_ptr              (alloca           ) [ 0110000000]
icmp_ln104_read      (read             ) [ 0111000000]
trunc_ln160_1_read   (read             ) [ 0111000000]
zext_ln166_1_read    (read             ) [ 0110000000]
output_data_read     (read             ) [ 0110000000]
zext_ln164_read      (read             ) [ 0110000000]
final_width_read     (read             ) [ 0110000000]
sext_ln166_1_read    (read             ) [ 0000000000]
sext_ln166_1_cast    (sext             ) [ 0000000000]
specmemcore_ln0      (specmemcore      ) [ 0000000000]
specmemcore_ln0      (specmemcore      ) [ 0000000000]
specmemcore_ln0      (specmemcore      ) [ 0000000000]
specmemcore_ln0      (specmemcore      ) [ 0000000000]
specmemcore_ln0      (specmemcore      ) [ 0000000000]
specinterface_ln0    (specinterface    ) [ 0000000000]
store_ln0            (store            ) [ 0000000000]
store_ln0            (store            ) [ 0000000000]
br_ln0               (br               ) [ 0000000000]
w_1                  (load             ) [ 0000000000]
specbitsmap_ln0      (specbitsmap      ) [ 0000000000]
icmp_ln161           (icmp             ) [ 0111111110]
empty                (speclooptripcount) [ 0000000000]
add_ln161            (add              ) [ 0000000000]
br_ln161             (br               ) [ 0000000000]
out_ptr_load         (load             ) [ 0000000000]
trunc_ln164          (trunc            ) [ 0000000000]
add_ln164            (add              ) [ 0000000000]
zext_ln164_1         (zext             ) [ 0000000000]
pool_output_V_addr   (getelementptr    ) [ 0101000000]
trunc_ln161          (trunc            ) [ 0101000000]
add_ln166            (add              ) [ 0000000000]
shl_ln4              (bitconcatenate   ) [ 0000000000]
sext_ln166_2         (sext             ) [ 0000000000]
add_ln166_1          (add              ) [ 0000000000]
trunc_ln8            (partselect       ) [ 0000000000]
sext_ln166           (sext             ) [ 0000000000]
DATA_addr            (getelementptr    ) [ 0101111111]
lshr_ln166_1         (partselect       ) [ 0000000000]
add_ln166_2          (add              ) [ 0000000000]
zext_ln166           (zext             ) [ 0000000000]
conv_output_V_addr   (getelementptr    ) [ 0101000000]
conv_output_V_1_addr (getelementptr    ) [ 0101000000]
conv_output_V_2_addr (getelementptr    ) [ 0101000000]
conv_output_V_3_addr (getelementptr    ) [ 0101000000]
store_ln161          (store            ) [ 0000000000]
store_ln161          (store            ) [ 0000000000]
pool_output_V_load   (load             ) [ 0000000000]
conv_output_V_load   (load             ) [ 0000000000]
conv_output_V_1_load (load             ) [ 0000000000]
tmp                  (mux              ) [ 0000000000]
conv_output_V_2_load (load             ) [ 0000000000]
conv_output_V_3_load (load             ) [ 0000000000]
tmp_s                (mux              ) [ 0000000000]
tmp_1                (mux              ) [ 0000000000]
select_ln104         (select           ) [ 0100100000]
DATA_addr_3_req      (writereq         ) [ 0000000000]
write_ln166          (write            ) [ 0000000000]
specpipeline_ln162   (specpipeline     ) [ 0000000000]
specloopname_ln108   (specloopname     ) [ 0000000000]
DATA_addr_3_resp     (writeresp        ) [ 0000000000]
br_ln161             (br               ) [ 0000000000]
ret_ln0              (ret              ) [ 0000000000]
</LifeTime>

<model>

<comp_list>
<comp id="0" class="1000" name="sext_ln166_1">
<pin_list>
<pin id="1" dir="1" index="0" bw="1" slack="0"/>
</pin_list>
<bind>
<StgValue><ssdm name="sext_ln166_1"/></StgValue>
</bind>
</comp>

<comp id="2" class="1000" name="DATA">
<pin_list>
<pin id="3" dir="1" index="0" bw="1" slack="0"/>
</pin_list>
<bind>
<StgValue><ssdm name="DATA"/></StgValue>
</bind>
</comp>

<comp id="4" class="1000" name="final_width">
<pin_list>
<pin id="5" dir="1" index="0" bw="1" slack="0"/>
</pin_list>
<bind>
<StgValue><ssdm name="final_width"/></StgValue>
</bind>
</comp>

<comp id="6" class="1000" name="zext_ln164">
<pin_list>
<pin id="7" dir="1" index="0" bw="1" slack="0"/>
</pin_list>
<bind>
<StgValue><ssdm name="zext_ln164"/></StgValue>
</bind>
</comp>

<comp id="8" class="1000" name="pool_output_V">
<pin_list>
<pin id="9" dir="1" index="0" bw="1" slack="0"/>
</pin_list>
<bind>
<StgValue><ssdm name="pool_output_V"/><MemPortTyVec>1 3 </MemPortTyVec>
</StgValue>
</bind>
</comp>

<comp id="10" class="1000" name="output_data">
<pin_list>
<pin id="11" dir="1" index="0" bw="1" slack="0"/>
</pin_list>
<bind>
<StgValue><ssdm name="output_data"/></StgValue>
</bind>
</comp>

<comp id="12" class="1000" name="zext_ln166_1">
<pin_list>
<pin id="13" dir="1" index="0" bw="1" slack="0"/>
</pin_list>
<bind>
<StgValue><ssdm name="zext_ln166_1"/></StgValue>
</bind>
</comp>

<comp id="14" class="1000" name="conv_output_V">
<pin_list>
<pin id="15" dir="1" index="0" bw="1" slack="0"/>
</pin_list>
<bind>
<StgValue><ssdm name="conv_output_V"/><MemPortTyVec>1 3 </MemPortTyVec>
</StgValue>
</bind>
</comp>

<comp id="16" class="1000" name="conv_output_V_1">
<pin_list>
<pin id="17" dir="1" index="0" bw="1" slack="0"/>
</pin_list>
<bind>
<StgValue><ssdm name="conv_output_V_1"/><MemPortTyVec>1 3 </MemPortTyVec>
</StgValue>
</bind>
</comp>

<comp id="18" class="1000" name="conv_output_V_2">
<pin_list>
<pin id="19" dir="1" index="0" bw="1" slack="0"/>
</pin_list>
<bind>
<StgValue><ssdm name="conv_output_V_2"/><MemPortTyVec>1 3 </MemPortTyVec>
</StgValue>
</bind>
</comp>

<comp id="20" class="1000" name="conv_output_V_3">
<pin_list>
<pin id="21" dir="1" index="0" bw="1" slack="0"/>
</pin_list>
<bind>
<StgValue><ssdm name="conv_output_V_3"/><MemPortTyVec>1 3 </MemPortTyVec>
</StgValue>
</bind>
</comp>

<comp id="22" class="1000" name="trunc_ln160_1">
<pin_list>
<pin id="23" dir="1" index="0" bw="1" slack="0"/>
</pin_list>
<bind>
<StgValue><ssdm name="trunc_ln160_1"/></StgValue>
</bind>
</comp>

<comp id="24" class="1000" name="icmp_ln104">
<pin_list>
<pin id="25" dir="1" index="0" bw="1" slack="0"/>
</pin_list>
<bind>
<StgValue><ssdm name="icmp_ln104"/></StgValue>
</bind>
</comp>

<comp id="26" class="1001" name="const_26">
<pin_list>
<pin id="27" dir="1" index="0" bw="1" slack="0"/>
</pin_list>
<bind>
<StgValue><ssdm name=""/></StgValue>
</bind>
</comp>

<comp id="28" class="1001" name="const_28">
<pin_list>
<pin id="29" dir="1" index="0" bw="1" slack="0"/>
</pin_list>
<bind>
<StgValue><ssdm name="_ssdm_op_Read.ap_auto.i1"/></StgValue>
</bind>
</comp>

<comp id="30" class="1001" name="const_30">
<pin_list>
<pin id="31" dir="1" index="0" bw="1" slack="0"/>
</pin_list>
<bind>
<StgValue><ssdm name="_ssdm_op_Read.ap_auto.i8"/></StgValue>
</bind>
</comp>

<comp id="32" class="1001" name="const_32">
<pin_list>
<pin id="33" dir="1" index="0" bw="1" slack="0"/>
</pin_list>
<bind>
<StgValue><ssdm name="_ssdm_op_Read.ap_auto.i64"/></StgValue>
</bind>
</comp>

<comp id="34" class="1001" name="const_34">
<pin_list>
<pin id="35" dir="1" index="0" bw="1" slack="0"/>
</pin_list>
<bind>
<StgValue><ssdm name="_ssdm_op_Read.ap_auto.i10"/></StgValue>
</bind>
</comp>

<comp id="36" class="1001" name="const_36">
<pin_list>
<pin id="37" dir="1" index="0" bw="1" slack="0"/>
</pin_list>
<bind>
<StgValue><ssdm name="_ssdm_op_Read.ap_auto.i31"/></StgValue>
</bind>
</comp>

<comp id="38" class="1001" name="const_38">
<pin_list>
<pin id="39" dir="1" index="0" bw="1" slack="0"/>
</pin_list>
<bind>
<StgValue><ssdm name="_ssdm_op_Read.ap_auto.i32"/></StgValue>
</bind>
</comp>

<comp id="40" class="1001" name="const_40">
<pin_list>
<pin id="41" dir="1" index="0" bw="1" slack="2147483647"/>
</pin_list>
<bind>
<StgValue><ssdm name="_ssdm_op_SpecMemCore"/></StgValue>
</bind>
</comp>

<comp id="42" class="1001" name="const_42">
<pin_list>
<pin id="43" dir="1" index="0" bw="1" slack="2147483647"/>
</pin_list>
<bind>
<StgValue><ssdm name=""/></StgValue>
</bind>
</comp>

<comp id="44" class="1001" name="const_44">
<pin_list>
<pin id="45" dir="1" index="0" bw="1" slack="2147483647"/>
</pin_list>
<bind>
<StgValue><ssdm name=""/></StgValue>
</bind>
</comp>

<comp id="46" class="1001" name="const_46">
<pin_list>
<pin id="47" dir="1" index="0" bw="1" slack="2147483647"/>
</pin_list>
<bind>
<StgValue><ssdm name=""/></StgValue>
</bind>
</comp>

<comp id="48" class="1001" name="const_48">
<pin_list>
<pin id="49" dir="1" index="0" bw="1" slack="2147483647"/>
</pin_list>
<bind>
<StgValue><ssdm name="_ssdm_op_SpecInterface"/></StgValue>
</bind>
</comp>

<comp id="50" class="1001" name="const_50">
<pin_list>
<pin id="51" dir="1" index="0" bw="1" slack="2147483647"/>
</pin_list>
<bind>
<StgValue><ssdm name="empty_19"/></StgValue>
</bind>
</comp>

<comp id="52" class="1001" name="const_52">
<pin_list>
<pin id="53" dir="1" index="0" bw="1" slack="2147483647"/>
</pin_list>
<bind>
<StgValue><ssdm name=""/></StgValue>
</bind>
</comp>

<comp id="54" class="1001" name="const_54">
<pin_list>
<pin id="55" dir="1" index="0" bw="1" slack="2147483647"/>
</pin_list>
<bind>
<StgValue><ssdm name="empty_23"/></StgValue>
</bind>
</comp>

<comp id="56" class="1001" name="const_56">
<pin_list>
<pin id="57" dir="1" index="0" bw="1" slack="2147483647"/>
</pin_list>
<bind>
<StgValue><ssdm name=""/></StgValue>
</bind>
</comp>

<comp id="58" class="1001" name="const_58">
<pin_list>
<pin id="59" dir="1" index="0" bw="1" slack="2147483647"/>
</pin_list>
<bind>
<StgValue><ssdm name="empty_31"/></StgValue>
</bind>
</comp>

<comp id="60" class="1001" name="const_60">
<pin_list>
<pin id="61" dir="1" index="0" bw="1" slack="2147483647"/>
</pin_list>
<bind>
<StgValue><ssdm name="empty_25"/></StgValue>
</bind>
</comp>

<comp id="62" class="1001" name="const_62">
<pin_list>
<pin id="63" dir="1" index="0" bw="1" slack="2147483647"/>
</pin_list>
<bind>
<StgValue><ssdm name=""/></StgValue>
</bind>
</comp>

<comp id="64" class="1001" name="const_64">
<pin_list>
<pin id="65" dir="1" index="0" bw="1" slack="2147483647"/>
</pin_list>
<bind>
<StgValue><ssdm name=""/></StgValue>
</bind>
</comp>

<comp id="66" class="1001" name="const_66">
<pin_list>
<pin id="67" dir="1" index="0" bw="1" slack="0"/>
</pin_list>
<bind>
<StgValue><ssdm name=""/></StgValue>
</bind>
</comp>

<comp id="68" class="1001" name="const_68">
<pin_list>
<pin id="69" dir="1" index="0" bw="1" slack="2147483647"/>
</pin_list>
<bind>
<StgValue><ssdm name="_ssdm_op_SpecBitsMap"/></StgValue>
</bind>
</comp>

<comp id="70" class="1001" name="const_70">
<pin_list>
<pin id="71" dir="1" index="0" bw="1" slack="2147483647"/>
</pin_list>
<bind>
<StgValue><ssdm name="_ssdm_op_SpecLoopTripCount"/></StgValue>
</bind>
</comp>

<comp id="72" class="1001" name="const_72">
<pin_list>
<pin id="73" dir="1" index="0" bw="1" slack="2147483647"/>
</pin_list>
<bind>
<StgValue><ssdm name=""/></StgValue>
</bind>
</comp>

<comp id="74" class="1001" name="const_74">
<pin_list>
<pin id="75" dir="1" index="0" bw="1" slack="0"/>
</pin_list>
<bind>
<StgValue><ssdm name=""/></StgValue>
</bind>
</comp>

<comp id="76" class="1001" name="const_76">
<pin_list>
<pin id="77" dir="1" index="0" bw="1" slack="0"/>
</pin_list>
<bind>
<StgValue><ssdm name=""/></StgValue>
</bind>
</comp>

<comp id="78" class="1001" name="const_78">
<pin_list>
<pin id="79" dir="1" index="0" bw="1" slack="0"/>
</pin_list>
<bind>
<StgValue><ssdm name=""/></StgValue>
</bind>
</comp>

<comp id="80" class="1001" name="const_80">
<pin_list>
<pin id="81" dir="1" index="0" bw="1" slack="0"/>
</pin_list>
<bind>
<StgValue><ssdm name="_ssdm_op_BitConcatenate.i35.i33.i2"/></StgValue>
</bind>
</comp>

<comp id="82" class="1001" name="const_82">
<pin_list>
<pin id="83" dir="1" index="0" bw="1" slack="0"/>
</pin_list>
<bind>
<StgValue><ssdm name=""/></StgValue>
</bind>
</comp>

<comp id="84" class="1001" name="const_84">
<pin_list>
<pin id="85" dir="1" index="0" bw="1" slack="0"/>
</pin_list>
<bind>
<StgValue><ssdm name="_ssdm_op_PartSelect.i62.i64.i32.i32"/></StgValue>
</bind>
</comp>

<comp id="86" class="1001" name="const_86">
<pin_list>
<pin id="87" dir="1" index="0" bw="1" slack="0"/>
</pin_list>
<bind>
<StgValue><ssdm name=""/></StgValue>
</bind>
</comp>

<comp id="88" class="1001" name="const_88">
<pin_list>
<pin id="89" dir="1" index="0" bw="1" slack="0"/>
</pin_list>
<bind>
<StgValue><ssdm name=""/></StgValue>
</bind>
</comp>

<comp id="90" class="1001" name="const_90">
<pin_list>
<pin id="91" dir="1" index="0" bw="1" slack="0"/>
</pin_list>
<bind>
<StgValue><ssdm name="_ssdm_op_PartSelect.i8.i31.i32.i32"/></StgValue>
</bind>
</comp>

<comp id="92" class="1001" name="const_92">
<pin_list>
<pin id="93" dir="1" index="0" bw="1" slack="0"/>
</pin_list>
<bind>
<StgValue><ssdm name=""/></StgValue>
</bind>
</comp>

<comp id="94" class="1001" name="const_94">
<pin_list>
<pin id="95" dir="1" index="0" bw="1" slack="0"/>
</pin_list>
<bind>
<StgValue><ssdm name="_ssdm_op_Mux.ap_auto.2i32.i1"/></StgValue>
</bind>
</comp>

<comp id="96" class="1001" name="const_96">
<pin_list>
<pin id="97" dir="1" index="0" bw="1" slack="0"/>
</pin_list>
<bind>
<StgValue><ssdm name="_ssdm_op_WriteReq.m_axi.i32P1A"/></StgValue>
</bind>
</comp>

<comp id="98" class="1001" name="const_98">
<pin_list>
<pin id="99" dir="1" index="0" bw="1" slack="0"/>
</pin_list>
<bind>
<StgValue><ssdm name="_ssdm_op_Write.m_axi.i32P1A"/></StgValue>
</bind>
</comp>

<comp id="100" class="1001" name="const_100">
<pin_list>
<pin id="101" dir="1" index="0" bw="1" slack="0"/>
</pin_list>
<bind>
<StgValue><ssdm name=""/></StgValue>
</bind>
</comp>

<comp id="102" class="1001" name="const_102">
<pin_list>
<pin id="103" dir="1" index="0" bw="1" slack="0"/>
</pin_list>
<bind>
<StgValue><ssdm name="_ssdm_op_WriteResp.m_axi.i32P1A"/></StgValue>
</bind>
</comp>

<comp id="104" class="1001" name="const_104">
<pin_list>
<pin id="105" dir="1" index="0" bw="1" slack="2147483647"/>
</pin_list>
<bind>
<StgValue><ssdm name="_ssdm_op_SpecPipeline"/></StgValue>
</bind>
</comp>

<comp id="106" class="1001" name="const_106">
<pin_list>
<pin id="107" dir="1" index="0" bw="1" slack="2147483647"/>
</pin_list>
<bind>
<StgValue><ssdm name="_ssdm_op_SpecLoopName"/></StgValue>
</bind>
</comp>

<comp id="108" class="1001" name="const_108">
<pin_list>
<pin id="109" dir="1" index="0" bw="1" slack="2147483647"/>
</pin_list>
<bind>
<StgValue><ssdm name="empty_14"/></StgValue>
</bind>
</comp>

<comp id="110" class="1004" name="w_fu_110">
<pin_list>
<pin id="111" dir="0" index="0" bw="1" slack="0"/>
<pin id="112" dir="1" index="1" bw="31" slack="0"/>
</pin_list>
<bind>
<opcode="alloca(26) " fcode="alloca"/>
<opset="w/1 "/>
</bind>
</comp>

<comp id="114" class="1004" name="out_ptr_fu_114">
<pin_list>
<pin id="115" dir="0" index="0" bw="1" slack="0"/>
<pin id="116" dir="1" index="1" bw="33" slack="0"/>
</pin_list>
<bind>
<opcode="alloca(26) " fcode="alloca"/>
<opset="out_ptr/1 "/>
</bind>
</comp>

<comp id="118" class="1004" name="icmp_ln104_read_read_fu_118">
<pin_list>
<pin id="119" dir="0" index="0" bw="1" slack="0"/>
<pin id="120" dir="0" index="1" bw="1" slack="0"/>
<pin id="121" dir="1" index="2" bw="1" slack="1"/>
</pin_list>
<bind>
<opcode="read(1150) " fcode="read"/>
<opset="icmp_ln104_read/1 "/>
</bind>
</comp>

<comp id="124" class="1004" name="trunc_ln160_1_read_read_fu_124">
<pin_list>
<pin id="125" dir="0" index="0" bw="1" slack="0"/>
<pin id="126" dir="0" index="1" bw="1" slack="0"/>
<pin id="127" dir="1" index="2" bw="1" slack="2"/>
</pin_list>
<bind>
<opcode="read(1150) " fcode="read"/>
<opset="trunc_ln160_1_read/1 "/>
</bind>
</comp>

<comp id="130" class="1004" name="zext_ln166_1_read_read_fu_130">
<pin_list>
<pin id="131" dir="0" index="0" bw="8" slack="0"/>
<pin id="132" dir="0" index="1" bw="8" slack="0"/>
<pin id="133" dir="1" index="2" bw="8" slack="1"/>
</pin_list>
<bind>
<opcode="read(1150) " fcode="read"/>
<opset="zext_ln166_1_read/1 "/>
</bind>
</comp>

<comp id="136" class="1004" name="output_data_read_read_fu_136">
<pin_list>
<pin id="137" dir="0" index="0" bw="64" slack="0"/>
<pin id="138" dir="0" index="1" bw="64" slack="0"/>
<pin id="139" dir="1" index="2" bw="64" slack="1"/>
</pin_list>
<bind>
<opcode="read(1150) " fcode="read"/>
<opset="output_data_read/1 "/>
</bind>
</comp>

<comp id="142" class="1004" name="zext_ln164_read_read_fu_142">
<pin_list>
<pin id="143" dir="0" index="0" bw="10" slack="0"/>
<pin id="144" dir="0" index="1" bw="10" slack="0"/>
<pin id="145" dir="1" index="2" bw="10" slack="1"/>
</pin_list>
<bind>
<opcode="read(1150) " fcode="read"/>
<opset="zext_ln164_read/1 "/>
</bind>
</comp>

<comp id="148" class="1004" name="final_width_read_read_fu_148">
<pin_list>
<pin id="149" dir="0" index="0" bw="31" slack="0"/>
<pin id="150" dir="0" index="1" bw="31" slack="0"/>
<pin id="151" dir="1" index="2" bw="31" slack="1"/>
</pin_list>
<bind>
<opcode="read(1150) " fcode="read"/>
<opset="final_width_read/1 "/>
</bind>
</comp>

<comp id="154" class="1004" name="sext_ln166_1_read_read_fu_154">
<pin_list>
<pin id="155" dir="0" index="0" bw="32" slack="0"/>
<pin id="156" dir="0" index="1" bw="32" slack="0"/>
<pin id="157" dir="1" index="2" bw="32" slack="0"/>
</pin_list>
<bind>
<opcode="read(1150) " fcode="read"/>
<opset="sext_ln166_1_read/1 "/>
</bind>
</comp>

<comp id="160" class="1004" name="grp_writeresp_fu_160">
<pin_list>
<pin id="161" dir="0" index="0" bw="1" slack="0"/>
<pin id="162" dir="0" index="1" bw="32" slack="1"/>
<pin id="163" dir="0" index="2" bw="1" slack="0"/>
<pin id="164" dir="1" index="3" bw="1" slack="2147483647"/>
</pin_list>
<bind>
<opcode="writereq(1155) writeresp(1158) " fcode="writeresp"/>
<opset="DATA_addr_3_req/3 DATA_addr_3_resp/5 "/>
</bind>
</comp>

<comp id="167" class="1004" name="write_ln166_write_fu_167">
<pin_list>
<pin id="168" dir="0" index="0" bw="0" slack="0"/>
<pin id="169" dir="0" index="1" bw="32" slack="2"/>
<pin id="170" dir="0" index="2" bw="32" slack="1"/>
<pin id="171" dir="0" index="3" bw="1" slack="0"/>
<pin id="172" dir="1" index="4" bw="0" slack="2147483647"/>
</pin_list>
<bind>
<opcode="write(1151) " fcode="write"/>
<opset="write_ln166/4 "/>
</bind>
</comp>

<comp id="176" class="1004" name="pool_output_V_addr_gep_fu_176">
<pin_list>
<pin id="177" dir="0" index="0" bw="32" slack="0"/>
<pin id="178" dir="0" index="1" bw="1" slack="0"/>
<pin id="179" dir="0" index="2" bw="10" slack="0"/>
<pin id="180" dir="1" index="3" bw="10" slack="0"/>
</pin_list>
<bind>
<opcode="getelementptr(29) " fcode="getelementptr"/>
<opset="pool_output_V_addr/2 "/>
</bind>
</comp>

<comp id="183" class="1004" name="grp_access_fu_183">
<pin_list>
<pin id="184" dir="0" index="0" bw="10" slack="0"/>
<pin id="185" dir="0" index="1" bw="32" slack="2147483647"/>
<pin id="186" dir="0" index="2" bw="0" slack="2147483647"/>
<pin id="187" dir="1" index="3" bw="32" slack="0"/>
</pin_list>
<bind>
<opcode="load(27) " fcode="load"/>
<opset="pool_output_V_load/2 "/>
</bind>
</comp>

<comp id="189" class="1004" name="conv_output_V_addr_gep_fu_189">
<pin_list>
<pin id="190" dir="0" index="0" bw="32" slack="0"/>
<pin id="191" dir="0" index="1" bw="1" slack="0"/>
<pin id="192" dir="0" index="2" bw="8" slack="0"/>
<pin id="193" dir="1" index="3" bw="8" slack="0"/>
</pin_list>
<bind>
<opcode="getelementptr(29) " fcode="getelementptr"/>
<opset="conv_output_V_addr/2 "/>
</bind>
</comp>

<comp id="196" class="1004" name="conv_output_V_1_addr_gep_fu_196">
<pin_list>
<pin id="197" dir="0" index="0" bw="32" slack="0"/>
<pin id="198" dir="0" index="1" bw="1" slack="0"/>
<pin id="199" dir="0" index="2" bw="8" slack="0"/>
<pin id="200" dir="1" index="3" bw="8" slack="0"/>
</pin_list>
<bind>
<opcode="getelementptr(29) " fcode="getelementptr"/>
<opset="conv_output_V_1_addr/2 "/>
</bind>
</comp>

<comp id="203" class="1004" name="conv_output_V_2_addr_gep_fu_203">
<pin_list>
<pin id="204" dir="0" index="0" bw="32" slack="0"/>
<pin id="205" dir="0" index="1" bw="1" slack="0"/>
<pin id="206" dir="0" index="2" bw="8" slack="0"/>
<pin id="207" dir="1" index="3" bw="8" slack="0"/>
</pin_list>
<bind>
<opcode="getelementptr(29) " fcode="getelementptr"/>
<opset="conv_output_V_2_addr/2 "/>
</bind>
</comp>

<comp id="210" class="1004" name="conv_output_V_3_addr_gep_fu_210">
<pin_list>
<pin id="211" dir="0" index="0" bw="32" slack="0"/>
<pin id="212" dir="0" index="1" bw="1" slack="0"/>
<pin id="213" dir="0" index="2" bw="8" slack="0"/>
<pin id="214" dir="1" index="3" bw="8" slack="0"/>
</pin_list>
<bind>
<opcode="getelementptr(29) " fcode="getelementptr"/>
<opset="conv_output_V_3_addr/2 "/>
</bind>
</comp>

<comp id="217" class="1004" name="grp_access_fu_217">
<pin_list>
<pin id="218" dir="0" index="0" bw="8" slack="0"/>
<pin id="219" dir="0" index="1" bw="32" slack="2147483647"/>
<pin id="220" dir="0" index="2" bw="0" slack="2147483647"/>
<pin id="221" dir="1" index="3" bw="32" slack="0"/>
</pin_list>
<bind>
<opcode="load(27) " fcode="load"/>
<opset="conv_output_V_load/2 "/>
</bind>
</comp>

<comp id="223" class="1004" name="grp_access_fu_223">
<pin_list>
<pin id="224" dir="0" index="0" bw="8" slack="0"/>
<pin id="225" dir="0" index="1" bw="32" slack="2147483647"/>
<pin id="226" dir="0" index="2" bw="0" slack="2147483647"/>
<pin id="227" dir="1" index="3" bw="32" slack="0"/>
</pin_list>
<bind>
<opcode="load(27) " fcode="load"/>
<opset="conv_output_V_1_load/2 "/>
</bind>
</comp>

<comp id="229" class="1004" name="grp_access_fu_229">
<pin_list>
<pin id="230" dir="0" index="0" bw="8" slack="0"/>
<pin id="231" dir="0" index="1" bw="32" slack="2147483647"/>
<pin id="232" dir="0" index="2" bw="0" slack="2147483647"/>
<pin id="233" dir="1" index="3" bw="32" slack="0"/>
</pin_list>
<bind>
<opcode="load(27) " fcode="load"/>
<opset="conv_output_V_2_load/2 "/>
</bind>
</comp>

<comp id="235" class="1004" name="grp_access_fu_235">
<pin_list>
<pin id="236" dir="0" index="0" bw="8" slack="0"/>
<pin id="237" dir="0" index="1" bw="32" slack="2147483647"/>
<pin id="238" dir="0" index="2" bw="0" slack="2147483647"/>
<pin id="239" dir="1" index="3" bw="32" slack="0"/>
</pin_list>
<bind>
<opcode="load(27) " fcode="load"/>
<opset="conv_output_V_3_load/2 "/>
</bind>
</comp>

<comp id="241" class="1004" name="sext_ln166_1_cast_fu_241">
<pin_list>
<pin id="242" dir="0" index="0" bw="32" slack="0"/>
<pin id="243" dir="1" index="1" bw="33" slack="0"/>
</pin_list>
<bind>
<opcode="sext(35) " fcode="sext"/>
<opset="sext_ln166_1_cast/1 "/>
</bind>
</comp>

<comp id="245" class="1004" name="store_ln0_store_fu_245">
<pin_list>
<pin id="246" dir="0" index="0" bw="32" slack="0"/>
<pin id="247" dir="0" index="1" bw="33" slack="0"/>
<pin id="248" dir="1" index="2" bw="0" slack="2147483647"/>
</pin_list>
<bind>
<opcode="store(28) " fcode="store"/>
<opset="store_ln0/1 "/>
</bind>
</comp>

<comp id="250" class="1004" name="store_ln0_store_fu_250">
<pin_list>
<pin id="251" dir="0" index="0" bw="1" slack="0"/>
<pin id="252" dir="0" index="1" bw="31" slack="0"/>
<pin id="253" dir="1" index="2" bw="0" slack="2147483647"/>
</pin_list>
<bind>
<opcode="store(28) " fcode="store"/>
<opset="store_ln0/1 "/>
</bind>
</comp>

<comp id="255" class="1004" name="w_1_load_fu_255">
<pin_list>
<pin id="256" dir="0" index="0" bw="31" slack="1"/>
<pin id="257" dir="1" index="1" bw="31" slack="0"/>
</pin_list>
<bind>
<opcode="load(27) " fcode="load"/>
<opset="w_1/2 "/>
</bind>
</comp>

<comp id="258" class="1004" name="icmp_ln161_fu_258">
<pin_list>
<pin id="259" dir="0" index="0" bw="31" slack="0"/>
<pin id="260" dir="0" index="1" bw="31" slack="1"/>
<pin id="261" dir="1" index="2" bw="1" slack="6"/>
</pin_list>
<bind>
<opcode="icmp(45) " fcode="icmp"/>
<opset="icmp_ln161/2 "/>
</bind>
</comp>

<comp id="263" class="1004" name="add_ln161_fu_263">
<pin_list>
<pin id="264" dir="0" index="0" bw="31" slack="0"/>
<pin id="265" dir="0" index="1" bw="1" slack="0"/>
<pin id="266" dir="1" index="2" bw="31" slack="0"/>
</pin_list>
<bind>
<opcode="add(8) " fcode="add"/>
<opset="add_ln161/2 "/>
</bind>
</comp>

<comp id="269" class="1004" name="out_ptr_load_load_fu_269">
<pin_list>
<pin id="270" dir="0" index="0" bw="33" slack="1"/>
<pin id="271" dir="1" index="1" bw="33" slack="0"/>
</pin_list>
<bind>
<opcode="load(27) " fcode="load"/>
<opset="out_ptr_load/2 "/>
</bind>
</comp>

<comp id="272" class="1004" name="trunc_ln164_fu_272">
<pin_list>
<pin id="273" dir="0" index="0" bw="31" slack="0"/>
<pin id="274" dir="1" index="1" bw="10" slack="0"/>
</pin_list>
<bind>
<opcode="trunc(33) " fcode="trunc"/>
<opset="trunc_ln164/2 "/>
</bind>
</comp>

<comp id="276" class="1004" name="add_ln164_fu_276">
<pin_list>
<pin id="277" dir="0" index="0" bw="10" slack="1"/>
<pin id="278" dir="0" index="1" bw="10" slack="0"/>
<pin id="279" dir="1" index="2" bw="10" slack="0"/>
</pin_list>
<bind>
<opcode="add(8) " fcode="add"/>
<opset="add_ln164/2 "/>
</bind>
</comp>

<comp id="281" class="1004" name="zext_ln164_1_fu_281">
<pin_list>
<pin id="282" dir="0" index="0" bw="10" slack="0"/>
<pin id="283" dir="1" index="1" bw="64" slack="0"/>
</pin_list>
<bind>
<opcode="zext(34) " fcode="zext"/>
<opset="zext_ln164_1/2 "/>
</bind>
</comp>

<comp id="286" class="1004" name="trunc_ln161_fu_286">
<pin_list>
<pin id="287" dir="0" index="0" bw="31" slack="0"/>
<pin id="288" dir="1" index="1" bw="1" slack="1"/>
</pin_list>
<bind>
<opcode="trunc(33) " fcode="trunc"/>
<opset="trunc_ln161/2 "/>
</bind>
</comp>

<comp id="290" class="1004" name="add_ln166_fu_290">
<pin_list>
<pin id="291" dir="0" index="0" bw="33" slack="0"/>
<pin id="292" dir="0" index="1" bw="1" slack="0"/>
<pin id="293" dir="1" index="2" bw="33" slack="0"/>
</pin_list>
<bind>
<opcode="add(8) " fcode="add"/>
<opset="add_ln166/2 "/>
</bind>
</comp>

<comp id="296" class="1004" name="shl_ln4_fu_296">
<pin_list>
<pin id="297" dir="0" index="0" bw="35" slack="0"/>
<pin id="298" dir="0" index="1" bw="33" slack="0"/>
<pin id="299" dir="0" index="2" bw="1" slack="0"/>
<pin id="300" dir="1" index="3" bw="35" slack="0"/>
</pin_list>
<bind>
<opcode="bitconcatenate(1004) " fcode="bitconcatenate"/>
<opset="shl_ln4/2 "/>
</bind>
</comp>

<comp id="304" class="1004" name="sext_ln166_2_fu_304">
<pin_list>
<pin id="305" dir="0" index="0" bw="35" slack="0"/>
<pin id="306" dir="1" index="1" bw="64" slack="0"/>
</pin_list>
<bind>
<opcode="sext(35) " fcode="sext"/>
<opset="sext_ln166_2/2 "/>
</bind>
</comp>

<comp id="308" class="1004" name="add_ln166_1_fu_308">
<pin_list>
<pin id="309" dir="0" index="0" bw="35" slack="0"/>
<pin id="310" dir="0" index="1" bw="64" slack="1"/>
<pin id="311" dir="1" index="2" bw="64" slack="0"/>
</pin_list>
<bind>
<opcode="add(8) " fcode="add"/>
<opset="add_ln166_1/2 "/>
</bind>
</comp>

<comp id="313" class="1004" name="trunc_ln8_fu_313">
<pin_list>
<pin id="314" dir="0" index="0" bw="62" slack="0"/>
<pin id="315" dir="0" index="1" bw="64" slack="0"/>
<pin id="316" dir="0" index="2" bw="3" slack="0"/>
<pin id="317" dir="0" index="3" bw="7" slack="0"/>
<pin id="318" dir="1" index="4" bw="62" slack="0"/>
</pin_list>
<bind>
<opcode="partselect(1002) " fcode="partselect"/>
<opset="trunc_ln8/2 "/>
</bind>
</comp>

<comp id="323" class="1004" name="sext_ln166_fu_323">
<pin_list>
<pin id="324" dir="0" index="0" bw="62" slack="0"/>
<pin id="325" dir="1" index="1" bw="64" slack="0"/>
</pin_list>
<bind>
<opcode="sext(35) " fcode="sext"/>
<opset="sext_ln166/2 "/>
</bind>
</comp>

<comp id="327" class="1004" name="DATA_addr_fu_327">
<pin_list>
<pin id="328" dir="0" index="0" bw="64" slack="0"/>
<pin id="329" dir="0" index="1" bw="64" slack="0"/>
<pin id="330" dir="1" index="2" bw="64" slack="1"/>
</pin_list>
<bind>
<opcode="getelementptr(29) " fcode="getelementptr"/>
<opset="DATA_addr/2 "/>
</bind>
</comp>

<comp id="333" class="1004" name="lshr_ln166_1_fu_333">
<pin_list>
<pin id="334" dir="0" index="0" bw="8" slack="0"/>
<pin id="335" dir="0" index="1" bw="31" slack="0"/>
<pin id="336" dir="0" index="2" bw="1" slack="0"/>
<pin id="337" dir="0" index="3" bw="5" slack="0"/>
<pin id="338" dir="1" index="4" bw="8" slack="0"/>
</pin_list>
<bind>
<opcode="partselect(1002) " fcode="partselect"/>
<opset="lshr_ln166_1/2 "/>
</bind>
</comp>

<comp id="343" class="1004" name="add_ln166_2_fu_343">
<pin_list>
<pin id="344" dir="0" index="0" bw="8" slack="1"/>
<pin id="345" dir="0" index="1" bw="8" slack="0"/>
<pin id="346" dir="1" index="2" bw="8" slack="0"/>
</pin_list>
<bind>
<opcode="add(8) " fcode="add"/>
<opset="add_ln166_2/2 "/>
</bind>
</comp>

<comp id="348" class="1004" name="zext_ln166_fu_348">
<pin_list>
<pin id="349" dir="0" index="0" bw="8" slack="0"/>
<pin id="350" dir="1" index="1" bw="64" slack="0"/>
</pin_list>
<bind>
<opcode="zext(34) " fcode="zext"/>
<opset="zext_ln166/2 "/>
</bind>
</comp>

<comp id="356" class="1004" name="store_ln161_store_fu_356">
<pin_list>
<pin id="357" dir="0" index="0" bw="33" slack="0"/>
<pin id="358" dir="0" index="1" bw="33" slack="1"/>
<pin id="359" dir="1" index="2" bw="0" slack="2147483647"/>
</pin_list>
<bind>
<opcode="store(28) " fcode="store"/>
<opset="store_ln161/2 "/>
</bind>
</comp>

<comp id="361" class="1004" name="store_ln161_store_fu_361">
<pin_list>
<pin id="362" dir="0" index="0" bw="31" slack="0"/>
<pin id="363" dir="0" index="1" bw="31" slack="1"/>
<pin id="364" dir="1" index="2" bw="0" slack="2147483647"/>
</pin_list>
<bind>
<opcode="store(28) " fcode="store"/>
<opset="store_ln161/2 "/>
</bind>
</comp>

<comp id="366" class="1004" name="tmp_fu_366">
<pin_list>
<pin id="367" dir="0" index="0" bw="32" slack="0"/>
<pin id="368" dir="0" index="1" bw="32" slack="0"/>
<pin id="369" dir="0" index="2" bw="32" slack="0"/>
<pin id="370" dir="0" index="3" bw="1" slack="1"/>
<pin id="371" dir="1" index="4" bw="32" slack="0"/>
</pin_list>
<bind>
<opcode="mux(1196) " fcode="mux"/>
<opset="tmp/3 "/>
</bind>
</comp>

<comp id="375" class="1004" name="tmp_s_fu_375">
<pin_list>
<pin id="376" dir="0" index="0" bw="32" slack="0"/>
<pin id="377" dir="0" index="1" bw="32" slack="0"/>
<pin id="378" dir="0" index="2" bw="32" slack="0"/>
<pin id="379" dir="0" index="3" bw="1" slack="1"/>
<pin id="380" dir="1" index="4" bw="32" slack="0"/>
</pin_list>
<bind>
<opcode="mux(1196) " fcode="mux"/>
<opset="tmp_s/3 "/>
</bind>
</comp>

<comp id="384" class="1004" name="tmp_1_fu_384">
<pin_list>
<pin id="385" dir="0" index="0" bw="32" slack="0"/>
<pin id="386" dir="0" index="1" bw="32" slack="0"/>
<pin id="387" dir="0" index="2" bw="32" slack="0"/>
<pin id="388" dir="0" index="3" bw="1" slack="2"/>
<pin id="389" dir="1" index="4" bw="32" slack="0"/>
</pin_list>
<bind>
<opcode="mux(1196) " fcode="mux"/>
<opset="tmp_1/3 "/>
</bind>
</comp>

<comp id="393" class="1004" name="select_ln104_fu_393">
<pin_list>
<pin id="394" dir="0" index="0" bw="1" slack="2"/>
<pin id="395" dir="0" index="1" bw="32" slack="0"/>
<pin id="396" dir="0" index="2" bw="32" slack="0"/>
<pin id="397" dir="1" index="3" bw="32" slack="1"/>
</pin_list>
<bind>
<opcode="select(49) " fcode="select"/>
<opset="select_ln104/3 "/>
</bind>
</comp>

<comp id="400" class="1005" name="w_reg_400">
<pin_list>
<pin id="401" dir="0" index="0" bw="31" slack="0"/>
<pin id="402" dir="1" index="1" bw="31" slack="0"/>
</pin_list>
<bind>
<opset="w "/>
</bind>
</comp>

<comp id="407" class="1005" name="out_ptr_reg_407">
<pin_list>
<pin id="408" dir="0" index="0" bw="33" slack="0"/>
<pin id="409" dir="1" index="1" bw="33" slack="0"/>
</pin_list>
<bind>
<opset="out_ptr "/>
</bind>
</comp>

<comp id="414" class="1005" name="icmp_ln104_read_reg_414">
<pin_list>
<pin id="415" dir="0" index="0" bw="1" slack="1"/>
<pin id="416" dir="1" index="1" bw="1" slack="2"/>
</pin_list>
<bind>
<opset="icmp_ln104_read "/>
</bind>
</comp>

<comp id="419" class="1005" name="trunc_ln160_1_read_reg_419">
<pin_list>
<pin id="420" dir="0" index="0" bw="1" slack="2"/>
<pin id="421" dir="1" index="1" bw="1" slack="2"/>
</pin_list>
<bind>
<opset="trunc_ln160_1_read "/>
</bind>
</comp>

<comp id="424" class="1005" name="zext_ln166_1_read_reg_424">
<pin_list>
<pin id="425" dir="0" index="0" bw="8" slack="1"/>
<pin id="426" dir="1" index="1" bw="8" slack="1"/>
</pin_list>
<bind>
<opset="zext_ln166_1_read "/>
</bind>
</comp>

<comp id="429" class="1005" name="output_data_read_reg_429">
<pin_list>
<pin id="430" dir="0" index="0" bw="64" slack="1"/>
<pin id="431" dir="1" index="1" bw="64" slack="1"/>
</pin_list>
<bind>
<opset="output_data_read "/>
</bind>
</comp>

<comp id="434" class="1005" name="zext_ln164_read_reg_434">
<pin_list>
<pin id="435" dir="0" index="0" bw="10" slack="1"/>
<pin id="436" dir="1" index="1" bw="10" slack="1"/>
</pin_list>
<bind>
<opset="zext_ln164_read "/>
</bind>
</comp>

<comp id="439" class="1005" name="final_width_read_reg_439">
<pin_list>
<pin id="440" dir="0" index="0" bw="31" slack="1"/>
<pin id="441" dir="1" index="1" bw="31" slack="1"/>
</pin_list>
<bind>
<opset="final_width_read "/>
</bind>
</comp>

<comp id="444" class="1005" name="icmp_ln161_reg_444">
<pin_list>
<pin id="445" dir="0" index="0" bw="1" slack="6"/>
<pin id="446" dir="1" index="1" bw="1" slack="2147483647"/>
</pin_list>
<bind>
<opset="icmp_ln161 "/>
</bind>
</comp>

<comp id="448" class="1005" name="pool_output_V_addr_reg_448">
<pin_list>
<pin id="449" dir="0" index="0" bw="10" slack="1"/>
<pin id="450" dir="1" index="1" bw="10" slack="1"/>
</pin_list>
<bind>
<opset="pool_output_V_addr "/>
</bind>
</comp>

<comp id="453" class="1005" name="trunc_ln161_reg_453">
<pin_list>
<pin id="454" dir="0" index="0" bw="1" slack="1"/>
<pin id="455" dir="1" index="1" bw="1" slack="1"/>
</pin_list>
<bind>
<opset="trunc_ln161 "/>
</bind>
</comp>

<comp id="459" class="1005" name="DATA_addr_reg_459">
<pin_list>
<pin id="460" dir="0" index="0" bw="32" slack="1"/>
<pin id="461" dir="1" index="1" bw="32" slack="1"/>
</pin_list>
<bind>
<opset="DATA_addr "/>
</bind>
</comp>

<comp id="465" class="1005" name="conv_output_V_addr_reg_465">
<pin_list>
<pin id="466" dir="0" index="0" bw="8" slack="1"/>
<pin id="467" dir="1" index="1" bw="8" slack="1"/>
</pin_list>
<bind>
<opset="conv_output_V_addr "/>
</bind>
</comp>

<comp id="470" class="1005" name="conv_output_V_1_addr_reg_470">
<pin_list>
<pin id="471" dir="0" index="0" bw="8" slack="1"/>
<pin id="472" dir="1" index="1" bw="8" slack="1"/>
</pin_list>
<bind>
<opset="conv_output_V_1_addr "/>
</bind>
</comp>

<comp id="475" class="1005" name="conv_output_V_2_addr_reg_475">
<pin_list>
<pin id="476" dir="0" index="0" bw="8" slack="1"/>
<pin id="477" dir="1" index="1" bw="8" slack="1"/>
</pin_list>
<bind>
<opset="conv_output_V_2_addr "/>
</bind>
</comp>

<comp id="480" class="1005" name="conv_output_V_3_addr_reg_480">
<pin_list>
<pin id="481" dir="0" index="0" bw="8" slack="1"/>
<pin id="482" dir="1" index="1" bw="8" slack="1"/>
</pin_list>
<bind>
<opset="conv_output_V_3_addr "/>
</bind>
</comp>

<comp id="485" class="1005" name="select_ln104_reg_485">
<pin_list>
<pin id="486" dir="0" index="0" bw="32" slack="1"/>
<pin id="487" dir="1" index="1" bw="32" slack="1"/>
</pin_list>
<bind>
<opset="select_ln104 "/>
</bind>
</comp>

</comp_list>

<net_list>
<net id="113"><net_src comp="26" pin="0"/><net_sink comp="110" pin=0"/></net>

<net id="117"><net_src comp="26" pin="0"/><net_sink comp="114" pin=0"/></net>

<net id="122"><net_src comp="28" pin="0"/><net_sink comp="118" pin=0"/></net>

<net id="123"><net_src comp="24" pin="0"/><net_sink comp="118" pin=1"/></net>

<net id="128"><net_src comp="28" pin="0"/><net_sink comp="124" pin=0"/></net>

<net id="129"><net_src comp="22" pin="0"/><net_sink comp="124" pin=1"/></net>

<net id="134"><net_src comp="30" pin="0"/><net_sink comp="130" pin=0"/></net>

<net id="135"><net_src comp="12" pin="0"/><net_sink comp="130" pin=1"/></net>

<net id="140"><net_src comp="32" pin="0"/><net_sink comp="136" pin=0"/></net>

<net id="141"><net_src comp="10" pin="0"/><net_sink comp="136" pin=1"/></net>

<net id="146"><net_src comp="34" pin="0"/><net_sink comp="142" pin=0"/></net>

<net id="147"><net_src comp="6" pin="0"/><net_sink comp="142" pin=1"/></net>

<net id="152"><net_src comp="36" pin="0"/><net_sink comp="148" pin=0"/></net>

<net id="153"><net_src comp="4" pin="0"/><net_sink comp="148" pin=1"/></net>

<net id="158"><net_src comp="38" pin="0"/><net_sink comp="154" pin=0"/></net>

<net id="159"><net_src comp="0" pin="0"/><net_sink comp="154" pin=1"/></net>

<net id="165"><net_src comp="96" pin="0"/><net_sink comp="160" pin=0"/></net>

<net id="166"><net_src comp="26" pin="0"/><net_sink comp="160" pin=2"/></net>

<net id="173"><net_src comp="98" pin="0"/><net_sink comp="167" pin=0"/></net>

<net id="174"><net_src comp="100" pin="0"/><net_sink comp="167" pin=3"/></net>

<net id="175"><net_src comp="102" pin="0"/><net_sink comp="160" pin=0"/></net>

<net id="181"><net_src comp="8" pin="0"/><net_sink comp="176" pin=0"/></net>

<net id="182"><net_src comp="74" pin="0"/><net_sink comp="176" pin=1"/></net>

<net id="188"><net_src comp="176" pin="3"/><net_sink comp="183" pin=0"/></net>

<net id="194"><net_src comp="14" pin="0"/><net_sink comp="189" pin=0"/></net>

<net id="195"><net_src comp="74" pin="0"/><net_sink comp="189" pin=1"/></net>

<net id="201"><net_src comp="16" pin="0"/><net_sink comp="196" pin=0"/></net>

<net id="202"><net_src comp="74" pin="0"/><net_sink comp="196" pin=1"/></net>

<net id="208"><net_src comp="18" pin="0"/><net_sink comp="203" pin=0"/></net>

<net id="209"><net_src comp="74" pin="0"/><net_sink comp="203" pin=1"/></net>

<net id="215"><net_src comp="20" pin="0"/><net_sink comp="210" pin=0"/></net>

<net id="216"><net_src comp="74" pin="0"/><net_sink comp="210" pin=1"/></net>

<net id="222"><net_src comp="189" pin="3"/><net_sink comp="217" pin=0"/></net>

<net id="228"><net_src comp="196" pin="3"/><net_sink comp="223" pin=0"/></net>

<net id="234"><net_src comp="203" pin="3"/><net_sink comp="229" pin=0"/></net>

<net id="240"><net_src comp="210" pin="3"/><net_sink comp="235" pin=0"/></net>

<net id="244"><net_src comp="154" pin="2"/><net_sink comp="241" pin=0"/></net>

<net id="249"><net_src comp="241" pin="1"/><net_sink comp="245" pin=0"/></net>

<net id="254"><net_src comp="66" pin="0"/><net_sink comp="250" pin=0"/></net>

<net id="262"><net_src comp="255" pin="1"/><net_sink comp="258" pin=0"/></net>

<net id="267"><net_src comp="255" pin="1"/><net_sink comp="263" pin=0"/></net>

<net id="268"><net_src comp="76" pin="0"/><net_sink comp="263" pin=1"/></net>

<net id="275"><net_src comp="255" pin="1"/><net_sink comp="272" pin=0"/></net>

<net id="280"><net_src comp="272" pin="1"/><net_sink comp="276" pin=1"/></net>

<net id="284"><net_src comp="276" pin="2"/><net_sink comp="281" pin=0"/></net>

<net id="285"><net_src comp="281" pin="1"/><net_sink comp="176" pin=2"/></net>

<net id="289"><net_src comp="255" pin="1"/><net_sink comp="286" pin=0"/></net>

<net id="294"><net_src comp="269" pin="1"/><net_sink comp="290" pin=0"/></net>

<net id="295"><net_src comp="78" pin="0"/><net_sink comp="290" pin=1"/></net>

<net id="301"><net_src comp="80" pin="0"/><net_sink comp="296" pin=0"/></net>

<net id="302"><net_src comp="269" pin="1"/><net_sink comp="296" pin=1"/></net>

<net id="303"><net_src comp="82" pin="0"/><net_sink comp="296" pin=2"/></net>

<net id="307"><net_src comp="296" pin="3"/><net_sink comp="304" pin=0"/></net>

<net id="312"><net_src comp="304" pin="1"/><net_sink comp="308" pin=0"/></net>

<net id="319"><net_src comp="84" pin="0"/><net_sink comp="313" pin=0"/></net>

<net id="320"><net_src comp="308" pin="2"/><net_sink comp="313" pin=1"/></net>

<net id="321"><net_src comp="86" pin="0"/><net_sink comp="313" pin=2"/></net>

<net id="322"><net_src comp="88" pin="0"/><net_sink comp="313" pin=3"/></net>

<net id="326"><net_src comp="313" pin="4"/><net_sink comp="323" pin=0"/></net>

<net id="331"><net_src comp="2" pin="0"/><net_sink comp="327" pin=0"/></net>

<net id="332"><net_src comp="323" pin="1"/><net_sink comp="327" pin=1"/></net>

<net id="339"><net_src comp="90" pin="0"/><net_sink comp="333" pin=0"/></net>

<net id="340"><net_src comp="255" pin="1"/><net_sink comp="333" pin=1"/></net>

<net id="341"><net_src comp="26" pin="0"/><net_sink comp="333" pin=2"/></net>

<net id="342"><net_src comp="92" pin="0"/><net_sink comp="333" pin=3"/></net>

<net id="347"><net_src comp="333" pin="4"/><net_sink comp="343" pin=1"/></net>

<net id="351"><net_src comp="343" pin="2"/><net_sink comp="348" pin=0"/></net>

<net id="352"><net_src comp="348" pin="1"/><net_sink comp="189" pin=2"/></net>

<net id="353"><net_src comp="348" pin="1"/><net_sink comp="196" pin=2"/></net>

<net id="354"><net_src comp="348" pin="1"/><net_sink comp="203" pin=2"/></net>

<net id="355"><net_src comp="348" pin="1"/><net_sink comp="210" pin=2"/></net>

<net id="360"><net_src comp="290" pin="2"/><net_sink comp="356" pin=0"/></net>

<net id="365"><net_src comp="263" pin="2"/><net_sink comp="361" pin=0"/></net>

<net id="372"><net_src comp="94" pin="0"/><net_sink comp="366" pin=0"/></net>

<net id="373"><net_src comp="217" pin="3"/><net_sink comp="366" pin=1"/></net>

<net id="374"><net_src comp="223" pin="3"/><net_sink comp="366" pin=2"/></net>

<net id="381"><net_src comp="94" pin="0"/><net_sink comp="375" pin=0"/></net>

<net id="382"><net_src comp="229" pin="3"/><net_sink comp="375" pin=1"/></net>

<net id="383"><net_src comp="235" pin="3"/><net_sink comp="375" pin=2"/></net>

<net id="390"><net_src comp="94" pin="0"/><net_sink comp="384" pin=0"/></net>

<net id="391"><net_src comp="366" pin="4"/><net_sink comp="384" pin=1"/></net>

<net id="392"><net_src comp="375" pin="4"/><net_sink comp="384" pin=2"/></net>

<net id="398"><net_src comp="183" pin="3"/><net_sink comp="393" pin=1"/></net>

<net id="399"><net_src comp="384" pin="4"/><net_sink comp="393" pin=2"/></net>

<net id="403"><net_src comp="110" pin="1"/><net_sink comp="400" pin=0"/></net>

<net id="404"><net_src comp="400" pin="1"/><net_sink comp="250" pin=1"/></net>

<net id="405"><net_src comp="400" pin="1"/><net_sink comp="255" pin=0"/></net>

<net id="406"><net_src comp="400" pin="1"/><net_sink comp="361" pin=1"/></net>

<net id="410"><net_src comp="114" pin="1"/><net_sink comp="407" pin=0"/></net>

<net id="411"><net_src comp="407" pin="1"/><net_sink comp="245" pin=1"/></net>

<net id="412"><net_src comp="407" pin="1"/><net_sink comp="269" pin=0"/></net>

<net id="413"><net_src comp="407" pin="1"/><net_sink comp="356" pin=1"/></net>

<net id="417"><net_src comp="118" pin="2"/><net_sink comp="414" pin=0"/></net>

<net id="418"><net_src comp="414" pin="1"/><net_sink comp="393" pin=0"/></net>

<net id="422"><net_src comp="124" pin="2"/><net_sink comp="419" pin=0"/></net>

<net id="423"><net_src comp="419" pin="1"/><net_sink comp="384" pin=3"/></net>

<net id="427"><net_src comp="130" pin="2"/><net_sink comp="424" pin=0"/></net>

<net id="428"><net_src comp="424" pin="1"/><net_sink comp="343" pin=0"/></net>

<net id="432"><net_src comp="136" pin="2"/><net_sink comp="429" pin=0"/></net>

<net id="433"><net_src comp="429" pin="1"/><net_sink comp="308" pin=1"/></net>

<net id="437"><net_src comp="142" pin="2"/><net_sink comp="434" pin=0"/></net>

<net id="438"><net_src comp="434" pin="1"/><net_sink comp="276" pin=0"/></net>

<net id="442"><net_src comp="148" pin="2"/><net_sink comp="439" pin=0"/></net>

<net id="443"><net_src comp="439" pin="1"/><net_sink comp="258" pin=1"/></net>

<net id="447"><net_src comp="258" pin="2"/><net_sink comp="444" pin=0"/></net>

<net id="451"><net_src comp="176" pin="3"/><net_sink comp="448" pin=0"/></net>

<net id="452"><net_src comp="448" pin="1"/><net_sink comp="183" pin=0"/></net>

<net id="456"><net_src comp="286" pin="1"/><net_sink comp="453" pin=0"/></net>

<net id="457"><net_src comp="453" pin="1"/><net_sink comp="366" pin=3"/></net>

<net id="458"><net_src comp="453" pin="1"/><net_sink comp="375" pin=3"/></net>

<net id="462"><net_src comp="327" pin="2"/><net_sink comp="459" pin=0"/></net>

<net id="463"><net_src comp="459" pin="1"/><net_sink comp="160" pin=1"/></net>

<net id="464"><net_src comp="459" pin="1"/><net_sink comp="167" pin=1"/></net>

<net id="468"><net_src comp="189" pin="3"/><net_sink comp="465" pin=0"/></net>

<net id="469"><net_src comp="465" pin="1"/><net_sink comp="217" pin=0"/></net>

<net id="473"><net_src comp="196" pin="3"/><net_sink comp="470" pin=0"/></net>

<net id="474"><net_src comp="470" pin="1"/><net_sink comp="223" pin=0"/></net>

<net id="478"><net_src comp="203" pin="3"/><net_sink comp="475" pin=0"/></net>

<net id="479"><net_src comp="475" pin="1"/><net_sink comp="229" pin=0"/></net>

<net id="483"><net_src comp="210" pin="3"/><net_sink comp="480" pin=0"/></net>

<net id="484"><net_src comp="480" pin="1"/><net_sink comp="235" pin=0"/></net>

<net id="488"><net_src comp="393" pin="3"/><net_sink comp="485" pin=0"/></net>

<net id="489"><net_src comp="485" pin="1"/><net_sink comp="167" pin=2"/></net>

</net_list>

</model> 
---------------- Datapath Model END ------------------

* FSMD analyzer results:
  - Output states:
	Port: DATA | {3 4 5 6 7 8 9 }
 - Input state : 
	Port: accel_top_Pipeline_STORE_W : sext_ln166_1 | {1 }
	Port: accel_top_Pipeline_STORE_W : DATA | {}
	Port: accel_top_Pipeline_STORE_W : final_width | {1 }
	Port: accel_top_Pipeline_STORE_W : zext_ln164 | {1 }
	Port: accel_top_Pipeline_STORE_W : pool_output_V | {2 3 }
	Port: accel_top_Pipeline_STORE_W : output_data | {1 }
	Port: accel_top_Pipeline_STORE_W : zext_ln166_1 | {1 }
	Port: accel_top_Pipeline_STORE_W : conv_output_V | {2 3 }
	Port: accel_top_Pipeline_STORE_W : conv_output_V_1 | {2 3 }
	Port: accel_top_Pipeline_STORE_W : conv_output_V_2 | {2 3 }
	Port: accel_top_Pipeline_STORE_W : conv_output_V_3 | {2 3 }
	Port: accel_top_Pipeline_STORE_W : trunc_ln160_1 | {1 }
	Port: accel_top_Pipeline_STORE_W : icmp_ln104 | {1 }
  - Chain level:
	State 1
		store_ln0 : 1
		store_ln0 : 1
	State 2
		icmp_ln161 : 1
		add_ln161 : 1
		br_ln161 : 2
		trunc_ln164 : 1
		add_ln164 : 2
		zext_ln164_1 : 3
		pool_output_V_addr : 4
		trunc_ln161 : 1
		add_ln166 : 1
		shl_ln4 : 1
		sext_ln166_2 : 2
		add_ln166_1 : 3
		trunc_ln8 : 4
		sext_ln166 : 5
		DATA_addr : 6
		pool_output_V_load : 5
		lshr_ln166_1 : 1
		add_ln166_2 : 2
		zext_ln166 : 3
		conv_output_V_addr : 4
		conv_output_V_1_addr : 4
		conv_output_V_2_addr : 4
		conv_output_V_3_addr : 4
		conv_output_V_load : 5
		conv_output_V_1_load : 5
		conv_output_V_2_load : 5
		conv_output_V_3_load : 5
		store_ln161 : 2
		store_ln161 : 2
	State 3
		tmp : 1
		tmp_s : 1
		tmp_1 : 2
		select_ln104 : 3
	State 4
	State 5
	State 6
	State 7
	State 8
	State 9


============================================================
+ Verbose Summary: Datapath Resource usage 
============================================================

* Functional unit list:
|----------|--------------------------------|---------|---------|
| Operation|         Functional Unit        |    FF   |   LUT   |
|----------|--------------------------------|---------|---------|
|          |        add_ln161_fu_263        |    0    |    38   |
|          |        add_ln164_fu_276        |    0    |    13   |
|    add   |        add_ln166_fu_290        |    0    |    40   |
|          |       add_ln166_1_fu_308       |    0    |    71   |
|          |       add_ln166_2_fu_343       |    0    |    15   |
|----------|--------------------------------|---------|---------|
|  select  |       select_ln104_fu_393      |    0    |    32   |
|----------|--------------------------------|---------|---------|
|          |           tmp_fu_366           |    0    |    9    |
|    mux   |          tmp_s_fu_375          |    0    |    9    |
|          |          tmp_1_fu_384          |    0    |    9    |
|----------|--------------------------------|---------|---------|
|   icmp   |        icmp_ln161_fu_258       |    0    |    17   |
|----------|--------------------------------|---------|---------|
|          |   icmp_ln104_read_read_fu_118  |    0    |    0    |
|          | trunc_ln160_1_read_read_fu_124 |    0    |    0    |
|          |  zext_ln166_1_read_read_fu_130 |    0    |    0    |
|   read   |  output_data_read_read_fu_136  |    0    |    0    |
|          |   zext_ln164_read_read_fu_142  |    0    |    0    |
|          |  final_width_read_read_fu_148  |    0    |    0    |
|          |  sext_ln166_1_read_read_fu_154 |    0    |    0    |
|----------|--------------------------------|---------|---------|
| writeresp|      grp_writeresp_fu_160      |    0    |    0    |
|----------|--------------------------------|---------|---------|
|   write  |    write_ln166_write_fu_167    |    0    |    0    |
|----------|--------------------------------|---------|---------|
|          |    sext_ln166_1_cast_fu_241    |    0    |    0    |
|   sext   |       sext_ln166_2_fu_304      |    0    |    0    |
|          |        sext_ln166_fu_323       |    0    |    0    |
|----------|--------------------------------|---------|---------|
|   trunc  |       trunc_ln164_fu_272       |    0    |    0    |
|          |       trunc_ln161_fu_286       |    0    |    0    |
|----------|--------------------------------|---------|---------|
|   zext   |       zext_ln164_1_fu_281      |    0    |    0    |
|          |        zext_ln166_fu_348       |    0    |    0    |
|----------|--------------------------------|---------|---------|
|bitconcatenate|         shl_ln4_fu_296         |    0    |    0    |
|----------|--------------------------------|---------|---------|
|partselect|        trunc_ln8_fu_313        |    0    |    0    |
|          |       lshr_ln166_1_fu_333      |    0    |    0    |
|----------|--------------------------------|---------|---------|
|   Total  |                                |    0    |   253   |
|----------|--------------------------------|---------|---------|

Memories:
N/A

* Register list:
+----------------------------+--------+
|                            |   FF   |
+----------------------------+--------+
|      DATA_addr_reg_459     |   32   |
|conv_output_V_1_addr_reg_470|    8   |
|conv_output_V_2_addr_reg_475|    8   |
|conv_output_V_3_addr_reg_480|    8   |
| conv_output_V_addr_reg_465 |    8   |
|  final_width_read_reg_439  |   31   |
|   icmp_ln104_read_reg_414  |    1   |
|     icmp_ln161_reg_444     |    1   |
|       out_ptr_reg_407      |   33   |
|  output_data_read_reg_429  |   64   |
| pool_output_V_addr_reg_448 |   10   |
|    select_ln104_reg_485    |   32   |
| trunc_ln160_1_read_reg_419 |    1   |
|     trunc_ln161_reg_453    |    1   |
|          w_reg_400         |   31   |
|   zext_ln164_read_reg_434  |   10   |
|  zext_ln166_1_read_reg_424 |    8   |
+----------------------------+--------+
|            Total           |   287  |
+----------------------------+--------+

* Multiplexer (MUX) list: 
|----------------------|------|------|------|--------||---------||---------|
|         Comp         |  Pin | Size |  BW  | S x BW ||  Delay  ||   LUT   |
|----------------------|------|------|------|--------||---------||---------|
| grp_writeresp_fu_160 |  p0  |   2  |   1  |    2   |
|   grp_access_fu_183  |  p0  |   2  |  10  |   20   ||    9    |
|   grp_access_fu_217  |  p0  |   2  |   8  |   16   ||    9    |
|   grp_access_fu_223  |  p0  |   2  |   8  |   16   ||    9    |
|   grp_access_fu_229  |  p0  |   2  |   8  |   16   ||    9    |
|   grp_access_fu_235  |  p0  |   2  |   8  |   16   ||    9    |
|----------------------|------|------|------|--------||---------||---------|
|         Total        |      |      |      |   86   ||  9.528  ||    45   |
|----------------------|------|------|------|--------||---------||---------|



* Summary:
+-----------+--------+--------+--------+
|           |  Delay |   FF   |   LUT  |
+-----------+--------+--------+--------+
|  Function |    -   |    0   |   253  |
|   Memory  |    -   |    -   |    -   |
|Multiplexer|    9   |    -   |   45   |
|  Register |    -   |   287  |    -   |
+-----------+--------+--------+--------+
|   Total   |    9   |   287  |   298  |
+-----------+--------+--------+--------+
