

================================================================
== Vitis HLS Report for 'accel_top_Pipeline_LOAD_W_KH_LOAD_W_KW'
================================================================
* Date:           Fri Aug 21 20:16:10 2026

* Version:        2022.1 (Build 3526262 on Mon Apr 18 15:48:16 MDT 2022)
* Project:        cnn_accelerator
* Solution:       solution1 (Vivado IP Flow Target)
* Product family: zynq
* Target device:  xc7z020-clg484-1


================================================================
== Performance Estimates
================================================================
+ Timing: 
    * Summary: 
    +--------+----------+----------+------------+
    |  Clock |  Target  | Estimated| Uncertainty|
    +--------+----------+----------+------------+
    |ap_clk  |  10.00 ns|  8.750 ns|     1.25 ns|
    +--------+----------+----------+------------+

+ Latency: 
    * Summary: 
    +---------+---------+----------+----------+-----+-----+---------+
    |  Latency (cycles) |  Latency (absolute) |  Interval | Pipeline|
    |   min   |   max   |    min   |    max   | min | max |   Type  |
    +---------+---------+----------+----------+-----+-----+---------+
    |       11|        ?|  0.110 us|         ?|   11|    ?|       no|
    +---------+---------+----------+----------+-----+-----+---------+

    + Detail: 
        * Instance: 
        N/A

        * Loop: 
        +-----------------------+---------+---------+----------+-----------+-----------+-------+----------+
        |                       |  Latency (cycles) | Iteration|  Initiation Interval  |  Trip |          |
        |       Loop Name       |   min   |   max   |  Latency |  achieved |   target  | Count | Pipelined|
        +-----------------------+---------+---------+----------+-----------+-----------+-------+----------+
        |- LOAD_W_KH_LOAD_W_KW  |        9|        ?|        10|          1|          1|  1 ~ ?|       yes|
        +-----------------------+---------+---------+----------+-----------+-----------+-------+----------+

============================================================
+ Verbose Summary: Synthesis Manager
============================================================
InlineROM: 1
ExposeGlobal: 0
============================================================
+ Verbose Summary: CDFG Model
============================================================
IsTopModel: 0
ResetActiveHigh: 1
IsCombinational: 0
IsDatapathOnly: 0
HasWiredReturn: 1
HasMFsm: 2
HasVarLatency: 1
IsPipeline: 0
IsRtlPipelined: 0
IsInstanceOverlapped: 0
IsDontTouch: 0
HasImplIP: 0
IsGatedGlobalClock: 0

+ Individual pipeline summary: 
  * Pipeline-0: initiation interval (II) = 1, depth = 11


============================================================
+ Verbose Summary: Schedule
============================================================
* Number of FSM states : 11
* Pipeline : 1
  Pipeline-0 : II = 1, D = 11, States = { 1 2 3 4 5 6 7 8 9 10 11 }
* Dataflow Pipeline: 0

* FSM state transitions: 
1 --> 2 
2 --> 3 
3 --> 4 
4 --> 5 
5 --> 6 
6 --> 7 
7 --> 8 
8 --> 9 
9 --> 10 
10 --> 11 
11 --> 

* FSM state operations: 

State 1 <SV = 0> <Delay = 1.58>
ST_1 : Operation 13 [1/1] (0.00ns)   --->   "%kw = alloca i32 1"   --->   Operation 13 'alloca' 'kw' <Predicate = true> <Delay = 0.00>
ST_1 : Operation 14 [1/1] (0.00ns)   --->   "%w_ptr = alloca i32 1"   --->   Operation 14 'alloca' 'w_ptr' <Predicate = true> <Delay = 0.00>
ST_1 : Operation 15 [1/1] (0.00ns)   --->   "%kh = alloca i32 1"   --->   Operation 15 'alloca' 'kh' <Predicate = true> <Delay = 0.00>
ST_1 : Operation 16 [1/1] (0.00ns)   --->   "%indvar_flatten12 = alloca i32 1"   --->   Operation 16 'alloca' 'indvar_flatten12' <Predicate = true> <Delay = 0.00>
ST_1 : Operation 17 [1/1] (0.00ns)   --->   "%trunc_ln4_read = read i2 @_ssdm_op_Read.ap_auto.i2, i2 %trunc_ln4"   --->   Operation 17 'read' 'trunc_ln4_read' <Predicate = true> <Delay = 0.00>
ST_1 : Operation 18 [1/1] (0.00ns)   --->   "%weight_data_read = read i64 @_ssdm_op_Read.ap_auto.i64, i64 %weight_data"   --->   Operation 18 'read' 'weight_data_read' <Predicate = true> <Delay = 0.00>
ST_1 : Operation 19 [1/1] (0.00ns)   --->   "%sub_ln119_read = read i36 @_ssdm_op_Read.ap_auto.i36, i36 %sub_ln119"   --->   Operation 19 'read' 'sub_ln119_read' <Predicate = true> <Delay = 0.00>
ST_1 : Operation 20 [1/1] (0.00ns)   --->   "%mul_ln101_read = read i62 @_ssdm_op_Read.ap_auto.i62, i62 %mul_ln101"   --->   Operation 20 'read' 'mul_ln101_read' <Predicate = true> <Delay = 0.00>
ST_1 : Operation 21 [1/1] (0.00ns)   --->   "%kernel_size_read = read i31 @_ssdm_op_Read.ap_auto.i31, i31 %kernel_size"   --->   Operation 21 'read' 'kernel_size_read' <Predicate = true> <Delay = 0.00>
ST_1 : Operation 22 [1/1] (0.00ns)   --->   "%w_ptr_1_read = read i32 @_ssdm_op_Read.ap_auto.i32, i32 %w_ptr_1"   --->   Operation 22 'read' 'w_ptr_1_read' <Predicate = true> <Delay = 0.00>
ST_1 : Operation 23 [1/1] (0.00ns)   --->   "%kernel_size_cast = zext i31 %kernel_size_read"   --->   Operation 23 'zext' 'kernel_size_cast' <Predicate = true> <Delay = 0.00>
ST_1 : Operation 24 [1/1] (0.00ns)   --->   "%sub_ln119_cast = sext i36 %sub_ln119_read"   --->   Operation 24 'sext' 'sub_ln119_cast' <Predicate = true> <Delay = 0.00>
ST_1 : Operation 25 [1/1] (0.00ns)   --->   "%specmemcore_ln0 = specmemcore void @_ssdm_op_SpecMemCore, i8 %local_weights_V, i64 666, i64 22, i64 18446744073709551615"   --->   Operation 25 'specmemcore' 'specmemcore_ln0' <Predicate = true> <Delay = 0.00>
ST_1 : Operation 26 [1/1] (0.00ns)   --->   "%specinterface_ln0 = specinterface void @_ssdm_op_SpecInterface, i32 %DATA, void @empty_19, i32 0, i32 0, void @empty_23, i32 0, i32 65536, void @empty_31, void @empty_25, void @empty_23, i32 16, i32 16, i32 16, i32 16, void @empty_23, void @empty_23, i32 4294967295, i32 0"   --->   Operation 26 'specinterface' 'specinterface_ln0' <Predicate = true> <Delay = 0.00>
ST_1 : Operation 27 [1/1] (1.58ns)   --->   "%store_ln0 = store i62 0, i62 %indvar_flatten12"   --->   Operation 27 'store' 'store_ln0' <Predicate = true> <Delay = 1.58>
ST_1 : Operation 28 [1/1] (1.58ns)   --->   "%store_ln0 = store i31 0, i31 %kh"   --->   Operation 28 'store' 'store_ln0' <Predicate = true> <Delay = 1.58>
ST_1 : Operation 29 [1/1] (1.58ns)   --->   "%store_ln0 = store i32 %w_ptr_1_read, i32 %w_ptr"   --->   Operation 29 'store' 'store_ln0' <Predicate = true> <Delay = 1.58>
ST_1 : Operation 30 [1/1] (1.58ns)   --->   "%store_ln0 = store i12 0, i12 %kw"   --->   Operation 30 'store' 'store_ln0' <Predicate = true> <Delay = 1.58>
ST_1 : Operation 31 [1/1] (0.00ns)   --->   "%br_ln0 = br void %for.inc120"   --->   Operation 31 'br' 'br_ln0' <Predicate = true> <Delay = 0.00>

State 2 <SV = 1> <Delay = 8.55>
ST_2 : Operation 32 [1/1] (0.00ns)   --->   "%kw_1 = load i12 %kw" [src/accel_top.cpp:117]   --->   Operation 32 'load' 'kw_1' <Predicate = true> <Delay = 0.00>
ST_2 : Operation 33 [1/1] (0.00ns)   --->   "%indvar_flatten12_load = load i62 %indvar_flatten12" [src/accel_top.cpp:116]   --->   Operation 33 'load' 'indvar_flatten12_load' <Predicate = true> <Delay = 0.00>
ST_2 : Operation 34 [1/1] (0.00ns)   --->   "%specbitsmap_ln0 = specbitsmap void @_ssdm_op_SpecBitsMap, i32 %DATA"   --->   Operation 34 'specbitsmap' 'specbitsmap_ln0' <Predicate = true> <Delay = 0.00>
ST_2 : Operation 35 [1/1] (0.00ns)   --->   "%zext_ln117_1 = zext i12 %kw_1" [src/accel_top.cpp:117]   --->   Operation 35 'zext' 'zext_ln117_1' <Predicate = true> <Delay = 0.00>
ST_2 : Operation 36 [1/1] (2.47ns)   --->   "%icmp_ln117 = icmp_eq  i31 %zext_ln117_1, i31 %kernel_size_read" [src/accel_top.cpp:117]   --->   Operation 36 'icmp' 'icmp_ln117' <Predicate = true> <Delay = 2.47> <CoreInst = "Cmp">   --->   Core 9 'Cmp' <Latency = 0> <II = 1> <Delay = 2.47> <FuncUnit> <Opcode : 'icmp'> <InPorts = 2> <OutPorts = 1>
ST_2 : Operation 37 [1/1] (2.79ns)   --->   "%icmp_ln116 = icmp_eq  i62 %indvar_flatten12_load, i62 %mul_ln101_read" [src/accel_top.cpp:116]   --->   Operation 37 'icmp' 'icmp_ln116' <Predicate = true> <Delay = 2.79> <CoreInst = "Cmp">   --->   Core 9 'Cmp' <Latency = 0> <II = 1> <Delay = 2.79> <FuncUnit> <Opcode : 'icmp'> <InPorts = 2> <OutPorts = 1>
ST_2 : Operation 38 [1/1] (0.00ns)   --->   "%empty = speclooptripcount i32 @_ssdm_op_SpecLoopTripCount, i64 1, i64 18446744073709551615, i64 0"   --->   Operation 38 'speclooptripcount' 'empty' <Predicate = true> <Delay = 0.00>
ST_2 : Operation 39 [1/1] (3.46ns)   --->   "%add_ln116 = add i62 %indvar_flatten12_load, i62 1" [src/accel_top.cpp:116]   --->   Operation 39 'add' 'add_ln116' <Predicate = true> <Delay = 3.46> <CoreInst = "Adder">   --->   Core 1 'Adder' <Latency = 0> <II = 1> <Delay = 3.46> <FuncUnit> <Opcode : 'add' 'sub'> <InPorts = 2> <OutPorts = 1>
ST_2 : Operation 40 [1/1] (0.00ns)   --->   "%br_ln116 = br i1 %icmp_ln116, void %for.inc123, void %for.inc126.loopexit.exitStub" [src/accel_top.cpp:116]   --->   Operation 40 'br' 'br_ln116' <Predicate = true> <Delay = 0.00>
ST_2 : Operation 41 [1/1] (0.00ns)   --->   "%w_ptr_load = load i32 %w_ptr" [src/accel_top.cpp:116]   --->   Operation 41 'load' 'w_ptr_load' <Predicate = (!icmp_ln116)> <Delay = 0.00>
ST_2 : Operation 42 [1/1] (0.00ns)   --->   "%kh_load = load i31 %kh" [src/accel_top.cpp:116]   --->   Operation 42 'load' 'kh_load' <Predicate = (!icmp_ln116)> <Delay = 0.00>
ST_2 : Operation 43 [1/1] (2.55ns)   --->   "%add_ln116_1 = add i32 %w_ptr_load, i32 %kernel_size_cast" [src/accel_top.cpp:116]   --->   Operation 43 'add' 'add_ln116_1' <Predicate = (!icmp_ln116)> <Delay = 2.55> <CoreInst = "Adder">   --->   Core 1 'Adder' <Latency = 0> <II = 1> <Delay = 2.55> <FuncUnit> <Opcode : 'add' 'sub'> <InPorts = 2> <OutPorts = 1>
ST_2 : Operation 44 [1/1] (2.52ns)   --->   "%add_ln116_2 = add i31 %kh_load, i31 1" [src/accel_top.cpp:116]   --->   Operation 44 'add' 'add_ln116_2' <Predicate = (!icmp_ln116)> <Delay = 2.52> <CoreInst = "Adder">   --->   Core 1 'Adder' <Latency = 0> <II = 1> <Delay = 2.52> <FuncUnit> <Opcode : 'add' 'sub'> <InPorts = 2> <OutPorts = 1>
ST_2 : Operation 45 [1/1] (0.69ns)   --->   "%select_ln116 = select i1 %icmp_ln117, i12 0, i12 %kw_1" [src/accel_top.cpp:116]   --->   Operation 45 'select' 'select_ln116' <Predicate = (!icmp_ln116)> <Delay = 0.69> <CoreInst = "Sel">   --->   Core 73 'Sel' <Latency = 0> <II = 1> <Delay = 0.69> <FuncUnit> <Opcode : 'select'> <InPorts = 3> <OutPorts = 1>
ST_2 : Operation 46 [1/1] (0.73ns)   --->   "%select_ln116_1 = select i1 %icmp_ln117, i31 %add_ln116_2, i31 %kh_load" [src/accel_top.cpp:116]   --->   Operation 46 'select' 'select_ln116_1' <Predicate = (!icmp_ln116)> <Delay = 0.73> <CoreInst = "Sel">   --->   Core 73 'Sel' <Latency = 0> <II = 1> <Delay = 0.73> <FuncUnit> <Opcode : 'select'> <InPorts = 3> <OutPorts = 1>
ST_2 : Operation 47 [1/1] (0.00ns)   --->   "%zext_ln119 = zext i31 %select_ln116_1" [src/accel_top.cpp:119]   --->   Operation 47 'zext' 'zext_ln119' <Predicate = (!icmp_ln116)> <Delay = 0.00>
ST_2 : Operation 48 [1/1] (2.71ns)   --->   "%add_ln119_1 = add i37 %sub_ln119_cast, i37 %zext_ln119" [src/accel_top.cpp:119]   --->   Operation 48 'add' 'add_ln119_1' <Predicate = (!icmp_ln116)> <Delay = 2.71> <CoreInst = "Adder">   --->   Core 1 'Adder' <Latency = 0> <II = 1> <Delay = 2.71> <FuncUnit> <Opcode : 'add' 'sub'> <InPorts = 2> <OutPorts = 1>
ST_2 : Operation 49 [1/1] (0.00ns)   --->   "%trunc_ln119 = trunc i37 %add_ln119_1" [src/accel_top.cpp:119]   --->   Operation 49 'trunc' 'trunc_ln119' <Predicate = (!icmp_ln116)> <Delay = 0.00>
ST_2 : Operation 50 [1/1] (0.00ns)   --->   "%trunc_ln119_1 = trunc i37 %add_ln119_1" [src/accel_top.cpp:119]   --->   Operation 50 'trunc' 'trunc_ln119_1' <Predicate = (!icmp_ln116)> <Delay = 0.00>
ST_2 : Operation 51 [1/1] (0.69ns)   --->   "%select_ln116_2 = select i1 %icmp_ln117, i32 %add_ln116_1, i32 %w_ptr_load" [src/accel_top.cpp:116]   --->   Operation 51 'select' 'select_ln116_2' <Predicate = (!icmp_ln116)> <Delay = 0.69> <CoreInst = "Sel">   --->   Core 73 'Sel' <Latency = 0> <II = 1> <Delay = 0.69> <FuncUnit> <Opcode : 'select'> <InPorts = 3> <OutPorts = 1>
ST_2 : Operation 52 [1/1] (0.00ns)   --->   "%trunc_ln116 = trunc i32 %select_ln116_2" [src/accel_top.cpp:116]   --->   Operation 52 'trunc' 'trunc_ln116' <Predicate = (!icmp_ln116)> <Delay = 0.00>
ST_2 : Operation 53 [1/1] (0.00ns)   --->   "%sext_ln116 = sext i32 %select_ln116_2" [src/accel_top.cpp:116]   --->   Operation 53 'sext' 'sext_ln116' <Predicate = (!icmp_ln116)> <Delay = 0.00>
ST_2 : Operation 54 [1/1] (0.00ns) (grouped into TernaryAdder)   --->   "%add_ln116_3 = add i64 %sext_ln116, i64 %weight_data_read" [src/accel_top.cpp:116]   --->   Operation 54 'add' 'add_ln116_3' <Predicate = (!icmp_ln116)> <Delay = 0.00> <CoreInst = "TAddSub">   --->   Core 10 'TAddSub' <Latency = 0> <II = 1> <Delay = 1.89> <IPBlock> <Opcode : 'add' 'sub'> <InPorts = 3> <OutPorts = 1> <Sync> <CReg>
ST_2 : Operation 55 [1/1] (0.00ns)   --->   "%zext_ln117 = zext i12 %select_ln116" [src/accel_top.cpp:117]   --->   Operation 55 'zext' 'zext_ln117' <Predicate = (!icmp_ln116)> <Delay = 0.00>
ST_2 : Operation 56 [1/1] (0.00ns)   --->   "%trunc_ln119_3 = trunc i12 %select_ln116" [src/accel_top.cpp:119]   --->   Operation 56 'trunc' 'trunc_ln119_3' <Predicate = (!icmp_ln116)> <Delay = 0.00>
ST_2 : Operation 57 [1/1] (5.30ns) (root node of TernaryAdder)   --->   "%add_ln119 = add i64 %add_ln116_3, i64 %zext_ln117" [src/accel_top.cpp:119]   --->   Operation 57 'add' 'add_ln119' <Predicate = (!icmp_ln116)> <Delay = 5.30> <CoreInst = "TAddSub">   --->   Core 10 'TAddSub' <Latency = 0> <II = 1> <Delay = 1.89> <IPBlock> <Opcode : 'add' 'sub'> <InPorts = 3> <OutPorts = 1> <Sync> <CReg>
ST_2 : Operation 58 [1/1] (0.00ns)   --->   "%trunc_ln119_2 = partselect i62 @_ssdm_op_PartSelect.i62.i64.i32.i32, i64 %add_ln119, i32 2, i32 63" [src/accel_top.cpp:119]   --->   Operation 58 'partselect' 'trunc_ln119_2' <Predicate = (!icmp_ln116)> <Delay = 0.00>
ST_2 : Operation 59 [1/1] (0.00ns)   --->   "%sext_ln119 = sext i62 %trunc_ln119_2" [src/accel_top.cpp:119]   --->   Operation 59 'sext' 'sext_ln119' <Predicate = (!icmp_ln116)> <Delay = 0.00>
ST_2 : Operation 60 [1/1] (0.00ns)   --->   "%DATA_addr = getelementptr i32 %DATA, i64 %sext_ln119" [src/accel_top.cpp:119]   --->   Operation 60 'getelementptr' 'DATA_addr' <Predicate = (!icmp_ln116)> <Delay = 0.00>
ST_2 : Operation 61 [1/1] (0.00ns) (grouped into TernaryAdder)   --->   "%add_ln119_3 = add i2 %trunc_ln4_read, i2 %trunc_ln119_3" [src/accel_top.cpp:119]   --->   Operation 61 'add' 'add_ln119_3' <Predicate = (!icmp_ln116)> <Delay = 0.00> <CoreInst = "TAddSub">   --->   Core 10 'TAddSub' <Latency = 0> <II = 1> <Delay = 1.89> <IPBlock> <Opcode : 'add' 'sub'> <InPorts = 3> <OutPorts = 1> <Sync> <CReg>
ST_2 : Operation 62 [1/1] (2.07ns) (root node of TernaryAdder)   --->   "%add_ln119_2 = add i2 %add_ln119_3, i2 %trunc_ln116" [src/accel_top.cpp:119]   --->   Operation 62 'add' 'add_ln119_2' <Predicate = (!icmp_ln116)> <Delay = 2.07> <CoreInst = "TAddSub">   --->   Core 10 'TAddSub' <Latency = 0> <II = 1> <Delay = 1.89> <IPBlock> <Opcode : 'add' 'sub'> <InPorts = 3> <OutPorts = 1> <Sync> <CReg>
ST_2 : Operation 63 [1/1] (1.54ns)   --->   "%add_ln117 = add i12 %select_ln116, i12 1" [src/accel_top.cpp:117]   --->   Operation 63 'add' 'add_ln117' <Predicate = (!icmp_ln116)> <Delay = 1.54> <CoreInst = "Adder">   --->   Core 1 'Adder' <Latency = 0> <II = 1> <Delay = 1.54> <FuncUnit> <Opcode : 'add' 'sub'> <InPorts = 2> <OutPorts = 1>
ST_2 : Operation 64 [1/1] (1.58ns)   --->   "%store_ln117 = store i62 %add_ln116, i62 %indvar_flatten12" [src/accel_top.cpp:117]   --->   Operation 64 'store' 'store_ln117' <Predicate = (!icmp_ln116)> <Delay = 1.58>
ST_2 : Operation 65 [1/1] (1.58ns)   --->   "%store_ln117 = store i31 %select_ln116_1, i31 %kh" [src/accel_top.cpp:117]   --->   Operation 65 'store' 'store_ln117' <Predicate = (!icmp_ln116)> <Delay = 1.58>
ST_2 : Operation 66 [1/1] (1.58ns)   --->   "%store_ln117 = store i32 %select_ln116_2, i32 %w_ptr" [src/accel_top.cpp:117]   --->   Operation 66 'store' 'store_ln117' <Predicate = (!icmp_ln116)> <Delay = 1.58>
ST_2 : Operation 67 [1/1] (1.58ns)   --->   "%store_ln117 = store i12 %add_ln117, i12 %kw" [src/accel_top.cpp:117]   --->   Operation 67 'store' 'store_ln117' <Predicate = (!icmp_ln116)> <Delay = 1.58>

State 3 <SV = 2> <Delay = 8.75>
ST_3 : Operation 68 [1/1] (0.00ns)   --->   "%p_shl = bitconcatenate i12 @_ssdm_op_BitConcatenate.i12.i9.i3, i9 %trunc_ln119_1, i3 0" [src/accel_top.cpp:119]   --->   Operation 68 'bitconcatenate' 'p_shl' <Predicate = true> <Delay = 0.00>
ST_3 : Operation 69 [1/1] (0.00ns) (grouped into TernaryAdder)   --->   "%sub_ln119_1 = sub i12 %p_shl, i12 %trunc_ln119" [src/accel_top.cpp:119]   --->   Operation 69 'sub' 'sub_ln119_1' <Predicate = true> <Delay = 0.00> <CoreInst = "TAddSub">   --->   Core 10 'TAddSub' <Latency = 0> <II = 1> <Delay = 1.89> <IPBlock> <Opcode : 'add' 'sub'> <InPorts = 3> <OutPorts = 1> <Sync> <CReg>
ST_3 : Operation 70 [1/1] (3.78ns) (root node of TernaryAdder)   --->   "%add_ln119_4 = add i12 %sub_ln119_1, i12 %select_ln116" [src/accel_top.cpp:119]   --->   Operation 70 'add' 'add_ln119_4' <Predicate = true> <Delay = 3.78> <CoreInst = "TAddSub">   --->   Core 10 'TAddSub' <Latency = 0> <II = 1> <Delay = 1.89> <IPBlock> <Opcode : 'add' 'sub'> <InPorts = 3> <OutPorts = 1> <Sync> <CReg>
ST_3 : Operation 71 [7/7] (8.75ns)   --->   "%DATA_load_2_req = readreq i1 @_ssdm_op_ReadReq.m_axi.i32P1A, i32 %DATA_addr, i32 1" [src/accel_top.cpp:119]   --->   Operation 71 'readreq' 'DATA_load_2_req' <Predicate = true> <Delay = 8.75> <CoreInst = "m_axi">   --->   Core 113 'm_axi' <Latency = 0> <II = 1> <Delay = 1.00> <Adapter> <Opcode : 'read' 'write' 'readreq' 'writereq' 'writeresp'>

State 4 <SV = 3> <Delay = 8.75>
ST_4 : Operation 72 [6/7] (8.75ns)   --->   "%DATA_load_2_req = readreq i1 @_ssdm_op_ReadReq.m_axi.i32P1A, i32 %DATA_addr, i32 1" [src/accel_top.cpp:119]   --->   Operation 72 'readreq' 'DATA_load_2_req' <Predicate = true> <Delay = 8.75> <CoreInst = "m_axi">   --->   Core 113 'm_axi' <Latency = 0> <II = 1> <Delay = 1.00> <Adapter> <Opcode : 'read' 'write' 'readreq' 'writereq' 'writeresp'>

State 5 <SV = 4> <Delay = 8.75>
ST_5 : Operation 73 [5/7] (8.75ns)   --->   "%DATA_load_2_req = readreq i1 @_ssdm_op_ReadReq.m_axi.i32P1A, i32 %DATA_addr, i32 1" [src/accel_top.cpp:119]   --->   Operation 73 'readreq' 'DATA_load_2_req' <Predicate = true> <Delay = 8.75> <CoreInst = "m_axi">   --->   Core 113 'm_axi' <Latency = 0> <II = 1> <Delay = 1.00> <Adapter> <Opcode : 'read' 'write' 'readreq' 'writereq' 'writeresp'>

State 6 <SV = 5> <Delay = 8.75>
ST_6 : Operation 74 [4/7] (8.75ns)   --->   "%DATA_load_2_req = readreq i1 @_ssdm_op_ReadReq.m_axi.i32P1A, i32 %DATA_addr, i32 1" [src/accel_top.cpp:119]   --->   Operation 74 'readreq' 'DATA_load_2_req' <Predicate = true> <Delay = 8.75> <CoreInst = "m_axi">   --->   Core 113 'm_axi' <Latency = 0> <II = 1> <Delay = 1.00> <Adapter> <Opcode : 'read' 'write' 'readreq' 'writereq' 'writeresp'>

State 7 <SV = 6> <Delay = 8.75>
ST_7 : Operation 75 [3/7] (8.75ns)   --->   "%DATA_load_2_req = readreq i1 @_ssdm_op_ReadReq.m_axi.i32P1A, i32 %DATA_addr, i32 1" [src/accel_top.cpp:119]   --->   Operation 75 'readreq' 'DATA_load_2_req' <Predicate = true> <Delay = 8.75> <CoreInst = "m_axi">   --->   Core 113 'm_axi' <Latency = 0> <II = 1> <Delay = 1.00> <Adapter> <Opcode : 'read' 'write' 'readreq' 'writereq' 'writeresp'>

State 8 <SV = 7> <Delay = 8.75>
ST_8 : Operation 76 [2/7] (8.75ns)   --->   "%DATA_load_2_req = readreq i1 @_ssdm_op_ReadReq.m_axi.i32P1A, i32 %DATA_addr, i32 1" [src/accel_top.cpp:119]   --->   Operation 76 'readreq' 'DATA_load_2_req' <Predicate = true> <Delay = 8.75> <CoreInst = "m_axi">   --->   Core 113 'm_axi' <Latency = 0> <II = 1> <Delay = 1.00> <Adapter> <Opcode : 'read' 'write' 'readreq' 'writereq' 'writeresp'>

State 9 <SV = 8> <Delay = 8.75>
ST_9 : Operation 77 [1/7] (8.75ns)   --->   "%DATA_load_2_req = readreq i1 @_ssdm_op_ReadReq.m_axi.i32P1A, i32 %DATA_addr, i32 1" [src/accel_top.cpp:119]   --->   Operation 77 'readreq' 'DATA_load_2_req' <Predicate = true> <Delay = 8.75> <CoreInst = "m_axi">   --->   Core 113 'm_axi' <Latency = 0> <II = 1> <Delay = 1.00> <Adapter> <Opcode : 'read' 'write' 'readreq' 'writereq' 'writeresp'>

State 10 <SV = 9> <Delay = 8.75>
ST_10 : Operation 78 [1/1] (8.75ns)   --->   "%DATA_addr_read = read i32 @_ssdm_op_Read.m_axi.i32P1A, i32 %DATA_addr" [src/accel_top.cpp:119]   --->   Operation 78 'read' 'DATA_addr_read' <Predicate = true> <Delay = 8.75> <CoreInst = "m_axi">   --->   Core 113 'm_axi' <Latency = 0> <II = 1> <Delay = 1.00> <Adapter> <Opcode : 'read' 'write' 'readreq' 'writereq' 'writeresp'>
ST_10 : Operation 90 [1/1] (0.00ns)   --->   "%ret_ln0 = ret"   --->   Operation 90 'ret' 'ret_ln0' <Predicate = (icmp_ln116)> <Delay = 0.00>

State 11 <SV = 10> <Delay = 7.67>
ST_11 : Operation 79 [1/1] (0.00ns)   --->   "%specloopname_ln0 = specloopname void @_ssdm_op_SpecLoopName, void @LOAD_W_KH_LOAD_W_KW_str"   --->   Operation 79 'specloopname' 'specloopname_ln0' <Predicate = true> <Delay = 0.00>
ST_11 : Operation 80 [1/1] (0.00ns)   --->   "%zext_ln119_2 = zext i12 %add_ln119_4" [src/accel_top.cpp:119]   --->   Operation 80 'zext' 'zext_ln119_2' <Predicate = true> <Delay = 0.00>
ST_11 : Operation 81 [1/1] (0.00ns)   --->   "%local_weights_V_addr = getelementptr i8 %local_weights_V, i64 0, i64 %zext_ln119_2" [src/accel_top.cpp:119]   --->   Operation 81 'getelementptr' 'local_weights_V_addr' <Predicate = true> <Delay = 0.00>
ST_11 : Operation 82 [1/1] (0.00ns)   --->   "%specpipeline_ln118 = specpipeline void @_ssdm_op_SpecPipeline, i32 1, i32 0, i32 0, i32 0, void @empty_23" [src/accel_top.cpp:118]   --->   Operation 82 'specpipeline' 'specpipeline_ln118' <Predicate = true> <Delay = 0.00>
ST_11 : Operation 83 [1/1] (0.00ns)   --->   "%specloopname_ln117 = specloopname void @_ssdm_op_SpecLoopName, void @empty_11" [src/accel_top.cpp:117]   --->   Operation 83 'specloopname' 'specloopname_ln117' <Predicate = true> <Delay = 0.00>
ST_11 : Operation 84 [1/1] (0.00ns)   --->   "%shl_ln3 = bitconcatenate i5 @_ssdm_op_BitConcatenate.i5.i2.i3, i2 %add_ln119_2, i3 0" [src/accel_top.cpp:119]   --->   Operation 84 'bitconcatenate' 'shl_ln3' <Predicate = true> <Delay = 0.00>
ST_11 : Operation 85 [1/1] (0.00ns)   --->   "%zext_ln119_1 = zext i5 %shl_ln3" [src/accel_top.cpp:119]   --->   Operation 85 'zext' 'zext_ln119_1' <Predicate = true> <Delay = 0.00>
ST_11 : Operation 86 [1/1] (4.42ns)   --->   "%lshr_ln119 = lshr i32 %DATA_addr_read, i32 %zext_ln119_1" [src/accel_top.cpp:119]   --->   Operation 86 'lshr' 'lshr_ln119' <Predicate = true> <Delay = 4.42> <CoreInst = "Shifter">   --->   Core 75 'Shifter' <Latency = 0> <II = 1> <Delay = 4.42> <FuncUnit> <Opcode : 'shl' 'lshr' 'ashr'> <InPorts = 2> <OutPorts = 1>
ST_11 : Operation 87 [1/1] (0.00ns)   --->   "%trunc_ln119_4 = trunc i32 %lshr_ln119" [src/accel_top.cpp:119]   --->   Operation 87 'trunc' 'trunc_ln119_4' <Predicate = true> <Delay = 0.00>
ST_11 : Operation 88 [1/1] (3.25ns)   --->   "%store_ln119 = store i8 %trunc_ln119_4, i12 %local_weights_V_addr" [src/accel_top.cpp:119]   --->   Operation 88 'store' 'store_ln119' <Predicate = true> <Delay = 3.25> <CoreInst = "RAM_2P_BRAM">   --->   Core 91 'RAM_2P_BRAM' <Latency = 1> <II = 1> <Delay = 3.25> <Storage> <Opcode : 'load' 'store'> <Ports = 2> <Width = 8> <Depth = 3136> <RAM>
ST_11 : Operation 89 [1/1] (0.00ns)   --->   "%br_ln117 = br void %for.inc120" [src/accel_top.cpp:117]   --->   Operation 89 'br' 'br_ln117' <Predicate = true> <Delay = 0.00>


============================================================
+ Verbose Summary: Binding
============================================================
STG Binding: 
---------------- STG Properties BEGIN ----------------
- Is combinational: 0
- Is one-state seq: 0
- Is datapath-only: 0
- Is pipelined: 0
- Is top level: 0
Port [ Return ] is wired: 1; IO mode=ap_ctrl_hs:ce=0
Port [ w_ptr_1]:  wired=1; compound=0; hidden=0; nouse=0; global=0; static=0; extern=0; dir=0; type=0; pingpong=0; private_global=0; IO mode=ap_none:ce=0
Port [ DATA]:  wired=1; compound=1; hidden=0; nouse=0; global=0; static=0; extern=0; dir=0; type=4; pingpong=0; private_global=0; IO mode=m_axi:ce=0
Port [ kernel_size]:  wired=1; compound=0; hidden=0; nouse=0; global=0; static=0; extern=0; dir=0; type=0; pingpong=0; private_global=0; IO mode=ap_none:ce=0
Port [ mul_ln101]:  wired=1; compound=0; hidden=0; nouse=0; global=0; static=0; extern=0; dir=0; type=0; pingpong=0; private_global=0; IO mode=ap_none:ce=0
Port [ sub_ln119]:  wired=1; compound=0; hidden=0; nouse=0; global=0; static=0; extern=0; dir=0; type=0; pingpong=0; private_global=0; IO mode=ap_none:ce=0
Port [ weight_data]:  wired=1; compound=0; hidden=0; nouse=0; global=0; static=0; extern=0; dir=0; type=0; pingpong=0; private_global=0; IO mode=ap_none:ce=0
Port [ local_weights_V]:  wired=1; compound=1; hidden=0; nouse=0; global=0; static=0; extern=0; dir=1; type=1; pingpong=0; private_global=0; MemPort=[30]; IO mode=ap_memory:ce=0
Port [ trunc_ln4]:  wired=1; compound=0; hidden=0; nouse=0; global=0; static=0; extern=0; dir=0; type=0; pingpong=0; private_global=0; IO mode=ap_none:ce=0
---------------- STG Properties END ------------------

---------------- Datapath Model BEGIN ----------------

<LifeTime>
<method=bitvector/>
kw                    (alloca           ) [ 011000000000]
w_ptr                 (alloca           ) [ 011000000000]
kh                    (alloca           ) [ 011000000000]
indvar_flatten12      (alloca           ) [ 011000000000]
trunc_ln4_read        (read             ) [ 011000000000]
weight_data_read      (read             ) [ 011000000000]
sub_ln119_read        (read             ) [ 000000000000]
mul_ln101_read        (read             ) [ 011000000000]
kernel_size_read      (read             ) [ 011000000000]
w_ptr_1_read          (read             ) [ 000000000000]
kernel_size_cast      (zext             ) [ 011000000000]
sub_ln119_cast        (sext             ) [ 011000000000]
specmemcore_ln0       (specmemcore      ) [ 000000000000]
specinterface_ln0     (specinterface    ) [ 000000000000]
store_ln0             (store            ) [ 000000000000]
store_ln0             (store            ) [ 000000000000]
store_ln0             (store            ) [ 000000000000]
store_ln0             (store            ) [ 000000000000]
br_ln0                (br               ) [ 000000000000]
kw_1                  (load             ) [ 000000000000]
indvar_flatten12_load (load             ) [ 000000000000]
specbitsmap_ln0       (specbitsmap      ) [ 000000000000]
zext_ln117_1          (zext             ) [ 000000000000]
icmp_ln117            (icmp             ) [ 000000000000]
icmp_ln116            (icmp             ) [ 011111111110]
empty                 (speclooptripcount) [ 000000000000]
add_ln116             (add              ) [ 000000000000]
br_ln116              (br               ) [ 000000000000]
w_ptr_load            (load             ) [ 000000000000]
kh_load               (load             ) [ 000000000000]
add_ln116_1           (add              ) [ 000000000000]
add_ln116_2           (add              ) [ 000000000000]
select_ln116          (select           ) [ 010100000000]
select_ln116_1        (select           ) [ 000000000000]
zext_ln119            (zext             ) [ 000000000000]
add_ln119_1           (add              ) [ 000000000000]
trunc_ln119           (trunc            ) [ 010100000000]
trunc_ln119_1         (trunc            ) [ 010100000000]
select_ln116_2        (select           ) [ 000000000000]
trunc_ln116           (trunc            ) [ 000000000000]
sext_ln116            (sext             ) [ 000000000000]
add_ln116_3           (add              ) [ 000000000000]
zext_ln117            (zext             ) [ 000000000000]
trunc_ln119_3         (trunc            ) [ 000000000000]
add_ln119             (add              ) [ 000000000000]
trunc_ln119_2         (partselect       ) [ 000000000000]
sext_ln119            (sext             ) [ 000000000000]
DATA_addr             (getelementptr    ) [ 010111111110]
add_ln119_3           (add              ) [ 000000000000]
add_ln119_2           (add              ) [ 010111111111]
add_ln117             (add              ) [ 000000000000]
store_ln117           (store            ) [ 000000000000]
store_ln117           (store            ) [ 000000000000]
store_ln117           (store            ) [ 000000000000]
store_ln117           (store            ) [ 000000000000]
p_shl                 (bitconcatenate   ) [ 000000000000]
sub_ln119_1           (sub              ) [ 000000000000]
add_ln119_4           (add              ) [ 010011111111]
DATA_load_2_req       (readreq          ) [ 000000000000]
DATA_addr_read        (read             ) [ 010000000001]
specloopname_ln0      (specloopname     ) [ 000000000000]
zext_ln119_2          (zext             ) [ 000000000000]
local_weights_V_addr  (getelementptr    ) [ 000000000000]
specpipeline_ln118    (specpipeline     ) [ 000000000000]
specloopname_ln117    (specloopname     ) [ 000000000000]
shl_ln3               (bitconcatenate   ) [ 000000000000]
zext_ln119_1          (zext             ) [ 000000000000]
lshr_ln119            (lshr             ) [ 000000000000]
trunc_ln119_4         (trunc            ) [ 000000000000]
store_ln119           (store            ) [ 000000000000]
br_ln117              (br               ) [ 000000000000]
ret_ln0               (ret              ) [ 000000000000]
</LifeTime>

<model>

<comp_list>
<comp id="0" class="1000" name="w_ptr_1">
<pin_list>
<pin id="1" dir="1" index="0" bw="1" slack="0"/>
</pin_list>
<bind>
<StgValue><ssdm name="w_ptr_1"/></StgValue>
</bind>
</comp>

<comp id="2" class="1000" name="DATA">
<pin_list>
<pin id="3" dir="1" index="0" bw="1" slack="0"/>
</pin_list>
<bind>
<StgValue><ssdm name="DATA"/></StgValue>
</bind>
</comp>

<comp id="4" class="1000" name="kernel_size">
<pin_list>
<pin id="5" dir="1" index="0" bw="1" slack="0"/>
</pin_list>
<bind>
<StgValue><ssdm name="kernel_size"/></StgValue>
</bind>
</comp>

<comp id="6" class="1000" name="mul_ln101">
<pin_list>
<pin id="7" dir="1" index="0" bw="1" slack="0"/>
</pin_list>
<bind>
<StgValue><ssdm name="mul_ln101"/></StgValue>
</bind>
</comp>

<comp id="8" class="1000" name="sub_ln119">
<pin_list>
<pin id="9" dir="1" index="0" bw="1" slack="0"/>
</pin_list>
<bind>
<StgValue><ssdm name="sub_ln119"/></StgValue>
</bind>
</comp>

<comp id="10" class="1000" name="weight_data">
<pin_list>
<pin id="11" dir="1" index="0" bw="1" slack="0"/>
</pin_list>
<bind>
<StgValue><ssdm name="weight_data"/></StgValue>
</bind>
</comp>

<comp id="12" class="1000" name="local_weights_V">
<pin_list>
<pin id="13" dir="1" index="0" bw="1" slack="0"/>
</pin_list>
<bind>
<StgValue><ssdm name="local_weights_V"/><MemPortTyVec>3 0 </MemPortTyVec>
</StgValue>
</bind>
</comp>

<comp id="14" class="1000" name="trunc_ln4">
<pin_list>
<pin id="15" dir="1" index="0" bw="1" slack="0"/>
</pin_list>
<bind>
<StgValue><ssdm name="trunc_ln4"/></StgValue>
</bind>
</comp>

<comp id="16" class="1001" name="const_16">
<pin_list>
<pin id="17" dir="1" index="0" bw="1" slack="0"/>
</pin_list>
<bind>
<StgValue><ssdm name=""/></StgValue>
</bind>
</comp>

<comp id="18" class="1001" name="const_18">
<pin_list>
<pin id="19" dir="1" index="0" bw="1" slack="0"/>
</pin_list>
<bind>
<StgValue><ssdm name="_ssdm_op_Read.ap_auto.i2"/></StgValue>
</bind>
</comp>

<comp id="20" class="1001" name="const_20">
<pin_list>
<pin id="21" dir="1" index="0" bw="1" slack="0"/>
</pin_list>
<bind>
<StgValue><ssdm name="_ssdm_op_Read.ap_auto.i64"/></StgValue>
</bind>
</comp>

<comp id="22" class="1001" name="const_22">
<pin_list>
<pin id="23" dir="1" index="0" bw="1" slack="0"/>
</pin_list>
<bind>
<StgValue><ssdm name="_ssdm_op_Read.ap_auto.i36"/></StgValue>
</bind>
</comp>

<comp id="24" class="1001" name="const_24">
<pin_list>
<pin id="25" dir="1" index="0" bw="1" slack="0"/>
</pin_list>
<bind>
<StgValue><ssdm name="_ssdm_op_Read.ap_auto.i62"/></StgValue>
</bind>
</comp>

<comp id="26" class="1001" name="const_26">
<pin_list>
<pin id="27" dir="1" index="0" bw="1" slack="0"/>
</pin_list>
<bind>
<StgValue><ssdm name="_ssdm_op_Read.ap_auto.i31"/></StgValue>
</bind>
</comp>

<comp id="28" class="1001" name="const_28">
<pin_list>
<pin id="29" dir="1" index="0" bw="1" slack="0"/>
</pin_list>
<bind>
<StgValue><ssdm name="_ssdm_op_Read.ap_auto.i32"/></StgValue>
</bind>
</comp>

<comp id="30" class="1001" name="const_30">
<pin_list>
<pin id="31" dir="1" index="0" bw="1" slack="2147483647"/>
</pin_list>
<bind>
<StgValue><ssdm name="_ssdm_op_SpecMemCore"/></StgValue>
</bind>
</comp>

<comp id="32" class="1001" name="const_32">
<pin_list>
<pin id="33" dir="1" index="0" bw="1" slack="2147483647"/>
</pin_list>
<bind>
<StgValue><ssdm name=""/></StgValue>
</bind>
</comp>

<comp id="34" class="1001" name="const_34">
<pin_list>
<pin id="35" dir="1" index="0" bw="1" slack="2147483647"/>
</pin_list>
<bind>
<StgValue><ssdm name=""/></StgValue>
</bind>
</comp>

<comp id="36" class="1001" name="const_36">
<pin_list>
<pin id="37" dir="1" index="0" bw="1" slack="2147483647"/>
</pin_list>
<bind>
<StgValue><ssdm name=""/></StgValue>
</bind>
</comp>

<comp id="38" class="1001" name="const_38">
<pin_list>
<pin id="39" dir="1" index="0" bw="1" slack="2147483647"/>
</pin_list>
<bind>
<StgValue><ssdm name="_ssdm_op_SpecInterface"/></StgValue>
</bind>
</comp>

<comp id="40" class="1001" name="const_40">
<pin_list>
<pin id="41" dir="1" index="0" bw="1" slack="2147483647"/>
</pin_list>
<bind>
<StgValue><ssdm name="empty_19"/></StgValue>
</bind>
</comp>

<comp id="42" class="1001" name="const_42">
<pin_list>
<pin id="43" dir="1" index="0" bw="1" slack="2147483647"/>
</pin_list>
<bind>
<StgValue><ssdm name=""/></StgValue>
</bind>
</comp>

<comp id="44" class="1001" name="const_44">
<pin_list>
<pin id="45" dir="1" index="0" bw="1" slack="2147483647"/>
</pin_list>
<bind>
<StgValue><ssdm name="empty_23"/></StgValue>
</bind>
</comp>

<comp id="46" class="1001" name="const_46">
<pin_list>
<pin id="47" dir="1" index="0" bw="1" slack="2147483647"/>
</pin_list>
<bind>
<StgValue><ssdm name=""/></StgValue>
</bind>
</comp>

<comp id="48" class="1001" name="const_48">
<pin_list>
<pin id="49" dir="1" index="0" bw="1" slack="2147483647"/>
</pin_list>
<bind>
<StgValue><ssdm name="empty_31"/></StgValue>
</bind>
</comp>

<comp id="50" class="1001" name="const_50">
<pin_list>
<pin id="51" dir="1" index="0" bw="1" slack="2147483647"/>
</pin_list>
<bind>
<StgValue><ssdm name="empty_25"/></StgValue>
</bind>
</comp>

<comp id="52" class="1001" name="const_52">
<pin_list>
<pin id="53" dir="1" index="0" bw="1" slack="2147483647"/>
</pin_list>
<bind>
<StgValue><ssdm name=""/></StgValue>
</bind>
</comp>

<comp id="54" class="1001" name="const_54">
<pin_list>
<pin id="55" dir="1" index="0" bw="1" slack="2147483647"/>
</pin_list>
<bind>
<StgValue><ssdm name=""/></StgValue>
</bind>
</comp>

<comp id="56" class="1001" name="const_56">
<pin_list>
<pin id="57" dir="1" index="0" bw="1" slack="0"/>
</pin_list>
<bind>
<StgValue><ssdm name=""/></StgValue>
</bind>
</comp>

<comp id="58" class="1001" name="const_58">
<pin_list>
<pin id="59" dir="1" index="0" bw="1" slack="0"/>
</pin_list>
<bind>
<StgValue><ssdm name=""/></StgValue>
</bind>
</comp>

<comp id="60" class="1001" name="const_60">
<pin_list>
<pin id="61" dir="1" index="0" bw="1" slack="0"/>
</pin_list>
<bind>
<StgValue><ssdm name=""/></StgValue>
</bind>
</comp>

<comp id="62" class="1001" name="const_62">
<pin_list>
<pin id="63" dir="1" index="0" bw="1" slack="2147483647"/>
</pin_list>
<bind>
<StgValue><ssdm name="_ssdm_op_SpecBitsMap"/></StgValue>
</bind>
</comp>

<comp id="64" class="1001" name="const_64">
<pin_list>
<pin id="65" dir="1" index="0" bw="1" slack="2147483647"/>
</pin_list>
<bind>
<StgValue><ssdm name="_ssdm_op_SpecLoopTripCount"/></StgValue>
</bind>
</comp>

<comp id="66" class="1001" name="const_66">
<pin_list>
<pin id="67" dir="1" index="0" bw="1" slack="2147483647"/>
</pin_list>
<bind>
<StgValue><ssdm name=""/></StgValue>
</bind>
</comp>

<comp id="68" class="1001" name="const_68">
<pin_list>
<pin id="69" dir="1" index="0" bw="1" slack="0"/>
</pin_list>
<bind>
<StgValue><ssdm name=""/></StgValue>
</bind>
</comp>

<comp id="70" class="1001" name="const_70">
<pin_list>
<pin id="71" dir="1" index="0" bw="1" slack="0"/>
</pin_list>
<bind>
<StgValue><ssdm name=""/></StgValue>
</bind>
</comp>

<comp id="72" class="1001" name="const_72">
<pin_list>
<pin id="73" dir="1" index="0" bw="1" slack="0"/>
</pin_list>
<bind>
<StgValue><ssdm name=""/></StgValue>
</bind>
</comp>

<comp id="74" class="1001" name="const_74">
<pin_list>
<pin id="75" dir="1" index="0" bw="1" slack="0"/>
</pin_list>
<bind>
<StgValue><ssdm name="_ssdm_op_PartSelect.i62.i64.i32.i32"/></StgValue>
</bind>
</comp>

<comp id="76" class="1001" name="const_76">
<pin_list>
<pin id="77" dir="1" index="0" bw="1" slack="0"/>
</pin_list>
<bind>
<StgValue><ssdm name=""/></StgValue>
</bind>
</comp>

<comp id="78" class="1001" name="const_78">
<pin_list>
<pin id="79" dir="1" index="0" bw="1" slack="0"/>
</pin_list>
<bind>
<StgValue><ssdm name=""/></StgValue>
</bind>
</comp>

<comp id="80" class="1001" name="const_80">
<pin_list>
<pin id="81" dir="1" index="0" bw="1" slack="0"/>
</pin_list>
<bind>
<StgValue><ssdm name=""/></StgValue>
</bind>
</comp>

<comp id="82" class="1001" name="const_82">
<pin_list>
<pin id="83" dir="1" index="0" bw="1" slack="0"/>
</pin_list>
<bind>
<StgValue><ssdm name="_ssdm_op_BitConcatenate.i12.i9.i3"/></StgValue>
</bind>
</comp>

<comp id="84" class="1001" name="const_84">
<pin_list>
<pin id="85" dir="1" index="0" bw="1" slack="0"/>
</pin_list>
<bind>
<StgValue><ssdm name=""/></StgValue>
</bind>
</comp>

<comp id="86" class="1001" name="const_86">
<pin_list>
<pin id="87" dir="1" index="0" bw="1" slack="0"/>
</pin_list>
<bind>
<StgValue><ssdm name="_ssdm_op_ReadReq.m_axi.i32P1A"/></StgValue>
</bind>
</comp>

<comp id="88" class="1001" name="const_88">
<pin_list>
<pin id="89" dir="1" index="0" bw="1" slack="0"/>
</pin_list>
<bind>
<StgValue><ssdm name="_ssdm_op_Read.m_axi.i32P1A"/></StgValue>
</bind>
</comp>

<comp id="90" class="1001" name="const_90">
<pin_list>
<pin id="91" dir="1" index="0" bw="1" slack="2147483647"/>
</pin_list>
<bind>
<StgValue><ssdm name="_ssdm_op_SpecLoopName"/></StgValue>
</bind>
</comp>

<comp id="92" class="1001" name="const_92">
<pin_list>
<pin id="93" dir="1" index="0" bw="1" slack="2147483647"/>
</pin_list>
<bind>
<StgValue><ssdm name="LOAD_W_KH_LOAD_W_KW_str"/></StgValue>
</bind>
</comp>

<comp id="94" class="1001" name="const_94">
<pin_list>
<pin id="95" dir="1" index="0" bw="1" slack="2147483647"/>
</pin_list>
<bind>
<StgValue><ssdm name="_ssdm_op_SpecPipeline"/></StgValue>
</bind>
</comp>

<comp id="96" class="1001" name="const_96">
<pin_list>
<pin id="97" dir="1" index="0" bw="1" slack="2147483647"/>
</pin_list>
<bind>
<StgValue><ssdm name="empty_11"/></StgValue>
</bind>
</comp>

<comp id="98" class="1001" name="const_98">
<pin_list>
<pin id="99" dir="1" index="0" bw="1" slack="0"/>
</pin_list>
<bind>
<StgValue><ssdm name="_ssdm_op_BitConcatenate.i5.i2.i3"/></StgValue>
</bind>
</comp>

<comp id="100" class="1004" name="kw_fu_100">
<pin_list>
<pin id="101" dir="0" index="0" bw="1" slack="0"/>
<pin id="102" dir="1" index="1" bw="12" slack="0"/>
</pin_list>
<bind>
<opcode="alloca(26) " fcode="alloca"/>
<opset="kw/1 "/>
</bind>
</comp>

<comp id="104" class="1004" name="w_ptr_fu_104">
<pin_list>
<pin id="105" dir="0" index="0" bw="1" slack="0"/>
<pin id="106" dir="1" index="1" bw="32" slack="0"/>
</pin_list>
<bind>
<opcode="alloca(26) " fcode="alloca"/>
<opset="w_ptr/1 "/>
</bind>
</comp>

<comp id="108" class="1004" name="kh_fu_108">
<pin_list>
<pin id="109" dir="0" index="0" bw="1" slack="0"/>
<pin id="110" dir="1" index="1" bw="31" slack="0"/>
</pin_list>
<bind>
<opcode="alloca(26) " fcode="alloca"/>
<opset="kh/1 "/>
</bind>
</comp>

<comp id="112" class="1004" name="indvar_flatten12_fu_112">
<pin_list>
<pin id="113" dir="0" index="0" bw="1" slack="0"/>
<pin id="114" dir="1" index="1" bw="62" slack="0"/>
</pin_list>
<bind>
<opcode="alloca(26) " fcode="alloca"/>
<opset="indvar_flatten12/1 "/>
</bind>
</comp>

<comp id="116" class="1004" name="trunc_ln4_read_read_fu_116">
<pin_list>
<pin id="117" dir="0" index="0" bw="2" slack="0"/>
<pin id="118" dir="0" index="1" bw="2" slack="0"/>
<pin id="119" dir="1" index="2" bw="2" slack="1"/>
</pin_list>
<bind>
<opcode="read(1150) " fcode="read"/>
<opset="trunc_ln4_read/1 "/>
</bind>
</comp>

<comp id="122" class="1004" name="weight_data_read_read_fu_122">
<pin_list>
<pin id="123" dir="0" index="0" bw="64" slack="0"/>
<pin id="124" dir="0" index="1" bw="64" slack="0"/>
<pin id="125" dir="1" index="2" bw="64" slack="1"/>
</pin_list>
<bind>
<opcode="read(1150) " fcode="read"/>
<opset="weight_data_read/1 "/>
</bind>
</comp>

<comp id="128" class="1004" name="sub_ln119_read_read_fu_128">
<pin_list>
<pin id="129" dir="0" index="0" bw="36" slack="0"/>
<pin id="130" dir="0" index="1" bw="36" slack="0"/>
<pin id="131" dir="1" index="2" bw="36" slack="0"/>
</pin_list>
<bind>
<opcode="read(1150) " fcode="read"/>
<opset="sub_ln119_read/1 "/>
</bind>
</comp>

<comp id="134" class="1004" name="mul_ln101_read_read_fu_134">
<pin_list>
<pin id="135" dir="0" index="0" bw="62" slack="0"/>
<pin id="136" dir="0" index="1" bw="62" slack="0"/>
<pin id="137" dir="1" index="2" bw="62" slack="1"/>
</pin_list>
<bind>
<opcode="read(1150) " fcode="read"/>
<opset="mul_ln101_read/1 "/>
</bind>
</comp>

<comp id="140" class="1004" name="kernel_size_read_read_fu_140">
<pin_list>
<pin id="141" dir="0" index="0" bw="31" slack="0"/>
<pin id="142" dir="0" index="1" bw="31" slack="0"/>
<pin id="143" dir="1" index="2" bw="31" slack="0"/>
</pin_list>
<bind>
<opcode="read(1150) " fcode="read"/>
<opset="kernel_size_read/1 "/>
</bind>
</comp>

<comp id="146" class="1004" name="w_ptr_1_read_read_fu_146">
<pin_list>
<pin id="147" dir="0" index="0" bw="32" slack="0"/>
<pin id="148" dir="0" index="1" bw="32" slack="0"/>
<pin id="149" dir="1" index="2" bw="32" slack="0"/>
</pin_list>
<bind>
<opcode="read(1150) " fcode="read"/>
<opset="w_ptr_1_read/1 "/>
</bind>
</comp>

<comp id="152" class="1004" name="grp_readreq_fu_152">
<pin_list>
<pin id="153" dir="0" index="0" bw="1" slack="0"/>
<pin id="154" dir="0" index="1" bw="32" slack="1"/>
<pin id="155" dir="0" index="2" bw="1" slack="0"/>
<pin id="156" dir="1" index="3" bw="1" slack="2147483647"/>
</pin_list>
<bind>
<opcode="readreq(1154) " fcode="readreq"/>
<opset="DATA_load_2_req/3 "/>
</bind>
</comp>

<comp id="159" class="1004" name="DATA_addr_read_read_fu_159">
<pin_list>
<pin id="160" dir="0" index="0" bw="32" slack="0"/>
<pin id="161" dir="0" index="1" bw="32" slack="8"/>
<pin id="162" dir="1" index="2" bw="32" slack="1"/>
</pin_list>
<bind>
<opcode="read(1150) " fcode="read"/>
<opset="DATA_addr_read/10 "/>
</bind>
</comp>

<comp id="164" class="1004" name="local_weights_V_addr_gep_fu_164">
<pin_list>
<pin id="165" dir="0" index="0" bw="8" slack="0"/>
<pin id="166" dir="0" index="1" bw="1" slack="0"/>
<pin id="167" dir="0" index="2" bw="12" slack="0"/>
<pin id="168" dir="1" index="3" bw="12" slack="0"/>
</pin_list>
<bind>
<opcode="getelementptr(29) " fcode="getelementptr"/>
<opset="local_weights_V_addr/11 "/>
</bind>
</comp>

<comp id="171" class="1004" name="store_ln119_access_fu_171">
<pin_list>
<pin id="172" dir="0" index="0" bw="12" slack="2147483647"/>
<pin id="173" dir="0" index="1" bw="8" slack="2147483647"/>
<pin id="174" dir="0" index="2" bw="0" slack="0"/>
<pin id="176" dir="0" index="4" bw="12" slack="0"/>
<pin id="177" dir="0" index="5" bw="8" slack="2147483647"/>
<pin id="178" dir="0" index="6" bw="0" slack="2147483647"/>
<pin id="175" dir="1" index="3" bw="8" slack="2147483647"/>
<pin id="179" dir="1" index="7" bw="8" slack="2147483647"/>
</pin_list>
<bind>
<opcode="store(28) " fcode="store"/>
<opset="store_ln119/11 "/>
</bind>
</comp>

<comp id="181" class="1004" name="kernel_size_cast_fu_181">
<pin_list>
<pin id="182" dir="0" index="0" bw="31" slack="0"/>
<pin id="183" dir="1" index="1" bw="32" slack="1"/>
</pin_list>
<bind>
<opcode="zext(34) " fcode="zext"/>
<opset="kernel_size_cast/1 "/>
</bind>
</comp>

<comp id="185" class="1004" name="sub_ln119_cast_fu_185">
<pin_list>
<pin id="186" dir="0" index="0" bw="36" slack="0"/>
<pin id="187" dir="1" index="1" bw="37" slack="1"/>
</pin_list>
<bind>
<opcode="sext(35) " fcode="sext"/>
<opset="sub_ln119_cast/1 "/>
</bind>
</comp>

<comp id="189" class="1004" name="store_ln0_store_fu_189">
<pin_list>
<pin id="190" dir="0" index="0" bw="1" slack="0"/>
<pin id="191" dir="0" index="1" bw="62" slack="0"/>
<pin id="192" dir="1" index="2" bw="0" slack="2147483647"/>
</pin_list>
<bind>
<opcode="store(28) " fcode="store"/>
<opset="store_ln0/1 "/>
</bind>
</comp>

<comp id="194" class="1004" name="store_ln0_store_fu_194">
<pin_list>
<pin id="195" dir="0" index="0" bw="1" slack="0"/>
<pin id="196" dir="0" index="1" bw="31" slack="0"/>
<pin id="197" dir="1" index="2" bw="0" slack="2147483647"/>
</pin_list>
<bind>
<opcode="store(28) " fcode="store"/>
<opset="store_ln0/1 "/>
</bind>
</comp>

<comp id="199" class="1004" name="store_ln0_store_fu_199">
<pin_list>
<pin id="200" dir="0" index="0" bw="32" slack="0"/>
<pin id="201" dir="0" index="1" bw="32" slack="0"/>
<pin id="202" dir="1" index="2" bw="0" slack="2147483647"/>
</pin_list>
<bind>
<opcode="store(28) " fcode="store"/>
<opset="store_ln0/1 "/>
</bind>
</comp>

<comp id="204" class="1004" name="store_ln0_store_fu_204">
<pin_list>
<pin id="205" dir="0" index="0" bw="1" slack="0"/>
<pin id="206" dir="0" index="1" bw="12" slack="0"/>
<pin id="207" dir="1" index="2" bw="0" slack="2147483647"/>
</pin_list>
<bind>
<opcode="store(28) " fcode="store"/>
<opset="store_ln0/1 "/>
</bind>
</comp>

<comp id="209" class="1004" name="kw_1_load_fu_209">
<pin_list>
<pin id="210" dir="0" index="0" bw="12" slack="1"/>
<pin id="211" dir="1" index="1" bw="12" slack="0"/>
</pin_list>
<bind>
<opcode="load(27) " fcode="load"/>
<opset="kw_1/2 "/>
</bind>
</comp>

<comp id="212" class="1004" name="indvar_flatten12_load_load_fu_212">
<pin_list>
<pin id="213" dir="0" index="0" bw="62" slack="1"/>
<pin id="214" dir="1" index="1" bw="62" slack="0"/>
</pin_list>
<bind>
<opcode="load(27) " fcode="load"/>
<opset="indvar_flatten12_load/2 "/>
</bind>
</comp>

<comp id="215" class="1004" name="zext_ln117_1_fu_215">
<pin_list>
<pin id="216" dir="0" index="0" bw="12" slack="0"/>
<pin id="217" dir="1" index="1" bw="31" slack="0"/>
</pin_list>
<bind>
<opcode="zext(34) " fcode="zext"/>
<opset="zext_ln117_1/2 "/>
</bind>
</comp>

<comp id="219" class="1004" name="icmp_ln117_fu_219">
<pin_list>
<pin id="220" dir="0" index="0" bw="12" slack="0"/>
<pin id="221" dir="0" index="1" bw="31" slack="1"/>
<pin id="222" dir="1" index="2" bw="1" slack="0"/>
</pin_list>
<bind>
<opcode="icmp(45) " fcode="icmp"/>
<opset="icmp_ln117/2 "/>
</bind>
</comp>

<comp id="224" class="1004" name="icmp_ln116_fu_224">
<pin_list>
<pin id="225" dir="0" index="0" bw="62" slack="0"/>
<pin id="226" dir="0" index="1" bw="62" slack="1"/>
<pin id="227" dir="1" index="2" bw="1" slack="8"/>
</pin_list>
<bind>
<opcode="icmp(45) " fcode="icmp"/>
<opset="icmp_ln116/2 "/>
</bind>
</comp>

<comp id="229" class="1004" name="add_ln116_fu_229">
<pin_list>
<pin id="230" dir="0" index="0" bw="62" slack="0"/>
<pin id="231" dir="0" index="1" bw="1" slack="0"/>
<pin id="232" dir="1" index="2" bw="62" slack="0"/>
</pin_list>
<bind>
<opcode="add(8) " fcode="add"/>
<opset="add_ln116/2 "/>
</bind>
</comp>

<comp id="235" class="1004" name="w_ptr_load_load_fu_235">
<pin_list>
<pin id="236" dir="0" index="0" bw="32" slack="1"/>
<pin id="237" dir="1" index="1" bw="32" slack="0"/>
</pin_list>
<bind>
<opcode="load(27) " fcode="load"/>
<opset="w_ptr_load/2 "/>
</bind>
</comp>

<comp id="238" class="1004" name="kh_load_load_fu_238">
<pin_list>
<pin id="239" dir="0" index="0" bw="31" slack="1"/>
<pin id="240" dir="1" index="1" bw="31" slack="0"/>
</pin_list>
<bind>
<opcode="load(27) " fcode="load"/>
<opset="kh_load/2 "/>
</bind>
</comp>

<comp id="241" class="1004" name="add_ln116_1_fu_241">
<pin_list>
<pin id="242" dir="0" index="0" bw="32" slack="0"/>
<pin id="243" dir="0" index="1" bw="31" slack="1"/>
<pin id="244" dir="1" index="2" bw="32" slack="0"/>
</pin_list>
<bind>
<opcode="add(8) " fcode="add"/>
<opset="add_ln116_1/2 "/>
</bind>
</comp>

<comp id="246" class="1004" name="add_ln116_2_fu_246">
<pin_list>
<pin id="247" dir="0" index="0" bw="31" slack="0"/>
<pin id="248" dir="0" index="1" bw="1" slack="0"/>
<pin id="249" dir="1" index="2" bw="31" slack="0"/>
</pin_list>
<bind>
<opcode="add(8) " fcode="add"/>
<opset="add_ln116_2/2 "/>
</bind>
</comp>

<comp id="252" class="1004" name="select_ln116_fu_252">
<pin_list>
<pin id="253" dir="0" index="0" bw="1" slack="0"/>
<pin id="254" dir="0" index="1" bw="1" slack="0"/>
<pin id="255" dir="0" index="2" bw="12" slack="0"/>
<pin id="256" dir="1" index="3" bw="12" slack="0"/>
</pin_list>
<bind>
<opcode="select(49) " fcode="select"/>
<opset="select_ln116/2 "/>
</bind>
</comp>

<comp id="260" class="1004" name="select_ln116_1_fu_260">
<pin_list>
<pin id="261" dir="0" index="0" bw="1" slack="0"/>
<pin id="262" dir="0" index="1" bw="31" slack="0"/>
<pin id="263" dir="0" index="2" bw="31" slack="0"/>
<pin id="264" dir="1" index="3" bw="31" slack="0"/>
</pin_list>
<bind>
<opcode="select(49) " fcode="select"/>
<opset="select_ln116_1/2 "/>
</bind>
</comp>

<comp id="268" class="1004" name="zext_ln119_fu_268">
<pin_list>
<pin id="269" dir="0" index="0" bw="31" slack="0"/>
<pin id="270" dir="1" index="1" bw="37" slack="0"/>
</pin_list>
<bind>
<opcode="zext(34) " fcode="zext"/>
<opset="zext_ln119/2 "/>
</bind>
</comp>

<comp id="272" class="1004" name="add_ln119_1_fu_272">
<pin_list>
<pin id="273" dir="0" index="0" bw="36" slack="1"/>
<pin id="274" dir="0" index="1" bw="31" slack="0"/>
<pin id="275" dir="1" index="2" bw="37" slack="0"/>
</pin_list>
<bind>
<opcode="add(8) " fcode="add"/>
<opset="add_ln119_1/2 "/>
</bind>
</comp>

<comp id="277" class="1004" name="trunc_ln119_fu_277">
<pin_list>
<pin id="278" dir="0" index="0" bw="37" slack="0"/>
<pin id="279" dir="1" index="1" bw="12" slack="1"/>
</pin_list>
<bind>
<opcode="trunc(33) " fcode="trunc"/>
<opset="trunc_ln119/2 "/>
</bind>
</comp>

<comp id="281" class="1004" name="trunc_ln119_1_fu_281">
<pin_list>
<pin id="282" dir="0" index="0" bw="37" slack="0"/>
<pin id="283" dir="1" index="1" bw="9" slack="1"/>
</pin_list>
<bind>
<opcode="trunc(33) " fcode="trunc"/>
<opset="trunc_ln119_1/2 "/>
</bind>
</comp>

<comp id="285" class="1004" name="select_ln116_2_fu_285">
<pin_list>
<pin id="286" dir="0" index="0" bw="1" slack="0"/>
<pin id="287" dir="0" index="1" bw="32" slack="0"/>
<pin id="288" dir="0" index="2" bw="32" slack="0"/>
<pin id="289" dir="1" index="3" bw="32" slack="0"/>
</pin_list>
<bind>
<opcode="select(49) " fcode="select"/>
<opset="select_ln116_2/2 "/>
</bind>
</comp>

<comp id="293" class="1004" name="trunc_ln116_fu_293">
<pin_list>
<pin id="294" dir="0" index="0" bw="32" slack="0"/>
<pin id="295" dir="1" index="1" bw="2" slack="0"/>
</pin_list>
<bind>
<opcode="trunc(33) " fcode="trunc"/>
<opset="trunc_ln116/2 "/>
</bind>
</comp>

<comp id="297" class="1004" name="sext_ln116_fu_297">
<pin_list>
<pin id="298" dir="0" index="0" bw="32" slack="0"/>
<pin id="299" dir="1" index="1" bw="64" slack="0"/>
</pin_list>
<bind>
<opcode="sext(35) " fcode="sext"/>
<opset="sext_ln116/2 "/>
</bind>
</comp>

<comp id="301" class="1004" name="add_ln116_3_fu_301">
<pin_list>
<pin id="302" dir="0" index="0" bw="32" slack="0"/>
<pin id="303" dir="0" index="1" bw="64" slack="1"/>
<pin id="304" dir="1" index="2" bw="64" slack="0"/>
</pin_list>
<bind>
<opcode="add(8) " fcode="add"/>
<opset="add_ln116_3/2 "/>
</bind>
</comp>

<comp id="306" class="1004" name="zext_ln117_fu_306">
<pin_list>
<pin id="307" dir="0" index="0" bw="12" slack="0"/>
<pin id="308" dir="1" index="1" bw="64" slack="0"/>
</pin_list>
<bind>
<opcode="zext(34) " fcode="zext"/>
<opset="zext_ln117/2 "/>
</bind>
</comp>

<comp id="310" class="1004" name="trunc_ln119_3_fu_310">
<pin_list>
<pin id="311" dir="0" index="0" bw="12" slack="0"/>
<pin id="312" dir="1" index="1" bw="2" slack="0"/>
</pin_list>
<bind>
<opcode="trunc(33) " fcode="trunc"/>
<opset="trunc_ln119_3/2 "/>
</bind>
</comp>

<comp id="314" class="1004" name="add_ln119_fu_314">
<pin_list>
<pin id="315" dir="0" index="0" bw="64" slack="0"/>
<pin id="316" dir="0" index="1" bw="12" slack="0"/>
<pin id="317" dir="1" index="2" bw="64" slack="0"/>
</pin_list>
<bind>
<opcode="add(8) " fcode="add"/>
<opset="add_ln119/2 "/>
</bind>
</comp>

<comp id="320" class="1004" name="trunc_ln119_2_fu_320">
<pin_list>
<pin id="321" dir="0" index="0" bw="62" slack="0"/>
<pin id="322" dir="0" index="1" bw="64" slack="0"/>
<pin id="323" dir="0" index="2" bw="3" slack="0"/>
<pin id="324" dir="0" index="3" bw="7" slack="0"/>
<pin id="325" dir="1" index="4" bw="62" slack="0"/>
</pin_list>
<bind>
<opcode="partselect(1002) " fcode="partselect"/>
<opset="trunc_ln119_2/2 "/>
</bind>
</comp>

<comp id="330" class="1004" name="sext_ln119_fu_330">
<pin_list>
<pin id="331" dir="0" index="0" bw="62" slack="0"/>
<pin id="332" dir="1" index="1" bw="64" slack="0"/>
</pin_list>
<bind>
<opcode="sext(35) " fcode="sext"/>
<opset="sext_ln119/2 "/>
</bind>
</comp>

<comp id="334" class="1004" name="DATA_addr_fu_334">
<pin_list>
<pin id="335" dir="0" index="0" bw="32" slack="0"/>
<pin id="336" dir="0" index="1" bw="62" slack="0"/>
<pin id="337" dir="1" index="2" bw="32" slack="1"/>
</pin_list>
<bind>
<opcode="getelementptr(29) " fcode="getelementptr"/>
<opset="DATA_addr/2 "/>
</bind>
</comp>

<comp id="340" class="1004" name="add_ln119_3_fu_340">
<pin_list>
<pin id="341" dir="0" index="0" bw="2" slack="1"/>
<pin id="342" dir="0" index="1" bw="2" slack="0"/>
<pin id="343" dir="1" index="2" bw="2" slack="0"/>
</pin_list>
<bind>
<opcode="add(8) " fcode="add"/>
<opset="add_ln119_3/2 "/>
</bind>
</comp>

<comp id="345" class="1004" name="add_ln119_2_fu_345">
<pin_list>
<pin id="346" dir="0" index="0" bw="2" slack="0"/>
<pin id="347" dir="0" index="1" bw="2" slack="0"/>
<pin id="348" dir="1" index="2" bw="2" slack="9"/>
</pin_list>
<bind>
<opcode="add(8) " fcode="add"/>
<opset="add_ln119_2/2 "/>
</bind>
</comp>

<comp id="351" class="1004" name="add_ln117_fu_351">
<pin_list>
<pin id="352" dir="0" index="0" bw="12" slack="0"/>
<pin id="353" dir="0" index="1" bw="1" slack="0"/>
<pin id="354" dir="1" index="2" bw="12" slack="0"/>
</pin_list>
<bind>
<opcode="add(8) " fcode="add"/>
<opset="add_ln117/2 "/>
</bind>
</comp>

<comp id="357" class="1004" name="store_ln117_store_fu_357">
<pin_list>
<pin id="358" dir="0" index="0" bw="62" slack="0"/>
<pin id="359" dir="0" index="1" bw="62" slack="1"/>
<pin id="360" dir="1" index="2" bw="0" slack="2147483647"/>
</pin_list>
<bind>
<opcode="store(28) " fcode="store"/>
<opset="store_ln117/2 "/>
</bind>
</comp>

<comp id="362" class="1004" name="store_ln117_store_fu_362">
<pin_list>
<pin id="363" dir="0" index="0" bw="31" slack="0"/>
<pin id="364" dir="0" index="1" bw="31" slack="1"/>
<pin id="365" dir="1" index="2" bw="0" slack="2147483647"/>
</pin_list>
<bind>
<opcode="store(28) " fcode="store"/>
<opset="store_ln117/2 "/>
</bind>
</comp>

<comp id="367" class="1004" name="store_ln117_store_fu_367">
<pin_list>
<pin id="368" dir="0" index="0" bw="32" slack="0"/>
<pin id="369" dir="0" index="1" bw="32" slack="1"/>
<pin id="370" dir="1" index="2" bw="0" slack="2147483647"/>
</pin_list>
<bind>
<opcode="store(28) " fcode="store"/>
<opset="store_ln117/2 "/>
</bind>
</comp>

<comp id="372" class="1004" name="store_ln117_store_fu_372">
<pin_list>
<pin id="373" dir="0" index="0" bw="12" slack="0"/>
<pin id="374" dir="0" index="1" bw="12" slack="1"/>
<pin id="375" dir="1" index="2" bw="0" slack="2147483647"/>
</pin_list>
<bind>
<opcode="store(28) " fcode="store"/>
<opset="store_ln117/2 "/>
</bind>
</comp>

<comp id="377" class="1004" name="p_shl_fu_377">
<pin_list>
<pin id="378" dir="0" index="0" bw="12" slack="0"/>
<pin id="379" dir="0" index="1" bw="9" slack="1"/>
<pin id="380" dir="0" index="2" bw="1" slack="0"/>
<pin id="381" dir="1" index="3" bw="12" slack="0"/>
</pin_list>
<bind>
<opcode="bitconcatenate(1004) " fcode="bitconcatenate"/>
<opset="p_shl/3 "/>
</bind>
</comp>

<comp id="384" class="1004" name="sub_ln119_1_fu_384">
<pin_list>
<pin id="385" dir="0" index="0" bw="12" slack="0"/>
<pin id="386" dir="0" index="1" bw="12" slack="1"/>
<pin id="387" dir="1" index="2" bw="12" slack="0"/>
</pin_list>
<bind>
<opcode="sub(10) " fcode="sub"/>
<opset="sub_ln119_1/3 "/>
</bind>
</comp>

<comp id="389" class="1004" name="add_ln119_4_fu_389">
<pin_list>
<pin id="390" dir="0" index="0" bw="12" slack="0"/>
<pin id="391" dir="0" index="1" bw="12" slack="1"/>
<pin id="392" dir="1" index="2" bw="12" slack="8"/>
</pin_list>
<bind>
<opcode="add(8) " fcode="add"/>
<opset="add_ln119_4/3 "/>
</bind>
</comp>

<comp id="394" class="1004" name="zext_ln119_2_fu_394">
<pin_list>
<pin id="395" dir="0" index="0" bw="12" slack="8"/>
<pin id="396" dir="1" index="1" bw="64" slack="0"/>
</pin_list>
<bind>
<opcode="zext(34) " fcode="zext"/>
<opset="zext_ln119_2/11 "/>
</bind>
</comp>

<comp id="398" class="1004" name="shl_ln3_fu_398">
<pin_list>
<pin id="399" dir="0" index="0" bw="5" slack="0"/>
<pin id="400" dir="0" index="1" bw="2" slack="9"/>
<pin id="401" dir="0" index="2" bw="1" slack="0"/>
<pin id="402" dir="1" index="3" bw="5" slack="0"/>
</pin_list>
<bind>
<opcode="bitconcatenate(1004) " fcode="bitconcatenate"/>
<opset="shl_ln3/11 "/>
</bind>
</comp>

<comp id="405" class="1004" name="zext_ln119_1_fu_405">
<pin_list>
<pin id="406" dir="0" index="0" bw="5" slack="0"/>
<pin id="407" dir="1" index="1" bw="32" slack="0"/>
</pin_list>
<bind>
<opcode="zext(34) " fcode="zext"/>
<opset="zext_ln119_1/11 "/>
</bind>
</comp>

<comp id="409" class="1004" name="lshr_ln119_fu_409">
<pin_list>
<pin id="410" dir="0" index="0" bw="32" slack="1"/>
<pin id="411" dir="0" index="1" bw="5" slack="0"/>
<pin id="412" dir="1" index="2" bw="32" slack="0"/>
</pin_list>
<bind>
<opcode="lshr(21) " fcode="lshr"/>
<opset="lshr_ln119/11 "/>
</bind>
</comp>

<comp id="414" class="1004" name="trunc_ln119_4_fu_414">
<pin_list>
<pin id="415" dir="0" index="0" bw="32" slack="0"/>
<pin id="416" dir="1" index="1" bw="8" slack="0"/>
</pin_list>
<bind>
<opcode="trunc(33) " fcode="trunc"/>
<opset="trunc_ln119_4/11 "/>
</bind>
</comp>

<comp id="419" class="1005" name="kw_reg_419">
<pin_list>
<pin id="420" dir="0" index="0" bw="12" slack="0"/>
<pin id="421" dir="1" index="1" bw="12" slack="0"/>
</pin_list>
<bind>
<opset="kw "/>
</bind>
</comp>

<comp id="426" class="1005" name="w_ptr_reg_426">
<pin_list>
<pin id="427" dir="0" index="0" bw="32" slack="0"/>
<pin id="428" dir="1" index="1" bw="32" slack="0"/>
</pin_list>
<bind>
<opset="w_ptr "/>
</bind>
</comp>

<comp id="433" class="1005" name="kh_reg_433">
<pin_list>
<pin id="434" dir="0" index="0" bw="31" slack="0"/>
<pin id="435" dir="1" index="1" bw="31" slack="0"/>
</pin_list>
<bind>
<opset="kh "/>
</bind>
</comp>

<comp id="440" class="1005" name="indvar_flatten12_reg_440">
<pin_list>
<pin id="441" dir="0" index="0" bw="62" slack="0"/>
<pin id="442" dir="1" index="1" bw="62" slack="0"/>
</pin_list>
<bind>
<opset="indvar_flatten12 "/>
</bind>
</comp>

<comp id="447" class="1005" name="trunc_ln4_read_reg_447">
<pin_list>
<pin id="448" dir="0" index="0" bw="2" slack="1"/>
<pin id="449" dir="1" index="1" bw="2" slack="1"/>
</pin_list>
<bind>
<opset="trunc_ln4_read "/>
</bind>
</comp>

<comp id="452" class="1005" name="weight_data_read_reg_452">
<pin_list>
<pin id="453" dir="0" index="0" bw="64" slack="1"/>
<pin id="454" dir="1" index="1" bw="64" slack="1"/>
</pin_list>
<bind>
<opset="weight_data_read "/>
</bind>
</comp>

<comp id="457" class="1005" name="mul_ln101_read_reg_457">
<pin_list>
<pin id="458" dir="0" index="0" bw="62" slack="1"/>
<pin id="459" dir="1" index="1" bw="62" slack="1"/>
</pin_list>
<bind>
<opset="mul_ln101_read "/>
</bind>
</comp>

<comp id="462" class="1005" name="kernel_size_read_reg_462">
<pin_list>
<pin id="463" dir="0" index="0" bw="31" slack="1"/>
<pin id="464" dir="1" index="1" bw="31" slack="1"/>
</pin_list>
<bind>
<opset="kernel_size_read "/>
</bind>
</comp>

<comp id="467" class="1005" name="kernel_size_cast_reg_467">
<pin_list>
<pin id="468" dir="0" index="0" bw="32" slack="1"/>
<pin id="469" dir="1" index="1" bw="32" slack="1"/>
</pin_list>
<bind>
<opset="kernel_size_cast "/>
</bind>
</comp>

<comp id="472" class="1005" name="sub_ln119_cast_reg_472">
<pin_list>
<pin id="473" dir="0" index="0" bw="37" slack="1"/>
<pin id="474" dir="1" index="1" bw="37" slack="1"/>
</pin_list>
<bind>
<opset="sub_ln119_cast "/>
</bind>
</comp>

<comp id="477" class="1005" name="icmp_ln116_reg_477">
<pin_list>
<pin id="478" dir="0" index="0" bw="1" slack="8"/>
<pin id="479" dir="1" index="1" bw="1" slack="2147483647"/>
</pin_list>
<bind>
<opset="icmp_ln116 "/>
</bind>
</comp>

<comp id="481" class="1005" name="select_ln116_reg_481">
<pin_list>
<pin id="482" dir="0" index="0" bw="12" slack="1"/>
<pin id="483" dir="1" index="1" bw="12" slack="1"/>
</pin_list>
<bind>
<opset="select_ln116 "/>
</bind>
</comp>

<comp id="486" class="1005" name="trunc_ln119_reg_486">
<pin_list>
<pin id="487" dir="0" index="0" bw="12" slack="1"/>
<pin id="488" dir="1" index="1" bw="12" slack="1"/>
</pin_list>
<bind>
<opset="trunc_ln119 "/>
</bind>
</comp>

<comp id="491" class="1005" name="trunc_ln119_1_reg_491">
<pin_list>
<pin id="492" dir="0" index="0" bw="9" slack="1"/>
<pin id="493" dir="1" index="1" bw="9" slack="1"/>
</pin_list>
<bind>
<opset="trunc_ln119_1 "/>
</bind>
</comp>

<comp id="496" class="1005" name="DATA_addr_reg_496">
<pin_list>
<pin id="497" dir="0" index="0" bw="32" slack="1"/>
<pin id="498" dir="1" index="1" bw="32" slack="1"/>
</pin_list>
<bind>
<opset="DATA_addr "/>
</bind>
</comp>

<comp id="502" class="1005" name="add_ln119_2_reg_502">
<pin_list>
<pin id="503" dir="0" index="0" bw="2" slack="9"/>
<pin id="504" dir="1" index="1" bw="2" slack="9"/>
</pin_list>
<bind>
<opset="add_ln119_2 "/>
</bind>
</comp>

<comp id="507" class="1005" name="add_ln119_4_reg_507">
<pin_list>
<pin id="508" dir="0" index="0" bw="12" slack="8"/>
<pin id="509" dir="1" index="1" bw="12" slack="8"/>
</pin_list>
<bind>
<opset="add_ln119_4 "/>
</bind>
</comp>

<comp id="512" class="1005" name="DATA_addr_read_reg_512">
<pin_list>
<pin id="513" dir="0" index="0" bw="32" slack="1"/>
<pin id="514" dir="1" index="1" bw="32" slack="1"/>
</pin_list>
<bind>
<opset="DATA_addr_read "/>
</bind>
</comp>

</comp_list>

<net_list>
<net id="103"><net_src comp="16" pin="0"/><net_sink comp="100" pin=0"/></net>

<net id="107"><net_src comp="16" pin="0"/><net_sink comp="104" pin=0"/></net>

<net id="111"><net_src comp="16" pin="0"/><net_sink comp="108" pin=0"/></net>

<net id="115"><net_src comp="16" pin="0"/><net_sink comp="112" pin=0"/></net>

<net id="120"><net_src comp="18" pin="0"/><net_sink comp="116" pin=0"/></net>

<net id="121"><net_src comp="14" pin="0"/><net_sink comp="116" pin=1"/></net>

<net id="126"><net_src comp="20" pin="0"/><net_sink comp="122" pin=0"/></net>

<net id="127"><net_src comp="10" pin="0"/><net_sink comp="122" pin=1"/></net>

<net id="132"><net_src comp="22" pin="0"/><net_sink comp="128" pin=0"/></net>

<net id="133"><net_src comp="8" pin="0"/><net_sink comp="128" pin=1"/></net>

<net id="138"><net_src comp="24" pin="0"/><net_sink comp="134" pin=0"/></net>

<net id="139"><net_src comp="6" pin="0"/><net_sink comp="134" pin=1"/></net>

<net id="144"><net_src comp="26" pin="0"/><net_sink comp="140" pin=0"/></net>

<net id="145"><net_src comp="4" pin="0"/><net_sink comp="140" pin=1"/></net>

<net id="150"><net_src comp="28" pin="0"/><net_sink comp="146" pin=0"/></net>

<net id="151"><net_src comp="0" pin="0"/><net_sink comp="146" pin=1"/></net>

<net id="157"><net_src comp="86" pin="0"/><net_sink comp="152" pin=0"/></net>

<net id="158"><net_src comp="16" pin="0"/><net_sink comp="152" pin=2"/></net>

<net id="163"><net_src comp="88" pin="0"/><net_sink comp="159" pin=0"/></net>

<net id="169"><net_src comp="12" pin="0"/><net_sink comp="164" pin=0"/></net>

<net id="170"><net_src comp="68" pin="0"/><net_sink comp="164" pin=1"/></net>

<net id="180"><net_src comp="164" pin="3"/><net_sink comp="171" pin=2"/></net>

<net id="184"><net_src comp="140" pin="2"/><net_sink comp="181" pin=0"/></net>

<net id="188"><net_src comp="128" pin="2"/><net_sink comp="185" pin=0"/></net>

<net id="193"><net_src comp="56" pin="0"/><net_sink comp="189" pin=0"/></net>

<net id="198"><net_src comp="58" pin="0"/><net_sink comp="194" pin=0"/></net>

<net id="203"><net_src comp="146" pin="2"/><net_sink comp="199" pin=0"/></net>

<net id="208"><net_src comp="60" pin="0"/><net_sink comp="204" pin=0"/></net>

<net id="218"><net_src comp="209" pin="1"/><net_sink comp="215" pin=0"/></net>

<net id="223"><net_src comp="215" pin="1"/><net_sink comp="219" pin=0"/></net>

<net id="228"><net_src comp="212" pin="1"/><net_sink comp="224" pin=0"/></net>

<net id="233"><net_src comp="212" pin="1"/><net_sink comp="229" pin=0"/></net>

<net id="234"><net_src comp="70" pin="0"/><net_sink comp="229" pin=1"/></net>

<net id="245"><net_src comp="235" pin="1"/><net_sink comp="241" pin=0"/></net>

<net id="250"><net_src comp="238" pin="1"/><net_sink comp="246" pin=0"/></net>

<net id="251"><net_src comp="72" pin="0"/><net_sink comp="246" pin=1"/></net>

<net id="257"><net_src comp="219" pin="2"/><net_sink comp="252" pin=0"/></net>

<net id="258"><net_src comp="60" pin="0"/><net_sink comp="252" pin=1"/></net>

<net id="259"><net_src comp="209" pin="1"/><net_sink comp="252" pin=2"/></net>

<net id="265"><net_src comp="219" pin="2"/><net_sink comp="260" pin=0"/></net>

<net id="266"><net_src comp="246" pin="2"/><net_sink comp="260" pin=1"/></net>

<net id="267"><net_src comp="238" pin="1"/><net_sink comp="260" pin=2"/></net>

<net id="271"><net_src comp="260" pin="3"/><net_sink comp="268" pin=0"/></net>

<net id="276"><net_src comp="268" pin="1"/><net_sink comp="272" pin=1"/></net>

<net id="280"><net_src comp="272" pin="2"/><net_sink comp="277" pin=0"/></net>

<net id="284"><net_src comp="272" pin="2"/><net_sink comp="281" pin=0"/></net>

<net id="290"><net_src comp="219" pin="2"/><net_sink comp="285" pin=0"/></net>

<net id="291"><net_src comp="241" pin="2"/><net_sink comp="285" pin=1"/></net>

<net id="292"><net_src comp="235" pin="1"/><net_sink comp="285" pin=2"/></net>

<net id="296"><net_src comp="285" pin="3"/><net_sink comp="293" pin=0"/></net>

<net id="300"><net_src comp="285" pin="3"/><net_sink comp="297" pin=0"/></net>

<net id="305"><net_src comp="297" pin="1"/><net_sink comp="301" pin=0"/></net>

<net id="309"><net_src comp="252" pin="3"/><net_sink comp="306" pin=0"/></net>

<net id="313"><net_src comp="252" pin="3"/><net_sink comp="310" pin=0"/></net>

<net id="318"><net_src comp="301" pin="2"/><net_sink comp="314" pin=0"/></net>

<net id="319"><net_src comp="306" pin="1"/><net_sink comp="314" pin=1"/></net>

<net id="326"><net_src comp="74" pin="0"/><net_sink comp="320" pin=0"/></net>

<net id="327"><net_src comp="314" pin="2"/><net_sink comp="320" pin=1"/></net>

<net id="328"><net_src comp="76" pin="0"/><net_sink comp="320" pin=2"/></net>

<net id="329"><net_src comp="78" pin="0"/><net_sink comp="320" pin=3"/></net>

<net id="333"><net_src comp="320" pin="4"/><net_sink comp="330" pin=0"/></net>

<net id="338"><net_src comp="2" pin="0"/><net_sink comp="334" pin=0"/></net>

<net id="339"><net_src comp="330" pin="1"/><net_sink comp="334" pin=1"/></net>

<net id="344"><net_src comp="310" pin="1"/><net_sink comp="340" pin=1"/></net>

<net id="349"><net_src comp="340" pin="2"/><net_sink comp="345" pin=0"/></net>

<net id="350"><net_src comp="293" pin="1"/><net_sink comp="345" pin=1"/></net>

<net id="355"><net_src comp="252" pin="3"/><net_sink comp="351" pin=0"/></net>

<net id="356"><net_src comp="80" pin="0"/><net_sink comp="351" pin=1"/></net>

<net id="361"><net_src comp="229" pin="2"/><net_sink comp="357" pin=0"/></net>

<net id="366"><net_src comp="260" pin="3"/><net_sink comp="362" pin=0"/></net>

<net id="371"><net_src comp="285" pin="3"/><net_sink comp="367" pin=0"/></net>

<net id="376"><net_src comp="351" pin="2"/><net_sink comp="372" pin=0"/></net>

<net id="382"><net_src comp="82" pin="0"/><net_sink comp="377" pin=0"/></net>

<net id="383"><net_src comp="84" pin="0"/><net_sink comp="377" pin=2"/></net>

<net id="388"><net_src comp="377" pin="3"/><net_sink comp="384" pin=0"/></net>

<net id="393"><net_src comp="384" pin="2"/><net_sink comp="389" pin=0"/></net>

<net id="397"><net_src comp="394" pin="1"/><net_sink comp="164" pin=2"/></net>

<net id="403"><net_src comp="98" pin="0"/><net_sink comp="398" pin=0"/></net>

<net id="404"><net_src comp="84" pin="0"/><net_sink comp="398" pin=2"/></net>

<net id="408"><net_src comp="398" pin="3"/><net_sink comp="405" pin=0"/></net>

<net id="413"><net_src comp="405" pin="1"/><net_sink comp="409" pin=1"/></net>

<net id="417"><net_src comp="409" pin="2"/><net_sink comp="414" pin=0"/></net>

<net id="418"><net_src comp="414" pin="1"/><net_sink comp="171" pin=4"/></net>

<net id="422"><net_src comp="100" pin="1"/><net_sink comp="419" pin=0"/></net>

<net id="423"><net_src comp="419" pin="1"/><net_sink comp="204" pin=1"/></net>

<net id="424"><net_src comp="419" pin="1"/><net_sink comp="209" pin=0"/></net>

<net id="425"><net_src comp="419" pin="1"/><net_sink comp="372" pin=1"/></net>

<net id="429"><net_src comp="104" pin="1"/><net_sink comp="426" pin=0"/></net>

<net id="430"><net_src comp="426" pin="1"/><net_sink comp="199" pin=1"/></net>

<net id="431"><net_src comp="426" pin="1"/><net_sink comp="235" pin=0"/></net>

<net id="432"><net_src comp="426" pin="1"/><net_sink comp="367" pin=1"/></net>

<net id="436"><net_src comp="108" pin="1"/><net_sink comp="433" pin=0"/></net>

<net id="437"><net_src comp="433" pin="1"/><net_sink comp="194" pin=1"/></net>

<net id="438"><net_src comp="433" pin="1"/><net_sink comp="238" pin=0"/></net>

<net id="439"><net_src comp="433" pin="1"/><net_sink comp="362" pin=1"/></net>

<net id="443"><net_src comp="112" pin="1"/><net_sink comp="440" pin=0"/></net>

<net id="444"><net_src comp="440" pin="1"/><net_sink comp="189" pin=1"/></net>

<net id="445"><net_src comp="440" pin="1"/><net_sink comp="212" pin=0"/></net>

<net id="446"><net_src comp="440" pin="1"/><net_sink comp="357" pin=1"/></net>

<net id="450"><net_src comp="116" pin="2"/><net_sink comp="447" pin=0"/></net>

<net id="451"><net_src comp="447" pin="1"/><net_sink comp="340" pin=0"/></net>

<net id="455"><net_src comp="122" pin="2"/><net_sink comp="452" pin=0"/></net>

<net id="456"><net_src comp="452" pin="1"/><net_sink comp="301" pin=1"/></net>

<net id="460"><net_src comp="134" pin="2"/><net_sink comp="457" pin=0"/></net>

<net id="461"><net_src comp="457" pin="1"/><net_sink comp="224" pin=1"/></net>

<net id="465"><net_src comp="140" pin="2"/><net_sink comp="462" pin=0"/></net>

<net id="466"><net_src comp="462" pin="1"/><net_sink comp="219" pin=1"/></net>

<net id="470"><net_src comp="181" pin="1"/><net_sink comp="467" pin=0"/></net>

<net id="471"><net_src comp="467" pin="1"/><net_sink comp="241" pin=1"/></net>

<net id="475"><net_src comp="185" pin="1"/><net_sink comp="472" pin=0"/></net>

<net id="476"><net_src comp="472" pin="1"/><net_sink comp="272" pin=0"/></net>

<net id="480"><net_src comp="224" pin="2"/><net_sink comp="477" pin=0"/></net>

<net id="484"><net_src comp="252" pin="3"/><net_sink comp="481" pin=0"/></net>

<net id="485"><net_src comp="481" pin="1"/><net_sink comp="389" pin=1"/></net>

<net id="489"><net_src comp="277" pin="1"/><net_sink comp="486" pin=0"/></net>

<net id="490"><net_src comp="486" pin="1"/><net_sink comp="384" pin=1"/></net>

<net id="494"><net_src comp="281" pin="1"/><net_sink comp="491" pin=0"/></net>

<net id="495"><net_src comp="491" pin="1"/><net_sink comp="377" pin=1"/></net>

<net id="499"><net_src comp="334" pin="2"/><net_sink comp="496" pin=0"/></net>

<net id="500"><net_src comp="496" pin="1"/><net_sink comp="152" pin=1"/></net>

<net id="501"><net_src comp="496" pin="1"/><net_sink comp="159" pin=1"/></net>

<net id="505"><net_src comp="345" pin="2"/><net_sink comp="502" pin=0"/></net>

<net id="506"><net_src comp="502" pin="1"/><net_sink comp="398" pin=1"/></net>

<net id="510"><net_src comp="389" pin="2"/><net_sink comp="507" pin=0"/></net>

<net id="511"><net_src comp="507" pin="1"/><net_sink comp="394" pin=0"/></net>

<net id="515"><net_src comp="159" pin="2"/><net_sink comp="512" pin=0"/></net>

<net id="516"><net_src comp="512" pin="1"/><net_sink comp="409" pin=0"/></net>

</net_list>

</model> 
---------------- Datapath Model END ------------------

* FSMD analyzer results:
  - Output states:
	Port: local_weights_V | {11 }
 - Input state : 
	Port: accel_top_Pipeline_LOAD_W_KH_LOAD_W_KW : w_ptr_1 | {1 }
	Port: accel_top_Pipeline_LOAD_W_KH_LOAD_W_KW : DATA | {3 4 5 6 7 8 9 10 }
	Port: accel_top_Pipeline_LOAD_W_KH_LOAD_W_KW : kernel_size | {1 }
	Port: accel_top_Pipeline_LOAD_W_KH_LOAD_W_KW : mul_ln101 | {1 }
	Port: accel_top_Pipeline_LOAD_W_KH_LOAD_W_KW : sub_ln119 | {1 }
	Port: accel_top_Pipeline_LOAD_W_KH_LOAD_W_KW : weight_data | {1 }
	Port: accel_top_Pipeline_LOAD_W_KH_LOAD_W_KW : trunc_ln4 | {1 }
  - Chain level:
	State 1
		store_ln0 : 1
		store_ln0 : 1
		store_ln0 : 1
	State 2
		zext_ln117_1 : 1
		icmp_ln117 : 2
		icmp_ln116 : 1
		add_ln116 : 1
		br_ln116 : 2
		add_ln116_1 : 1
		add_ln116_2 : 1
		select_ln116 : 3
		select_ln116_1 : 3
		zext_ln119 : 4
		add_ln119_1 : 5
		trunc_ln119 : 6
		trunc_ln119_1 : 6
		select_ln116_2 : 3
		trunc_ln116 : 4
		sext_ln116 : 4
		add_ln116_3 : 5
		zext_ln117 : 4
		trunc_ln119_3 : 4
		add_ln119 : 6
		trunc_ln119_2 : 7
		sext_ln119 : 8
		DATA_addr : 9
		add_ln119_3 : 5
		add_ln119_2 : 6
		add_ln117 : 4
		store_ln117 : 2
		store_ln117 : 4
		store_ln117 : 4
		store_ln117 : 5
	State 3
		sub_ln119_1 : 1
		add_ln119_4 : 2
	State 4
	State 5
	State 6
	State 7
	State 8
	State 9
	State 10
	State 11
		local_weights_V_addr : 1
		zext_ln119_1 : 1
		lshr_ln119 : 2
		trunc_ln119_4 : 3
		store_ln119 : 4


============================================================
+ Verbose Summary: Datapath Resource usage 
============================================================

* Functional unit list:
|----------|------------------------------|---------|---------|
| Operation|        Functional Unit       |    FF   |   LUT   |
|----------|------------------------------|---------|---------|
|          |       add_ln116_fu_229       |    0    |    69   |
|          |      add_ln116_1_fu_241      |    0    |    39   |
|          |      add_ln116_2_fu_246      |    0    |    38   |
|          |      add_ln119_1_fu_272      |    0    |    43   |
|    add   |      add_ln116_3_fu_301      |    0    |    64   |
|          |       add_ln119_fu_314       |    0    |    64   |
|          |      add_ln119_3_fu_340      |    0    |    2    |
|          |      add_ln119_2_fu_345      |    0    |    2    |
|          |       add_ln117_fu_351       |    0    |    12   |
|          |      add_ln119_4_fu_389      |    0    |    12   |
|----------|------------------------------|---------|---------|
|   lshr   |       lshr_ln119_fu_409      |    0    |   100   |
|----------|------------------------------|---------|---------|
|          |      select_ln116_fu_252     |    0    |    12   |
|  select  |     select_ln116_1_fu_260    |    0    |    31   |
|          |     select_ln116_2_fu_285    |    0    |    32   |
|----------|------------------------------|---------|---------|
|   icmp   |       icmp_ln117_fu_219      |    0    |    17   |
|          |       icmp_ln116_fu_224      |    0    |    28   |
|----------|------------------------------|---------|---------|
|    sub   |      sub_ln119_1_fu_384      |    0    |    12   |
|----------|------------------------------|---------|---------|
|          |  trunc_ln4_read_read_fu_116  |    0    |    0    |
|          | weight_data_read_read_fu_122 |    0    |    0    |
|          |  sub_ln119_read_read_fu_128  |    0    |    0    |
|   read   |  mul_ln101_read_read_fu_134  |    0    |    0    |
|          | kernel_size_read_read_fu_140 |    0    |    0    |
|          |   w_ptr_1_read_read_fu_146   |    0    |    0    |
|          |  DATA_addr_read_read_fu_159  |    0    |    0    |
|----------|------------------------------|---------|---------|
|  readreq |      grp_readreq_fu_152      |    0    |    0    |
|----------|------------------------------|---------|---------|
|          |    kernel_size_cast_fu_181   |    0    |    0    |
|          |      zext_ln117_1_fu_215     |    0    |    0    |
|   zext   |       zext_ln119_fu_268      |    0    |    0    |
|          |       zext_ln117_fu_306      |    0    |    0    |
|          |      zext_ln119_2_fu_394     |    0    |    0    |
|          |      zext_ln119_1_fu_405     |    0    |    0    |
|----------|------------------------------|---------|---------|
|          |     sub_ln119_cast_fu_185    |    0    |    0    |
|   sext   |       sext_ln116_fu_297      |    0    |    0    |
|          |       sext_ln119_fu_330      |    0    |    0    |
|----------|------------------------------|---------|---------|
|          |      trunc_ln119_fu_277      |    0    |    0    |
|          |     trunc_ln119_1_fu_281     |    0    |    0    |
|   trunc  |      trunc_ln116_fu_293      |    0    |    0    |
|          |     trunc_ln119_3_fu_310     |    0    |    0    |
|          |     trunc_ln119_4_fu_414     |    0    |    0    |
|----------|------------------------------|---------|---------|
|partselect|     trunc_ln119_2_fu_320     |    0    |    0    |
|----------|------------------------------|---------|---------|
|bitconcatenate|         p_shl_fu_377         |    0    |    0    |
|          |        shl_ln3_fu_398        |    0    |    0    |
|----------|------------------------------|---------|---------|
|   Total  |                              |    0    |   577   |
|----------|------------------------------|---------|---------|

Memories:
N/A

* Register list:
+------------------------+--------+
|                        |   FF   |
+------------------------+--------+
| DATA_addr_read_reg_512 |   32   |
|    DATA_addr_reg_496   |   32   |
|   add_ln119_2_reg_502  |    2   |
|   add_ln119_4_reg_507  |   12   |
|   icmp_ln116_reg_477   |    1   |
|indvar_flatten12_reg_440|   62   |
|kernel_size_cast_reg_467|   32   |
|kernel_size_read_reg_462|   31   |
|       kh_reg_433       |   31   |
|       kw_reg_419       |   12   |
| mul_ln101_read_reg_457 |   62   |
|  select_ln116_reg_481  |   12   |
| sub_ln119_cast_reg_472 |   37   |
|  trunc_ln119_1_reg_491 |    9   |
|   trunc_ln119_reg_486  |   12   |
| trunc_ln4_read_reg_447 |    2   |
|      w_ptr_reg_426     |   32   |
|weight_data_read_reg_452|   64   |
+------------------------+--------+
|          Total         |   477  |
+------------------------+--------+

* Multiplexer (MUX) list: 
|--------|------|------|------|--------|
|  Comp  |  Pin | Size |  BW  | S x BW |
|--------|------|------|------|--------|
|  Total |      |      |      |    0   |
|--------|------|------|------|--------|



* Summary:
+-----------+--------+--------+
|           |   FF   |   LUT  |
+-----------+--------+--------+
|  Function |    0   |   577  |
|   Memory  |    -   |    -   |
|Multiplexer|    -   |    -   |
|  Register |   477  |    -   |
+-----------+--------+--------+
|   Total   |   477  |   577  |
+-----------+--------+--------+
