

================================================================
== Vitis HLS Report for 'accel_top_Pipeline_LOAD_INPUT_H_LOAD_INPUT_W'
================================================================
* Date:           Fri Aug 21 20:16:10 2026

* Version:        2022.1 (Build 3526262 on Mon Apr 18 15:48:16 MDT 2022)
* Project:        cnn_accelerator
* Solution:       solution1 (Vivado IP Flow Target)
* Product family: zynq
* Target device:  xc7z020-clg484-1


================================================================
== Performance Estimates
================================================================
+ Timing: 
    * Summary: 
    +--------+----------+----------+------------+
    |  Clock |  Target  | Estimated| Uncertainty|
    +--------+----------+----------+------------+
    |ap_clk  |  10.00 ns|  8.750 ns|     1.25 ns|
    +--------+----------+----------+------------+

+ Latency: 
    * Summary: 
    +---------+---------+----------+----------+-----+-----+---------+
    |  Latency (cycles) |  Latency (absolute) |  Interval | Pipeline|
    |   min   |   max   |    min   |    max   | min | max |   Type  |
    +---------+---------+----------+----------+-----+-----+---------+
    |        ?|        ?|         ?|         ?|    ?|    ?|       no|
    +---------+---------+----------+----------+-----+-----+---------+

    + Detail: 
        * Instance: 
        N/A

        * Loop: 
        +-----------------------------+---------+---------+----------+-----------+-----------+------+----------+
        |                             |  Latency (cycles) | Iteration|  Initiation Interval  | Trip |          |
        |          Loop Name          |   min   |   max   |  Latency |  achieved |   target  | Count| Pipelined|
        +-----------------------------+---------+---------+----------+-----------+-----------+------+----------+
        |- LOAD_INPUT_H_LOAD_INPUT_W  |        ?|        ?|        12|          1|          1|     ?|       yes|
        +-----------------------------+---------+---------+----------+-----------+-----------+------+----------+

============================================================
+ Verbose Summary: Synthesis Manager
============================================================
InlineROM: 1
ExposeGlobal: 0
============================================================
+ Verbose Summary: CDFG Model
============================================================
IsTopModel: 0
ResetActiveHigh: 1
IsCombinational: 0
IsDatapathOnly: 0
HasWiredReturn: 1
HasMFsm: 2
HasVarLatency: 1
IsPipeline: 0
IsRtlPipelined: 0
IsInstanceOverlapped: 0
IsDontTouch: 0
HasImplIP: 0
IsGatedGlobalClock: 0

+ Individual pipeline summary: 
  * Pipeline-0: initiation interval (II) = 1, depth = 13


============================================================
+ Verbose Summary: Schedule
============================================================
* Number of FSM states : 13
* Pipeline : 1
  Pipeline-0 : II = 1, D = 13, States = { 1 2 3 4 5 6 7 8 9 10 11 12 13 }
* Dataflow Pipeline: 0

* FSM state transitions: 
1 --> 2 
2 --> 3 
3 --> 4 
4 --> 5 
5 --> 6 
6 --> 7 
7 --> 8 
8 --> 9 
9 --> 10 
10 --> 11 
11 --> 12 
12 --> 13 
13 --> 

* FSM state operations: 

State 1 <SV = 0> <Delay = 1.58>
ST_1 : Operation 15 [1/1] (0.00ns)   --->   "%w = alloca i32 1"   --->   Operation 15 'alloca' 'w' <Predicate = true> <Delay = 0.00>
ST_1 : Operation 16 [1/1] (0.00ns)   --->   "%h = alloca i32 1"   --->   Operation 16 'alloca' 'h' <Predicate = true> <Delay = 0.00>
ST_1 : Operation 17 [1/1] (0.00ns)   --->   "%indvar_flatten = alloca i32 1"   --->   Operation 17 'alloca' 'indvar_flatten' <Predicate = true> <Delay = 0.00>
ST_1 : Operation 18 [1/1] (0.00ns)   --->   "%trunc_ln89_1_read = read i2 @_ssdm_op_Read.ap_auto.i2, i2 %trunc_ln89_1"   --->   Operation 18 'read' 'trunc_ln89_1_read' <Predicate = true> <Delay = 0.00>
ST_1 : Operation 19 [1/1] (0.00ns)   --->   "%input_data_read = read i64 @_ssdm_op_Read.ap_auto.i64, i64 %input_data"   --->   Operation 19 'read' 'input_data_read' <Predicate = true> <Delay = 0.00>
ST_1 : Operation 20 [1/1] (0.00ns)   --->   "%in_ptr_read = read i32 @_ssdm_op_Read.ap_auto.i32, i32 %in_ptr"   --->   Operation 20 'read' 'in_ptr_read' <Predicate = true> <Delay = 0.00>
ST_1 : Operation 21 [1/1] (0.00ns)   --->   "%zext_ln87_read = read i31 @_ssdm_op_Read.ap_auto.i31, i31 %zext_ln87"   --->   Operation 21 'read' 'zext_ln87_read' <Predicate = true> <Delay = 0.00>
ST_1 : Operation 22 [1/1] (0.00ns)   --->   "%zext_ln91_read = read i37 @_ssdm_op_Read.ap_auto.i37, i37 %zext_ln91"   --->   Operation 22 'read' 'zext_ln91_read' <Predicate = true> <Delay = 0.00>
ST_1 : Operation 23 [1/1] (0.00ns)   --->   "%mul_ln24_read = read i63 @_ssdm_op_Read.ap_auto.i63, i63 %mul_ln24"   --->   Operation 23 'read' 'mul_ln24_read' <Predicate = true> <Delay = 0.00>
ST_1 : Operation 24 [1/1] (0.00ns)   --->   "%in_width_read = read i32 @_ssdm_op_Read.ap_auto.i32, i32 %in_width"   --->   Operation 24 'read' 'in_width_read' <Predicate = true> <Delay = 0.00>
ST_1 : Operation 25 [1/1] (0.00ns)   --->   "%zext_ln87_cast = zext i31 %zext_ln87_read"   --->   Operation 25 'zext' 'zext_ln87_cast' <Predicate = true> <Delay = 0.00>
ST_1 : Operation 26 [1/1] (0.00ns)   --->   "%trunc_ln91 = trunc i37 %zext_ln91_read" [src/accel_top.cpp:91]   --->   Operation 26 'trunc' 'trunc_ln91' <Predicate = true> <Delay = 0.00>
ST_1 : Operation 27 [1/1] (0.00ns)   --->   "%specmemcore_ln0 = specmemcore void @_ssdm_op_SpecMemCore, i8 %local_input_V, i64 666, i64 22, i64 18446744073709551615"   --->   Operation 27 'specmemcore' 'specmemcore_ln0' <Predicate = true> <Delay = 0.00>
ST_1 : Operation 28 [1/1] (0.00ns)   --->   "%specinterface_ln0 = specinterface void @_ssdm_op_SpecInterface, i32 %DATA, void @empty_19, i32 0, i32 0, void @empty_23, i32 0, i32 65536, void @empty_31, void @empty_25, void @empty_23, i32 16, i32 16, i32 16, i32 16, void @empty_23, void @empty_23, i32 4294967295, i32 0"   --->   Operation 28 'specinterface' 'specinterface_ln0' <Predicate = true> <Delay = 0.00>
ST_1 : Operation 29 [1/1] (1.58ns)   --->   "%store_ln0 = store i63 0, i63 %indvar_flatten"   --->   Operation 29 'store' 'store_ln0' <Predicate = true> <Delay = 1.58>
ST_1 : Operation 30 [1/1] (1.58ns)   --->   "%store_ln0 = store i31 0, i31 %h"   --->   Operation 30 'store' 'store_ln0' <Predicate = true> <Delay = 1.58>
ST_1 : Operation 31 [1/1] (1.58ns)   --->   "%store_ln0 = store i17 0, i17 %w"   --->   Operation 31 'store' 'store_ln0' <Predicate = true> <Delay = 1.58>
ST_1 : Operation 32 [1/1] (0.00ns)   --->   "%br_ln0 = br void %for.inc"   --->   Operation 32 'br' 'br_ln0' <Predicate = true> <Delay = 0.00>

State 2 <SV = 1> <Delay = 6.97>
ST_2 : Operation 33 [1/1] (0.00ns)   --->   "%w_2 = load i17 %w" [src/accel_top.cpp:89]   --->   Operation 33 'load' 'w_2' <Predicate = true> <Delay = 0.00>
ST_2 : Operation 34 [1/1] (0.00ns)   --->   "%indvar_flatten_load = load i63 %indvar_flatten" [src/accel_top.cpp:88]   --->   Operation 34 'load' 'indvar_flatten_load' <Predicate = true> <Delay = 0.00>
ST_2 : Operation 35 [1/1] (0.00ns)   --->   "%specbitsmap_ln0 = specbitsmap void @_ssdm_op_SpecBitsMap, i32 %DATA"   --->   Operation 35 'specbitsmap' 'specbitsmap_ln0' <Predicate = true> <Delay = 0.00>
ST_2 : Operation 36 [1/1] (0.00ns)   --->   "%zext_ln89 = zext i17 %w_2" [src/accel_top.cpp:89]   --->   Operation 36 'zext' 'zext_ln89' <Predicate = true> <Delay = 0.00>
ST_2 : Operation 37 [1/1] (2.47ns)   --->   "%icmp_ln89 = icmp_eq  i32 %zext_ln89, i32 %in_width_read" [src/accel_top.cpp:89]   --->   Operation 37 'icmp' 'icmp_ln89' <Predicate = true> <Delay = 2.47> <CoreInst = "Cmp">   --->   Core 9 'Cmp' <Latency = 0> <II = 1> <Delay = 2.47> <FuncUnit> <Opcode : 'icmp'> <InPorts = 2> <OutPorts = 1>
ST_2 : Operation 38 [1/1] (2.78ns)   --->   "%icmp_ln88 = icmp_eq  i63 %indvar_flatten_load, i63 %mul_ln24_read" [src/accel_top.cpp:88]   --->   Operation 38 'icmp' 'icmp_ln88' <Predicate = true> <Delay = 2.78> <CoreInst = "Cmp">   --->   Core 9 'Cmp' <Latency = 0> <II = 1> <Delay = 2.78> <FuncUnit> <Opcode : 'icmp'> <InPorts = 2> <OutPorts = 1>
ST_2 : Operation 39 [1/1] (3.49ns)   --->   "%add_ln88 = add i63 %indvar_flatten_load, i63 1" [src/accel_top.cpp:88]   --->   Operation 39 'add' 'add_ln88' <Predicate = true> <Delay = 3.49> <CoreInst = "Adder">   --->   Core 1 'Adder' <Latency = 0> <II = 1> <Delay = 3.49> <FuncUnit> <Opcode : 'add' 'sub'> <InPorts = 2> <OutPorts = 1>
ST_2 : Operation 40 [1/1] (0.00ns)   --->   "%br_ln88 = br i1 %icmp_ln88, void %for.inc75.loopexit, void %for.inc78.loopexit.exitStub" [src/accel_top.cpp:88]   --->   Operation 40 'br' 'br_ln88' <Predicate = true> <Delay = 0.00>
ST_2 : Operation 41 [1/1] (0.00ns)   --->   "%h_load = load i31 %h" [src/accel_top.cpp:88]   --->   Operation 41 'load' 'h_load' <Predicate = (!icmp_ln88)> <Delay = 0.00>
ST_2 : Operation 42 [1/1] (2.52ns)   --->   "%add_ln88_1 = add i31 %h_load, i31 1" [src/accel_top.cpp:88]   --->   Operation 42 'add' 'add_ln88_1' <Predicate = (!icmp_ln88)> <Delay = 2.52> <CoreInst = "Adder">   --->   Core 1 'Adder' <Latency = 0> <II = 1> <Delay = 2.52> <FuncUnit> <Opcode : 'add' 'sub'> <InPorts = 2> <OutPorts = 1>
ST_2 : Operation 43 [1/1] (0.78ns)   --->   "%select_ln88 = select i1 %icmp_ln89, i17 0, i17 %w_2" [src/accel_top.cpp:88]   --->   Operation 43 'select' 'select_ln88' <Predicate = (!icmp_ln88)> <Delay = 0.78> <CoreInst = "Sel">   --->   Core 73 'Sel' <Latency = 0> <II = 1> <Delay = 0.78> <FuncUnit> <Opcode : 'select'> <InPorts = 3> <OutPorts = 1>
ST_2 : Operation 44 [1/1] (0.73ns)   --->   "%select_ln88_1 = select i1 %icmp_ln89, i31 %add_ln88_1, i31 %h_load" [src/accel_top.cpp:88]   --->   Operation 44 'select' 'select_ln88_1' <Predicate = (!icmp_ln88)> <Delay = 0.73> <CoreInst = "Sel">   --->   Core 73 'Sel' <Latency = 0> <II = 1> <Delay = 0.73> <FuncUnit> <Opcode : 'select'> <InPorts = 3> <OutPorts = 1>
ST_2 : Operation 45 [1/1] (0.00ns)   --->   "%trunc_ln91_1 = trunc i31 %select_ln88_1" [src/accel_top.cpp:91]   --->   Operation 45 'trunc' 'trunc_ln91_1' <Predicate = (!icmp_ln88)> <Delay = 0.00>
ST_2 : Operation 46 [1/1] (1.63ns)   --->   "%add_ln91_1 = add i11 %trunc_ln91, i11 %trunc_ln91_1" [src/accel_top.cpp:91]   --->   Operation 46 'add' 'add_ln91_1' <Predicate = (!icmp_ln88)> <Delay = 1.63> <CoreInst = "Adder">   --->   Core 1 'Adder' <Latency = 0> <II = 1> <Delay = 1.63> <FuncUnit> <Opcode : 'add' 'sub'> <InPorts = 2> <OutPorts = 1>
ST_2 : Operation 47 [1/1] (0.00ns)   --->   "%tmp_s = bitconcatenate i16 @_ssdm_op_BitConcatenate.i16.i11.i5, i11 %add_ln91_1, i5 0" [src/accel_top.cpp:91]   --->   Operation 47 'bitconcatenate' 'tmp_s' <Predicate = (!icmp_ln88)> <Delay = 0.00>
ST_2 : Operation 48 [1/1] (0.00ns)   --->   "%trunc_ln91_3 = trunc i17 %select_ln88" [src/accel_top.cpp:91]   --->   Operation 48 'trunc' 'trunc_ln91_3' <Predicate = (!icmp_ln88)> <Delay = 0.00>
ST_2 : Operation 49 [1/1] (2.07ns)   --->   "%add_ln91_4 = add i16 %tmp_s, i16 %trunc_ln91_3" [src/accel_top.cpp:91]   --->   Operation 49 'add' 'add_ln91_4' <Predicate = (!icmp_ln88)> <Delay = 2.07> <CoreInst = "Adder">   --->   Core 1 'Adder' <Latency = 0> <II = 1> <Delay = 2.07> <FuncUnit> <Opcode : 'add' 'sub'> <InPorts = 2> <OutPorts = 1>
ST_2 : Operation 50 [1/1] (0.00ns)   --->   "%trunc_ln91_4 = trunc i17 %select_ln88" [src/accel_top.cpp:91]   --->   Operation 50 'trunc' 'trunc_ln91_4' <Predicate = (!icmp_ln88)> <Delay = 0.00>
ST_2 : Operation 51 [1/1] (2.10ns)   --->   "%add_ln89 = add i17 %select_ln88, i17 1" [src/accel_top.cpp:89]   --->   Operation 51 'add' 'add_ln89' <Predicate = (!icmp_ln88)> <Delay = 2.10> <CoreInst = "Adder">   --->   Core 1 'Adder' <Latency = 0> <II = 1> <Delay = 2.10> <FuncUnit> <Opcode : 'add' 'sub'> <InPorts = 2> <OutPorts = 1>
ST_2 : Operation 52 [1/1] (1.58ns)   --->   "%store_ln89 = store i63 %add_ln88, i63 %indvar_flatten" [src/accel_top.cpp:89]   --->   Operation 52 'store' 'store_ln89' <Predicate = (!icmp_ln88)> <Delay = 1.58>
ST_2 : Operation 53 [1/1] (1.58ns)   --->   "%store_ln89 = store i31 %select_ln88_1, i31 %h" [src/accel_top.cpp:89]   --->   Operation 53 'store' 'store_ln89' <Predicate = (!icmp_ln88)> <Delay = 1.58>
ST_2 : Operation 54 [1/1] (1.58ns)   --->   "%store_ln89 = store i17 %add_ln89, i17 %w" [src/accel_top.cpp:89]   --->   Operation 54 'store' 'store_ln89' <Predicate = (!icmp_ln88)> <Delay = 1.58>

State 3 <SV = 2> <Delay = 8.24>
ST_3 : Operation 55 [1/1] (0.00ns)   --->   "%zext_ln88 = zext i31 %select_ln88_1" [src/accel_top.cpp:88]   --->   Operation 55 'zext' 'zext_ln88' <Predicate = true> <Delay = 0.00>
ST_3 : Operation 56 [1/1] (8.24ns)   --->   "%mul_ln88 = mul i32 %zext_ln88, i32 %zext_ln87_cast" [src/accel_top.cpp:88]   --->   Operation 56 'mul' 'mul_ln88' <Predicate = true> <Delay = 8.24> <CoreInst = "Multiplier">   --->   Core 3 'Multiplier' <Latency = 0> <II = 1> <Delay = 8.24> <FuncUnit> <Opcode : 'mul'> <InPorts = 2> <OutPorts = 1>

State 4 <SV = 3> <Delay = 7.85>
ST_4 : Operation 57 [1/1] (2.55ns)   --->   "%add_ln88_2 = add i32 %mul_ln88, i32 %in_ptr_read" [src/accel_top.cpp:88]   --->   Operation 57 'add' 'add_ln88_2' <Predicate = true> <Delay = 2.55> <CoreInst = "Adder">   --->   Core 1 'Adder' <Latency = 0> <II = 1> <Delay = 2.55> <FuncUnit> <Opcode : 'add' 'sub'> <InPorts = 2> <OutPorts = 1>
ST_4 : Operation 58 [1/1] (0.00ns)   --->   "%trunc_ln88 = trunc i32 %add_ln88_2" [src/accel_top.cpp:88]   --->   Operation 58 'trunc' 'trunc_ln88' <Predicate = true> <Delay = 0.00>
ST_4 : Operation 59 [1/1] (0.00ns)   --->   "%sext_ln88 = sext i32 %add_ln88_2" [src/accel_top.cpp:88]   --->   Operation 59 'sext' 'sext_ln88' <Predicate = true> <Delay = 0.00>
ST_4 : Operation 60 [1/1] (0.00ns) (grouped into TernaryAdder)   --->   "%add_ln88_3 = add i64 %sext_ln88, i64 %input_data_read" [src/accel_top.cpp:88]   --->   Operation 60 'add' 'add_ln88_3' <Predicate = true> <Delay = 0.00> <CoreInst = "TAddSub">   --->   Core 10 'TAddSub' <Latency = 0> <II = 1> <Delay = 1.03> <IPBlock> <Opcode : 'add' 'sub'> <InPorts = 3> <OutPorts = 1> <Sync> <CReg>
ST_4 : Operation 61 [1/1] (0.00ns)   --->   "%zext_ln89_1 = zext i17 %select_ln88" [src/accel_top.cpp:89]   --->   Operation 61 'zext' 'zext_ln89_1' <Predicate = true> <Delay = 0.00>
ST_4 : Operation 62 [1/1] (5.30ns) (root node of TernaryAdder)   --->   "%add_ln91 = add i64 %add_ln88_3, i64 %zext_ln89_1" [src/accel_top.cpp:91]   --->   Operation 62 'add' 'add_ln91' <Predicate = true> <Delay = 5.30> <CoreInst = "TAddSub">   --->   Core 10 'TAddSub' <Latency = 0> <II = 1> <Delay = 1.03> <IPBlock> <Opcode : 'add' 'sub'> <InPorts = 3> <OutPorts = 1> <Sync> <CReg>
ST_4 : Operation 63 [1/1] (0.00ns)   --->   "%trunc_ln91_2 = partselect i62 @_ssdm_op_PartSelect.i62.i64.i32.i32, i64 %add_ln91, i32 2, i32 63" [src/accel_top.cpp:91]   --->   Operation 63 'partselect' 'trunc_ln91_2' <Predicate = true> <Delay = 0.00>
ST_4 : Operation 64 [1/1] (0.00ns)   --->   "%sext_ln91 = sext i62 %trunc_ln91_2" [src/accel_top.cpp:91]   --->   Operation 64 'sext' 'sext_ln91' <Predicate = true> <Delay = 0.00>
ST_4 : Operation 65 [1/1] (0.00ns)   --->   "%DATA_addr = getelementptr i32 %DATA, i64 %sext_ln91" [src/accel_top.cpp:91]   --->   Operation 65 'getelementptr' 'DATA_addr' <Predicate = true> <Delay = 0.00>
ST_4 : Operation 66 [1/1] (0.00ns) (grouped into TernaryAdder)   --->   "%add_ln91_3 = add i2 %trunc_ln89_1_read, i2 %trunc_ln91_4" [src/accel_top.cpp:91]   --->   Operation 66 'add' 'add_ln91_3' <Predicate = true> <Delay = 0.00> <CoreInst = "TAddSub">   --->   Core 10 'TAddSub' <Latency = 0> <II = 1> <Delay = 1.03> <IPBlock> <Opcode : 'add' 'sub'> <InPorts = 3> <OutPorts = 1> <Sync> <CReg>
ST_4 : Operation 67 [1/1] (2.07ns) (root node of TernaryAdder)   --->   "%add_ln91_2 = add i2 %add_ln91_3, i2 %trunc_ln88" [src/accel_top.cpp:91]   --->   Operation 67 'add' 'add_ln91_2' <Predicate = true> <Delay = 2.07> <CoreInst = "TAddSub">   --->   Core 10 'TAddSub' <Latency = 0> <II = 1> <Delay = 1.03> <IPBlock> <Opcode : 'add' 'sub'> <InPorts = 3> <OutPorts = 1> <Sync> <CReg>

State 5 <SV = 4> <Delay = 8.75>
ST_5 : Operation 68 [7/7] (8.75ns)   --->   "%DATA_load_1_req = readreq i1 @_ssdm_op_ReadReq.m_axi.i32P1A, i32 %DATA_addr, i32 1" [src/accel_top.cpp:91]   --->   Operation 68 'readreq' 'DATA_load_1_req' <Predicate = true> <Delay = 8.75> <CoreInst = "m_axi">   --->   Core 113 'm_axi' <Latency = 0> <II = 1> <Delay = 1.00> <Adapter> <Opcode : 'read' 'write' 'readreq' 'writereq' 'writeresp'>

State 6 <SV = 5> <Delay = 8.75>
ST_6 : Operation 69 [6/7] (8.75ns)   --->   "%DATA_load_1_req = readreq i1 @_ssdm_op_ReadReq.m_axi.i32P1A, i32 %DATA_addr, i32 1" [src/accel_top.cpp:91]   --->   Operation 69 'readreq' 'DATA_load_1_req' <Predicate = true> <Delay = 8.75> <CoreInst = "m_axi">   --->   Core 113 'm_axi' <Latency = 0> <II = 1> <Delay = 1.00> <Adapter> <Opcode : 'read' 'write' 'readreq' 'writereq' 'writeresp'>

State 7 <SV = 6> <Delay = 8.75>
ST_7 : Operation 70 [5/7] (8.75ns)   --->   "%DATA_load_1_req = readreq i1 @_ssdm_op_ReadReq.m_axi.i32P1A, i32 %DATA_addr, i32 1" [src/accel_top.cpp:91]   --->   Operation 70 'readreq' 'DATA_load_1_req' <Predicate = true> <Delay = 8.75> <CoreInst = "m_axi">   --->   Core 113 'm_axi' <Latency = 0> <II = 1> <Delay = 1.00> <Adapter> <Opcode : 'read' 'write' 'readreq' 'writereq' 'writeresp'>

State 8 <SV = 7> <Delay = 8.75>
ST_8 : Operation 71 [4/7] (8.75ns)   --->   "%DATA_load_1_req = readreq i1 @_ssdm_op_ReadReq.m_axi.i32P1A, i32 %DATA_addr, i32 1" [src/accel_top.cpp:91]   --->   Operation 71 'readreq' 'DATA_load_1_req' <Predicate = true> <Delay = 8.75> <CoreInst = "m_axi">   --->   Core 113 'm_axi' <Latency = 0> <II = 1> <Delay = 1.00> <Adapter> <Opcode : 'read' 'write' 'readreq' 'writereq' 'writeresp'>

State 9 <SV = 8> <Delay = 8.75>
ST_9 : Operation 72 [3/7] (8.75ns)   --->   "%DATA_load_1_req = readreq i1 @_ssdm_op_ReadReq.m_axi.i32P1A, i32 %DATA_addr, i32 1" [src/accel_top.cpp:91]   --->   Operation 72 'readreq' 'DATA_load_1_req' <Predicate = true> <Delay = 8.75> <CoreInst = "m_axi">   --->   Core 113 'm_axi' <Latency = 0> <II = 1> <Delay = 1.00> <Adapter> <Opcode : 'read' 'write' 'readreq' 'writereq' 'writeresp'>

State 10 <SV = 9> <Delay = 8.75>
ST_10 : Operation 73 [2/7] (8.75ns)   --->   "%DATA_load_1_req = readreq i1 @_ssdm_op_ReadReq.m_axi.i32P1A, i32 %DATA_addr, i32 1" [src/accel_top.cpp:91]   --->   Operation 73 'readreq' 'DATA_load_1_req' <Predicate = true> <Delay = 8.75> <CoreInst = "m_axi">   --->   Core 113 'm_axi' <Latency = 0> <II = 1> <Delay = 1.00> <Adapter> <Opcode : 'read' 'write' 'readreq' 'writereq' 'writeresp'>

State 11 <SV = 10> <Delay = 8.75>
ST_11 : Operation 74 [1/7] (8.75ns)   --->   "%DATA_load_1_req = readreq i1 @_ssdm_op_ReadReq.m_axi.i32P1A, i32 %DATA_addr, i32 1" [src/accel_top.cpp:91]   --->   Operation 74 'readreq' 'DATA_load_1_req' <Predicate = true> <Delay = 8.75> <CoreInst = "m_axi">   --->   Core 113 'm_axi' <Latency = 0> <II = 1> <Delay = 1.00> <Adapter> <Opcode : 'read' 'write' 'readreq' 'writereq' 'writeresp'>

State 12 <SV = 11> <Delay = 8.75>
ST_12 : Operation 75 [1/1] (8.75ns)   --->   "%DATA_addr_read = read i32 @_ssdm_op_Read.m_axi.i32P1A, i32 %DATA_addr" [src/accel_top.cpp:91]   --->   Operation 75 'read' 'DATA_addr_read' <Predicate = true> <Delay = 8.75> <CoreInst = "m_axi">   --->   Core 113 'm_axi' <Latency = 0> <II = 1> <Delay = 1.00> <Adapter> <Opcode : 'read' 'write' 'readreq' 'writereq' 'writeresp'>
ST_12 : Operation 87 [1/1] (0.00ns)   --->   "%ret_ln0 = ret"   --->   Operation 87 'ret' 'ret_ln0' <Predicate = (icmp_ln88)> <Delay = 0.00>

State 13 <SV = 12> <Delay = 7.67>
ST_13 : Operation 76 [1/1] (0.00ns)   --->   "%specloopname_ln0 = specloopname void @_ssdm_op_SpecLoopName, void @LOAD_INPUT_H_LOAD_INPUT_W_str"   --->   Operation 76 'specloopname' 'specloopname_ln0' <Predicate = true> <Delay = 0.00>
ST_13 : Operation 77 [1/1] (0.00ns)   --->   "%zext_ln91_2 = zext i16 %add_ln91_4" [src/accel_top.cpp:91]   --->   Operation 77 'zext' 'zext_ln91_2' <Predicate = true> <Delay = 0.00>
ST_13 : Operation 78 [1/1] (0.00ns)   --->   "%local_input_V_addr = getelementptr i8 %local_input_V, i64 0, i64 %zext_ln91_2" [src/accel_top.cpp:91]   --->   Operation 78 'getelementptr' 'local_input_V_addr' <Predicate = true> <Delay = 0.00>
ST_13 : Operation 79 [1/1] (0.00ns)   --->   "%specpipeline_ln90 = specpipeline void @_ssdm_op_SpecPipeline, i32 1, i32 0, i32 0, i32 0, void @empty_23" [src/accel_top.cpp:90]   --->   Operation 79 'specpipeline' 'specpipeline_ln90' <Predicate = true> <Delay = 0.00>
ST_13 : Operation 80 [1/1] (0.00ns)   --->   "%specloopname_ln89 = specloopname void @_ssdm_op_SpecLoopName, void @empty_17" [src/accel_top.cpp:89]   --->   Operation 80 'specloopname' 'specloopname_ln89' <Predicate = true> <Delay = 0.00>
ST_13 : Operation 81 [1/1] (0.00ns)   --->   "%shl_ln1 = bitconcatenate i5 @_ssdm_op_BitConcatenate.i5.i2.i3, i2 %add_ln91_2, i3 0" [src/accel_top.cpp:91]   --->   Operation 81 'bitconcatenate' 'shl_ln1' <Predicate = true> <Delay = 0.00>
ST_13 : Operation 82 [1/1] (0.00ns)   --->   "%zext_ln91_1 = zext i5 %shl_ln1" [src/accel_top.cpp:91]   --->   Operation 82 'zext' 'zext_ln91_1' <Predicate = true> <Delay = 0.00>
ST_13 : Operation 83 [1/1] (4.42ns)   --->   "%lshr_ln91 = lshr i32 %DATA_addr_read, i32 %zext_ln91_1" [src/accel_top.cpp:91]   --->   Operation 83 'lshr' 'lshr_ln91' <Predicate = true> <Delay = 4.42> <CoreInst = "Shifter">   --->   Core 75 'Shifter' <Latency = 0> <II = 1> <Delay = 4.42> <FuncUnit> <Opcode : 'shl' 'lshr' 'ashr'> <InPorts = 2> <OutPorts = 1>
ST_13 : Operation 84 [1/1] (0.00ns)   --->   "%trunc_ln91_5 = trunc i32 %lshr_ln91" [src/accel_top.cpp:91]   --->   Operation 84 'trunc' 'trunc_ln91_5' <Predicate = true> <Delay = 0.00>
ST_13 : Operation 85 [1/1] (3.25ns)   --->   "%store_ln91 = store i8 %trunc_ln91_5, i16 %local_input_V_addr" [src/accel_top.cpp:91]   --->   Operation 85 'store' 'store_ln91' <Predicate = true> <Delay = 3.25> <CoreInst = "RAM_2P_BRAM">   --->   Core 91 'RAM_2P_BRAM' <Latency = 1> <II = 1> <Delay = 3.25> <Storage> <Opcode : 'load' 'store'> <Ports = 2> <Width = 8> <Depth = 65536> <RAM>
ST_13 : Operation 86 [1/1] (0.00ns)   --->   "%br_ln89 = br void %for.inc" [src/accel_top.cpp:89]   --->   Operation 86 'br' 'br_ln89' <Predicate = true> <Delay = 0.00>


============================================================
+ Verbose Summary: Binding
============================================================
STG Binding: 
---------------- STG Properties BEGIN ----------------
- Is combinational: 0
- Is one-state seq: 0
- Is datapath-only: 0
- Is pipelined: 0
- Is top level: 0
Port [ Return ] is wired: 1; IO mode=ap_ctrl_hs:ce=0
Port [ DATA]:  wired=1; compound=1; hidden=0; nouse=0; global=0; static=0; extern=0; dir=0; type=4; pingpong=0; private_global=0; IO mode=m_axi:ce=0
Port [ in_width]:  wired=1; compound=0; hidden=0; nouse=0; global=0; static=0; extern=0; dir=0; type=0; pingpong=0; private_global=0; IO mode=ap_none:ce=0
Port [ mul_ln24]:  wired=1; compound=0; hidden=0; nouse=0; global=0; static=0; extern=0; dir=0; type=0; pingpong=0; private_global=0; IO mode=ap_none:ce=0
Port [ zext_ln91]:  wired=1; compound=0; hidden=0; nouse=0; global=0; static=0; extern=0; dir=0; type=0; pingpong=0; private_global=0; IO mode=ap_none:ce=0
Port [ zext_ln87]:  wired=1; compound=0; hidden=0; nouse=0; global=0; static=0; extern=0; dir=0; type=0; pingpong=0; private_global=0; IO mode=ap_none:ce=0
Port [ in_ptr]:  wired=1; compound=0; hidden=0; nouse=0; global=0; static=0; extern=0; dir=0; type=0; pingpong=0; private_global=0; IO mode=ap_none:ce=0
Port [ input_data]:  wired=1; compound=0; hidden=0; nouse=0; global=0; static=0; extern=0; dir=0; type=0; pingpong=0; private_global=0; IO mode=ap_none:ce=0
Port [ local_input_V]:  wired=1; compound=1; hidden=0; nouse=0; global=0; static=0; extern=0; dir=1; type=1; pingpong=0; private_global=0; MemPort=[30]; IO mode=ap_memory:ce=0
Port [ trunc_ln89_1]:  wired=1; compound=0; hidden=0; nouse=0; global=0; static=0; extern=0; dir=0; type=0; pingpong=0; private_global=0; IO mode=ap_none:ce=0
---------------- STG Properties END ------------------

---------------- Datapath Model BEGIN ----------------

<LifeTime>
<method=bitvector/>
w                   (alloca        ) [ 01100000000000]
h                   (alloca        ) [ 01100000000000]
indvar_flatten      (alloca        ) [ 01100000000000]
trunc_ln89_1_read   (read          ) [ 01111000000000]
input_data_read     (read          ) [ 01111000000000]
in_ptr_read         (read          ) [ 01111000000000]
zext_ln87_read      (read          ) [ 00000000000000]
zext_ln91_read      (read          ) [ 00000000000000]
mul_ln24_read       (read          ) [ 01100000000000]
in_width_read       (read          ) [ 01100000000000]
zext_ln87_cast      (zext          ) [ 01110000000000]
trunc_ln91          (trunc         ) [ 01100000000000]
specmemcore_ln0     (specmemcore   ) [ 00000000000000]
specinterface_ln0   (specinterface ) [ 00000000000000]
store_ln0           (store         ) [ 00000000000000]
store_ln0           (store         ) [ 00000000000000]
store_ln0           (store         ) [ 00000000000000]
br_ln0              (br            ) [ 00000000000000]
w_2                 (load          ) [ 00000000000000]
indvar_flatten_load (load          ) [ 00000000000000]
specbitsmap_ln0     (specbitsmap   ) [ 00000000000000]
zext_ln89           (zext          ) [ 00000000000000]
icmp_ln89           (icmp          ) [ 00000000000000]
icmp_ln88           (icmp          ) [ 01111111111110]
add_ln88            (add           ) [ 00000000000000]
br_ln88             (br            ) [ 00000000000000]
h_load              (load          ) [ 00000000000000]
add_ln88_1          (add           ) [ 00000000000000]
select_ln88         (select        ) [ 01011000000000]
select_ln88_1       (select        ) [ 01010000000000]
trunc_ln91_1        (trunc         ) [ 00000000000000]
add_ln91_1          (add           ) [ 00000000000000]
tmp_s               (bitconcatenate) [ 00000000000000]
trunc_ln91_3        (trunc         ) [ 00000000000000]
add_ln91_4          (add           ) [ 01011111111111]
trunc_ln91_4        (trunc         ) [ 01011000000000]
add_ln89            (add           ) [ 00000000000000]
store_ln89          (store         ) [ 00000000000000]
store_ln89          (store         ) [ 00000000000000]
store_ln89          (store         ) [ 00000000000000]
zext_ln88           (zext          ) [ 00000000000000]
mul_ln88            (mul           ) [ 01001000000000]
add_ln88_2          (add           ) [ 00000000000000]
trunc_ln88          (trunc         ) [ 00000000000000]
sext_ln88           (sext          ) [ 00000000000000]
add_ln88_3          (add           ) [ 00000000000000]
zext_ln89_1         (zext          ) [ 00000000000000]
add_ln91            (add           ) [ 00000000000000]
trunc_ln91_2        (partselect    ) [ 00000000000000]
sext_ln91           (sext          ) [ 00000000000000]
DATA_addr           (getelementptr ) [ 01000111111110]
add_ln91_3          (add           ) [ 00000000000000]
add_ln91_2          (add           ) [ 01000111111111]
DATA_load_1_req     (readreq       ) [ 00000000000000]
DATA_addr_read      (read          ) [ 01000000000001]
specloopname_ln0    (specloopname  ) [ 00000000000000]
zext_ln91_2         (zext          ) [ 00000000000000]
local_input_V_addr  (getelementptr ) [ 00000000000000]
specpipeline_ln90   (specpipeline  ) [ 00000000000000]
specloopname_ln89   (specloopname  ) [ 00000000000000]
shl_ln1             (bitconcatenate) [ 00000000000000]
zext_ln91_1         (zext          ) [ 00000000000000]
lshr_ln91           (lshr          ) [ 00000000000000]
trunc_ln91_5        (trunc         ) [ 00000000000000]
store_ln91          (store         ) [ 00000000000000]
br_ln89             (br            ) [ 00000000000000]
ret_ln0             (ret           ) [ 00000000000000]
</LifeTime>

<model>

<comp_list>
<comp id="0" class="1000" name="DATA">
<pin_list>
<pin id="1" dir="1" index="0" bw="1" slack="0"/>
</pin_list>
<bind>
<StgValue><ssdm name="DATA"/></StgValue>
</bind>
</comp>

<comp id="2" class="1000" name="in_width">
<pin_list>
<pin id="3" dir="1" index="0" bw="1" slack="0"/>
</pin_list>
<bind>
<StgValue><ssdm name="in_width"/></StgValue>
</bind>
</comp>

<comp id="4" class="1000" name="mul_ln24">
<pin_list>
<pin id="5" dir="1" index="0" bw="1" slack="0"/>
</pin_list>
<bind>
<StgValue><ssdm name="mul_ln24"/></StgValue>
</bind>
</comp>

<comp id="6" class="1000" name="zext_ln91">
<pin_list>
<pin id="7" dir="1" index="0" bw="1" slack="0"/>
</pin_list>
<bind>
<StgValue><ssdm name="zext_ln91"/></StgValue>
</bind>
</comp>

<comp id="8" class="1000" name="zext_ln87">
<pin_list>
<pin id="9" dir="1" index="0" bw="1" slack="0"/>
</pin_list>
<bind>
<StgValue><ssdm name="zext_ln87"/></StgValue>
</bind>
</comp>

<comp id="10" class="1000" name="in_ptr">
<pin_list>
<pin id="11" dir="1" index="0" bw="1" slack="0"/>
</pin_list>
<bind>
<StgValue><ssdm name="in_ptr"/></StgValue>
</bind>
</comp>

<comp id="12" class="1000" name="input_data">
<pin_list>
<pin id="13" dir="1" index="0" bw="1" slack="0"/>
</pin_list>
<bind>
<StgValue><ssdm name="input_data"/></StgValue>
</bind>
</comp>

<comp id="14" class="1000" name="local_input_V">
<pin_list>
<pin id="15" dir="1" index="0" bw="1" slack="0"/>
</pin_list>
<bind>
<StgValue><ssdm name="local_input_V"/><MemPortTyVec>3 0 </MemPortTyVec>
</StgValue>
</bind>
</comp>

<comp id="16" class="1000" name="trunc_ln89_1">
<pin_list>
<pin id="17" dir="1" index="0" bw="1" slack="0"/>
</pin_list>
<bind>
<StgValue><ssdm name="trunc_ln89_1"/></StgValue>
</bind>
</comp>

<comp id="18" class="1001" name="const_18">
<pin_list>
<pin id="19" dir="1" index="0" bw="1" slack="0"/>
</pin_list>
<bind>
<StgValue><ssdm name=""/></StgValue>
</bind>
</comp>

<comp id="20" class="1001" name="const_20">
<pin_list>
<pin id="21" dir="1" index="0" bw="1" slack="0"/>
</pin_list>
<bind>
<StgValue><ssdm name="_ssdm_op_Read.ap_auto.i2"/></StgValue>
</bind>
</comp>

<comp id="22" class="1001" name="const_22">
<pin_list>
<pin id="23" dir="1" index="0" bw="1" slack="0"/>
</pin_list>
<bind>
<StgValue><ssdm name="_ssdm_op_Read.ap_auto.i64"/></StgValue>
</bind>
</comp>

<comp id="24" class="1001" name="const_24">
<pin_list>
<pin id="25" dir="1" index="0" bw="1" slack="0"/>
</pin_list>
<bind>
<StgValue><ssdm name="_ssdm_op_Read.ap_auto.i32"/></StgValue>
</bind>
</comp>

<comp id="26" class="1001" name="const_26">
<pin_list>
<pin id="27" dir="1" index="0" bw="1" slack="0"/>
</pin_list>
<bind>
<StgValue><ssdm name="_ssdm_op_Read.ap_auto.i31"/></StgValue>
</bind>
</comp>

<comp id="28" class="1001" name="const_28">
<pin_list>
<pin id="29" dir="1" index="0" bw="1" slack="0"/>
</pin_list>
<bind>
<StgValue><ssdm name="_ssdm_op_Read.ap_auto.i37"/></StgValue>
</bind>
</comp>

<comp id="30" class="1001" name="const_30">
<pin_list>
<pin id="31" dir="1" index="0" bw="1" slack="0"/>
</pin_list>
<bind>
<StgValue><ssdm name="_ssdm_op_Read.ap_auto.i63"/></StgValue>
</bind>
</comp>

<comp id="32" class="1001" name="const_32">
<pin_list>
<pin id="33" dir="1" index="0" bw="1" slack="2147483647"/>
</pin_list>
<bind>
<StgValue><ssdm name="_ssdm_op_SpecMemCore"/></StgValue>
</bind>
</comp>

<comp id="34" class="1001" name="const_34">
<pin_list>
<pin id="35" dir="1" index="0" bw="1" slack="2147483647"/>
</pin_list>
<bind>
<StgValue><ssdm name=""/></StgValue>
</bind>
</comp>

<comp id="36" class="1001" name="const_36">
<pin_list>
<pin id="37" dir="1" index="0" bw="1" slack="2147483647"/>
</pin_list>
<bind>
<StgValue><ssdm name=""/></StgValue>
</bind>
</comp>

<comp id="38" class="1001" name="const_38">
<pin_list>
<pin id="39" dir="1" index="0" bw="1" slack="2147483647"/>
</pin_list>
<bind>
<StgValue><ssdm name=""/></StgValue>
</bind>
</comp>

<comp id="40" class="1001" name="const_40">
<pin_list>
<pin id="41" dir="1" index="0" bw="1" slack="2147483647"/>
</pin_list>
<bind>
<StgValue><ssdm name="_ssdm_op_SpecInterface"/></StgValue>
</bind>
</comp>

<comp id="42" class="1001" name="const_42">
<pin_list>
<pin id="43" dir="1" index="0" bw="1" slack="2147483647"/>
</pin_list>
<bind>
<StgValue><ssdm name="empty_19"/></StgValue>
</bind>
</comp>

<comp id="44" class="1001" name="const_44">
<pin_list>
<pin id="45" dir="1" index="0" bw="1" slack="2147483647"/>
</pin_list>
<bind>
<StgValue><ssdm name=""/></StgValue>
</bind>
</comp>

<comp id="46" class="1001" name="const_46">
<pin_list>
<pin id="47" dir="1" index="0" bw="1" slack="2147483647"/>
</pin_list>
<bind>
<StgValue><ssdm name="empty_23"/></StgValue>
</bind>
</comp>

<comp id="48" class="1001" name="const_48">
<pin_list>
<pin id="49" dir="1" index="0" bw="1" slack="2147483647"/>
</pin_list>
<bind>
<StgValue><ssdm name=""/></StgValue>
</bind>
</comp>

<comp id="50" class="1001" name="const_50">
<pin_list>
<pin id="51" dir="1" index="0" bw="1" slack="2147483647"/>
</pin_list>
<bind>
<StgValue><ssdm name="empty_31"/></StgValue>
</bind>
</comp>

<comp id="52" class="1001" name="const_52">
<pin_list>
<pin id="53" dir="1" index="0" bw="1" slack="2147483647"/>
</pin_list>
<bind>
<StgValue><ssdm name="empty_25"/></StgValue>
</bind>
</comp>

<comp id="54" class="1001" name="const_54">
<pin_list>
<pin id="55" dir="1" index="0" bw="1" slack="2147483647"/>
</pin_list>
<bind>
<StgValue><ssdm name=""/></StgValue>
</bind>
</comp>

<comp id="56" class="1001" name="const_56">
<pin_list>
<pin id="57" dir="1" index="0" bw="1" slack="2147483647"/>
</pin_list>
<bind>
<StgValue><ssdm name=""/></StgValue>
</bind>
</comp>

<comp id="58" class="1001" name="const_58">
<pin_list>
<pin id="59" dir="1" index="0" bw="1" slack="0"/>
</pin_list>
<bind>
<StgValue><ssdm name=""/></StgValue>
</bind>
</comp>

<comp id="60" class="1001" name="const_60">
<pin_list>
<pin id="61" dir="1" index="0" bw="1" slack="0"/>
</pin_list>
<bind>
<StgValue><ssdm name=""/></StgValue>
</bind>
</comp>

<comp id="62" class="1001" name="const_62">
<pin_list>
<pin id="63" dir="1" index="0" bw="1" slack="0"/>
</pin_list>
<bind>
<StgValue><ssdm name=""/></StgValue>
</bind>
</comp>

<comp id="64" class="1001" name="const_64">
<pin_list>
<pin id="65" dir="1" index="0" bw="1" slack="2147483647"/>
</pin_list>
<bind>
<StgValue><ssdm name="_ssdm_op_SpecBitsMap"/></StgValue>
</bind>
</comp>

<comp id="66" class="1001" name="const_66">
<pin_list>
<pin id="67" dir="1" index="0" bw="1" slack="0"/>
</pin_list>
<bind>
<StgValue><ssdm name=""/></StgValue>
</bind>
</comp>

<comp id="68" class="1001" name="const_68">
<pin_list>
<pin id="69" dir="1" index="0" bw="1" slack="0"/>
</pin_list>
<bind>
<StgValue><ssdm name=""/></StgValue>
</bind>
</comp>

<comp id="70" class="1001" name="const_70">
<pin_list>
<pin id="71" dir="1" index="0" bw="1" slack="0"/>
</pin_list>
<bind>
<StgValue><ssdm name="_ssdm_op_BitConcatenate.i16.i11.i5"/></StgValue>
</bind>
</comp>

<comp id="72" class="1001" name="const_72">
<pin_list>
<pin id="73" dir="1" index="0" bw="1" slack="0"/>
</pin_list>
<bind>
<StgValue><ssdm name=""/></StgValue>
</bind>
</comp>

<comp id="74" class="1001" name="const_74">
<pin_list>
<pin id="75" dir="1" index="0" bw="1" slack="0"/>
</pin_list>
<bind>
<StgValue><ssdm name=""/></StgValue>
</bind>
</comp>

<comp id="76" class="1001" name="const_76">
<pin_list>
<pin id="77" dir="1" index="0" bw="1" slack="0"/>
</pin_list>
<bind>
<StgValue><ssdm name="_ssdm_op_PartSelect.i62.i64.i32.i32"/></StgValue>
</bind>
</comp>

<comp id="78" class="1001" name="const_78">
<pin_list>
<pin id="79" dir="1" index="0" bw="1" slack="0"/>
</pin_list>
<bind>
<StgValue><ssdm name=""/></StgValue>
</bind>
</comp>

<comp id="80" class="1001" name="const_80">
<pin_list>
<pin id="81" dir="1" index="0" bw="1" slack="0"/>
</pin_list>
<bind>
<StgValue><ssdm name=""/></StgValue>
</bind>
</comp>

<comp id="82" class="1001" name="const_82">
<pin_list>
<pin id="83" dir="1" index="0" bw="1" slack="0"/>
</pin_list>
<bind>
<StgValue><ssdm name="_ssdm_op_ReadReq.m_axi.i32P1A"/></StgValue>
</bind>
</comp>

<comp id="84" class="1001" name="const_84">
<pin_list>
<pin id="85" dir="1" index="0" bw="1" slack="0"/>
</pin_list>
<bind>
<StgValue><ssdm name="_ssdm_op_Read.m_axi.i32P1A"/></StgValue>
</bind>
</comp>

<comp id="86" class="1001" name="const_86">
<pin_list>
<pin id="87" dir="1" index="0" bw="1" slack="2147483647"/>
</pin_list>
<bind>
<StgValue><ssdm name="_ssdm_op_SpecLoopName"/></StgValue>
</bind>
</comp>

<comp id="88" class="1001" name="const_88">
<pin_list>
<pin id="89" dir="1" index="0" bw="1" slack="2147483647"/>
</pin_list>
<bind>
<StgValue><ssdm name="LOAD_INPUT_H_LOAD_INPUT_W_str"/></StgValue>
</bind>
</comp>

<comp id="90" class="1001" name="const_90">
<pin_list>
<pin id="91" dir="1" index="0" bw="1" slack="0"/>
</pin_list>
<bind>
<StgValue><ssdm name=""/></StgValue>
</bind>
</comp>

<comp id="92" class="1001" name="const_92">
<pin_list>
<pin id="93" dir="1" index="0" bw="1" slack="2147483647"/>
</pin_list>
<bind>
<StgValue><ssdm name="_ssdm_op_SpecPipeline"/></StgValue>
</bind>
</comp>

<comp id="94" class="1001" name="const_94">
<pin_list>
<pin id="95" dir="1" index="0" bw="1" slack="2147483647"/>
</pin_list>
<bind>
<StgValue><ssdm name="empty_17"/></StgValue>
</bind>
</comp>

<comp id="96" class="1001" name="const_96">
<pin_list>
<pin id="97" dir="1" index="0" bw="1" slack="0"/>
</pin_list>
<bind>
<StgValue><ssdm name="_ssdm_op_BitConcatenate.i5.i2.i3"/></StgValue>
</bind>
</comp>

<comp id="98" class="1001" name="const_98">
<pin_list>
<pin id="99" dir="1" index="0" bw="1" slack="0"/>
</pin_list>
<bind>
<StgValue><ssdm name=""/></StgValue>
</bind>
</comp>

<comp id="100" class="1004" name="w_fu_100">
<pin_list>
<pin id="101" dir="0" index="0" bw="1" slack="0"/>
<pin id="102" dir="1" index="1" bw="17" slack="0"/>
</pin_list>
<bind>
<opcode="alloca(26) " fcode="alloca"/>
<opset="w/1 "/>
</bind>
</comp>

<comp id="104" class="1004" name="h_fu_104">
<pin_list>
<pin id="105" dir="0" index="0" bw="1" slack="0"/>
<pin id="106" dir="1" index="1" bw="31" slack="0"/>
</pin_list>
<bind>
<opcode="alloca(26) " fcode="alloca"/>
<opset="h/1 "/>
</bind>
</comp>

<comp id="108" class="1004" name="indvar_flatten_fu_108">
<pin_list>
<pin id="109" dir="0" index="0" bw="1" slack="0"/>
<pin id="110" dir="1" index="1" bw="63" slack="0"/>
</pin_list>
<bind>
<opcode="alloca(26) " fcode="alloca"/>
<opset="indvar_flatten/1 "/>
</bind>
</comp>

<comp id="112" class="1004" name="trunc_ln89_1_read_read_fu_112">
<pin_list>
<pin id="113" dir="0" index="0" bw="2" slack="0"/>
<pin id="114" dir="0" index="1" bw="2" slack="0"/>
<pin id="115" dir="1" index="2" bw="2" slack="3"/>
</pin_list>
<bind>
<opcode="read(1150) " fcode="read"/>
<opset="trunc_ln89_1_read/1 "/>
</bind>
</comp>

<comp id="118" class="1004" name="input_data_read_read_fu_118">
<pin_list>
<pin id="119" dir="0" index="0" bw="64" slack="0"/>
<pin id="120" dir="0" index="1" bw="64" slack="0"/>
<pin id="121" dir="1" index="2" bw="64" slack="3"/>
</pin_list>
<bind>
<opcode="read(1150) " fcode="read"/>
<opset="input_data_read/1 "/>
</bind>
</comp>

<comp id="124" class="1004" name="in_ptr_read_read_fu_124">
<pin_list>
<pin id="125" dir="0" index="0" bw="32" slack="0"/>
<pin id="126" dir="0" index="1" bw="32" slack="0"/>
<pin id="127" dir="1" index="2" bw="32" slack="3"/>
</pin_list>
<bind>
<opcode="read(1150) " fcode="read"/>
<opset="in_ptr_read/1 "/>
</bind>
</comp>

<comp id="130" class="1004" name="zext_ln87_read_read_fu_130">
<pin_list>
<pin id="131" dir="0" index="0" bw="31" slack="0"/>
<pin id="132" dir="0" index="1" bw="31" slack="0"/>
<pin id="133" dir="1" index="2" bw="31" slack="0"/>
</pin_list>
<bind>
<opcode="read(1150) " fcode="read"/>
<opset="zext_ln87_read/1 "/>
</bind>
</comp>

<comp id="136" class="1004" name="zext_ln91_read_read_fu_136">
<pin_list>
<pin id="137" dir="0" index="0" bw="37" slack="0"/>
<pin id="138" dir="0" index="1" bw="37" slack="0"/>
<pin id="139" dir="1" index="2" bw="37" slack="0"/>
</pin_list>
<bind>
<opcode="read(1150) " fcode="read"/>
<opset="zext_ln91_read/1 "/>
</bind>
</comp>

<comp id="142" class="1004" name="mul_ln24_read_read_fu_142">
<pin_list>
<pin id="143" dir="0" index="0" bw="63" slack="0"/>
<pin id="144" dir="0" index="1" bw="63" slack="0"/>
<pin id="145" dir="1" index="2" bw="63" slack="1"/>
</pin_list>
<bind>
<opcode="read(1150) " fcode="read"/>
<opset="mul_ln24_read/1 "/>
</bind>
</comp>

<comp id="148" class="1004" name="in_width_read_read_fu_148">
<pin_list>
<pin id="149" dir="0" index="0" bw="32" slack="0"/>
<pin id="150" dir="0" index="1" bw="32" slack="0"/>
<pin id="151" dir="1" index="2" bw="32" slack="1"/>
</pin_list>
<bind>
<opcode="read(1150) " fcode="read"/>
<opset="in_width_read/1 "/>
</bind>
</comp>

<comp id="154" class="1004" name="grp_readreq_fu_154">
<pin_list>
<pin id="155" dir="0" index="0" bw="1" slack="0"/>
<pin id="156" dir="0" index="1" bw="32" slack="1"/>
<pin id="157" dir="0" index="2" bw="1" slack="0"/>
<pin id="158" dir="1" index="3" bw="1" slack="2147483647"/>
</pin_list>
<bind>
<opcode="readreq(1154) " fcode="readreq"/>
<opset="DATA_load_1_req/5 "/>
</bind>
</comp>

<comp id="161" class="1004" name="DATA_addr_read_read_fu_161">
<pin_list>
<pin id="162" dir="0" index="0" bw="32" slack="0"/>
<pin id="163" dir="0" index="1" bw="32" slack="8"/>
<pin id="164" dir="1" index="2" bw="32" slack="1"/>
</pin_list>
<bind>
<opcode="read(1150) " fcode="read"/>
<opset="DATA_addr_read/12 "/>
</bind>
</comp>

<comp id="166" class="1004" name="local_input_V_addr_gep_fu_166">
<pin_list>
<pin id="167" dir="0" index="0" bw="8" slack="0"/>
<pin id="168" dir="0" index="1" bw="1" slack="0"/>
<pin id="169" dir="0" index="2" bw="16" slack="0"/>
<pin id="170" dir="1" index="3" bw="16" slack="0"/>
</pin_list>
<bind>
<opcode="getelementptr(29) " fcode="getelementptr"/>
<opset="local_input_V_addr/13 "/>
</bind>
</comp>

<comp id="173" class="1004" name="store_ln91_access_fu_173">
<pin_list>
<pin id="174" dir="0" index="0" bw="16" slack="2147483647"/>
<pin id="175" dir="0" index="1" bw="8" slack="2147483647"/>
<pin id="176" dir="0" index="2" bw="0" slack="0"/>
<pin id="178" dir="0" index="4" bw="16" slack="0"/>
<pin id="179" dir="0" index="5" bw="8" slack="2147483647"/>
<pin id="180" dir="0" index="6" bw="0" slack="2147483647"/>
<pin id="177" dir="1" index="3" bw="8" slack="2147483647"/>
<pin id="181" dir="1" index="7" bw="8" slack="2147483647"/>
</pin_list>
<bind>
<opcode="store(28) " fcode="store"/>
<opset="store_ln91/13 "/>
</bind>
</comp>

<comp id="183" class="1004" name="zext_ln87_cast_fu_183">
<pin_list>
<pin id="184" dir="0" index="0" bw="31" slack="0"/>
<pin id="185" dir="1" index="1" bw="32" slack="2"/>
</pin_list>
<bind>
<opcode="zext(34) " fcode="zext"/>
<opset="zext_ln87_cast/1 "/>
</bind>
</comp>

<comp id="187" class="1004" name="trunc_ln91_fu_187">
<pin_list>
<pin id="188" dir="0" index="0" bw="37" slack="0"/>
<pin id="189" dir="1" index="1" bw="11" slack="1"/>
</pin_list>
<bind>
<opcode="trunc(33) " fcode="trunc"/>
<opset="trunc_ln91/1 "/>
</bind>
</comp>

<comp id="191" class="1004" name="store_ln0_store_fu_191">
<pin_list>
<pin id="192" dir="0" index="0" bw="1" slack="0"/>
<pin id="193" dir="0" index="1" bw="63" slack="0"/>
<pin id="194" dir="1" index="2" bw="0" slack="2147483647"/>
</pin_list>
<bind>
<opcode="store(28) " fcode="store"/>
<opset="store_ln0/1 "/>
</bind>
</comp>

<comp id="196" class="1004" name="store_ln0_store_fu_196">
<pin_list>
<pin id="197" dir="0" index="0" bw="1" slack="0"/>
<pin id="198" dir="0" index="1" bw="31" slack="0"/>
<pin id="199" dir="1" index="2" bw="0" slack="2147483647"/>
</pin_list>
<bind>
<opcode="store(28) " fcode="store"/>
<opset="store_ln0/1 "/>
</bind>
</comp>

<comp id="201" class="1004" name="store_ln0_store_fu_201">
<pin_list>
<pin id="202" dir="0" index="0" bw="1" slack="0"/>
<pin id="203" dir="0" index="1" bw="17" slack="0"/>
<pin id="204" dir="1" index="2" bw="0" slack="2147483647"/>
</pin_list>
<bind>
<opcode="store(28) " fcode="store"/>
<opset="store_ln0/1 "/>
</bind>
</comp>

<comp id="206" class="1004" name="w_2_load_fu_206">
<pin_list>
<pin id="207" dir="0" index="0" bw="17" slack="1"/>
<pin id="208" dir="1" index="1" bw="17" slack="0"/>
</pin_list>
<bind>
<opcode="load(27) " fcode="load"/>
<opset="w_2/2 "/>
</bind>
</comp>

<comp id="209" class="1004" name="indvar_flatten_load_load_fu_209">
<pin_list>
<pin id="210" dir="0" index="0" bw="63" slack="1"/>
<pin id="211" dir="1" index="1" bw="63" slack="0"/>
</pin_list>
<bind>
<opcode="load(27) " fcode="load"/>
<opset="indvar_flatten_load/2 "/>
</bind>
</comp>

<comp id="212" class="1004" name="zext_ln89_fu_212">
<pin_list>
<pin id="213" dir="0" index="0" bw="17" slack="0"/>
<pin id="214" dir="1" index="1" bw="32" slack="0"/>
</pin_list>
<bind>
<opcode="zext(34) " fcode="zext"/>
<opset="zext_ln89/2 "/>
</bind>
</comp>

<comp id="216" class="1004" name="icmp_ln89_fu_216">
<pin_list>
<pin id="217" dir="0" index="0" bw="17" slack="0"/>
<pin id="218" dir="0" index="1" bw="32" slack="1"/>
<pin id="219" dir="1" index="2" bw="1" slack="0"/>
</pin_list>
<bind>
<opcode="icmp(45) " fcode="icmp"/>
<opset="icmp_ln89/2 "/>
</bind>
</comp>

<comp id="221" class="1004" name="icmp_ln88_fu_221">
<pin_list>
<pin id="222" dir="0" index="0" bw="63" slack="0"/>
<pin id="223" dir="0" index="1" bw="63" slack="1"/>
<pin id="224" dir="1" index="2" bw="1" slack="10"/>
</pin_list>
<bind>
<opcode="icmp(45) " fcode="icmp"/>
<opset="icmp_ln88/2 "/>
</bind>
</comp>

<comp id="226" class="1004" name="add_ln88_fu_226">
<pin_list>
<pin id="227" dir="0" index="0" bw="63" slack="0"/>
<pin id="228" dir="0" index="1" bw="1" slack="0"/>
<pin id="229" dir="1" index="2" bw="63" slack="0"/>
</pin_list>
<bind>
<opcode="add(8) " fcode="add"/>
<opset="add_ln88/2 "/>
</bind>
</comp>

<comp id="232" class="1004" name="h_load_load_fu_232">
<pin_list>
<pin id="233" dir="0" index="0" bw="31" slack="1"/>
<pin id="234" dir="1" index="1" bw="31" slack="0"/>
</pin_list>
<bind>
<opcode="load(27) " fcode="load"/>
<opset="h_load/2 "/>
</bind>
</comp>

<comp id="235" class="1004" name="add_ln88_1_fu_235">
<pin_list>
<pin id="236" dir="0" index="0" bw="31" slack="0"/>
<pin id="237" dir="0" index="1" bw="1" slack="0"/>
<pin id="238" dir="1" index="2" bw="31" slack="0"/>
</pin_list>
<bind>
<opcode="add(8) " fcode="add"/>
<opset="add_ln88_1/2 "/>
</bind>
</comp>

<comp id="241" class="1004" name="select_ln88_fu_241">
<pin_list>
<pin id="242" dir="0" index="0" bw="1" slack="0"/>
<pin id="243" dir="0" index="1" bw="1" slack="0"/>
<pin id="244" dir="0" index="2" bw="17" slack="0"/>
<pin id="245" dir="1" index="3" bw="17" slack="0"/>
</pin_list>
<bind>
<opcode="select(49) " fcode="select"/>
<opset="select_ln88/2 "/>
</bind>
</comp>

<comp id="249" class="1004" name="select_ln88_1_fu_249">
<pin_list>
<pin id="250" dir="0" index="0" bw="1" slack="0"/>
<pin id="251" dir="0" index="1" bw="31" slack="0"/>
<pin id="252" dir="0" index="2" bw="31" slack="0"/>
<pin id="253" dir="1" index="3" bw="31" slack="0"/>
</pin_list>
<bind>
<opcode="select(49) " fcode="select"/>
<opset="select_ln88_1/2 "/>
</bind>
</comp>

<comp id="257" class="1004" name="trunc_ln91_1_fu_257">
<pin_list>
<pin id="258" dir="0" index="0" bw="31" slack="0"/>
<pin id="259" dir="1" index="1" bw="11" slack="0"/>
</pin_list>
<bind>
<opcode="trunc(33) " fcode="trunc"/>
<opset="trunc_ln91_1/2 "/>
</bind>
</comp>

<comp id="261" class="1004" name="add_ln91_1_fu_261">
<pin_list>
<pin id="262" dir="0" index="0" bw="11" slack="1"/>
<pin id="263" dir="0" index="1" bw="11" slack="0"/>
<pin id="264" dir="1" index="2" bw="11" slack="0"/>
</pin_list>
<bind>
<opcode="add(8) " fcode="add"/>
<opset="add_ln91_1/2 "/>
</bind>
</comp>

<comp id="266" class="1004" name="tmp_s_fu_266">
<pin_list>
<pin id="267" dir="0" index="0" bw="16" slack="0"/>
<pin id="268" dir="0" index="1" bw="11" slack="0"/>
<pin id="269" dir="0" index="2" bw="1" slack="0"/>
<pin id="270" dir="1" index="3" bw="16" slack="0"/>
</pin_list>
<bind>
<opcode="bitconcatenate(1004) " fcode="bitconcatenate"/>
<opset="tmp_s/2 "/>
</bind>
</comp>

<comp id="274" class="1004" name="trunc_ln91_3_fu_274">
<pin_list>
<pin id="275" dir="0" index="0" bw="17" slack="0"/>
<pin id="276" dir="1" index="1" bw="16" slack="0"/>
</pin_list>
<bind>
<opcode="trunc(33) " fcode="trunc"/>
<opset="trunc_ln91_3/2 "/>
</bind>
</comp>

<comp id="278" class="1004" name="add_ln91_4_fu_278">
<pin_list>
<pin id="279" dir="0" index="0" bw="16" slack="0"/>
<pin id="280" dir="0" index="1" bw="16" slack="0"/>
<pin id="281" dir="1" index="2" bw="16" slack="11"/>
</pin_list>
<bind>
<opcode="add(8) " fcode="add"/>
<opset="add_ln91_4/2 "/>
</bind>
</comp>

<comp id="284" class="1004" name="trunc_ln91_4_fu_284">
<pin_list>
<pin id="285" dir="0" index="0" bw="17" slack="0"/>
<pin id="286" dir="1" index="1" bw="2" slack="2"/>
</pin_list>
<bind>
<opcode="trunc(33) " fcode="trunc"/>
<opset="trunc_ln91_4/2 "/>
</bind>
</comp>

<comp id="288" class="1004" name="add_ln89_fu_288">
<pin_list>
<pin id="289" dir="0" index="0" bw="17" slack="0"/>
<pin id="290" dir="0" index="1" bw="1" slack="0"/>
<pin id="291" dir="1" index="2" bw="17" slack="0"/>
</pin_list>
<bind>
<opcode="add(8) " fcode="add"/>
<opset="add_ln89/2 "/>
</bind>
</comp>

<comp id="294" class="1004" name="store_ln89_store_fu_294">
<pin_list>
<pin id="295" dir="0" index="0" bw="63" slack="0"/>
<pin id="296" dir="0" index="1" bw="63" slack="1"/>
<pin id="297" dir="1" index="2" bw="0" slack="2147483647"/>
</pin_list>
<bind>
<opcode="store(28) " fcode="store"/>
<opset="store_ln89/2 "/>
</bind>
</comp>

<comp id="299" class="1004" name="store_ln89_store_fu_299">
<pin_list>
<pin id="300" dir="0" index="0" bw="31" slack="0"/>
<pin id="301" dir="0" index="1" bw="31" slack="1"/>
<pin id="302" dir="1" index="2" bw="0" slack="2147483647"/>
</pin_list>
<bind>
<opcode="store(28) " fcode="store"/>
<opset="store_ln89/2 "/>
</bind>
</comp>

<comp id="304" class="1004" name="store_ln89_store_fu_304">
<pin_list>
<pin id="305" dir="0" index="0" bw="17" slack="0"/>
<pin id="306" dir="0" index="1" bw="17" slack="1"/>
<pin id="307" dir="1" index="2" bw="0" slack="2147483647"/>
</pin_list>
<bind>
<opcode="store(28) " fcode="store"/>
<opset="store_ln89/2 "/>
</bind>
</comp>

<comp id="309" class="1004" name="zext_ln88_fu_309">
<pin_list>
<pin id="310" dir="0" index="0" bw="31" slack="1"/>
<pin id="311" dir="1" index="1" bw="32" slack="0"/>
</pin_list>
<bind>
<opcode="zext(34) " fcode="zext"/>
<opset="zext_ln88/3 "/>
</bind>
</comp>

<comp id="312" class="1004" name="mul_ln88_fu_312">
<pin_list>
<pin id="313" dir="0" index="0" bw="31" slack="0"/>
<pin id="314" dir="0" index="1" bw="31" slack="2"/>
<pin id="315" dir="1" index="2" bw="32" slack="1"/>
</pin_list>
<bind>
<opcode="mul(12) " fcode="mul"/>
<opset="mul_ln88/3 "/>
</bind>
</comp>

<comp id="317" class="1004" name="add_ln88_2_fu_317">
<pin_list>
<pin id="318" dir="0" index="0" bw="32" slack="1"/>
<pin id="319" dir="0" index="1" bw="32" slack="3"/>
<pin id="320" dir="1" index="2" bw="32" slack="0"/>
</pin_list>
<bind>
<opcode="add(8) " fcode="add"/>
<opset="add_ln88_2/4 "/>
</bind>
</comp>

<comp id="321" class="1004" name="trunc_ln88_fu_321">
<pin_list>
<pin id="322" dir="0" index="0" bw="32" slack="0"/>
<pin id="323" dir="1" index="1" bw="2" slack="0"/>
</pin_list>
<bind>
<opcode="trunc(33) " fcode="trunc"/>
<opset="trunc_ln88/4 "/>
</bind>
</comp>

<comp id="325" class="1004" name="sext_ln88_fu_325">
<pin_list>
<pin id="326" dir="0" index="0" bw="32" slack="0"/>
<pin id="327" dir="1" index="1" bw="64" slack="0"/>
</pin_list>
<bind>
<opcode="sext(35) " fcode="sext"/>
<opset="sext_ln88/4 "/>
</bind>
</comp>

<comp id="329" class="1004" name="add_ln88_3_fu_329">
<pin_list>
<pin id="330" dir="0" index="0" bw="32" slack="0"/>
<pin id="331" dir="0" index="1" bw="64" slack="3"/>
<pin id="332" dir="1" index="2" bw="64" slack="0"/>
</pin_list>
<bind>
<opcode="add(8) " fcode="add"/>
<opset="add_ln88_3/4 "/>
</bind>
</comp>

<comp id="334" class="1004" name="zext_ln89_1_fu_334">
<pin_list>
<pin id="335" dir="0" index="0" bw="17" slack="2"/>
<pin id="336" dir="1" index="1" bw="64" slack="0"/>
</pin_list>
<bind>
<opcode="zext(34) " fcode="zext"/>
<opset="zext_ln89_1/4 "/>
</bind>
</comp>

<comp id="337" class="1004" name="add_ln91_fu_337">
<pin_list>
<pin id="338" dir="0" index="0" bw="64" slack="0"/>
<pin id="339" dir="0" index="1" bw="17" slack="0"/>
<pin id="340" dir="1" index="2" bw="64" slack="0"/>
</pin_list>
<bind>
<opcode="add(8) " fcode="add"/>
<opset="add_ln91/4 "/>
</bind>
</comp>

<comp id="343" class="1004" name="trunc_ln91_2_fu_343">
<pin_list>
<pin id="344" dir="0" index="0" bw="62" slack="0"/>
<pin id="345" dir="0" index="1" bw="64" slack="0"/>
<pin id="346" dir="0" index="2" bw="3" slack="0"/>
<pin id="347" dir="0" index="3" bw="7" slack="0"/>
<pin id="348" dir="1" index="4" bw="62" slack="0"/>
</pin_list>
<bind>
<opcode="partselect(1002) " fcode="partselect"/>
<opset="trunc_ln91_2/4 "/>
</bind>
</comp>

<comp id="353" class="1004" name="sext_ln91_fu_353">
<pin_list>
<pin id="354" dir="0" index="0" bw="62" slack="0"/>
<pin id="355" dir="1" index="1" bw="64" slack="0"/>
</pin_list>
<bind>
<opcode="sext(35) " fcode="sext"/>
<opset="sext_ln91/4 "/>
</bind>
</comp>

<comp id="357" class="1004" name="DATA_addr_fu_357">
<pin_list>
<pin id="358" dir="0" index="0" bw="32" slack="0"/>
<pin id="359" dir="0" index="1" bw="62" slack="0"/>
<pin id="360" dir="1" index="2" bw="32" slack="1"/>
</pin_list>
<bind>
<opcode="getelementptr(29) " fcode="getelementptr"/>
<opset="DATA_addr/4 "/>
</bind>
</comp>

<comp id="363" class="1004" name="add_ln91_3_fu_363">
<pin_list>
<pin id="364" dir="0" index="0" bw="2" slack="3"/>
<pin id="365" dir="0" index="1" bw="2" slack="2"/>
<pin id="366" dir="1" index="2" bw="2" slack="0"/>
</pin_list>
<bind>
<opcode="add(8) " fcode="add"/>
<opset="add_ln91_3/4 "/>
</bind>
</comp>

<comp id="367" class="1004" name="add_ln91_2_fu_367">
<pin_list>
<pin id="368" dir="0" index="0" bw="2" slack="0"/>
<pin id="369" dir="0" index="1" bw="2" slack="0"/>
<pin id="370" dir="1" index="2" bw="2" slack="9"/>
</pin_list>
<bind>
<opcode="add(8) " fcode="add"/>
<opset="add_ln91_2/4 "/>
</bind>
</comp>

<comp id="373" class="1004" name="zext_ln91_2_fu_373">
<pin_list>
<pin id="374" dir="0" index="0" bw="16" slack="11"/>
<pin id="375" dir="1" index="1" bw="64" slack="0"/>
</pin_list>
<bind>
<opcode="zext(34) " fcode="zext"/>
<opset="zext_ln91_2/13 "/>
</bind>
</comp>

<comp id="377" class="1004" name="shl_ln1_fu_377">
<pin_list>
<pin id="378" dir="0" index="0" bw="5" slack="0"/>
<pin id="379" dir="0" index="1" bw="2" slack="9"/>
<pin id="380" dir="0" index="2" bw="1" slack="0"/>
<pin id="381" dir="1" index="3" bw="5" slack="0"/>
</pin_list>
<bind>
<opcode="bitconcatenate(1004) " fcode="bitconcatenate"/>
<opset="shl_ln1/13 "/>
</bind>
</comp>

<comp id="384" class="1004" name="zext_ln91_1_fu_384">
<pin_list>
<pin id="385" dir="0" index="0" bw="5" slack="0"/>
<pin id="386" dir="1" index="1" bw="32" slack="0"/>
</pin_list>
<bind>
<opcode="zext(34) " fcode="zext"/>
<opset="zext_ln91_1/13 "/>
</bind>
</comp>

<comp id="388" class="1004" name="lshr_ln91_fu_388">
<pin_list>
<pin id="389" dir="0" index="0" bw="32" slack="1"/>
<pin id="390" dir="0" index="1" bw="5" slack="0"/>
<pin id="391" dir="1" index="2" bw="32" slack="0"/>
</pin_list>
<bind>
<opcode="lshr(21) " fcode="lshr"/>
<opset="lshr_ln91/13 "/>
</bind>
</comp>

<comp id="393" class="1004" name="trunc_ln91_5_fu_393">
<pin_list>
<pin id="394" dir="0" index="0" bw="32" slack="0"/>
<pin id="395" dir="1" index="1" bw="8" slack="0"/>
</pin_list>
<bind>
<opcode="trunc(33) " fcode="trunc"/>
<opset="trunc_ln91_5/13 "/>
</bind>
</comp>

<comp id="398" class="1005" name="w_reg_398">
<pin_list>
<pin id="399" dir="0" index="0" bw="17" slack="0"/>
<pin id="400" dir="1" index="1" bw="17" slack="0"/>
</pin_list>
<bind>
<opset="w "/>
</bind>
</comp>

<comp id="405" class="1005" name="h_reg_405">
<pin_list>
<pin id="406" dir="0" index="0" bw="31" slack="0"/>
<pin id="407" dir="1" index="1" bw="31" slack="0"/>
</pin_list>
<bind>
<opset="h "/>
</bind>
</comp>

<comp id="412" class="1005" name="indvar_flatten_reg_412">
<pin_list>
<pin id="413" dir="0" index="0" bw="63" slack="0"/>
<pin id="414" dir="1" index="1" bw="63" slack="0"/>
</pin_list>
<bind>
<opset="indvar_flatten "/>
</bind>
</comp>

<comp id="419" class="1005" name="trunc_ln89_1_read_reg_419">
<pin_list>
<pin id="420" dir="0" index="0" bw="2" slack="3"/>
<pin id="421" dir="1" index="1" bw="2" slack="3"/>
</pin_list>
<bind>
<opset="trunc_ln89_1_read "/>
</bind>
</comp>

<comp id="424" class="1005" name="input_data_read_reg_424">
<pin_list>
<pin id="425" dir="0" index="0" bw="64" slack="3"/>
<pin id="426" dir="1" index="1" bw="64" slack="3"/>
</pin_list>
<bind>
<opset="input_data_read "/>
</bind>
</comp>

<comp id="429" class="1005" name="in_ptr_read_reg_429">
<pin_list>
<pin id="430" dir="0" index="0" bw="32" slack="3"/>
<pin id="431" dir="1" index="1" bw="32" slack="3"/>
</pin_list>
<bind>
<opset="in_ptr_read "/>
</bind>
</comp>

<comp id="434" class="1005" name="mul_ln24_read_reg_434">
<pin_list>
<pin id="435" dir="0" index="0" bw="63" slack="1"/>
<pin id="436" dir="1" index="1" bw="63" slack="1"/>
</pin_list>
<bind>
<opset="mul_ln24_read "/>
</bind>
</comp>

<comp id="439" class="1005" name="in_width_read_reg_439">
<pin_list>
<pin id="440" dir="0" index="0" bw="32" slack="1"/>
<pin id="441" dir="1" index="1" bw="32" slack="1"/>
</pin_list>
<bind>
<opset="in_width_read "/>
</bind>
</comp>

<comp id="444" class="1005" name="zext_ln87_cast_reg_444">
<pin_list>
<pin id="445" dir="0" index="0" bw="32" slack="2"/>
<pin id="446" dir="1" index="1" bw="32" slack="2"/>
</pin_list>
<bind>
<opset="zext_ln87_cast "/>
</bind>
</comp>

<comp id="449" class="1005" name="trunc_ln91_reg_449">
<pin_list>
<pin id="450" dir="0" index="0" bw="11" slack="1"/>
<pin id="451" dir="1" index="1" bw="11" slack="1"/>
</pin_list>
<bind>
<opset="trunc_ln91 "/>
</bind>
</comp>

<comp id="454" class="1005" name="icmp_ln88_reg_454">
<pin_list>
<pin id="455" dir="0" index="0" bw="1" slack="10"/>
<pin id="456" dir="1" index="1" bw="1" slack="2147483647"/>
</pin_list>
<bind>
<opset="icmp_ln88 "/>
</bind>
</comp>

<comp id="458" class="1005" name="select_ln88_reg_458">
<pin_list>
<pin id="459" dir="0" index="0" bw="17" slack="2"/>
<pin id="460" dir="1" index="1" bw="17" slack="2"/>
</pin_list>
<bind>
<opset="select_ln88 "/>
</bind>
</comp>

<comp id="463" class="1005" name="select_ln88_1_reg_463">
<pin_list>
<pin id="464" dir="0" index="0" bw="31" slack="1"/>
<pin id="465" dir="1" index="1" bw="31" slack="1"/>
</pin_list>
<bind>
<opset="select_ln88_1 "/>
</bind>
</comp>

<comp id="468" class="1005" name="add_ln91_4_reg_468">
<pin_list>
<pin id="469" dir="0" index="0" bw="16" slack="11"/>
<pin id="470" dir="1" index="1" bw="16" slack="11"/>
</pin_list>
<bind>
<opset="add_ln91_4 "/>
</bind>
</comp>

<comp id="473" class="1005" name="trunc_ln91_4_reg_473">
<pin_list>
<pin id="474" dir="0" index="0" bw="2" slack="2"/>
<pin id="475" dir="1" index="1" bw="2" slack="2"/>
</pin_list>
<bind>
<opset="trunc_ln91_4 "/>
</bind>
</comp>

<comp id="478" class="1005" name="mul_ln88_reg_478">
<pin_list>
<pin id="479" dir="0" index="0" bw="32" slack="1"/>
<pin id="480" dir="1" index="1" bw="32" slack="1"/>
</pin_list>
<bind>
<opset="mul_ln88 "/>
</bind>
</comp>

<comp id="483" class="1005" name="DATA_addr_reg_483">
<pin_list>
<pin id="484" dir="0" index="0" bw="32" slack="1"/>
<pin id="485" dir="1" index="1" bw="32" slack="1"/>
</pin_list>
<bind>
<opset="DATA_addr "/>
</bind>
</comp>

<comp id="489" class="1005" name="add_ln91_2_reg_489">
<pin_list>
<pin id="490" dir="0" index="0" bw="2" slack="9"/>
<pin id="491" dir="1" index="1" bw="2" slack="9"/>
</pin_list>
<bind>
<opset="add_ln91_2 "/>
</bind>
</comp>

<comp id="494" class="1005" name="DATA_addr_read_reg_494">
<pin_list>
<pin id="495" dir="0" index="0" bw="32" slack="1"/>
<pin id="496" dir="1" index="1" bw="32" slack="1"/>
</pin_list>
<bind>
<opset="DATA_addr_read "/>
</bind>
</comp>

</comp_list>

<net_list>
<net id="103"><net_src comp="18" pin="0"/><net_sink comp="100" pin=0"/></net>

<net id="107"><net_src comp="18" pin="0"/><net_sink comp="104" pin=0"/></net>

<net id="111"><net_src comp="18" pin="0"/><net_sink comp="108" pin=0"/></net>

<net id="116"><net_src comp="20" pin="0"/><net_sink comp="112" pin=0"/></net>

<net id="117"><net_src comp="16" pin="0"/><net_sink comp="112" pin=1"/></net>

<net id="122"><net_src comp="22" pin="0"/><net_sink comp="118" pin=0"/></net>

<net id="123"><net_src comp="12" pin="0"/><net_sink comp="118" pin=1"/></net>

<net id="128"><net_src comp="24" pin="0"/><net_sink comp="124" pin=0"/></net>

<net id="129"><net_src comp="10" pin="0"/><net_sink comp="124" pin=1"/></net>

<net id="134"><net_src comp="26" pin="0"/><net_sink comp="130" pin=0"/></net>

<net id="135"><net_src comp="8" pin="0"/><net_sink comp="130" pin=1"/></net>

<net id="140"><net_src comp="28" pin="0"/><net_sink comp="136" pin=0"/></net>

<net id="141"><net_src comp="6" pin="0"/><net_sink comp="136" pin=1"/></net>

<net id="146"><net_src comp="30" pin="0"/><net_sink comp="142" pin=0"/></net>

<net id="147"><net_src comp="4" pin="0"/><net_sink comp="142" pin=1"/></net>

<net id="152"><net_src comp="24" pin="0"/><net_sink comp="148" pin=0"/></net>

<net id="153"><net_src comp="2" pin="0"/><net_sink comp="148" pin=1"/></net>

<net id="159"><net_src comp="82" pin="0"/><net_sink comp="154" pin=0"/></net>

<net id="160"><net_src comp="18" pin="0"/><net_sink comp="154" pin=2"/></net>

<net id="165"><net_src comp="84" pin="0"/><net_sink comp="161" pin=0"/></net>

<net id="171"><net_src comp="14" pin="0"/><net_sink comp="166" pin=0"/></net>

<net id="172"><net_src comp="90" pin="0"/><net_sink comp="166" pin=1"/></net>

<net id="182"><net_src comp="166" pin="3"/><net_sink comp="173" pin=2"/></net>

<net id="186"><net_src comp="130" pin="2"/><net_sink comp="183" pin=0"/></net>

<net id="190"><net_src comp="136" pin="2"/><net_sink comp="187" pin=0"/></net>

<net id="195"><net_src comp="58" pin="0"/><net_sink comp="191" pin=0"/></net>

<net id="200"><net_src comp="60" pin="0"/><net_sink comp="196" pin=0"/></net>

<net id="205"><net_src comp="62" pin="0"/><net_sink comp="201" pin=0"/></net>

<net id="215"><net_src comp="206" pin="1"/><net_sink comp="212" pin=0"/></net>

<net id="220"><net_src comp="212" pin="1"/><net_sink comp="216" pin=0"/></net>

<net id="225"><net_src comp="209" pin="1"/><net_sink comp="221" pin=0"/></net>

<net id="230"><net_src comp="209" pin="1"/><net_sink comp="226" pin=0"/></net>

<net id="231"><net_src comp="66" pin="0"/><net_sink comp="226" pin=1"/></net>

<net id="239"><net_src comp="232" pin="1"/><net_sink comp="235" pin=0"/></net>

<net id="240"><net_src comp="68" pin="0"/><net_sink comp="235" pin=1"/></net>

<net id="246"><net_src comp="216" pin="2"/><net_sink comp="241" pin=0"/></net>

<net id="247"><net_src comp="62" pin="0"/><net_sink comp="241" pin=1"/></net>

<net id="248"><net_src comp="206" pin="1"/><net_sink comp="241" pin=2"/></net>

<net id="254"><net_src comp="216" pin="2"/><net_sink comp="249" pin=0"/></net>

<net id="255"><net_src comp="235" pin="2"/><net_sink comp="249" pin=1"/></net>

<net id="256"><net_src comp="232" pin="1"/><net_sink comp="249" pin=2"/></net>

<net id="260"><net_src comp="249" pin="3"/><net_sink comp="257" pin=0"/></net>

<net id="265"><net_src comp="257" pin="1"/><net_sink comp="261" pin=1"/></net>

<net id="271"><net_src comp="70" pin="0"/><net_sink comp="266" pin=0"/></net>

<net id="272"><net_src comp="261" pin="2"/><net_sink comp="266" pin=1"/></net>

<net id="273"><net_src comp="72" pin="0"/><net_sink comp="266" pin=2"/></net>

<net id="277"><net_src comp="241" pin="3"/><net_sink comp="274" pin=0"/></net>

<net id="282"><net_src comp="266" pin="3"/><net_sink comp="278" pin=0"/></net>

<net id="283"><net_src comp="274" pin="1"/><net_sink comp="278" pin=1"/></net>

<net id="287"><net_src comp="241" pin="3"/><net_sink comp="284" pin=0"/></net>

<net id="292"><net_src comp="241" pin="3"/><net_sink comp="288" pin=0"/></net>

<net id="293"><net_src comp="74" pin="0"/><net_sink comp="288" pin=1"/></net>

<net id="298"><net_src comp="226" pin="2"/><net_sink comp="294" pin=0"/></net>

<net id="303"><net_src comp="249" pin="3"/><net_sink comp="299" pin=0"/></net>

<net id="308"><net_src comp="288" pin="2"/><net_sink comp="304" pin=0"/></net>

<net id="316"><net_src comp="309" pin="1"/><net_sink comp="312" pin=0"/></net>

<net id="324"><net_src comp="317" pin="2"/><net_sink comp="321" pin=0"/></net>

<net id="328"><net_src comp="317" pin="2"/><net_sink comp="325" pin=0"/></net>

<net id="333"><net_src comp="325" pin="1"/><net_sink comp="329" pin=0"/></net>

<net id="341"><net_src comp="329" pin="2"/><net_sink comp="337" pin=0"/></net>

<net id="342"><net_src comp="334" pin="1"/><net_sink comp="337" pin=1"/></net>

<net id="349"><net_src comp="76" pin="0"/><net_sink comp="343" pin=0"/></net>

<net id="350"><net_src comp="337" pin="2"/><net_sink comp="343" pin=1"/></net>

<net id="351"><net_src comp="78" pin="0"/><net_sink comp="343" pin=2"/></net>

<net id="352"><net_src comp="80" pin="0"/><net_sink comp="343" pin=3"/></net>

<net id="356"><net_src comp="343" pin="4"/><net_sink comp="353" pin=0"/></net>

<net id="361"><net_src comp="0" pin="0"/><net_sink comp="357" pin=0"/></net>

<net id="362"><net_src comp="353" pin="1"/><net_sink comp="357" pin=1"/></net>

<net id="371"><net_src comp="363" pin="2"/><net_sink comp="367" pin=0"/></net>

<net id="372"><net_src comp="321" pin="1"/><net_sink comp="367" pin=1"/></net>

<net id="376"><net_src comp="373" pin="1"/><net_sink comp="166" pin=2"/></net>

<net id="382"><net_src comp="96" pin="0"/><net_sink comp="377" pin=0"/></net>

<net id="383"><net_src comp="98" pin="0"/><net_sink comp="377" pin=2"/></net>

<net id="387"><net_src comp="377" pin="3"/><net_sink comp="384" pin=0"/></net>

<net id="392"><net_src comp="384" pin="1"/><net_sink comp="388" pin=1"/></net>

<net id="396"><net_src comp="388" pin="2"/><net_sink comp="393" pin=0"/></net>

<net id="397"><net_src comp="393" pin="1"/><net_sink comp="173" pin=4"/></net>

<net id="401"><net_src comp="100" pin="1"/><net_sink comp="398" pin=0"/></net>

<net id="402"><net_src comp="398" pin="1"/><net_sink comp="201" pin=1"/></net>

<net id="403"><net_src comp="398" pin="1"/><net_sink comp="206" pin=0"/></net>

<net id="404"><net_src comp="398" pin="1"/><net_sink comp="304" pin=1"/></net>

<net id="408"><net_src comp="104" pin="1"/><net_sink comp="405" pin=0"/></net>

<net id="409"><net_src comp="405" pin="1"/><net_sink comp="196" pin=1"/></net>

<net id="410"><net_src comp="405" pin="1"/><net_sink comp="232" pin=0"/></net>

<net id="411"><net_src comp="405" pin="1"/><net_sink comp="299" pin=1"/></net>

<net id="415"><net_src comp="108" pin="1"/><net_sink comp="412" pin=0"/></net>

<net id="416"><net_src comp="412" pin="1"/><net_sink comp="191" pin=1"/></net>

<net id="417"><net_src comp="412" pin="1"/><net_sink comp="209" pin=0"/></net>

<net id="418"><net_src comp="412" pin="1"/><net_sink comp="294" pin=1"/></net>

<net id="422"><net_src comp="112" pin="2"/><net_sink comp="419" pin=0"/></net>

<net id="423"><net_src comp="419" pin="1"/><net_sink comp="363" pin=0"/></net>

<net id="427"><net_src comp="118" pin="2"/><net_sink comp="424" pin=0"/></net>

<net id="428"><net_src comp="424" pin="1"/><net_sink comp="329" pin=1"/></net>

<net id="432"><net_src comp="124" pin="2"/><net_sink comp="429" pin=0"/></net>

<net id="433"><net_src comp="429" pin="1"/><net_sink comp="317" pin=1"/></net>

<net id="437"><net_src comp="142" pin="2"/><net_sink comp="434" pin=0"/></net>

<net id="438"><net_src comp="434" pin="1"/><net_sink comp="221" pin=1"/></net>

<net id="442"><net_src comp="148" pin="2"/><net_sink comp="439" pin=0"/></net>

<net id="443"><net_src comp="439" pin="1"/><net_sink comp="216" pin=1"/></net>

<net id="447"><net_src comp="183" pin="1"/><net_sink comp="444" pin=0"/></net>

<net id="448"><net_src comp="444" pin="1"/><net_sink comp="312" pin=1"/></net>

<net id="452"><net_src comp="187" pin="1"/><net_sink comp="449" pin=0"/></net>

<net id="453"><net_src comp="449" pin="1"/><net_sink comp="261" pin=0"/></net>

<net id="457"><net_src comp="221" pin="2"/><net_sink comp="454" pin=0"/></net>

<net id="461"><net_src comp="241" pin="3"/><net_sink comp="458" pin=0"/></net>

<net id="462"><net_src comp="458" pin="1"/><net_sink comp="334" pin=0"/></net>

<net id="466"><net_src comp="249" pin="3"/><net_sink comp="463" pin=0"/></net>

<net id="467"><net_src comp="463" pin="1"/><net_sink comp="309" pin=0"/></net>

<net id="471"><net_src comp="278" pin="2"/><net_sink comp="468" pin=0"/></net>

<net id="472"><net_src comp="468" pin="1"/><net_sink comp="373" pin=0"/></net>

<net id="476"><net_src comp="284" pin="1"/><net_sink comp="473" pin=0"/></net>

<net id="477"><net_src comp="473" pin="1"/><net_sink comp="363" pin=1"/></net>

<net id="481"><net_src comp="312" pin="2"/><net_sink comp="478" pin=0"/></net>

<net id="482"><net_src comp="478" pin="1"/><net_sink comp="317" pin=0"/></net>

<net id="486"><net_src comp="357" pin="2"/><net_sink comp="483" pin=0"/></net>

<net id="487"><net_src comp="483" pin="1"/><net_sink comp="154" pin=1"/></net>

<net id="488"><net_src comp="483" pin="1"/><net_sink comp="161" pin=1"/></net>

<net id="492"><net_src comp="367" pin="2"/><net_sink comp="489" pin=0"/></net>

<net id="493"><net_src comp="489" pin="1"/><net_sink comp="377" pin=1"/></net>

<net id="497"><net_src comp="161" pin="2"/><net_sink comp="494" pin=0"/></net>

<net id="498"><net_src comp="494" pin="1"/><net_sink comp="388" pin=0"/></net>

</net_list>

</model> 
---------------- Datapath Model END ------------------

* FSMD analyzer results:
  - Output states:
	Port: local_input_V | {13 }
 - Input state : 
	Port: accel_top_Pipeline_LOAD_INPUT_H_LOAD_INPUT_W : DATA | {5 6 7 8 9 10 11 12 }
	Port: accel_top_Pipeline_LOAD_INPUT_H_LOAD_INPUT_W : in_width | {1 }
	Port: accel_top_Pipeline_LOAD_INPUT_H_LOAD_INPUT_W : mul_ln24 | {1 }
	Port: accel_top_Pipeline_LOAD_INPUT_H_LOAD_INPUT_W : zext_ln91 | {1 }
	Port: accel_top_Pipeline_LOAD_INPUT_H_LOAD_INPUT_W : zext_ln87 | {1 }
	Port: accel_top_Pipeline_LOAD_INPUT_H_LOAD_INPUT_W : in_ptr | {1 }
	Port: accel_top_Pipeline_LOAD_INPUT_H_LOAD_INPUT_W : input_data | {1 }
	Port: accel_top_Pipeline_LOAD_INPUT_H_LOAD_INPUT_W : trunc_ln89_1 | {1 }
  - Chain level:
	State 1
		store_ln0 : 1
		store_ln0 : 1
		store_ln0 : 1
	State 2
		zext_ln89 : 1
		icmp_ln89 : 2
		icmp_ln88 : 1
		add_ln88 : 1
		br_ln88 : 2
		add_ln88_1 : 1
		select_ln88 : 3
		select_ln88_1 : 3
		trunc_ln91_1 : 4
		add_ln91_1 : 5
		tmp_s : 6
		trunc_ln91_3 : 4
		add_ln91_4 : 7
		trunc_ln91_4 : 4
		add_ln89 : 4
		store_ln89 : 2
		store_ln89 : 4
		store_ln89 : 5
	State 3
		mul_ln88 : 1
	State 4
		trunc_ln88 : 1
		sext_ln88 : 1
		add_ln88_3 : 2
		add_ln91 : 3
		trunc_ln91_2 : 4
		sext_ln91 : 5
		DATA_addr : 6
		add_ln91_2 : 2
	State 5
	State 6
	State 7
	State 8
	State 9
	State 10
	State 11
	State 12
	State 13
		local_input_V_addr : 1
		zext_ln91_1 : 1
		lshr_ln91 : 2
		trunc_ln91_5 : 3
		store_ln91 : 4


============================================================
+ Verbose Summary: Datapath Resource usage 
============================================================

* Functional unit list:
|----------|-------------------------------|---------|---------|---------|
| Operation|        Functional Unit        |   DSP   |    FF   |   LUT   |
|----------|-------------------------------|---------|---------|---------|
|          |        add_ln88_fu_226        |    0    |    0    |    70   |
|          |       add_ln88_1_fu_235       |    0    |    0    |    38   |
|          |       add_ln91_1_fu_261       |    0    |    0    |    12   |
|          |       add_ln91_4_fu_278       |    0    |    0    |    23   |
|    add   |        add_ln89_fu_288        |    0    |    0    |    24   |
|          |       add_ln88_2_fu_317       |    0    |    0    |    39   |
|          |       add_ln88_3_fu_329       |    0    |    0    |    64   |
|          |        add_ln91_fu_337        |    0    |    0    |    64   |
|          |       add_ln91_3_fu_363       |    0    |    0    |    2    |
|          |       add_ln91_2_fu_367       |    0    |    0    |    2    |
|----------|-------------------------------|---------|---------|---------|
|   lshr   |        lshr_ln91_fu_388       |    0    |    0    |   100   |
|----------|-------------------------------|---------|---------|---------|
|  select  |       select_ln88_fu_241      |    0    |    0    |    17   |
|          |      select_ln88_1_fu_249     |    0    |    0    |    31   |
|----------|-------------------------------|---------|---------|---------|
|   icmp   |        icmp_ln89_fu_216       |    0    |    0    |    18   |
|          |        icmp_ln88_fu_221       |    0    |    0    |    28   |
|----------|-------------------------------|---------|---------|---------|
|    mul   |        mul_ln88_fu_312        |    3    |    0    |    23   |
|----------|-------------------------------|---------|---------|---------|
|          | trunc_ln89_1_read_read_fu_112 |    0    |    0    |    0    |
|          |  input_data_read_read_fu_118  |    0    |    0    |    0    |
|          |    in_ptr_read_read_fu_124    |    0    |    0    |    0    |
|   read   |   zext_ln87_read_read_fu_130  |    0    |    0    |    0    |
|          |   zext_ln91_read_read_fu_136  |    0    |    0    |    0    |
|          |   mul_ln24_read_read_fu_142   |    0    |    0    |    0    |
|          |   in_width_read_read_fu_148   |    0    |    0    |    0    |
|          |   DATA_addr_read_read_fu_161  |    0    |    0    |    0    |
|----------|-------------------------------|---------|---------|---------|
|  readreq |       grp_readreq_fu_154      |    0    |    0    |    0    |
|----------|-------------------------------|---------|---------|---------|
|          |     zext_ln87_cast_fu_183     |    0    |    0    |    0    |
|          |        zext_ln89_fu_212       |    0    |    0    |    0    |
|   zext   |        zext_ln88_fu_309       |    0    |    0    |    0    |
|          |       zext_ln89_1_fu_334      |    0    |    0    |    0    |
|          |       zext_ln91_2_fu_373      |    0    |    0    |    0    |
|          |       zext_ln91_1_fu_384      |    0    |    0    |    0    |
|----------|-------------------------------|---------|---------|---------|
|          |       trunc_ln91_fu_187       |    0    |    0    |    0    |
|          |      trunc_ln91_1_fu_257      |    0    |    0    |    0    |
|   trunc  |      trunc_ln91_3_fu_274      |    0    |    0    |    0    |
|          |      trunc_ln91_4_fu_284      |    0    |    0    |    0    |
|          |       trunc_ln88_fu_321       |    0    |    0    |    0    |
|          |      trunc_ln91_5_fu_393      |    0    |    0    |    0    |
|----------|-------------------------------|---------|---------|---------|
|bitconcatenate|          tmp_s_fu_266         |    0    |    0    |    0    |
|          |         shl_ln1_fu_377        |    0    |    0    |    0    |
|----------|-------------------------------|---------|---------|---------|
|   sext   |        sext_ln88_fu_325       |    0    |    0    |    0    |
|          |        sext_ln91_fu_353       |    0    |    0    |    0    |
|----------|-------------------------------|---------|---------|---------|
|partselect|      trunc_ln91_2_fu_343      |    0    |    0    |    0    |
|----------|-------------------------------|---------|---------|---------|
|   Total  |                               |    3    |    0    |   555   |
|----------|-------------------------------|---------|---------|---------|

Memories:
N/A

* Register list:
+-------------------------+--------+
|                         |   FF   |
+-------------------------+--------+
|  DATA_addr_read_reg_494 |   32   |
|    DATA_addr_reg_483    |   32   |
|    add_ln91_2_reg_489   |    2   |
|    add_ln91_4_reg_468   |   16   |
|        h_reg_405        |   31   |
|    icmp_ln88_reg_454    |    1   |
|   in_ptr_read_reg_429   |   32   |
|  in_width_read_reg_439  |   32   |
|  indvar_flatten_reg_412 |   63   |
| input_data_read_reg_424 |   64   |
|  mul_ln24_read_reg_434  |   63   |
|     mul_ln88_reg_478    |   32   |
|  select_ln88_1_reg_463  |   31   |
|   select_ln88_reg_458   |   17   |
|trunc_ln89_1_read_reg_419|    2   |
|   trunc_ln91_4_reg_473  |    2   |
|    trunc_ln91_reg_449   |   11   |
|        w_reg_398        |   17   |
|  zext_ln87_cast_reg_444 |   32   |
+-------------------------+--------+
|          Total          |   512  |
+-------------------------+--------+

* Multiplexer (MUX) list: 
|--------|------|------|------|--------|
|  Comp  |  Pin | Size |  BW  | S x BW |
|--------|------|------|------|--------|
|  Total |      |      |      |    0   |
|--------|------|------|------|--------|



* Summary:
+-----------+--------+--------+--------+
|           |   DSP  |   FF   |   LUT  |
+-----------+--------+--------+--------+
|  Function |    3   |    0   |   555  |
|   Memory  |    -   |    -   |    -   |
|Multiplexer|    -   |    -   |    -   |
|  Register |    -   |   512  |    -   |
+-----------+--------+--------+--------+
|   Total   |    3   |   512  |   555  |
+-----------+--------+--------+--------+
