

================================================================
== Vitis HLS Report for 'accel_top_Pipeline_LOAD_W_KH_LOAD_W_KW'
================================================================
* Date:           Fri Aug 21 20:16:10 2026

* Version:        2022.1 (Build 3526262 on Mon Apr 18 15:48:16 MDT 2022)
* Project:        cnn_accelerator
* Solution:       solution1 (Vivado IP Flow Target)
* Product family: zynq
* Target device:  xc7z020-clg484-1


================================================================
== Performance Estimates
================================================================
+ Timing: 
    * Summary: 
    +--------+----------+----------+------------+
    |  Clock |  Target  | Estimated| Uncertainty|
    +--------+----------+----------+------------+
    |ap_clk  |  10.00 ns|  8.750 ns|     1.25 ns|
    +--------+----------+----------+------------+

+ Latency: 
    * Summary: 
    +---------+---------+----------+----------+-----+-----+---------+
    |  Latency (cycles) |  Latency (absolute) |  Interval | Pipeline|
    |   min   |   max   |    min   |    max   | min | max |   Type  |
    +---------+---------+----------+----------+-----+-----+---------+
    |       11|        ?|  0.110 us|         ?|   11|    ?|       no|
    +---------+---------+----------+----------+-----+-----+---------+

    + Detail: 
        * Instance: 
        N/A

        * Loop: 
        +-----------------------+---------+---------+----------+-----------+-----------+-------+----------+
        |                       |  Latency (cycles) | Iteration|  Initiation Interval  |  Trip |          |
        |       Loop Name       |   min   |   max   |  Latency |  achieved |   target  | Count | Pipelined|
        +-----------------------+---------+---------+----------+-----------+-----------+-------+----------+
        |- LOAD_W_KH_LOAD_W_KW  |        9|        ?|        10|          1|          1|  1 ~ ?|       yes|
        +-----------------------+---------+---------+----------+-----------+-----------+-------+----------+

============================================================
+ Verbose Summary: Synthesis Manager
============================================================
InlineROM: 1
ExposeGlobal: 0
============================================================
+ Verbose Summary: CDFG Model
============================================================
IsTopModel: 0
ResetActiveHigh: 1
IsCombinational: 0
IsDatapathOnly: 0
HasWiredReturn: 1
HasMFsm: 2
HasVarLatency: 1
IsPipeline: 0
IsRtlPipelined: 0
IsInstanceOverlapped: 0
IsDontTouch: 0
HasImplIP: 0
IsGatedGlobalClock: 0

+ Individual pipeline summary: 
  * Pipeline-0: initiation interval (II) = 1, depth = 11


============================================================
+ Verbose Summary: Schedule
============================================================
* Number of FSM states : 11
* Pipeline : 1
  Pipeline-0 : II = 1, D = 11, States = { 1 2 3 4 5 6 7 8 9 10 11 }
* Dataflow Pipeline: 0

* FSM state transitions: 
1 --> 2 
2 --> 3 
3 --> 4 
4 --> 5 
5 --> 6 
6 --> 7 
7 --> 8 
8 --> 9 
9 --> 10 
10 --> 11 
11 --> 

* FSM state operations: 

State 1 <SV = 0> <Delay = 1.58>
ST_1 : Operation 13 [1/1] (0.00ns)   --->   "%kw = alloca i32 1"   --->   Operation 13 'alloca' 'kw' <Predicate = true> <Delay = 0.00>
ST_1 : Operation 14 [1/1] (0.00ns)   --->   "%w_ptr = alloca i32 1"   --->   Operation 14 'alloca' 'w_ptr' <Predicate = true> <Delay = 0.00>
ST_1 : Operation 15 [1/1] (0.00ns)   --->   "%kh = alloca i32 1"   --->   Operation 15 'alloca' 'kh' <Predicate = true> <Delay = 0.00>
ST_1 : Operation 16 [1/1] (0.00ns)   --->   "%indvar_flatten12 = alloca i32 1"   --->   Operation 16 'alloca' 'indvar_flatten12' <Predicate = true> <Delay = 0.00>
ST_1 : Operation 17 [1/1] (0.00ns)   --->   "%trunc_ln4_read = read i2 @_ssdm_op_Read.ap_auto.i2, i2 %trunc_ln4"   --->   Operation 17 'read' 'trunc_ln4_read' <Predicate = true> <Delay = 0.00>
ST_1 : Operation 18 [1/1] (0.00ns)   --->   "%weight_data_read = read i64 @_ssdm_op_Read.ap_auto.i64, i64 %weight_data"   --->   Operation 18 'read' 'weight_data_read' <Predicate = true> <Delay = 0.00>
ST_1 : Operation 19 [1/1] (0.00ns)   --->   "%sub_ln119_read = read i36 @_ssdm_op_Read.ap_auto.i36, i36 %sub_ln119"   --->   Operation 19 'read' 'sub_ln119_read' <Predicate = true> <Delay = 0.00>
ST_1 : Operation 20 [1/1] (0.00ns)   --->   "%mul_ln101_read = read i62 @_ssdm_op_Read.ap_auto.i62, i62 %mul_ln101"   --->   Operation 20 'read' 'mul_ln101_read' <Predicate = true> <Delay = 0.00>
ST_1 : Operation 21 [1/1] (0.00ns)   --->   "%kernel_size_read = read i31 @_ssdm_op_Read.ap_auto.i31, i31 %kernel_size"   --->   Operation 21 'read' 'kernel_size_read' <Predicate = true> <Delay = 0.00>
ST_1 : Operation 22 [1/1] (0.00ns)   --->   "%w_ptr_1_read = read i32 @_ssdm_op_Read.ap_auto.i32, i32 %w_ptr_1"   --->   Operation 22 'read' 'w_ptr_1_read' <Predicate = true> <Delay = 0.00>
ST_1 : Operation 23 [1/1] (0.00ns)   --->   "%kernel_size_cast = zext i31 %kernel_size_read"   --->   Operation 23 'zext' 'kernel_size_cast' <Predicate = true> <Delay = 0.00>
ST_1 : Operation 24 [1/1] (0.00ns)   --->   "%sub_ln119_cast = sext i36 %sub_ln119_read"   --->   Operation 24 'sext' 'sub_ln119_cast' <Predicate = true> <Delay = 0.00>
ST_1 : Operation 25 [1/1] (0.00ns)   --->   "%specmemcore_ln0 = specmemcore void @_ssdm_op_SpecMemCore, i8 %local_weights_V, i64 666, i64 22, i64 18446744073709551615"   --->   Operation 25 'specmemcore' 'specmemcore_ln0' <Predicate = true> <Delay = 0.00>
ST_1 : Operation 26 [1/1] (0.00ns)   --->   "%specinterface_ln0 = specinterface void @_ssdm_op_SpecInterface, i32 %DATA, void @empty_19, i32 0, i32 0, void @empty_23, i32 0, i32 65536, void @empty_31, void @empty_25, void @empty_23, i32 16, i32 16, i32 16, i32 16, void @empty_23, void @empty_23, i32 4294967295, i32 0"   --->   Operation 26 'specinterface' 'specinterface_ln0' <Predicate = true> <Delay = 0.00>
ST_1 : Operation 27 [1/1] (1.58ns)   --->   "%store_ln0 = store i62 0, i62 %indvar_flatten12"   --->   Operation 27 'store' 'store_ln0' <Predicate = true> <Delay = 1.58>
ST_1 : Operation 28 [1/1] (1.58ns)   --->   "%store_ln0 = store i31 0, i31 %kh"   --->   Operation 28 'store' 'store_ln0' <Predicate = true> <Delay = 1.58>
ST_1 : Operation 29 [1/1] (1.58ns)   --->   "%store_ln0 = store i32 %w_ptr_1_read, i32 %w_ptr"   --->   Operation 29 'store' 'store_ln0' <Predicate = true> <Delay = 1.58>
ST_1 : Operation 30 [1/1] (1.58ns)   --->   "%store_ln0 = store i12 0, i12 %kw"   --->   Operation 30 'store' 'store_ln0' <Predicate = true> <Delay = 1.58>
ST_1 : Operation 31 [1/1] (0.00ns)   --->   "%br_ln0 = br void %for.inc120"   --->   Operation 31 'br' 'br_ln0' <Predicate = true> <Delay = 0.00>

State 2 <SV = 1> <Delay = 8.55>
ST_2 : Operation 32 [1/1] (0.00ns)   --->   "%kw_1 = load i12 %kw" [src/accel_top.cpp:117]   --->   Operation 32 'load' 'kw_1' <Predicate = true> <Delay = 0.00>
ST_2 : Operation 33 [1/1] (0.00ns)   --->   "%indvar_flatten12_load = load i62 %indvar_flatten12" [src/accel_top.cpp:116]   --->   Operation 33 'load' 'indvar_flatten12_load' <Predicate = true> <Delay = 0.00>
ST_2 : Operation 34 [1/1] (0.00ns)   --->   "%specbitsmap_ln0 = specbitsmap void @_ssdm_op_SpecBitsMap, i32 %DATA"   --->   Operation 34 'specbitsmap' 'specbitsmap_ln0' <Predicate = true> <Delay = 0.00>
ST_2 : Operation 35 [1/1] (0.00ns)   --->   "%zext_ln117_1 = zext i12 %kw_1" [src/accel_top.cpp:117]   --->   Operation 35 'zext' 'zext_ln117_1' <Predicate = true> <Delay = 0.00>
ST_2 : Operation 36 [1/1] (2.47ns)   --->   "%icmp_ln117 = icmp_eq  i31 %zext_ln117_1, i31 %kernel_size_read" [src/accel_top.cpp:117]   --->   Operation 36 'icmp' 'icmp_ln117' <Predicate = true> <Delay = 2.47> <CoreInst = "Cmp">   --->   Core 9 'Cmp' <Latency = 0> <II = 1> <Delay = 2.47> <FuncUnit> <Opcode : 'icmp'> <InPorts = 2> <OutPorts = 1>
ST_2 : Operation 37 [1/1] (2.79ns)   --->   "%icmp_ln116 = icmp_eq  i62 %indvar_flatten12_load, i62 %mul_ln101_read" [src/accel_top.cpp:116]   --->   Operation 37 'icmp' 'icmp_ln116' <Predicate = true> <Delay = 2.79> <CoreInst = "Cmp">   --->   Core 9 'Cmp' <Latency = 0> <II = 1> <Delay = 2.79> <FuncUnit> <Opcode : 'icmp'> <InPorts = 2> <OutPorts = 1>
ST_2 : Operation 38 [1/1] (0.00ns)   --->   "%empty = speclooptripcount i32 @_ssdm_op_SpecLoopTripCount, i64 1, i64 18446744073709551615, i64 0"   --->   Operation 38 'speclooptripcount' 'empty' <Predicate = true> <Delay = 0.00>
ST_2 : Operation 39 [1/1] (3.46ns)   --->   "%add_ln116 = add i62 %indvar_flatten12_load, i62 1" [src/accel_top.cpp:116]   --->   Operation 39 'add' 'add_ln116' <Predicate = true> <Delay = 3.46> <CoreInst = "Adder">   --->   Core 1 'Adder' <Latency = 0> <II = 1> <Delay = 3.46> <FuncUnit> <Opcode : 'add' 'sub'> <InPorts = 2> <OutPorts = 1>
ST_2 : Operation 40 [1/1] (0.00ns)   --->   "%br_ln116 = br i1 %icmp_ln116, void %for.inc123, void %for.inc126.loopexit.exitStub" [src/accel_top.cpp:116]   --->   Operation 40 'br' 'br_ln116' <Predicate = true> <Delay = 0.00>
ST_2 : Operation 41 [1/1] (0.00ns)   --->   "%w_ptr_load = load i32 %w_ptr" [src/accel_top.cpp:116]   --->   Operation 41 'load' 'w_ptr_load' <Predicate = (!icmp_ln116)> <Delay = 0.00>
ST_2 : Operation 42 [1/1] (0.00ns)   --->   "%kh_load = load i31 %kh" [src/accel_top.cpp:116]   --->   Operation 42 'load' 'kh_load' <Predicate = (!icmp_ln116)> <Delay = 0.00>
ST_2 : Operation 43 [1/1] (2.55ns)   --->   "%add_ln116_1 = add i32 %w_ptr_load, i32 %kernel_size_cast" [src/accel_top.cpp:116]   --->   Operation 43 'add' 'add_ln116_1' <Predicate = (!icmp_ln116)> <Delay = 2.55> <CoreInst = "Adder">   --->   Core 1 'Adder' <Latency = 0> <II = 1> <Delay = 2.55> <FuncUnit> <Opcode : 'add' 'sub'> <InPorts = 2> <OutPorts = 1>
ST_2 : Operation 44 [1/1] (2.52ns)   --->   "%add_ln116_2 = add i31 %kh_load, i31 1" [src/accel_top.cpp:116]   --->   Operation 44 'add' 'add_ln116_2' <Predicate = (!icmp_ln116)> <Delay = 2.52> <CoreInst = "Adder">   --->   Core 1 'Adder' <Latency = 0> <II = 1> <Delay = 2.52> <FuncUnit> <Opcode : 'add' 'sub'> <InPorts = 2> <OutPorts = 1>
ST_2 : Operation 45 [1/1] (0.69ns)   --->   "%select_ln116 = select i1 %icmp_ln117, i12 0, i12 %kw_1" [src/accel_top.cpp:116]   --->   Operation 45 'select' 'select_ln116' <Predicate = (!icmp_ln116)> <Delay = 0.69> <CoreInst = "Sel">   --->   Core 73 'Sel' <Latency = 0> <II = 1> <Delay = 0.69> <FuncUnit> <Opcode : 'select'> <InPorts = 3> <OutPorts = 1>
ST_2 : Operation 46 [1/1] (0.73ns)   --->   "%select_ln116_1 = select i1 %icmp_ln117, i31 %add_ln116_2, i31 %kh_load" [src/accel_top.cpp:116]   --->   Operation 46 'select' 'select_ln116_1' <Predicate = (!icmp_ln116)> <Delay = 0.73> <CoreInst = "Sel">   --->   Core 73 'Sel' <Latency = 0> <II = 1> <Delay = 0.73> <FuncUnit> <Opcode : 'select'> <InPorts = 3> <OutPorts = 1>
ST_2 : Operation 47 [1/1] (0.00ns)   --->   "%zext_ln119 = zext i31 %select_ln116_1" [src/accel_top.cpp:119]   --->   Operation 47 'zext' 'zext_ln119' <Predicate = (!icmp_ln116)> <Delay = 0.00>
ST_2 : Operation 48 [1/1] (2.71ns)   --->   "%add_ln119_1 = add i37 %sub_ln119_cast, i37 %zext_ln119" [src/accel_top.cpp:119]   --->   Operation 48 'add' 'add_ln119_1' <Predicate = (!icmp_ln116)> <Delay = 2.71> <CoreInst = "Adder">   --->   Core 1 'Adder' <Latency = 0> <II = 1> <Delay = 2.71> <FuncUnit> <Opcode : 'add' 'sub'> <InPorts = 2> <OutPorts = 1>
ST_2 : Operation 49 [1/1] (0.00ns)   --->   "%trunc_ln119 = trunc i37 %add_ln119_1" [src/accel_top.cpp:119]   --->   Operation 49 'trunc' 'trunc_ln119' <Predicate = (!icmp_ln116)> <Delay = 0.00>
ST_2 : Operation 50 [1/1] (0.00ns)   --->   "%trunc_ln119_1 = trunc i37 %add_ln119_1" [src/accel_top.cpp:119]   --->   Operation 50 'trunc' 'trunc_ln119_1' <Predicate = (!icmp_ln116)> <Delay = 0.00>
ST_2 : Operation 51 [1/1] (0.69ns)   --->   "%select_ln116_2 = select i1 %icmp_ln117, i32 %add_ln116_1, i32 %w_ptr_load" [src/accel_top.cpp:116]   --->   Operation 51 'select' 'select_ln116_2' <Predicate = (!icmp_ln116)> <Delay = 0.69> <CoreInst = "Sel">   --->   Core 73 'Sel' <Latency = 0> <II = 1> <Delay = 0.69> <FuncUnit> <Opcode : 'select'> <InPorts = 3> <OutPorts = 1>
ST_2 : Operation 52 [1/1] (0.00ns)   --->   "%trunc_ln116 = trunc i32 %select_ln116_2" [src/accel_top.cpp:116]   --->   Operation 52 'trunc' 'trunc_ln116' <Predicate = (!icmp_ln116)> <Delay = 0.00>
ST_2 : Operation 53 [1/1] (0.00ns)   --->   "%sext_ln116 = sext i32 %select_ln116_2" [src/accel_top.cpp:116]   --->   Operation 53 'sext' 'sext_ln116' <Predicate = (!icmp_ln116)> <Delay = 0.00>
ST_2 : Operation 54 [1/1] (0.00ns) (grouped into TernaryAdder)   --->   "%add_ln116_3 = add i64 %sext_ln116, i64 %weight_data_read" [src/accel_top.cpp:116]   --->   Operation 54 'add' 'add_ln116_3' <Predicate = (!icmp_ln116)> <Delay = 0.00> <CoreInst = "TAddSub">   --->   Core 10 'TAddSub' <Latency = 0> <II = 1> <Delay = 1.03> <IPBlock> <Opcode : 'add' 'sub'> <InPorts = 3> <OutPorts = 1> <Sync> <CReg>
ST_2 : Operation 55 [1/1] (0.00ns)   --->   "%zext_ln117 = zext i12 %select_ln116" [src/accel_top.cpp:117]   --->   Operation 55 'zext' 'zext_ln117' <Predicate = (!icmp_ln116)> <Delay = 0.00>
ST_2 : Operation 56 [1/1] (0.00ns)   --->   "%trunc_ln119_3 = trunc i12 %select_ln116" [src/accel_top.cpp:119]   --->   Operation 56 'trunc' 'trunc_ln119_3' <Predicate = (!icmp_ln116)> <Delay = 0.00>
ST_2 : Operation 57 [1/1] (5.30ns) (root node of TernaryAdder)   --->   "%add_ln119 = add i64 %add_ln116_3, i64 %zext_ln117" [src/accel_top.cpp:119]   --->   Operation 57 'add' 'add_ln119' <Predicate = (!icmp_ln116)> <Delay = 5.30> <CoreInst = "TAddSub">   --->   Core 10 'TAddSub' <Latency = 0> <II = 1> <Delay = 1.03> <IPBlock> <Opcode : 'add' 'sub'> <InPorts = 3> <OutPorts = 1> <Sync> <CReg>
ST_2 : Operation 58 [1/1] (0.00ns)   --->   "%trunc_ln119_2 = partselect i62 @_ssdm_op_PartSelect.i62.i64.i32.i32, i64 %add_ln119, i32 2, i32 63" [src/accel_top.cpp:119]   --->   Operation 58 'partselect' 'trunc_ln119_2' <Predicate = (!icmp_ln116)> <Delay = 0.00>
ST_2 : Operation 59 [1/1] (0.00ns)   --->   "%sext_ln119 = sext i62 %trunc_ln119_2" [src/accel_top.cpp:119]   --->   Operation 59 'sext' 'sext_ln119' <Predicate = (!icmp_ln116)> <Delay = 0.00>
ST_2 : Operation 60 [1/1] (0.00ns)   --->   "%DATA_addr = getelementptr i32 %DATA, i64 %sext_ln119" [src/accel_top.cpp:119]   --->   Operation 60 'getelementptr' 'DATA_addr' <Predicate = (!icmp_ln116)> <Delay = 0.00>
ST_2 : Operation 61 [1/1] (0.00ns) (grouped into TernaryAdder)   --->   "%add_ln119_3 = add i2 %trunc_ln4_read, i2 %trunc_ln119_3" [src/accel_top.cpp:119]   --->   Operation 61 'add' 'add_ln119_3' <Predicate = (!icmp_ln116)> <Delay = 0.00> <CoreInst = "TAddSub">   --->   Core 10 'TAddSub' <Latency = 0> <II = 1> <Delay = 1.03> <IPBlock> <Opcode : 'add' 'sub'> <InPorts = 3> <OutPorts = 1> <Sync> <CReg>
ST_2 : Operation 62 [1/1] (2.07ns) (root node of TernaryAdder)   --->   "%add_ln119_2 = add i2 %add_ln119_3, i2 %trunc_ln116" [src/accel_top.cpp:119]   --->   Operation 62 'add' 'add_ln119_2' <Predicate = (!icmp_ln116)> <Delay = 2.07> <CoreInst = "TAddSub">   --->   Core 10 'TAddSub' <Latency = 0> <II = 1> <Delay = 1.03> <IPBlock> <Opcode : 'add' 'sub'> <InPorts = 3> <OutPorts = 1> <Sync> <CReg>
ST_2 : Operation 63 [1/1] (1.54ns)   --->   "%add_ln117 = add i12 %select_ln116, i12 1" [src/accel_top.cpp:117]   --->   Operation 63 'add' 'add_ln117' <Predicate = (!icmp_ln116)> <Delay = 1.54> <CoreInst = "Adder">   --->   Core 1 'Adder' <Latency = 0> <II = 1> <Delay = 1.54> <FuncUnit> <Opcode : 'add' 'sub'> <InPorts = 2> <OutPorts = 1>
ST_2 : Operation 64 [1/1] (1.58ns)   --->   "%store_ln117 = store i62 %add_ln116, i62 %indvar_flatten12" [src/accel_top.cpp:117]   --->   Operation 64 'store' 'store_ln117' <Predicate = (!icmp_ln116)> <Delay = 1.58>
ST_2 : Operation 65 [1/1] (1.58ns)   --->   "%store_ln117 = store i31 %select_ln116_1, i31 %kh" [src/accel_top.cpp:117]   --->   Operation 65 'store' 'store_ln117' <Predicate = (!icmp_ln116)> <Delay = 1.58>
ST_2 : Operation 66 [1/1] (1.58ns)   --->   "%store_ln117 = store i32 %select_ln116_2, i32 %w_ptr" [src/accel_top.cpp:117]   --->   Operation 66 'store' 'store_ln117' <Predicate = (!icmp_ln116)> <Delay = 1.58>
ST_2 : Operation 67 [1/1] (1.58ns)   --->   "%store_ln117 = store i12 %add_ln117, i12 %kw" [src/accel_top.cpp:117]   --->   Operation 67 'store' 'store_ln117' <Predicate = (!icmp_ln116)> <Delay = 1.58>

State 3 <SV = 2> <Delay = 8.75>
ST_3 : Operation 68 [1/1] (0.00ns)   --->   "%p_shl = bitconcatenate i12 @_ssdm_op_BitConcatenate.i12.i9.i3, i9 %trunc_ln119_1, i3 0" [src/accel_top.cpp:119]   --->   Operation 68 'bitconcatenate' 'p_shl' <Predicate = true> <Delay = 0.00>
ST_3 : Operation 69 [1/1] (0.00ns) (grouped into TernaryAdder)   --->   "%sub_ln119_1 = sub i12 %p_shl, i12 %trunc_ln119" [src/accel_top.cpp:119]   --->   Operation 69 'sub' 'sub_ln119_1' <Predicate = true> <Delay = 0.00> <CoreInst = "TAddSub">   --->   Core 10 'TAddSub' <Latency = 0> <II = 1> <Delay = 1.03> <IPBlock> <Opcode : 'add' 'sub'> <InPorts = 3> <OutPorts = 1> <Sync> <CReg>
ST_3 : Operation 70 [1/1] (3.78ns) (root node of TernaryAdder)   --->   "%add_ln119_4 = add i12 %sub_ln119_1, i12 %select_ln116" [src/accel_top.cpp:119]   --->   Operation 70 'add' 'add_ln119_4' <Predicate = true> <Delay = 3.78> <CoreInst = "TAddSub">   --->   Core 10 'TAddSub' <Latency = 0> <II = 1> <Delay = 1.03> <IPBlock> <Opcode : 'add' 'sub'> <InPorts = 3> <OutPorts = 1> <Sync> <CReg>
ST_3 : Operation 71 [7/7] (8.75ns)   --->   "%DATA_load_2_req = readreq i1 @_ssdm_op_ReadReq.m_axi.i32P1A, i32 %DATA_addr, i32 1" [src/accel_top.cpp:119]   --->   Operation 71 'readreq' 'DATA_load_2_req' <Predicate = true> <Delay = 8.75> <CoreInst = "m_axi">   --->   Core 113 'm_axi' <Latency = 0> <II = 1> <Delay = 1.00> <Adapter> <Opcode : 'read' 'write' 'readreq' 'writereq' 'writeresp'>

State 4 <SV = 3> <Delay = 8.75>
ST_4 : Operation 72 [6/7] (8.75ns)   --->   "%DATA_load_2_req = readreq i1 @_ssdm_op_ReadReq.m_axi.i32P1A, i32 %DATA_addr, i32 1" [src/accel_top.cpp:119]   --->   Operation 72 'readreq' 'DATA_load_2_req' <Predicate = true> <Delay = 8.75> <CoreInst = "m_axi">   --->   Core 113 'm_axi' <Latency = 0> <II = 1> <Delay = 1.00> <Adapter> <Opcode : 'read' 'write' 'readreq' 'writereq' 'writeresp'>

State 5 <SV = 4> <Delay = 8.75>
ST_5 : Operation 73 [5/7] (8.75ns)   --->   "%DATA_load_2_req = readreq i1 @_ssdm_op_ReadReq.m_axi.i32P1A, i32 %DATA_addr, i32 1" [src/accel_top.cpp:119]   --->   Operation 73 'readreq' 'DATA_load_2_req' <Predicate = true> <Delay = 8.75> <CoreInst = "m_axi">   --->   Core 113 'm_axi' <Latency = 0> <II = 1> <Delay = 1.00> <Adapter> <Opcode : 'read' 'write' 'readreq' 'writereq' 'writeresp'>

State 6 <SV = 5> <Delay = 8.75>
ST_6 : Operation 74 [4/7] (8.75ns)   --->   "%DATA_load_2_req = readreq i1 @_ssdm_op_ReadReq.m_axi.i32P1A, i32 %DATA_addr, i32 1" [src/accel_top.cpp:119]   --->   Operation 74 'readreq' 'DATA_load_2_req' <Predicate = true> <Delay = 8.75> <CoreInst = "m_axi">   --->   Core 113 'm_axi' <Latency = 0> <II = 1> <Delay = 1.00> <Adapter> <Opcode : 'read' 'write' 'readreq' 'writereq' 'writeresp'>

State 7 <SV = 6> <Delay = 8.75>
ST_7 : Operation 75 [3/7] (8.75ns)   --->   "%DATA_load_2_req = readreq i1 @_ssdm_op_ReadReq.m_axi.i32P1A, i32 %DATA_addr, i32 1" [src/accel_top.cpp:119]   --->   Operation 75 'readreq' 'DATA_load_2_req' <Predicate = true> <Delay = 8.75> <CoreInst = "m_axi">   --->   Core 113 'm_axi' <Latency = 0> <II = 1> <Delay = 1.00> <Adapter> <Opcode : 'read' 'write' 'readreq' 'writereq' 'writeresp'>

State 8 <SV = 7> <Delay = 8.75>
ST_8 : Operation 76 [2/7] (8.75ns)   --->   "%DATA_load_2_req = readreq i1 @_ssdm_op_ReadReq.m_axi.i32P1A, i32 %DATA_addr, i32 1" [src/accel_top.cpp:119]   --->   Operation 76 'readreq' 'DATA_load_2_req' <Predicate = true> <Delay = 8.75> <CoreInst = "m_axi">   --->   Core 113 'm_axi' <Latency = 0> <II = 1> <Delay = 1.00> <Adapter> <Opcode : 'read' 'write' 'readreq' 'writereq' 'writeresp'>

State 9 <SV = 8> <Delay = 8.75>
ST_9 : Operation 77 [1/7] (8.75ns)   --->   "%DATA_load_2_req = readreq i1 @_ssdm_op_ReadReq.m_axi.i32P1A, i32 %DATA_addr, i32 1" [src/accel_top.cpp:119]   --->   Operation 77 'readreq' 'DATA_load_2_req' <Predicate = true> <Delay = 8.75> <CoreInst = "m_axi">   --->   Core 113 'm_axi' <Latency = 0> <II = 1> <Delay = 1.00> <Adapter> <Opcode : 'read' 'write' 'readreq' 'writereq' 'writeresp'>

State 10 <SV = 9> <Delay = 8.75>
ST_10 : Operation 78 [1/1] (8.75ns)   --->   "%DATA_addr_read = read i32 @_ssdm_op_Read.m_axi.i32P1A, i32 %DATA_addr" [src/accel_top.cpp:119]   --->   Operation 78 'read' 'DATA_addr_read' <Predicate = true> <Delay = 8.75> <CoreInst = "m_axi">   --->   Core 113 'm_axi' <Latency = 0> <II = 1> <Delay = 1.00> <Adapter> <Opcode : 'read' 'write' 'readreq' 'writereq' 'writeresp'>
ST_10 : Operation 90 [1/1] (0.00ns)   --->   "%ret_ln0 = ret"   --->   Operation 90 'ret' 'ret_ln0' <Predicate = (icmp_ln116)> <Delay = 0.00>

State 11 <SV = 10> <Delay = 7.67>
ST_11 : Operation 79 [1/1] (0.00ns)   --->   "%specloopname_ln0 = specloopname void @_ssdm_op_SpecLoopName, void @LOAD_W_KH_LOAD_W_KW_str"   --->   Operation 79 'specloopname' 'specloopname_ln0' <Predicate = true> <Delay = 0.00>
ST_11 : Operation 80 [1/1] (0.00ns)   --->   "%zext_ln119_2 = zext i12 %add_ln119_4" [src/accel_top.cpp:119]   --->   Operation 80 'zext' 'zext_ln119_2' <Predicate = true> <Delay = 0.00>
ST_11 : Operation 81 [1/1] (0.00ns)   --->   "%local_weights_V_addr = getelementptr i8 %local_weights_V, i64 0, i64 %zext_ln119_2" [src/accel_top.cpp:119]   --->   Operation 81 'getelementptr' 'local_weights_V_addr' <Predicate = true> <Delay = 0.00>
ST_11 : Operation 82 [1/1] (0.00ns)   --->   "%specpipeline_ln118 = specpipeline void @_ssdm_op_SpecPipeline, i32 1, i32 0, i32 0, i32 0, void @empty_23" [src/accel_top.cpp:118]   --->   Operation 82 'specpipeline' 'specpipeline_ln118' <Predicate = true> <Delay = 0.00>
ST_11 : Operation 83 [1/1] (0.00ns)   --->   "%specloopname_ln117 = specloopname void @_ssdm_op_SpecLoopName, void @empty_11" [src/accel_top.cpp:117]   --->   Operation 83 'specloopname' 'specloopname_ln117' <Predicate = true> <Delay = 0.00>
ST_11 : Operation 84 [1/1] (0.00ns)   --->   "%shl_ln3 = bitconcatenate i5 @_ssdm_op_BitConcatenate.i5.i2.i3, i2 %add_ln119_2, i3 0" [src/accel_top.cpp:119]   --->   Operation 84 'bitconcatenate' 'shl_ln3' <Predicate = true> <Delay = 0.00>
ST_11 : Operation 85 [1/1] (0.00ns)   --->   "%zext_ln119_1 = zext i5 %shl_ln3" [src/accel_top.cpp:119]   --->   Operation 85 'zext' 'zext_ln119_1' <Predicate = true> <Delay = 0.00>
ST_11 : Operation 86 [1/1] (4.42ns)   --->   "%lshr_ln119 = lshr i32 %DATA_addr_read, i32 %zext_ln119_1" [src/accel_top.cpp:119]   --->   Operation 86 'lshr' 'lshr_ln119' <Predicate = true> <Delay = 4.42> <CoreInst = "Shifter">   --->   Core 75 'Shifter' <Latency = 0> <II = 1> <Delay = 4.42> <FuncUnit> <Opcode : 'shl' 'lshr' 'ashr'> <InPorts = 2> <OutPorts = 1>
ST_11 : Operation 87 [1/1] (0.00ns)   --->   "%trunc_ln119_4 = trunc i32 %lshr_ln119" [src/accel_top.cpp:119]   --->   Operation 87 'trunc' 'trunc_ln119_4' <Predicate = true> <Delay = 0.00>
ST_11 : Operation 88 [1/1] (3.25ns)   --->   "%store_ln119 = store i8 %trunc_ln119_4, i12 %local_weights_V_addr" [src/accel_top.cpp:119]   --->   Operation 88 'store' 'store_ln119' <Predicate = true> <Delay = 3.25> <CoreInst = "RAM_2P_BRAM">   --->   Core 91 'RAM_2P_BRAM' <Latency = 1> <II = 1> <Delay = 3.25> <Storage> <Opcode : 'load' 'store'> <Ports = 2> <Width = 8> <Depth = 3136> <RAM>
ST_11 : Operation 89 [1/1] (0.00ns)   --->   "%br_ln117 = br void %for.inc120" [src/accel_top.cpp:117]   --->   Operation 89 'br' 'br_ln117' <Predicate = true> <Delay = 0.00>


============================================================
+ Verbose Summary: Timing violations
============================================================
Target clock period: 10ns, clock uncertainty: 1.25ns.

 <State 1>: 1.59ns
The critical path consists of the following:
	'alloca' operation ('indvar_flatten12') [12]  (0 ns)
	'store' operation ('store_ln0') of constant 0 on local variable 'indvar_flatten12' [23]  (1.59 ns)

 <State 2>: 8.56ns
The critical path consists of the following:
	'load' operation ('w_ptr_load', src/accel_top.cpp:116) on local variable 'w_ptr' [39]  (0 ns)
	'add' operation ('add_ln116_1', src/accel_top.cpp:116) [41]  (2.55 ns)
	'select' operation ('select_ln116_2', src/accel_top.cpp:116) [52]  (0.698 ns)
	'add' operation ('add_ln116_3', src/accel_top.cpp:116) [55]  (0 ns)
	'add' operation ('add_ln119', src/accel_top.cpp:119) [63]  (5.31 ns)

 <State 3>: 8.75ns
The critical path consists of the following:
	bus request operation ('DATA_load_2_req', src/accel_top.cpp:119) on port 'DATA' (src/accel_top.cpp:119) [67]  (8.75 ns)

 <State 4>: 8.75ns
The critical path consists of the following:
	bus request operation ('DATA_load_2_req', src/accel_top.cpp:119) on port 'DATA' (src/accel_top.cpp:119) [67]  (8.75 ns)

 <State 5>: 8.75ns
The critical path consists of the following:
	bus request operation ('DATA_load_2_req', src/accel_top.cpp:119) on port 'DATA' (src/accel_top.cpp:119) [67]  (8.75 ns)

 <State 6>: 8.75ns
The critical path consists of the following:
	bus request operation ('DATA_load_2_req', src/accel_top.cpp:119) on port 'DATA' (src/accel_top.cpp:119) [67]  (8.75 ns)

 <State 7>: 8.75ns
The critical path consists of the following:
	bus request operation ('DATA_load_2_req', src/accel_top.cpp:119) on port 'DATA' (src/accel_top.cpp:119) [67]  (8.75 ns)

 <State 8>: 8.75ns
The critical path consists of the following:
	bus request operation ('DATA_load_2_req', src/accel_top.cpp:119) on port 'DATA' (src/accel_top.cpp:119) [67]  (8.75 ns)

 <State 9>: 8.75ns
The critical path consists of the following:
	bus request operation ('DATA_load_2_req', src/accel_top.cpp:119) on port 'DATA' (src/accel_top.cpp:119) [67]  (8.75 ns)

 <State 10>: 8.75ns
The critical path consists of the following:
	bus read operation ('DATA_addr_read', src/accel_top.cpp:119) on port 'DATA' (src/accel_top.cpp:119) [68]  (8.75 ns)

 <State 11>: 7.67ns
The critical path consists of the following:
	'lshr' operation ('lshr_ln119', src/accel_top.cpp:119) [73]  (4.42 ns)
	'store' operation ('store_ln119', src/accel_top.cpp:119) of variable 'trunc_ln119_4', src/accel_top.cpp:119 on array 'local_weights_V' [75]  (3.25 ns)


============================================================
+ Verbose Summary: Binding
============================================================
N/A
* FSMD analyzer results:
  - Output states:
 - Input state : 
  - Chain level:
	State 1
	State 2
	State 3
	State 4
	State 5
	State 6
	State 7
	State 8
	State 9
	State 10
	State 11


============================================================
+ Verbose Summary: Datapath Resource usage 
============================================================
N/A
