

================================================================
== Vitis HLS Report for 'accel_top_Pipeline_STORE_W'
================================================================
* Date:           Fri Aug 21 20:16:12 2026

* Version:        2022.1 (Build 3526262 on Mon Apr 18 15:48:16 MDT 2022)
* Project:        cnn_accelerator
* Solution:       solution1 (Vivado IP Flow Target)
* Product family: zynq
* Target device:  xc7z020-clg484-1


================================================================
== Performance Estimates
================================================================
+ Timing: 
    * Summary: 
    +--------+----------+----------+------------+
    |  Clock |  Target  | Estimated| Uncertainty|
    +--------+----------+----------+------------+
    |ap_clk  |  10.00 ns|  8.750 ns|     1.25 ns|
    +--------+----------+----------+------------+

+ Latency: 
    * Summary: 
    +---------+---------+-----------+----------+-----+-----+---------+
    |  Latency (cycles) |  Latency (absolute)  |  Interval | Pipeline|
    |   min   |   max   |    min    |    max   | min | max |   Type  |
    +---------+---------+-----------+----------+-----+-----+---------+
    |        9|        ?|  90.000 ns|         ?|    9|    ?|       no|
    +---------+---------+-----------+----------+-----+-----+---------+

    + Detail: 
        * Instance: 
        N/A

        * Loop: 
        +-----------+---------+---------+----------+-----------+-----------+-------+----------+
        |           |  Latency (cycles) | Iteration|  Initiation Interval  |  Trip |          |
        | Loop Name |   min   |   max   |  Latency |  achieved |   target  | Count | Pipelined|
        +-----------+---------+---------+----------+-----------+-----------+-------+----------+
        |- STORE_W  |        7|        ?|         8|          1|          1|  1 ~ ?|       yes|
        +-----------+---------+---------+----------+-----------+-----------+-------+----------+

============================================================
+ Verbose Summary: Synthesis Manager
============================================================
InlineROM: 1
ExposeGlobal: 0
============================================================
+ Verbose Summary: CDFG Model
============================================================
IsTopModel: 0
ResetActiveHigh: 1
IsCombinational: 0
IsDatapathOnly: 0
HasWiredReturn: 1
HasMFsm: 2
HasVarLatency: 1
IsPipeline: 0
IsRtlPipelined: 0
IsInstanceOverlapped: 0
IsDontTouch: 0
HasImplIP: 0
IsGatedGlobalClock: 0

+ Individual pipeline summary: 
  * Pipeline-0: initiation interval (II) = 1, depth = 9


============================================================
+ Verbose Summary: Schedule
============================================================
* Number of FSM states : 9
* Pipeline : 1
  Pipeline-0 : II = 1, D = 9, States = { 1 2 3 4 5 6 7 8 9 }
* Dataflow Pipeline: 0

* FSM state transitions: 
1 --> 2 
2 --> 3 
3 --> 4 
4 --> 5 
5 --> 6 
6 --> 7 
7 --> 8 
8 --> 9 
9 --> 

* FSM state operations: 

State 1 <SV = 0> <Delay = 1.58>
ST_1 : Operation 11 [1/1] (0.00ns)   --->   "%w = alloca i32 1"   --->   Operation 11 'alloca' 'w' <Predicate = true> <Delay = 0.00>
ST_1 : Operation 12 [1/1] (0.00ns)   --->   "%out_ptr = alloca i32 1"   --->   Operation 12 'alloca' 'out_ptr' <Predicate = true> <Delay = 0.00>
ST_1 : Operation 13 [1/1] (0.00ns)   --->   "%icmp_ln104_read = read i1 @_ssdm_op_Read.ap_auto.i1, i1 %icmp_ln104"   --->   Operation 13 'read' 'icmp_ln104_read' <Predicate = true> <Delay = 0.00>
ST_1 : Operation 14 [1/1] (0.00ns)   --->   "%trunc_ln160_1_read = read i1 @_ssdm_op_Read.ap_auto.i1, i1 %trunc_ln160_1"   --->   Operation 14 'read' 'trunc_ln160_1_read' <Predicate = true> <Delay = 0.00>
ST_1 : Operation 15 [1/1] (0.00ns)   --->   "%zext_ln166_1_read = read i8 @_ssdm_op_Read.ap_auto.i8, i8 %zext_ln166_1"   --->   Operation 15 'read' 'zext_ln166_1_read' <Predicate = true> <Delay = 0.00>
ST_1 : Operation 16 [1/1] (0.00ns)   --->   "%output_data_read = read i64 @_ssdm_op_Read.ap_auto.i64, i64 %output_data"   --->   Operation 16 'read' 'output_data_read' <Predicate = true> <Delay = 0.00>
ST_1 : Operation 17 [1/1] (0.00ns)   --->   "%zext_ln164_read = read i10 @_ssdm_op_Read.ap_auto.i10, i10 %zext_ln164"   --->   Operation 17 'read' 'zext_ln164_read' <Predicate = true> <Delay = 0.00>
ST_1 : Operation 18 [1/1] (0.00ns)   --->   "%final_width_read = read i31 @_ssdm_op_Read.ap_auto.i31, i31 %final_width"   --->   Operation 18 'read' 'final_width_read' <Predicate = true> <Delay = 0.00>
ST_1 : Operation 19 [1/1] (0.00ns)   --->   "%sext_ln166_1_read = read i32 @_ssdm_op_Read.ap_auto.i32, i32 %sext_ln166_1"   --->   Operation 19 'read' 'sext_ln166_1_read' <Predicate = true> <Delay = 0.00>
ST_1 : Operation 20 [1/1] (0.00ns)   --->   "%sext_ln166_1_cast = sext i32 %sext_ln166_1_read"   --->   Operation 20 'sext' 'sext_ln166_1_cast' <Predicate = true> <Delay = 0.00>
ST_1 : Operation 21 [1/1] (0.00ns)   --->   "%specmemcore_ln0 = specmemcore void @_ssdm_op_SpecMemCore, i32 %pool_output_V, i64 666, i64 22, i64 18446744073709551615"   --->   Operation 21 'specmemcore' 'specmemcore_ln0' <Predicate = true> <Delay = 0.00>
ST_1 : Operation 22 [1/1] (0.00ns)   --->   "%specmemcore_ln0 = specmemcore void @_ssdm_op_SpecMemCore, i32 %conv_output_V, i64 666, i64 22, i64 18446744073709551615"   --->   Operation 22 'specmemcore' 'specmemcore_ln0' <Predicate = true> <Delay = 0.00>
ST_1 : Operation 23 [1/1] (0.00ns)   --->   "%specmemcore_ln0 = specmemcore void @_ssdm_op_SpecMemCore, i32 %conv_output_V_1, i64 666, i64 22, i64 18446744073709551615"   --->   Operation 23 'specmemcore' 'specmemcore_ln0' <Predicate = true> <Delay = 0.00>
ST_1 : Operation 24 [1/1] (0.00ns)   --->   "%specmemcore_ln0 = specmemcore void @_ssdm_op_SpecMemCore, i32 %conv_output_V_2, i64 666, i64 22, i64 18446744073709551615"   --->   Operation 24 'specmemcore' 'specmemcore_ln0' <Predicate = true> <Delay = 0.00>
ST_1 : Operation 25 [1/1] (0.00ns)   --->   "%specmemcore_ln0 = specmemcore void @_ssdm_op_SpecMemCore, i32 %conv_output_V_3, i64 666, i64 22, i64 18446744073709551615"   --->   Operation 25 'specmemcore' 'specmemcore_ln0' <Predicate = true> <Delay = 0.00>
ST_1 : Operation 26 [1/1] (0.00ns)   --->   "%specinterface_ln0 = specinterface void @_ssdm_op_SpecInterface, i32 %DATA, void @empty_19, i32 0, i32 0, void @empty_23, i32 0, i32 65536, void @empty_31, void @empty_25, void @empty_23, i32 16, i32 16, i32 16, i32 16, void @empty_23, void @empty_23, i32 4294967295, i32 0"   --->   Operation 26 'specinterface' 'specinterface_ln0' <Predicate = true> <Delay = 0.00>
ST_1 : Operation 27 [1/1] (1.58ns)   --->   "%store_ln0 = store i33 %sext_ln166_1_cast, i33 %out_ptr"   --->   Operation 27 'store' 'store_ln0' <Predicate = true> <Delay = 1.58>
ST_1 : Operation 28 [1/1] (1.58ns)   --->   "%store_ln0 = store i31 0, i31 %w"   --->   Operation 28 'store' 'store_ln0' <Predicate = true> <Delay = 1.58>
ST_1 : Operation 29 [1/1] (0.00ns)   --->   "%br_ln0 = br void %for.body149"   --->   Operation 29 'br' 'br_ln0' <Predicate = true> <Delay = 0.00>

State 2 <SV = 1> <Delay = 5.16>
ST_2 : Operation 30 [1/1] (0.00ns)   --->   "%w_1 = load i31 %w" [src/accel_top.cpp:161]   --->   Operation 30 'load' 'w_1' <Predicate = true> <Delay = 0.00>
ST_2 : Operation 31 [1/1] (0.00ns)   --->   "%specbitsmap_ln0 = specbitsmap void @_ssdm_op_SpecBitsMap, i32 %DATA"   --->   Operation 31 'specbitsmap' 'specbitsmap_ln0' <Predicate = true> <Delay = 0.00>
ST_2 : Operation 32 [1/1] (2.47ns)   --->   "%icmp_ln161 = icmp_eq  i31 %w_1, i31 %final_width_read" [src/accel_top.cpp:161]   --->   Operation 32 'icmp' 'icmp_ln161' <Predicate = true> <Delay = 2.47> <CoreInst = "Cmp">   --->   Core 9 'Cmp' <Latency = 0> <II = 1> <Delay = 2.47> <FuncUnit> <Opcode : 'icmp'> <InPorts = 2> <OutPorts = 1>
ST_2 : Operation 33 [1/1] (0.00ns)   --->   "%empty = speclooptripcount i32 @_ssdm_op_SpecLoopTripCount, i64 1, i64 18446744073709551615, i64 0"   --->   Operation 33 'speclooptripcount' 'empty' <Predicate = true> <Delay = 0.00>
ST_2 : Operation 34 [1/1] (2.52ns)   --->   "%add_ln161 = add i31 %w_1, i31 1" [src/accel_top.cpp:161]   --->   Operation 34 'add' 'add_ln161' <Predicate = true> <Delay = 2.52> <CoreInst = "Adder">   --->   Core 1 'Adder' <Latency = 0> <II = 1> <Delay = 2.52> <FuncUnit> <Opcode : 'add' 'sub'> <InPorts = 2> <OutPorts = 1>
ST_2 : Operation 35 [1/1] (0.00ns)   --->   "%br_ln161 = br i1 %icmp_ln161, void %for.body149.split_ifconv, void %for.inc171.loopexit.exitStub" [src/accel_top.cpp:161]   --->   Operation 35 'br' 'br_ln161' <Predicate = true> <Delay = 0.00>
ST_2 : Operation 36 [1/1] (0.00ns)   --->   "%out_ptr_load = load i33 %out_ptr" [src/accel_top.cpp:166]   --->   Operation 36 'load' 'out_ptr_load' <Predicate = (!icmp_ln161)> <Delay = 0.00>
ST_2 : Operation 37 [1/1] (0.00ns)   --->   "%trunc_ln164 = trunc i31 %w_1" [src/accel_top.cpp:164]   --->   Operation 37 'trunc' 'trunc_ln164' <Predicate = (!icmp_ln161 & icmp_ln104_read)> <Delay = 0.00>
ST_2 : Operation 38 [1/1] (1.73ns)   --->   "%add_ln164 = add i10 %zext_ln164_read, i10 %trunc_ln164" [src/accel_top.cpp:164]   --->   Operation 38 'add' 'add_ln164' <Predicate = (!icmp_ln161 & icmp_ln104_read)> <Delay = 1.73> <CoreInst = "Adder">   --->   Core 1 'Adder' <Latency = 0> <II = 1> <Delay = 1.73> <FuncUnit> <Opcode : 'add' 'sub'> <InPorts = 2> <OutPorts = 1>
ST_2 : Operation 39 [1/1] (0.00ns)   --->   "%zext_ln164_1 = zext i10 %add_ln164" [src/accel_top.cpp:164]   --->   Operation 39 'zext' 'zext_ln164_1' <Predicate = (!icmp_ln161 & icmp_ln104_read)> <Delay = 0.00>
ST_2 : Operation 40 [1/1] (0.00ns)   --->   "%pool_output_V_addr = getelementptr i32 %pool_output_V, i64 0, i64 %zext_ln164_1" [src/accel_top.cpp:164]   --->   Operation 40 'getelementptr' 'pool_output_V_addr' <Predicate = (!icmp_ln161 & icmp_ln104_read)> <Delay = 0.00>
ST_2 : Operation 41 [1/1] (0.00ns)   --->   "%trunc_ln161 = trunc i31 %w_1" [src/accel_top.cpp:161]   --->   Operation 41 'trunc' 'trunc_ln161' <Predicate = (!icmp_ln161 & !icmp_ln104_read)> <Delay = 0.00>
ST_2 : Operation 42 [1/1] (2.59ns)   --->   "%add_ln166 = add i33 %out_ptr_load, i33 1" [src/accel_top.cpp:166]   --->   Operation 42 'add' 'add_ln166' <Predicate = (!icmp_ln161)> <Delay = 2.59> <CoreInst = "Adder">   --->   Core 1 'Adder' <Latency = 0> <II = 1> <Delay = 2.59> <FuncUnit> <Opcode : 'add' 'sub'> <InPorts = 2> <OutPorts = 1>
ST_2 : Operation 43 [1/1] (0.00ns)   --->   "%shl_ln4 = bitconcatenate i35 @_ssdm_op_BitConcatenate.i35.i33.i2, i33 %out_ptr_load, i2 0" [src/accel_top.cpp:166]   --->   Operation 43 'bitconcatenate' 'shl_ln4' <Predicate = (!icmp_ln161)> <Delay = 0.00>
ST_2 : Operation 44 [1/1] (0.00ns)   --->   "%sext_ln166_2 = sext i35 %shl_ln4" [src/accel_top.cpp:166]   --->   Operation 44 'sext' 'sext_ln166_2' <Predicate = (!icmp_ln161)> <Delay = 0.00>
ST_2 : Operation 45 [1/1] (3.52ns)   --->   "%add_ln166_1 = add i64 %sext_ln166_2, i64 %output_data_read" [src/accel_top.cpp:166]   --->   Operation 45 'add' 'add_ln166_1' <Predicate = (!icmp_ln161)> <Delay = 3.52> <CoreInst = "Adder">   --->   Core 1 'Adder' <Latency = 0> <II = 1> <Delay = 3.52> <FuncUnit> <Opcode : 'add' 'sub'> <InPorts = 2> <OutPorts = 1>
ST_2 : Operation 46 [1/1] (0.00ns)   --->   "%trunc_ln8 = partselect i62 @_ssdm_op_PartSelect.i62.i64.i32.i32, i64 %add_ln166_1, i32 2, i32 63" [src/accel_top.cpp:166]   --->   Operation 46 'partselect' 'trunc_ln8' <Predicate = (!icmp_ln161)> <Delay = 0.00>
ST_2 : Operation 47 [1/1] (0.00ns)   --->   "%sext_ln166 = sext i62 %trunc_ln8" [src/accel_top.cpp:166]   --->   Operation 47 'sext' 'sext_ln166' <Predicate = (!icmp_ln161)> <Delay = 0.00>
ST_2 : Operation 48 [1/1] (0.00ns)   --->   "%DATA_addr = getelementptr i32 %DATA, i64 %sext_ln166" [src/accel_top.cpp:166]   --->   Operation 48 'getelementptr' 'DATA_addr' <Predicate = (!icmp_ln161)> <Delay = 0.00>
ST_2 : Operation 49 [2/2] (3.25ns)   --->   "%pool_output_V_load = load i10 %pool_output_V_addr" [src/accel_top.cpp:164]   --->   Operation 49 'load' 'pool_output_V_load' <Predicate = (!icmp_ln161 & icmp_ln104_read)> <Delay = 3.25> <CoreInst = "RAM_2P_BRAM">   --->   Core 91 'RAM_2P_BRAM' <Latency = 1> <II = 1> <Delay = 3.25> <Storage> <Opcode : 'load' 'store'> <Ports = 2> <Width = 32> <Depth = 1024> <RAM>
ST_2 : Operation 50 [1/1] (0.00ns)   --->   "%lshr_ln166_1 = partselect i8 @_ssdm_op_PartSelect.i8.i31.i32.i32, i31 %w_1, i32 1, i32 8" [src/accel_top.cpp:166]   --->   Operation 50 'partselect' 'lshr_ln166_1' <Predicate = (!icmp_ln161 & !icmp_ln104_read)> <Delay = 0.00>
ST_2 : Operation 51 [1/1] (1.91ns)   --->   "%add_ln166_2 = add i8 %zext_ln166_1_read, i8 %lshr_ln166_1" [src/accel_top.cpp:166]   --->   Operation 51 'add' 'add_ln166_2' <Predicate = (!icmp_ln161 & !icmp_ln104_read)> <Delay = 1.91> <CoreInst = "Adder">   --->   Core 1 'Adder' <Latency = 0> <II = 1> <Delay = 1.91> <FuncUnit> <Opcode : 'add' 'sub'> <InPorts = 2> <OutPorts = 1>
ST_2 : Operation 52 [1/1] (0.00ns)   --->   "%zext_ln166 = zext i8 %add_ln166_2" [src/accel_top.cpp:166]   --->   Operation 52 'zext' 'zext_ln166' <Predicate = (!icmp_ln161 & !icmp_ln104_read)> <Delay = 0.00>
ST_2 : Operation 53 [1/1] (0.00ns)   --->   "%conv_output_V_addr = getelementptr i32 %conv_output_V, i64 0, i64 %zext_ln166" [src/accel_top.cpp:166]   --->   Operation 53 'getelementptr' 'conv_output_V_addr' <Predicate = (!icmp_ln161 & !icmp_ln104_read)> <Delay = 0.00>
ST_2 : Operation 54 [1/1] (0.00ns)   --->   "%conv_output_V_1_addr = getelementptr i32 %conv_output_V_1, i64 0, i64 %zext_ln166" [src/accel_top.cpp:166]   --->   Operation 54 'getelementptr' 'conv_output_V_1_addr' <Predicate = (!icmp_ln161 & !icmp_ln104_read)> <Delay = 0.00>
ST_2 : Operation 55 [1/1] (0.00ns)   --->   "%conv_output_V_2_addr = getelementptr i32 %conv_output_V_2, i64 0, i64 %zext_ln166" [src/accel_top.cpp:166]   --->   Operation 55 'getelementptr' 'conv_output_V_2_addr' <Predicate = (!icmp_ln161 & !icmp_ln104_read)> <Delay = 0.00>
ST_2 : Operation 56 [1/1] (0.00ns)   --->   "%conv_output_V_3_addr = getelementptr i32 %conv_output_V_3, i64 0, i64 %zext_ln166" [src/accel_top.cpp:166]   --->   Operation 56 'getelementptr' 'conv_output_V_3_addr' <Predicate = (!icmp_ln161 & !icmp_ln104_read)> <Delay = 0.00>
ST_2 : Operation 57 [2/2] (3.25ns)   --->   "%conv_output_V_load = load i8 %conv_output_V_addr" [src/accel_top.cpp:166]   --->   Operation 57 'load' 'conv_output_V_load' <Predicate = (!icmp_ln161 & !icmp_ln104_read)> <Delay = 3.25> <CoreInst = "RAM_2P_BRAM">   --->   Core 91 'RAM_2P_BRAM' <Latency = 1> <II = 1> <Delay = 3.25> <Storage> <Opcode : 'load' 'store'> <Ports = 2> <Width = 32> <Depth = 256> <RAM>
ST_2 : Operation 58 [2/2] (3.25ns)   --->   "%conv_output_V_1_load = load i8 %conv_output_V_1_addr" [src/accel_top.cpp:166]   --->   Operation 58 'load' 'conv_output_V_1_load' <Predicate = (!icmp_ln161 & !icmp_ln104_read)> <Delay = 3.25> <CoreInst = "RAM_2P_BRAM">   --->   Core 91 'RAM_2P_BRAM' <Latency = 1> <II = 1> <Delay = 3.25> <Storage> <Opcode : 'load' 'store'> <Ports = 2> <Width = 32> <Depth = 256> <RAM>
ST_2 : Operation 59 [2/2] (3.25ns)   --->   "%conv_output_V_2_load = load i8 %conv_output_V_2_addr" [src/accel_top.cpp:166]   --->   Operation 59 'load' 'conv_output_V_2_load' <Predicate = (!icmp_ln161 & !icmp_ln104_read)> <Delay = 3.25> <CoreInst = "RAM_2P_BRAM">   --->   Core 91 'RAM_2P_BRAM' <Latency = 1> <II = 1> <Delay = 3.25> <Storage> <Opcode : 'load' 'store'> <Ports = 2> <Width = 32> <Depth = 256> <RAM>
ST_2 : Operation 60 [2/2] (3.25ns)   --->   "%conv_output_V_3_load = load i8 %conv_output_V_3_addr" [src/accel_top.cpp:166]   --->   Operation 60 'load' 'conv_output_V_3_load' <Predicate = (!icmp_ln161 & !icmp_ln104_read)> <Delay = 3.25> <CoreInst = "RAM_2P_BRAM">   --->   Core 91 'RAM_2P_BRAM' <Latency = 1> <II = 1> <Delay = 3.25> <Storage> <Opcode : 'load' 'store'> <Ports = 2> <Width = 32> <Depth = 256> <RAM>
ST_2 : Operation 61 [1/1] (1.58ns)   --->   "%store_ln161 = store i33 %add_ln166, i33 %out_ptr" [src/accel_top.cpp:161]   --->   Operation 61 'store' 'store_ln161' <Predicate = (!icmp_ln161)> <Delay = 1.58>
ST_2 : Operation 62 [1/1] (1.58ns)   --->   "%store_ln161 = store i31 %add_ln161, i31 %w" [src/accel_top.cpp:161]   --->   Operation 62 'store' 'store_ln161' <Predicate = (!icmp_ln161)> <Delay = 1.58>

State 3 <SV = 2> <Delay = 8.75>
ST_3 : Operation 63 [1/2] (3.25ns)   --->   "%pool_output_V_load = load i10 %pool_output_V_addr" [src/accel_top.cpp:164]   --->   Operation 63 'load' 'pool_output_V_load' <Predicate = (icmp_ln104_read)> <Delay = 3.25> <CoreInst = "RAM_2P_BRAM">   --->   Core 91 'RAM_2P_BRAM' <Latency = 1> <II = 1> <Delay = 3.25> <Storage> <Opcode : 'load' 'store'> <Ports = 2> <Width = 32> <Depth = 1024> <RAM>
ST_3 : Operation 64 [1/2] (3.25ns)   --->   "%conv_output_V_load = load i8 %conv_output_V_addr" [src/accel_top.cpp:166]   --->   Operation 64 'load' 'conv_output_V_load' <Predicate = (!icmp_ln104_read)> <Delay = 3.25> <CoreInst = "RAM_2P_BRAM">   --->   Core 91 'RAM_2P_BRAM' <Latency = 1> <II = 1> <Delay = 3.25> <Storage> <Opcode : 'load' 'store'> <Ports = 2> <Width = 32> <Depth = 256> <RAM>
ST_3 : Operation 65 [1/2] (3.25ns)   --->   "%conv_output_V_1_load = load i8 %conv_output_V_1_addr" [src/accel_top.cpp:166]   --->   Operation 65 'load' 'conv_output_V_1_load' <Predicate = (!icmp_ln104_read)> <Delay = 3.25> <CoreInst = "RAM_2P_BRAM">   --->   Core 91 'RAM_2P_BRAM' <Latency = 1> <II = 1> <Delay = 3.25> <Storage> <Opcode : 'load' 'store'> <Ports = 2> <Width = 32> <Depth = 256> <RAM>
ST_3 : Operation 66 [1/1] (1.58ns)   --->   "%tmp = mux i32 @_ssdm_op_Mux.ap_auto.2i32.i1, i32 %conv_output_V_load, i32 %conv_output_V_1_load, i1 %trunc_ln161" [src/accel_top.cpp:166]   --->   Operation 66 'mux' 'tmp' <Predicate = (!icmp_ln104_read)> <Delay = 1.58> <CoreInst = "Multiplexer">   --->   Core 76 'Multiplexer' <Latency = 0> <II = 1> <Delay = 1.58> <FuncUnit> <Opcode : 'mux'> <InPorts = 2> <OutPorts = 1>
ST_3 : Operation 67 [1/2] (3.25ns)   --->   "%conv_output_V_2_load = load i8 %conv_output_V_2_addr" [src/accel_top.cpp:166]   --->   Operation 67 'load' 'conv_output_V_2_load' <Predicate = (!icmp_ln104_read)> <Delay = 3.25> <CoreInst = "RAM_2P_BRAM">   --->   Core 91 'RAM_2P_BRAM' <Latency = 1> <II = 1> <Delay = 3.25> <Storage> <Opcode : 'load' 'store'> <Ports = 2> <Width = 32> <Depth = 256> <RAM>
ST_3 : Operation 68 [1/2] (3.25ns)   --->   "%conv_output_V_3_load = load i8 %conv_output_V_3_addr" [src/accel_top.cpp:166]   --->   Operation 68 'load' 'conv_output_V_3_load' <Predicate = (!icmp_ln104_read)> <Delay = 3.25> <CoreInst = "RAM_2P_BRAM">   --->   Core 91 'RAM_2P_BRAM' <Latency = 1> <II = 1> <Delay = 3.25> <Storage> <Opcode : 'load' 'store'> <Ports = 2> <Width = 32> <Depth = 256> <RAM>
ST_3 : Operation 69 [1/1] (1.58ns)   --->   "%tmp_s = mux i32 @_ssdm_op_Mux.ap_auto.2i32.i1, i32 %conv_output_V_2_load, i32 %conv_output_V_3_load, i1 %trunc_ln161" [src/accel_top.cpp:166]   --->   Operation 69 'mux' 'tmp_s' <Predicate = (!icmp_ln104_read)> <Delay = 1.58> <CoreInst = "Multiplexer">   --->   Core 76 'Multiplexer' <Latency = 0> <II = 1> <Delay = 1.58> <FuncUnit> <Opcode : 'mux'> <InPorts = 2> <OutPorts = 1>
ST_3 : Operation 70 [1/1] (1.58ns)   --->   "%tmp_1 = mux i32 @_ssdm_op_Mux.ap_auto.2i32.i1, i32 %tmp, i32 %tmp_s, i1 %trunc_ln160_1_read" [src/accel_top.cpp:166]   --->   Operation 70 'mux' 'tmp_1' <Predicate = (!icmp_ln104_read)> <Delay = 1.58> <CoreInst = "Multiplexer">   --->   Core 76 'Multiplexer' <Latency = 0> <II = 1> <Delay = 1.58> <FuncUnit> <Opcode : 'mux'> <InPorts = 2> <OutPorts = 1>
ST_3 : Operation 71 [1/1] (0.69ns)   --->   "%select_ln104 = select i1 %icmp_ln104_read, i32 %pool_output_V_load, i32 %tmp_1" [src/accel_top.cpp:104]   --->   Operation 71 'select' 'select_ln104' <Predicate = true> <Delay = 0.69> <CoreInst = "Sel">   --->   Core 73 'Sel' <Latency = 0> <II = 1> <Delay = 0.69> <FuncUnit> <Opcode : 'select'> <InPorts = 3> <OutPorts = 1>
ST_3 : Operation 72 [1/1] (8.75ns)   --->   "%DATA_addr_3_req = writereq i1 @_ssdm_op_WriteReq.m_axi.i32P1A, i32 %DATA_addr, i32 1" [src/accel_top.cpp:166]   --->   Operation 72 'writereq' 'DATA_addr_3_req' <Predicate = true> <Delay = 8.75> <CoreInst = "m_axi">   --->   Core 113 'm_axi' <Latency = 0> <II = 1> <Delay = 1.00> <Adapter> <Opcode : 'read' 'write' 'readreq' 'writereq' 'writeresp'>

State 4 <SV = 3> <Delay = 8.75>
ST_4 : Operation 73 [1/1] (8.75ns)   --->   "%write_ln166 = write void @_ssdm_op_Write.m_axi.i32P1A, i32 %DATA_addr, i32 %select_ln104, i4 15" [src/accel_top.cpp:166]   --->   Operation 73 'write' 'write_ln166' <Predicate = true> <Delay = 8.75> <CoreInst = "m_axi">   --->   Core 113 'm_axi' <Latency = 0> <II = 1> <Delay = 1.00> <Adapter> <Opcode : 'read' 'write' 'readreq' 'writereq' 'writeresp'>

State 5 <SV = 4> <Delay = 8.75>
ST_5 : Operation 74 [5/5] (8.75ns)   --->   "%DATA_addr_3_resp = writeresp i1 @_ssdm_op_WriteResp.m_axi.i32P1A, i32 %DATA_addr" [src/accel_top.cpp:166]   --->   Operation 74 'writeresp' 'DATA_addr_3_resp' <Predicate = true> <Delay = 8.75> <CoreInst = "m_axi">   --->   Core 113 'm_axi' <Latency = 0> <II = 1> <Delay = 1.00> <Adapter> <Opcode : 'read' 'write' 'readreq' 'writereq' 'writeresp'>

State 6 <SV = 5> <Delay = 8.75>
ST_6 : Operation 75 [4/5] (8.75ns)   --->   "%DATA_addr_3_resp = writeresp i1 @_ssdm_op_WriteResp.m_axi.i32P1A, i32 %DATA_addr" [src/accel_top.cpp:166]   --->   Operation 75 'writeresp' 'DATA_addr_3_resp' <Predicate = true> <Delay = 8.75> <CoreInst = "m_axi">   --->   Core 113 'm_axi' <Latency = 0> <II = 1> <Delay = 1.00> <Adapter> <Opcode : 'read' 'write' 'readreq' 'writereq' 'writeresp'>

State 7 <SV = 6> <Delay = 8.75>
ST_7 : Operation 76 [3/5] (8.75ns)   --->   "%DATA_addr_3_resp = writeresp i1 @_ssdm_op_WriteResp.m_axi.i32P1A, i32 %DATA_addr" [src/accel_top.cpp:166]   --->   Operation 76 'writeresp' 'DATA_addr_3_resp' <Predicate = true> <Delay = 8.75> <CoreInst = "m_axi">   --->   Core 113 'm_axi' <Latency = 0> <II = 1> <Delay = 1.00> <Adapter> <Opcode : 'read' 'write' 'readreq' 'writereq' 'writeresp'>

State 8 <SV = 7> <Delay = 8.75>
ST_8 : Operation 77 [2/5] (8.75ns)   --->   "%DATA_addr_3_resp = writeresp i1 @_ssdm_op_WriteResp.m_axi.i32P1A, i32 %DATA_addr" [src/accel_top.cpp:166]   --->   Operation 77 'writeresp' 'DATA_addr_3_resp' <Predicate = true> <Delay = 8.75> <CoreInst = "m_axi">   --->   Core 113 'm_axi' <Latency = 0> <II = 1> <Delay = 1.00> <Adapter> <Opcode : 'read' 'write' 'readreq' 'writereq' 'writeresp'>
ST_8 : Operation 82 [1/1] (0.00ns)   --->   "%ret_ln0 = ret"   --->   Operation 82 'ret' 'ret_ln0' <Predicate = (icmp_ln161)> <Delay = 0.00>

State 9 <SV = 8> <Delay = 8.75>
ST_9 : Operation 78 [1/1] (0.00ns)   --->   "%specpipeline_ln162 = specpipeline void @_ssdm_op_SpecPipeline, i32 1, i32 0, i32 0, i32 0, void @empty_23" [src/accel_top.cpp:162]   --->   Operation 78 'specpipeline' 'specpipeline_ln162' <Predicate = true> <Delay = 0.00>
ST_9 : Operation 79 [1/1] (0.00ns)   --->   "%specloopname_ln108 = specloopname void @_ssdm_op_SpecLoopName, void @empty_14" [src/accel_top.cpp:108]   --->   Operation 79 'specloopname' 'specloopname_ln108' <Predicate = true> <Delay = 0.00>
ST_9 : Operation 80 [1/5] (8.75ns)   --->   "%DATA_addr_3_resp = writeresp i1 @_ssdm_op_WriteResp.m_axi.i32P1A, i32 %DATA_addr" [src/accel_top.cpp:166]   --->   Operation 80 'writeresp' 'DATA_addr_3_resp' <Predicate = true> <Delay = 8.75> <CoreInst = "m_axi">   --->   Core 113 'm_axi' <Latency = 0> <II = 1> <Delay = 1.00> <Adapter> <Opcode : 'read' 'write' 'readreq' 'writereq' 'writeresp'>
ST_9 : Operation 81 [1/1] (0.00ns)   --->   "%br_ln161 = br void %for.body149" [src/accel_top.cpp:161]   --->   Operation 81 'br' 'br_ln161' <Predicate = true> <Delay = 0.00>


============================================================
+ Verbose Summary: Timing violations
============================================================
Target clock period: 10ns, clock uncertainty: 1.25ns.

 <State 1>: 1.59ns
The critical path consists of the following:
	'alloca' operation ('out_ptr') [15]  (0 ns)
	'store' operation ('store_ln0') of variable 'sext_ln166_1_cast' on local variable 'out_ptr' [30]  (1.59 ns)

 <State 2>: 5.17ns
The critical path consists of the following:
	'load' operation ('w', src/accel_top.cpp:161) on local variable 'w' [34]  (0 ns)
	'add' operation ('add_ln166_2', src/accel_top.cpp:166) [58]  (1.92 ns)
	'getelementptr' operation ('conv_output_V_addr', src/accel_top.cpp:166) [60]  (0 ns)
	'load' operation ('conv_output_V_load', src/accel_top.cpp:166) on array 'conv_output_V' [64]  (3.25 ns)

 <State 3>: 8.75ns
The critical path consists of the following:
	bus request operation ('DATA_addr_3_req', src/accel_top.cpp:166) on port 'DATA' (src/accel_top.cpp:166) [72]  (8.75 ns)

 <State 4>: 8.75ns
The critical path consists of the following:
	bus write operation ('write_ln166', src/accel_top.cpp:166) on port 'DATA' (src/accel_top.cpp:166) [73]  (8.75 ns)

 <State 5>: 8.75ns
The critical path consists of the following:
	bus response operation ('DATA_addr_3_resp', src/accel_top.cpp:166) on port 'DATA' (src/accel_top.cpp:166) [74]  (8.75 ns)

 <State 6>: 8.75ns
The critical path consists of the following:
	bus response operation ('DATA_addr_3_resp', src/accel_top.cpp:166) on port 'DATA' (src/accel_top.cpp:166) [74]  (8.75 ns)

 <State 7>: 8.75ns
The critical path consists of the following:
	bus response operation ('DATA_addr_3_resp', src/accel_top.cpp:166) on port 'DATA' (src/accel_top.cpp:166) [74]  (8.75 ns)

 <State 8>: 8.75ns
The critical path consists of the following:
	bus response operation ('DATA_addr_3_resp', src/accel_top.cpp:166) on port 'DATA' (src/accel_top.cpp:166) [74]  (8.75 ns)

 <State 9>: 8.75ns
The critical path consists of the following:
	bus response operation ('DATA_addr_3_resp', src/accel_top.cpp:166) on port 'DATA' (src/accel_top.cpp:166) [74]  (8.75 ns)


============================================================
+ Verbose Summary: Binding
============================================================
N/A
* FSMD analyzer results:
  - Output states:
 - Input state : 
  - Chain level:
	State 1
	State 2
	State 3
	State 4
	State 5
	State 6
	State 7
	State 8
	State 9


============================================================
+ Verbose Summary: Datapath Resource usage 
============================================================
N/A
