

================================================================
== Vitis HLS Report for 'conv_engine_Pipeline_CONV_IC_CONV_KH_CONV_KW'
================================================================
* Date:           Fri Aug 21 20:16:10 2026

* Version:        2022.1 (Build 3526262 on Mon Apr 18 15:48:16 MDT 2022)
* Project:        cnn_accelerator
* Solution:       solution1 (Vivado IP Flow Target)
* Product family: zynq
* Target device:  xc7z020-clg484-1


================================================================
== Performance Estimates
================================================================
+ Timing: 
    * Summary: 
    +--------+----------+----------+------------+
    |  Clock |  Target  | Estimated| Uncertainty|
    +--------+----------+----------+------------+
    |ap_clk  |  10.00 ns|  8.639 ns|     1.25 ns|
    +--------+----------+----------+------------+

+ Latency: 
    * Summary: 
    +---------+---------+----------+----------+-----+-----+---------+
    |  Latency (cycles) |  Latency (absolute) |  Interval | Pipeline|
    |   min   |   max   |    min   |    max   | min | max |   Type  |
    +---------+---------+----------+----------+-----+-----+---------+
    |        ?|        ?|         ?|         ?|    ?|    ?|       no|
    +---------+---------+----------+----------+-----+-----+---------+

    + Detail: 
        * Instance: 
        N/A

        * Loop: 
        +---------------------------+---------+---------+----------+-----------+-----------+------+----------+
        |                           |  Latency (cycles) | Iteration|  Initiation Interval  | Trip |          |
        |         Loop Name         |   min   |   max   |  Latency |  achieved |   target  | Count| Pipelined|
        +---------------------------+---------+---------+----------+-----------+-----------+------+----------+
        |- CONV_IC_CONV_KH_CONV_KW  |        ?|        ?|         7|          1|          1|     ?|       yes|
        +---------------------------+---------+---------+----------+-----------+-----------+------+----------+

============================================================
+ Verbose Summary: Synthesis Manager
============================================================
InlineROM: 1
ExposeGlobal: 0
============================================================
+ Verbose Summary: CDFG Model
============================================================
IsTopModel: 0
ResetActiveHigh: 1
IsCombinational: 0
IsDatapathOnly: 0
HasWiredReturn: 1
HasMFsm: 2
HasVarLatency: 1
IsPipeline: 0
IsRtlPipelined: 0
IsInstanceOverlapped: 0
IsDontTouch: 0
HasImplIP: 0
IsGatedGlobalClock: 0

+ Individual pipeline summary: 
  * Pipeline-0: initiation interval (II) = 1, depth = 8


============================================================
+ Verbose Summary: Schedule
============================================================
* Number of FSM states : 8
* Pipeline : 1
  Pipeline-0 : II = 1, D = 8, States = { 1 2 3 4 5 6 7 8 }
* Dataflow Pipeline: 0

* FSM state transitions: 
1 --> 2 
2 --> 3 
3 --> 4 
4 --> 5 
5 --> 6 
6 --> 7 
7 --> 8 
8 --> 

* FSM state operations: 

State 1 <SV = 0> <Delay = 1.58>
ST_1 : Operation 10 [1/1] (0.00ns)   --->   "%sum_V_1 = alloca i32 1"   --->   Operation 10 'alloca' 'sum_V_1' <Predicate = true> <Delay = 0.00>
ST_1 : Operation 11 [1/1] (0.00ns)   --->   "%kw = alloca i32 1"   --->   Operation 11 'alloca' 'kw' <Predicate = true> <Delay = 0.00>
ST_1 : Operation 12 [1/1] (0.00ns)   --->   "%kh = alloca i32 1"   --->   Operation 12 'alloca' 'kh' <Predicate = true> <Delay = 0.00>
ST_1 : Operation 13 [1/1] (0.00ns)   --->   "%indvar_flatten = alloca i32 1"   --->   Operation 13 'alloca' 'indvar_flatten' <Predicate = true> <Delay = 0.00>
ST_1 : Operation 14 [1/1] (0.00ns)   --->   "%ic = alloca i32 1"   --->   Operation 14 'alloca' 'ic' <Predicate = true> <Delay = 0.00>
ST_1 : Operation 15 [1/1] (0.00ns)   --->   "%indvar_flatten27 = alloca i32 1"   --->   Operation 15 'alloca' 'indvar_flatten27' <Predicate = true> <Delay = 0.00>
ST_1 : Operation 16 [1/1] (0.00ns)   --->   "%sext_ln36_read = read i32 @_ssdm_op_Read.ap_auto.i32, i32 %sext_ln36"   --->   Operation 16 'read' 'sext_ln36_read' <Predicate = true> <Delay = 0.00>
ST_1 : Operation 17 [1/1] (0.00ns)   --->   "%sext_ln43_read = read i32 @_ssdm_op_Read.ap_auto.i32, i32 %sext_ln43"   --->   Operation 17 'read' 'sext_ln43_read' <Predicate = true> <Delay = 0.00>
ST_1 : Operation 18 [1/1] (0.00ns)   --->   "%icmp_ln48_1_read = read i1 @_ssdm_op_Read.ap_auto.i1, i1 %icmp_ln48_1"   --->   Operation 18 'read' 'icmp_ln48_1_read' <Predicate = true> <Delay = 0.00>
ST_1 : Operation 19 [1/1] (0.00ns)   --->   "%kernel_size_read = read i32 @_ssdm_op_Read.ap_auto.i32, i32 %kernel_size"   --->   Operation 19 'read' 'kernel_size_read' <Predicate = true> <Delay = 0.00>
ST_1 : Operation 20 [1/1] (0.00ns)   --->   "%and_ln52_3_read = read i1 @_ssdm_op_Read.ap_auto.i1, i1 %and_ln52_3"   --->   Operation 20 'read' 'and_ln52_3_read' <Predicate = true> <Delay = 0.00>
ST_1 : Operation 21 [1/1] (0.00ns)   --->   "%bound_read = read i64 @_ssdm_op_Read.ap_auto.i64, i64 %bound"   --->   Operation 21 'read' 'bound_read' <Predicate = true> <Delay = 0.00>
ST_1 : Operation 22 [1/1] (0.00ns)   --->   "%bound4_read = read i96 @_ssdm_op_Read.ap_auto.i96, i96 %bound4"   --->   Operation 22 'read' 'bound4_read' <Predicate = true> <Delay = 0.00>
ST_1 : Operation 23 [1/1] (0.00ns)   --->   "%sext_ln36_1_read = read i32 @_ssdm_op_Read.ap_auto.i32, i32 %sext_ln36_1"   --->   Operation 23 'read' 'sext_ln36_1_read' <Predicate = true> <Delay = 0.00>
ST_1 : Operation 24 [1/1] (0.00ns)   --->   "%sext_ln36_2_read = read i32 @_ssdm_op_Read.ap_auto.i32, i32 %sext_ln36_2"   --->   Operation 24 'read' 'sext_ln36_2_read' <Predicate = true> <Delay = 0.00>
ST_1 : Operation 25 [1/1] (0.00ns)   --->   "%bias_read = read i32 @_ssdm_op_Read.ap_auto.i32, i32 %bias"   --->   Operation 25 'read' 'bias_read' <Predicate = true> <Delay = 0.00>
ST_1 : Operation 26 [1/1] (0.00ns)   --->   "%sext_ln36_cast = sext i32 %sext_ln36_read"   --->   Operation 26 'sext' 'sext_ln36_cast' <Predicate = true> <Delay = 0.00>
ST_1 : Operation 27 [1/1] (0.00ns)   --->   "%sext_ln43_cast = sext i32 %sext_ln43_read"   --->   Operation 27 'sext' 'sext_ln43_cast' <Predicate = true> <Delay = 0.00>
ST_1 : Operation 28 [1/1] (0.00ns)   --->   "%sext_ln36_1_cast = sext i32 %sext_ln36_1_read"   --->   Operation 28 'sext' 'sext_ln36_1_cast' <Predicate = true> <Delay = 0.00>
ST_1 : Operation 29 [1/1] (0.00ns)   --->   "%sext_ln36_2_cast = sext i32 %sext_ln36_2_read"   --->   Operation 29 'sext' 'sext_ln36_2_cast' <Predicate = true> <Delay = 0.00>
ST_1 : Operation 30 [1/1] (0.00ns)   --->   "%specmemcore_ln0 = specmemcore void @_ssdm_op_SpecMemCore, i8 %input_r, i64 666, i64 22, i64 18446744073709551615"   --->   Operation 30 'specmemcore' 'specmemcore_ln0' <Predicate = true> <Delay = 0.00>
ST_1 : Operation 31 [1/1] (0.00ns)   --->   "%specmemcore_ln0 = specmemcore void @_ssdm_op_SpecMemCore, i8 %weights, i64 666, i64 22, i64 18446744073709551615"   --->   Operation 31 'specmemcore' 'specmemcore_ln0' <Predicate = true> <Delay = 0.00>
ST_1 : Operation 32 [1/1] (1.58ns)   --->   "%store_ln0 = store i96 0, i96 %indvar_flatten27"   --->   Operation 32 'store' 'store_ln0' <Predicate = true> <Delay = 1.58>
ST_1 : Operation 33 [1/1] (1.58ns)   --->   "%store_ln0 = store i32 0, i32 %ic"   --->   Operation 33 'store' 'store_ln0' <Predicate = true> <Delay = 1.58>
ST_1 : Operation 34 [1/1] (1.58ns)   --->   "%store_ln0 = store i64 0, i64 %indvar_flatten"   --->   Operation 34 'store' 'store_ln0' <Predicate = true> <Delay = 1.58>
ST_1 : Operation 35 [1/1] (1.58ns)   --->   "%store_ln0 = store i32 0, i32 %kh"   --->   Operation 35 'store' 'store_ln0' <Predicate = true> <Delay = 1.58>
ST_1 : Operation 36 [1/1] (1.58ns)   --->   "%store_ln0 = store i32 0, i32 %kw"   --->   Operation 36 'store' 'store_ln0' <Predicate = true> <Delay = 1.58>
ST_1 : Operation 37 [1/1] (1.58ns)   --->   "%store_ln0 = store i32 %bias_read, i32 %sum_V_1"   --->   Operation 37 'store' 'store_ln0' <Predicate = true> <Delay = 1.58>
ST_1 : Operation 38 [1/1] (0.00ns)   --->   "%br_ln0 = br void %for.body29"   --->   Operation 38 'br' 'br_ln0' <Predicate = true> <Delay = 0.00>

State 2 <SV = 1> <Delay = 6.58>
ST_2 : Operation 39 [1/1] (0.00ns)   --->   "%indvar_flatten27_load = load i96 %indvar_flatten27" [src/conv_engine.cpp:43]   --->   Operation 39 'load' 'indvar_flatten27_load' <Predicate = true> <Delay = 0.00>
ST_2 : Operation 40 [1/1] (3.12ns)   --->   "%icmp_ln43 = icmp_eq  i96 %indvar_flatten27_load, i96 %bound4_read" [src/conv_engine.cpp:43]   --->   Operation 40 'icmp' 'icmp_ln43' <Predicate = true> <Delay = 3.12> <CoreInst = "Cmp">   --->   Core 9 'Cmp' <Latency = 0> <II = 1> <Delay = 3.12> <FuncUnit> <Opcode : 'icmp'> <InPorts = 2> <OutPorts = 1>
ST_2 : Operation 41 [1/1] (4.43ns)   --->   "%add_ln43_1 = add i96 %indvar_flatten27_load, i96 1" [src/conv_engine.cpp:43]   --->   Operation 41 'add' 'add_ln43_1' <Predicate = true> <Delay = 4.43> <CoreInst = "Adder">   --->   Core 1 'Adder' <Latency = 0> <II = 1> <Delay = 4.43> <FuncUnit> <Opcode : 'add' 'sub'> <InPorts = 2> <OutPorts = 1>
ST_2 : Operation 42 [1/1] (0.00ns)   --->   "%br_ln43 = br i1 %icmp_ln43, void %for.inc50.loopexit, void %for.inc57.loopexit.exitStub" [src/conv_engine.cpp:43]   --->   Operation 42 'br' 'br_ln43' <Predicate = true> <Delay = 0.00>
ST_2 : Operation 43 [1/1] (0.00ns)   --->   "%indvar_flatten_load = load i64 %indvar_flatten" [src/conv_engine.cpp:44]   --->   Operation 43 'load' 'indvar_flatten_load' <Predicate = (!icmp_ln43)> <Delay = 0.00>
ST_2 : Operation 44 [1/1] (2.77ns)   --->   "%icmp_ln44 = icmp_eq  i64 %indvar_flatten_load, i64 %bound_read" [src/conv_engine.cpp:44]   --->   Operation 44 'icmp' 'icmp_ln44' <Predicate = (!icmp_ln43)> <Delay = 2.77> <CoreInst = "Cmp">   --->   Core 9 'Cmp' <Latency = 0> <II = 1> <Delay = 2.77> <FuncUnit> <Opcode : 'icmp'> <InPorts = 2> <OutPorts = 1>
ST_2 : Operation 45 [1/1] (3.52ns)   --->   "%add_ln44_1 = add i64 %indvar_flatten_load, i64 1" [src/conv_engine.cpp:44]   --->   Operation 45 'add' 'add_ln44_1' <Predicate = (!icmp_ln43)> <Delay = 3.52> <CoreInst = "Adder">   --->   Core 1 'Adder' <Latency = 0> <II = 1> <Delay = 3.52> <FuncUnit> <Opcode : 'add' 'sub'> <InPorts = 2> <OutPorts = 1>
ST_2 : Operation 46 [1/1] (1.48ns)   --->   "%select_ln44_4 = select i1 %icmp_ln44, i64 1, i64 %add_ln44_1" [src/conv_engine.cpp:44]   --->   Operation 46 'select' 'select_ln44_4' <Predicate = (!icmp_ln43)> <Delay = 1.48> <CoreInst = "Sel">   --->   Core 73 'Sel' <Latency = 0> <II = 1> <Delay = 1.48> <FuncUnit> <Opcode : 'select'> <InPorts = 3> <OutPorts = 1>
ST_2 : Operation 47 [1/1] (1.58ns)   --->   "%store_ln48 = store i96 %add_ln43_1, i96 %indvar_flatten27" [src/conv_engine.cpp:48]   --->   Operation 47 'store' 'store_ln48' <Predicate = (!icmp_ln43)> <Delay = 1.58>
ST_2 : Operation 48 [1/1] (1.58ns)   --->   "%store_ln48 = store i64 %select_ln44_4, i64 %indvar_flatten" [src/conv_engine.cpp:48]   --->   Operation 48 'store' 'store_ln48' <Predicate = (!icmp_ln43)> <Delay = 1.58>

State 3 <SV = 2> <Delay = 8.63>
ST_3 : Operation 49 [1/1] (0.00ns)   --->   "%kh_1 = load i32 %kh" [src/conv_engine.cpp:44]   --->   Operation 49 'load' 'kh_1' <Predicate = true> <Delay = 0.00>
ST_3 : Operation 50 [1/1] (0.00ns)   --->   "%zext_ln44 = zext i32 %kh_1" [src/conv_engine.cpp:44]   --->   Operation 50 'zext' 'zext_ln44' <Predicate = true> <Delay = 0.00>
ST_3 : Operation 51 [1/1] (2.55ns)   --->   "%add_ln45 = add i34 %zext_ln44, i34 %sext_ln36_2_cast" [src/conv_engine.cpp:45]   --->   Operation 51 'add' 'add_ln45' <Predicate = true> <Delay = 2.55> <CoreInst = "Adder">   --->   Core 1 'Adder' <Latency = 0> <II = 1> <Delay = 2.55> <FuncUnit> <Opcode : 'add' 'sub'> <InPorts = 2> <OutPorts = 1>
ST_3 : Operation 52 [1/1] (0.00ns) (grouped into LUT with out node and_ln52)   --->   "%tmp = bitselect i1 @_ssdm_op_BitSelect.i1.i34.i32, i34 %add_ln45, i32 33" [src/conv_engine.cpp:46]   --->   Operation 52 'bitselect' 'tmp' <Predicate = (!icmp_ln44)> <Delay = 0.00>
ST_3 : Operation 53 [1/1] (0.00ns) (grouped into LUT with out node and_ln52)   --->   "%xor_ln46 = xor i1 %tmp, i1 1" [src/conv_engine.cpp:46]   --->   Operation 53 'xor' 'xor_ln46' <Predicate = (!icmp_ln44)> <Delay = 0.00> <CoreInst = "LogicGate">   --->   Core 74 'LogicGate' <Latency = 0> <II = 1> <Delay = 0.97> <FuncUnit> <Opcode : 'and' 'or' 'xor'> <InPorts = 2> <OutPorts = 1>
ST_3 : Operation 54 [1/1] (2.48ns)   --->   "%icmp_ln46 = icmp_slt  i34 %add_ln45, i34 %sext_ln36_1_cast" [src/conv_engine.cpp:46]   --->   Operation 54 'icmp' 'icmp_ln46' <Predicate = (!icmp_ln44)> <Delay = 2.48> <CoreInst = "Cmp">   --->   Core 9 'Cmp' <Latency = 0> <II = 1> <Delay = 2.48> <FuncUnit> <Opcode : 'icmp'> <InPorts = 2> <OutPorts = 1>
ST_3 : Operation 55 [1/1] (0.97ns) (out node of the LUT)   --->   "%and_ln52 = and i1 %icmp_ln46, i1 %xor_ln46" [src/conv_engine.cpp:52]   --->   Operation 55 'and' 'and_ln52' <Predicate = (!icmp_ln44)> <Delay = 0.97> <CoreInst = "LogicGate">   --->   Core 74 'LogicGate' <Latency = 0> <II = 1> <Delay = 0.97> <FuncUnit> <Opcode : 'and' 'or' 'xor'> <InPorts = 2> <OutPorts = 1>
ST_3 : Operation 56 [1/1] (0.00ns)   --->   "%kw_load = load i32 %kw" [src/conv_engine.cpp:48]   --->   Operation 56 'load' 'kw_load' <Predicate = (!icmp_ln43)> <Delay = 0.00>
ST_3 : Operation 57 [1/1] (0.00ns)   --->   "%ic_load = load i32 %ic" [src/conv_engine.cpp:43]   --->   Operation 57 'load' 'ic_load' <Predicate = (!icmp_ln43)> <Delay = 0.00>
ST_3 : Operation 58 [1/1] (2.55ns)   --->   "%add_ln43 = add i32 %ic_load, i32 1" [src/conv_engine.cpp:43]   --->   Operation 58 'add' 'add_ln43' <Predicate = (!icmp_ln43 & icmp_ln44)> <Delay = 2.55> <CoreInst = "Adder">   --->   Core 1 'Adder' <Latency = 0> <II = 1> <Delay = 2.55> <FuncUnit> <Opcode : 'add' 'sub'> <InPorts = 2> <OutPorts = 1>
ST_3 : Operation 59 [1/1] (0.69ns)   --->   "%select_ln43 = select i1 %icmp_ln44, i32 0, i32 %kh_1" [src/conv_engine.cpp:43]   --->   Operation 59 'select' 'select_ln43' <Predicate = (!icmp_ln43)> <Delay = 0.69> <CoreInst = "Sel">   --->   Core 73 'Sel' <Latency = 0> <II = 1> <Delay = 0.69> <FuncUnit> <Opcode : 'select'> <InPorts = 3> <OutPorts = 1>
ST_3 : Operation 60 [1/1] (0.69ns)   --->   "%select_ln43_1 = select i1 %icmp_ln44, i32 %add_ln43, i32 %ic_load" [src/conv_engine.cpp:43]   --->   Operation 60 'select' 'select_ln43_1' <Predicate = (!icmp_ln43)> <Delay = 0.69> <CoreInst = "Sel">   --->   Core 73 'Sel' <Latency = 0> <II = 1> <Delay = 0.69> <FuncUnit> <Opcode : 'select'> <InPorts = 3> <OutPorts = 1>
ST_3 : Operation 61 [1/1] (0.00ns)   --->   "%zext_ln54 = zext i32 %select_ln43_1" [src/conv_engine.cpp:54]   --->   Operation 61 'zext' 'zext_ln54' <Predicate = (!icmp_ln43)> <Delay = 0.00>
ST_3 : Operation 62 [1/1] (0.00ns) (grouped into LUT with out node add_ln54)   --->   "%trunc_ln54 = trunc i32 %select_ln43_1" [src/conv_engine.cpp:54]   --->   Operation 62 'trunc' 'trunc_ln54' <Predicate = (!icmp_ln43)> <Delay = 0.00>
ST_3 : Operation 63 [1/1] (0.00ns) (grouped into LUT with out node add_ln54)   --->   "%tmp_5_cast = bitconcatenate i11 @_ssdm_op_BitConcatenate.i11.i6.i5, i6 %trunc_ln54, i5 0" [src/conv_engine.cpp:54]   --->   Operation 63 'bitconcatenate' 'tmp_5_cast' <Predicate = (!icmp_ln43)> <Delay = 0.00>
ST_3 : Operation 64 [1/1] (0.00ns)   --->   "%tmp_6 = bitconcatenate i35 @_ssdm_op_BitConcatenate.i35.i32.i3, i32 %select_ln43_1, i3 0" [src/conv_engine.cpp:55]   --->   Operation 64 'bitconcatenate' 'tmp_6' <Predicate = (!icmp_ln43)> <Delay = 0.00>
ST_3 : Operation 65 [1/1] (0.00ns)   --->   "%zext_ln55 = zext i35 %tmp_6" [src/conv_engine.cpp:55]   --->   Operation 65 'zext' 'zext_ln55' <Predicate = (!icmp_ln43)> <Delay = 0.00>
ST_3 : Operation 66 [1/1] (2.67ns)   --->   "%sub_ln55 = sub i36 %zext_ln55, i36 %zext_ln54" [src/conv_engine.cpp:55]   --->   Operation 66 'sub' 'sub_ln55' <Predicate = (!icmp_ln43)> <Delay = 2.67> <CoreInst = "Adder">   --->   Core 1 'Adder' <Latency = 0> <II = 1> <Delay = 2.67> <FuncUnit> <Opcode : 'add' 'sub'> <InPorts = 2> <OutPorts = 1>
ST_3 : Operation 67 [1/1] (0.00ns)   --->   "%sext_ln43_1 = sext i36 %sub_ln55" [src/conv_engine.cpp:43]   --->   Operation 67 'sext' 'sext_ln43_1' <Predicate = (!icmp_ln43)> <Delay = 0.00>
ST_3 : Operation 68 [1/1] (2.47ns)   --->   "%icmp_ln48 = icmp_eq  i32 %kw_load, i32 %kernel_size_read" [src/conv_engine.cpp:48]   --->   Operation 68 'icmp' 'icmp_ln48' <Predicate = (!icmp_ln43 & !icmp_ln44)> <Delay = 2.47> <CoreInst = "Cmp">   --->   Core 9 'Cmp' <Latency = 0> <II = 1> <Delay = 2.47> <FuncUnit> <Opcode : 'icmp'> <InPorts = 2> <OutPorts = 1>
ST_3 : Operation 69 [1/1] (0.99ns)   --->   "%select_ln43_3 = select i1 %icmp_ln44, i1 %icmp_ln48_1_read, i1 %icmp_ln48" [src/conv_engine.cpp:43]   --->   Operation 69 'select' 'select_ln43_3' <Predicate = (!icmp_ln43)> <Delay = 0.99> <CoreInst = "Sel">   --->   Core 73 'Sel' <Latency = 0> <II = 1> <Delay = 0.99> <FuncUnit> <Opcode : 'select'> <InPorts = 3> <OutPorts = 1>
ST_3 : Operation 70 [1/1] (2.55ns)   --->   "%add_ln44 = add i32 %select_ln43, i32 1" [src/conv_engine.cpp:44]   --->   Operation 70 'add' 'add_ln44' <Predicate = (!icmp_ln43)> <Delay = 2.55> <CoreInst = "Adder">   --->   Core 1 'Adder' <Latency = 0> <II = 1> <Delay = 2.55> <FuncUnit> <Opcode : 'add' 'sub'> <InPorts = 2> <OutPorts = 1>
ST_3 : Operation 71 [1/1] (0.00ns) (grouped into LUT with out node select_ln44)   --->   "%or_ln44 = or i1 %select_ln43_3, i1 %icmp_ln44" [src/conv_engine.cpp:44]   --->   Operation 71 'or' 'or_ln44' <Predicate = (!icmp_ln43)> <Delay = 0.00> <CoreInst = "LogicGate">   --->   Core 74 'LogicGate' <Latency = 0> <II = 1> <Delay = 0.97> <FuncUnit> <Opcode : 'and' 'or' 'xor'> <InPorts = 2> <OutPorts = 1>
ST_3 : Operation 72 [1/1] (0.97ns) (out node of the LUT)   --->   "%select_ln44 = select i1 %or_ln44, i32 0, i32 %kw_load" [src/conv_engine.cpp:44]   --->   Operation 72 'select' 'select_ln44' <Predicate = (!icmp_ln43)> <Delay = 0.97> <CoreInst = "Sel">   --->   Core 73 'Sel' <Latency = 0> <II = 1> <Delay = 0.69> <FuncUnit> <Opcode : 'select'> <InPorts = 3> <OutPorts = 1>
ST_3 : Operation 73 [1/1] (0.69ns)   --->   "%select_ln44_1 = select i1 %select_ln43_3, i32 %add_ln44, i32 %select_ln43" [src/conv_engine.cpp:44]   --->   Operation 73 'select' 'select_ln44_1' <Predicate = (!icmp_ln43)> <Delay = 0.69> <CoreInst = "Sel">   --->   Core 73 'Sel' <Latency = 0> <II = 1> <Delay = 0.69> <FuncUnit> <Opcode : 'select'> <InPorts = 3> <OutPorts = 1>
ST_3 : Operation 74 [1/1] (0.00ns)   --->   "%zext_ln55_1 = zext i32 %select_ln44_1" [src/conv_engine.cpp:55]   --->   Operation 74 'zext' 'zext_ln55_1' <Predicate = (!icmp_ln43)> <Delay = 0.00>
ST_3 : Operation 75 [1/1] (2.71ns)   --->   "%add_ln55 = add i37 %sext_ln43_1, i37 %zext_ln55_1" [src/conv_engine.cpp:55]   --->   Operation 75 'add' 'add_ln55' <Predicate = (!icmp_ln43)> <Delay = 2.71> <CoreInst = "Adder">   --->   Core 1 'Adder' <Latency = 0> <II = 1> <Delay = 2.71> <FuncUnit> <Opcode : 'add' 'sub'> <InPorts = 2> <OutPorts = 1>
ST_3 : Operation 76 [1/1] (0.00ns)   --->   "%trunc_ln55 = trunc i37 %add_ln55" [src/conv_engine.cpp:55]   --->   Operation 76 'trunc' 'trunc_ln55' <Predicate = (!icmp_ln43)> <Delay = 0.00>
ST_3 : Operation 77 [1/1] (0.00ns)   --->   "%trunc_ln55_1 = trunc i37 %add_ln55" [src/conv_engine.cpp:55]   --->   Operation 77 'trunc' 'trunc_ln55_1' <Predicate = (!icmp_ln43)> <Delay = 0.00>
ST_3 : Operation 78 [1/1] (0.00ns)   --->   "%zext_ln44_1 = zext i32 %add_ln44" [src/conv_engine.cpp:44]   --->   Operation 78 'zext' 'zext_ln44_1' <Predicate = (!icmp_ln43)> <Delay = 0.00>
ST_3 : Operation 79 [1/1] (2.55ns)   --->   "%add_ln45_1 = add i34 %zext_ln44_1, i34 %sext_ln36_2_cast" [src/conv_engine.cpp:45]   --->   Operation 79 'add' 'add_ln45_1' <Predicate = (!icmp_ln43)> <Delay = 2.55> <CoreInst = "Adder">   --->   Core 1 'Adder' <Latency = 0> <II = 1> <Delay = 2.55> <FuncUnit> <Opcode : 'add' 'sub'> <InPorts = 2> <OutPorts = 1>
ST_3 : Operation 80 [1/1] (0.00ns) (grouped into LUT with out node add_ln54)   --->   "%trunc_ln54_1 = trunc i34 %add_ln45_1" [src/conv_engine.cpp:54]   --->   Operation 80 'trunc' 'trunc_ln54_1' <Predicate = (!icmp_ln43)> <Delay = 0.00>
ST_3 : Operation 81 [1/1] (0.00ns) (grouped into LUT with out node add_ln54)   --->   "%trunc_ln54_2 = trunc i32 %sext_ln36_2_read" [src/conv_engine.cpp:54]   --->   Operation 81 'trunc' 'trunc_ln54_2' <Predicate = (!icmp_ln43 & icmp_ln44)> <Delay = 0.00>
ST_3 : Operation 82 [1/1] (0.00ns) (grouped into LUT with out node add_ln54)   --->   "%trunc_ln54_3 = trunc i34 %add_ln45" [src/conv_engine.cpp:54]   --->   Operation 82 'trunc' 'trunc_ln54_3' <Predicate = (!icmp_ln43 & !icmp_ln44)> <Delay = 0.00>
ST_3 : Operation 83 [1/1] (0.00ns) (grouped into LUT with out node add_ln54)   --->   "%select_ln43_4 = select i1 %icmp_ln44, i11 %trunc_ln54_2, i11 %trunc_ln54_3" [src/conv_engine.cpp:43]   --->   Operation 83 'select' 'select_ln43_4' <Predicate = (!icmp_ln43)> <Delay = 0.00> <CoreInst = "Sel">   --->   Core 73 'Sel' <Latency = 0> <II = 1> <Delay = 0.69> <FuncUnit> <Opcode : 'select'> <InPorts = 3> <OutPorts = 1>
ST_3 : Operation 84 [1/1] (0.00ns) (grouped into LUT with out node add_ln54)   --->   "%select_ln44_2 = select i1 %select_ln43_3, i11 %trunc_ln54_1, i11 %select_ln43_4" [src/conv_engine.cpp:44]   --->   Operation 84 'select' 'select_ln44_2' <Predicate = (!icmp_ln43)> <Delay = 0.00> <CoreInst = "Sel">   --->   Core 73 'Sel' <Latency = 0> <II = 1> <Delay = 0.69> <FuncUnit> <Opcode : 'select'> <InPorts = 3> <OutPorts = 1>
ST_3 : Operation 85 [1/1] (1.63ns) (out node of the LUT)   --->   "%add_ln54 = add i11 %tmp_5_cast, i11 %select_ln44_2" [src/conv_engine.cpp:54]   --->   Operation 85 'add' 'add_ln54' <Predicate = (!icmp_ln43)> <Delay = 1.63> <CoreInst = "Adder">   --->   Core 1 'Adder' <Latency = 0> <II = 1> <Delay = 1.63> <FuncUnit> <Opcode : 'add' 'sub'> <InPorts = 2> <OutPorts = 1>
ST_3 : Operation 86 [1/1] (2.48ns)   --->   "%icmp_ln46_1 = icmp_slt  i34 %add_ln45_1, i34 %sext_ln36_1_cast" [src/conv_engine.cpp:46]   --->   Operation 86 'icmp' 'icmp_ln46_1' <Predicate = (!icmp_ln43)> <Delay = 2.48> <CoreInst = "Cmp">   --->   Core 9 'Cmp' <Latency = 0> <II = 1> <Delay = 2.48> <FuncUnit> <Opcode : 'icmp'> <InPorts = 2> <OutPorts = 1>
ST_3 : Operation 87 [1/1] (0.00ns)   --->   "%trunc_ln55_2 = trunc i32 %select_ln44" [src/conv_engine.cpp:55]   --->   Operation 87 'trunc' 'trunc_ln55_2' <Predicate = (!icmp_ln43)> <Delay = 0.00>
ST_3 : Operation 88 [1/1] (2.55ns)   --->   "%add_ln48 = add i32 %select_ln44, i32 1" [src/conv_engine.cpp:48]   --->   Operation 88 'add' 'add_ln48' <Predicate = (!icmp_ln43)> <Delay = 2.55> <CoreInst = "Adder">   --->   Core 1 'Adder' <Latency = 0> <II = 1> <Delay = 2.55> <FuncUnit> <Opcode : 'add' 'sub'> <InPorts = 2> <OutPorts = 1>
ST_3 : Operation 89 [1/1] (1.58ns)   --->   "%store_ln48 = store i32 %select_ln43_1, i32 %ic" [src/conv_engine.cpp:48]   --->   Operation 89 'store' 'store_ln48' <Predicate = (!icmp_ln43)> <Delay = 1.58>
ST_3 : Operation 90 [1/1] (1.58ns)   --->   "%store_ln48 = store i32 %select_ln44_1, i32 %kh" [src/conv_engine.cpp:48]   --->   Operation 90 'store' 'store_ln48' <Predicate = (!icmp_ln43)> <Delay = 1.58>
ST_3 : Operation 91 [1/1] (1.58ns)   --->   "%store_ln48 = store i32 %add_ln48, i32 %kw" [src/conv_engine.cpp:48]   --->   Operation 91 'store' 'store_ln48' <Predicate = (!icmp_ln43)> <Delay = 1.58>

State 4 <SV = 3> <Delay = 7.88>
ST_4 : Operation 92 [1/1] (0.00ns) (grouped into LUT with out node select_ln44_3)   --->   "%select_ln43_2 = select i1 %icmp_ln44, i1 %and_ln52_3_read, i1 %and_ln52" [src/conv_engine.cpp:43]   --->   Operation 92 'select' 'select_ln43_2' <Predicate = (!select_ln43_3)> <Delay = 0.00> <CoreInst = "Sel">   --->   Core 73 'Sel' <Latency = 0> <II = 1> <Delay = 0.99> <FuncUnit> <Opcode : 'select'> <InPorts = 3> <OutPorts = 1>
ST_4 : Operation 93 [1/1] (0.00ns)   --->   "%p_shl = bitconcatenate i12 @_ssdm_op_BitConcatenate.i12.i9.i3, i9 %trunc_ln55_1, i3 0" [src/conv_engine.cpp:55]   --->   Operation 93 'bitconcatenate' 'p_shl' <Predicate = true> <Delay = 0.00>
ST_4 : Operation 94 [1/1] (0.00ns) (grouped into TernaryAdder)   --->   "%sub_ln55_1 = sub i12 %p_shl, i12 %trunc_ln55" [src/conv_engine.cpp:55]   --->   Operation 94 'sub' 'sub_ln55_1' <Predicate = true> <Delay = 0.00> <CoreInst = "TAddSub">   --->   Core 10 'TAddSub' <Latency = 0> <II = 1> <Delay = 1.89> <IPBlock> <Opcode : 'add' 'sub'> <InPorts = 3> <OutPorts = 1> <Sync> <CReg>
ST_4 : Operation 95 [1/1] (0.00ns)   --->   "%tmp_9 = bitconcatenate i16 @_ssdm_op_BitConcatenate.i16.i11.i5, i11 %add_ln54, i5 0" [src/conv_engine.cpp:54]   --->   Operation 95 'bitconcatenate' 'tmp_9' <Predicate = true> <Delay = 0.00>
ST_4 : Operation 96 [1/1] (0.00ns) (grouped into LUT with out node select_ln44_3)   --->   "%tmp_5 = bitselect i1 @_ssdm_op_BitSelect.i1.i34.i32, i34 %add_ln45_1, i32 33" [src/conv_engine.cpp:46]   --->   Operation 96 'bitselect' 'tmp_5' <Predicate = (select_ln43_3)> <Delay = 0.00>
ST_4 : Operation 97 [1/1] (0.00ns) (grouped into LUT with out node select_ln44_3)   --->   "%xor_ln46_1 = xor i1 %tmp_5, i1 1" [src/conv_engine.cpp:46]   --->   Operation 97 'xor' 'xor_ln46_1' <Predicate = (select_ln43_3)> <Delay = 0.00> <CoreInst = "LogicGate">   --->   Core 74 'LogicGate' <Latency = 0> <II = 1> <Delay = 0.97> <FuncUnit> <Opcode : 'and' 'or' 'xor'> <InPorts = 2> <OutPorts = 1>
ST_4 : Operation 98 [1/1] (0.00ns) (grouped into LUT with out node select_ln44_3)   --->   "%and_ln52_4 = and i1 %icmp_ln46_1, i1 %xor_ln46_1" [src/conv_engine.cpp:52]   --->   Operation 98 'and' 'and_ln52_4' <Predicate = (select_ln43_3)> <Delay = 0.00> <CoreInst = "LogicGate">   --->   Core 74 'LogicGate' <Latency = 0> <II = 1> <Delay = 0.97> <FuncUnit> <Opcode : 'and' 'or' 'xor'> <InPorts = 2> <OutPorts = 1>
ST_4 : Operation 99 [1/1] (0.99ns) (out node of the LUT)   --->   "%select_ln44_3 = select i1 %select_ln43_3, i1 %and_ln52_4, i1 %select_ln43_2" [src/conv_engine.cpp:44]   --->   Operation 99 'select' 'select_ln44_3' <Predicate = true> <Delay = 0.99> <CoreInst = "Sel">   --->   Core 73 'Sel' <Latency = 0> <II = 1> <Delay = 0.99> <FuncUnit> <Opcode : 'select'> <InPorts = 3> <OutPorts = 1>
ST_4 : Operation 100 [1/1] (3.78ns) (root node of TernaryAdder)   --->   "%add_ln55_1 = add i12 %sub_ln55_1, i12 %trunc_ln55_2" [src/conv_engine.cpp:55]   --->   Operation 100 'add' 'add_ln55_1' <Predicate = true> <Delay = 3.78> <CoreInst = "TAddSub">   --->   Core 10 'TAddSub' <Latency = 0> <II = 1> <Delay = 1.89> <IPBlock> <Opcode : 'add' 'sub'> <InPorts = 3> <OutPorts = 1> <Sync> <CReg>
ST_4 : Operation 101 [1/1] (0.00ns)   --->   "%zext_ln55_2 = zext i12 %add_ln55_1" [src/conv_engine.cpp:55]   --->   Operation 101 'zext' 'zext_ln55_2' <Predicate = true> <Delay = 0.00>
ST_4 : Operation 102 [1/1] (0.00ns)   --->   "%weights_addr = getelementptr i8 %weights, i64 0, i64 %zext_ln55_2" [src/conv_engine.cpp:55]   --->   Operation 102 'getelementptr' 'weights_addr' <Predicate = true> <Delay = 0.00>
ST_4 : Operation 103 [1/1] (2.55ns)   --->   "%add_ln51_1 = add i32 %select_ln44, i32 %sext_ln43_read" [src/conv_engine.cpp:51]   --->   Operation 103 'add' 'add_ln51_1' <Predicate = true> <Delay = 2.55> <CoreInst = "Adder">   --->   Core 1 'Adder' <Latency = 0> <II = 1> <Delay = 2.55> <FuncUnit> <Opcode : 'add' 'sub'> <InPorts = 2> <OutPorts = 1>
ST_4 : Operation 104 [1/1] (0.00ns)   --->   "%trunc_ln54_4 = trunc i32 %add_ln51_1" [src/conv_engine.cpp:54]   --->   Operation 104 'trunc' 'trunc_ln54_4' <Predicate = true> <Delay = 0.00>
ST_4 : Operation 105 [1/1] (2.07ns)   --->   "%add_ln54_1 = add i16 %tmp_9, i16 %trunc_ln54_4" [src/conv_engine.cpp:54]   --->   Operation 105 'add' 'add_ln54_1' <Predicate = true> <Delay = 2.07> <CoreInst = "Adder">   --->   Core 1 'Adder' <Latency = 0> <II = 1> <Delay = 2.07> <FuncUnit> <Opcode : 'add' 'sub'> <InPorts = 2> <OutPorts = 1>
ST_4 : Operation 106 [1/1] (0.00ns)   --->   "%zext_ln54_1 = zext i16 %add_ln54_1" [src/conv_engine.cpp:54]   --->   Operation 106 'zext' 'zext_ln54_1' <Predicate = true> <Delay = 0.00>
ST_4 : Operation 107 [1/1] (0.00ns)   --->   "%input_addr = getelementptr i8 %input_r, i64 0, i64 %zext_ln54_1" [src/conv_engine.cpp:54]   --->   Operation 107 'getelementptr' 'input_addr' <Predicate = true> <Delay = 0.00>
ST_4 : Operation 108 [2/2] (3.25ns)   --->   "%in_val_V = load i16 %input_addr" [src/conv_engine.cpp:54]   --->   Operation 108 'load' 'in_val_V' <Predicate = true> <Delay = 3.25> <CoreInst = "RAM_2P_BRAM">   --->   Core 91 'RAM_2P_BRAM' <Latency = 1> <II = 1> <Delay = 3.25> <Storage> <Opcode : 'load' 'store'> <Ports = 2> <Width = 8> <Depth = 65536> <RAM>
ST_4 : Operation 109 [2/2] (3.25ns)   --->   "%w_val_V = load i12 %weights_addr" [src/conv_engine.cpp:55]   --->   Operation 109 'load' 'w_val_V' <Predicate = true> <Delay = 3.25> <CoreInst = "RAM_2P_BRAM">   --->   Core 91 'RAM_2P_BRAM' <Latency = 1> <II = 1> <Delay = 3.25> <Storage> <Opcode : 'load' 'store'> <Ports = 2> <Width = 8> <Depth = 3136> <RAM>

State 5 <SV = 4> <Delay = 7.33>
ST_5 : Operation 110 [1/1] (0.00ns)   --->   "%zext_ln48 = zext i32 %select_ln44" [src/conv_engine.cpp:48]   --->   Operation 110 'zext' 'zext_ln48' <Predicate = true> <Delay = 0.00>
ST_5 : Operation 111 [1/1] (2.55ns)   --->   "%add_ln51 = add i34 %zext_ln48, i34 %sext_ln43_cast" [src/conv_engine.cpp:51]   --->   Operation 111 'add' 'add_ln51' <Predicate = true> <Delay = 2.55> <CoreInst = "Adder">   --->   Core 1 'Adder' <Latency = 0> <II = 1> <Delay = 2.55> <FuncUnit> <Opcode : 'add' 'sub'> <InPorts = 2> <OutPorts = 1>
ST_5 : Operation 112 [1/1] (0.00ns) (grouped into LUT with out node in_val_V_2)   --->   "%tmp_7 = bitselect i1 @_ssdm_op_BitSelect.i1.i34.i32, i34 %add_ln51, i32 33" [src/conv_engine.cpp:52]   --->   Operation 112 'bitselect' 'tmp_7' <Predicate = true> <Delay = 0.00>
ST_5 : Operation 113 [1/1] (0.00ns) (grouped into LUT with out node in_val_V_2)   --->   "%xor_ln52 = xor i1 %tmp_7, i1 1" [src/conv_engine.cpp:52]   --->   Operation 113 'xor' 'xor_ln52' <Predicate = true> <Delay = 0.00> <CoreInst = "LogicGate">   --->   Core 74 'LogicGate' <Latency = 0> <II = 1> <Delay = 0.97> <FuncUnit> <Opcode : 'and' 'or' 'xor'> <InPorts = 2> <OutPorts = 1>
ST_5 : Operation 114 [1/1] (2.48ns)   --->   "%icmp_ln52 = icmp_slt  i34 %add_ln51, i34 %sext_ln36_cast" [src/conv_engine.cpp:52]   --->   Operation 114 'icmp' 'icmp_ln52' <Predicate = true> <Delay = 2.48> <CoreInst = "Cmp">   --->   Core 9 'Cmp' <Latency = 0> <II = 1> <Delay = 2.48> <FuncUnit> <Opcode : 'icmp'> <InPorts = 2> <OutPorts = 1>
ST_5 : Operation 115 [1/2] (3.25ns)   --->   "%in_val_V = load i16 %input_addr" [src/conv_engine.cpp:54]   --->   Operation 115 'load' 'in_val_V' <Predicate = true> <Delay = 3.25> <CoreInst = "RAM_2P_BRAM">   --->   Core 91 'RAM_2P_BRAM' <Latency = 1> <II = 1> <Delay = 3.25> <Storage> <Opcode : 'load' 'store'> <Ports = 2> <Width = 8> <Depth = 65536> <RAM>
ST_5 : Operation 116 [1/1] (0.00ns) (grouped into LUT with out node in_val_V_2)   --->   "%and_ln52_1 = and i1 %icmp_ln52, i1 %xor_ln52" [src/conv_engine.cpp:52]   --->   Operation 116 'and' 'and_ln52_1' <Predicate = true> <Delay = 0.00> <CoreInst = "LogicGate">   --->   Core 74 'LogicGate' <Latency = 0> <II = 1> <Delay = 0.97> <FuncUnit> <Opcode : 'and' 'or' 'xor'> <InPorts = 2> <OutPorts = 1>
ST_5 : Operation 117 [1/1] (0.00ns) (grouped into LUT with out node in_val_V_2)   --->   "%and_ln52_2 = and i1 %and_ln52_1, i1 %select_ln44_3" [src/conv_engine.cpp:52]   --->   Operation 117 'and' 'and_ln52_2' <Predicate = true> <Delay = 0.00> <CoreInst = "LogicGate">   --->   Core 74 'LogicGate' <Latency = 0> <II = 1> <Delay = 0.97> <FuncUnit> <Opcode : 'and' 'or' 'xor'> <InPorts = 2> <OutPorts = 1>
ST_5 : Operation 118 [1/1] (1.24ns) (out node of the LUT)   --->   "%in_val_V_2 = select i1 %and_ln52_2, i8 %in_val_V, i8 0" [src/conv_engine.cpp:52]   --->   Operation 118 'select' 'in_val_V_2' <Predicate = true> <Delay = 1.24> <CoreInst = "Sel">   --->   Core 73 'Sel' <Latency = 0> <II = 1> <Delay = 1.24> <FuncUnit> <Opcode : 'select'> <InPorts = 3> <OutPorts = 1>
ST_5 : Operation 119 [1/2] (3.25ns)   --->   "%w_val_V = load i12 %weights_addr" [src/conv_engine.cpp:55]   --->   Operation 119 'load' 'w_val_V' <Predicate = true> <Delay = 3.25> <CoreInst = "RAM_2P_BRAM">   --->   Core 91 'RAM_2P_BRAM' <Latency = 1> <II = 1> <Delay = 3.25> <Storage> <Opcode : 'load' 'store'> <Ports = 2> <Width = 8> <Depth = 3136> <RAM>
ST_5 : Operation 120 [1/1] (0.00ns)   --->   "%sext_ln232 = sext i8 %in_val_V_2"   --->   Operation 120 'sext' 'sext_ln232' <Predicate = true> <Delay = 0.00>
ST_5 : Operation 121 [1/1] (0.00ns)   --->   "%sext_ln232_1 = sext i8 %w_val_V"   --->   Operation 121 'sext' 'sext_ln232_1' <Predicate = true> <Delay = 0.00>
ST_5 : Operation 122 [3/3] (1.05ns) (grouped into DSP with root node sum_V)   --->   "%ret_V = mul i16 %sext_ln232_1, i16 %sext_ln232"   --->   Operation 122 'mul' 'ret_V' <Predicate = true> <Delay = 1.05> <CoreInst = "DSP48">   --->   Core 119 'DSP48' <Latency = 3> <II = 1> <Delay = 2.15> <IPBlock> <Opcode : 'mul' 'add' 'sub' 'select'> <InPorts = 0> <OutPorts = 1> <Sync> <CReg>

State 6 <SV = 5> <Delay = 1.05>
ST_6 : Operation 123 [2/3] (1.05ns) (grouped into DSP with root node sum_V)   --->   "%ret_V = mul i16 %sext_ln232_1, i16 %sext_ln232"   --->   Operation 123 'mul' 'ret_V' <Predicate = true> <Delay = 1.05> <CoreInst = "DSP48">   --->   Core 119 'DSP48' <Latency = 3> <II = 1> <Delay = 2.15> <IPBlock> <Opcode : 'mul' 'add' 'sub' 'select'> <InPorts = 0> <OutPorts = 1> <Sync> <CReg>

State 7 <SV = 6> <Delay = 2.10>
ST_7 : Operation 124 [1/1] (0.00ns)   --->   "%sum_V_1_load = load i32 %sum_V_1"   --->   Operation 124 'load' 'sum_V_1_load' <Predicate = true> <Delay = 0.00>
ST_7 : Operation 125 [1/3] (0.00ns) (grouped into DSP with root node sum_V)   --->   "%ret_V = mul i16 %sext_ln232_1, i16 %sext_ln232"   --->   Operation 125 'mul' 'ret_V' <Predicate = true> <Delay = 0.00> <CoreInst = "DSP48">   --->   Core 119 'DSP48' <Latency = 3> <II = 1> <Delay = 2.15> <IPBlock> <Opcode : 'mul' 'add' 'sub' 'select'> <InPorts = 0> <OutPorts = 1> <Sync> <CReg>
ST_7 : Operation 126 [1/1] (0.00ns) (grouped into DSP with root node sum_V)   --->   "%sext_ln886 = sext i16 %ret_V"   --->   Operation 126 'sext' 'sext_ln886' <Predicate = true> <Delay = 0.00>
ST_7 : Operation 127 [2/2] (2.10ns) (root node of the DSP)   --->   "%sum_V = add i32 %sext_ln886, i32 %sum_V_1_load"   --->   Operation 127 'add' 'sum_V' <Predicate = true> <Delay = 2.10> <CoreInst = "DSP48">   --->   Core 119 'DSP48' <Latency = 3> <II = 1> <Delay = 2.15> <IPBlock> <Opcode : 'mul' 'add' 'sub' 'select'> <InPorts = 0> <OutPorts = 1> <Sync> <CReg>
ST_7 : Operation 135 [1/1] (0.00ns)   --->   "%sum_V_1_load_1 = load i32 %sum_V_1"   --->   Operation 135 'load' 'sum_V_1_load_1' <Predicate = (icmp_ln43)> <Delay = 0.00>
ST_7 : Operation 136 [1/1] (0.00ns)   --->   "%write_ln0 = write void @_ssdm_op_Write.ap_auto.i32P0A, i32 %sum_V_1_out, i32 %sum_V_1_load_1"   --->   Operation 136 'write' 'write_ln0' <Predicate = (icmp_ln43)> <Delay = 0.00>
ST_7 : Operation 137 [1/1] (0.00ns)   --->   "%ret_ln0 = ret"   --->   Operation 137 'ret' 'ret_ln0' <Predicate = (icmp_ln43)> <Delay = 0.00>

State 8 <SV = 7> <Delay = 3.68>
ST_8 : Operation 128 [1/1] (0.00ns)   --->   "%specloopname_ln0 = specloopname void @_ssdm_op_SpecLoopName, void @CONV_IC_CONV_KH_CONV_KW_str"   --->   Operation 128 'specloopname' 'specloopname_ln0' <Predicate = true> <Delay = 0.00>
ST_8 : Operation 129 [1/1] (0.00ns)   --->   "%specloopname_ln0 = specloopname void @_ssdm_op_SpecLoopName, void @CONV_KH_CONV_KW_str"   --->   Operation 129 'specloopname' 'specloopname_ln0' <Predicate = true> <Delay = 0.00>
ST_8 : Operation 130 [1/1] (0.00ns)   --->   "%specpipeline_ln49 = specpipeline void @_ssdm_op_SpecPipeline, i32 1, i32 0, i32 0, i32 0, void @empty_23" [src/conv_engine.cpp:49]   --->   Operation 130 'specpipeline' 'specpipeline_ln49' <Predicate = true> <Delay = 0.00>
ST_8 : Operation 131 [1/1] (0.00ns)   --->   "%specloopname_ln41 = specloopname void @_ssdm_op_SpecLoopName, void @empty_21" [src/conv_engine.cpp:41]   --->   Operation 131 'specloopname' 'specloopname_ln41' <Predicate = true> <Delay = 0.00>
ST_8 : Operation 132 [1/2] (2.10ns) (root node of the DSP)   --->   "%sum_V = add i32 %sext_ln886, i32 %sum_V_1_load"   --->   Operation 132 'add' 'sum_V' <Predicate = true> <Delay = 2.10> <CoreInst = "DSP48">   --->   Core 119 'DSP48' <Latency = 3> <II = 1> <Delay = 2.15> <IPBlock> <Opcode : 'mul' 'add' 'sub' 'select'> <InPorts = 0> <OutPorts = 1> <Sync> <CReg>
ST_8 : Operation 133 [1/1] (1.58ns)   --->   "%store_ln48 = store i32 %sum_V, i32 %sum_V_1" [src/conv_engine.cpp:48]   --->   Operation 133 'store' 'store_ln48' <Predicate = true> <Delay = 1.58>
ST_8 : Operation 134 [1/1] (0.00ns)   --->   "%br_ln48 = br void %for.body29" [src/conv_engine.cpp:48]   --->   Operation 134 'br' 'br_ln48' <Predicate = true> <Delay = 0.00>


============================================================
+ Verbose Summary: Timing violations
============================================================
Target clock period: 10ns, clock uncertainty: 1.25ns.

 <State 1>: 1.59ns
The critical path consists of the following:
	'alloca' operation ('indvar_flatten27') [19]  (0 ns)
	'store' operation ('store_ln0') of constant 0 on local variable 'indvar_flatten27' [36]  (1.59 ns)

 <State 2>: 6.59ns
The critical path consists of the following:
	'load' operation ('indvar_flatten_load', src/conv_engine.cpp:44) on local variable 'indvar_flatten' [58]  (0 ns)
	'add' operation ('add_ln44_1', src/conv_engine.cpp:44) [127]  (3.52 ns)
	'select' operation ('select_ln44_4', src/conv_engine.cpp:44) [128]  (1.48 ns)
	'store' operation ('store_ln48', src/conv_engine.cpp:48) of variable 'select_ln44_4', src/conv_engine.cpp:44 on local variable 'indvar_flatten' [131]  (1.59 ns)

 <State 3>: 8.64ns
The critical path consists of the following:
	'load' operation ('ic_load', src/conv_engine.cpp:43) on local variable 'ic' [59]  (0 ns)
	'add' operation ('add_ln43', src/conv_engine.cpp:43) [60]  (2.55 ns)
	'select' operation ('select_ln43_1', src/conv_engine.cpp:43) [64]  (0.698 ns)
	'sub' operation ('sub_ln55', src/conv_engine.cpp:55) [70]  (2.67 ns)
	'add' operation ('add_ln55', src/conv_engine.cpp:55) [81]  (2.71 ns)

 <State 4>: 7.88ns
The critical path consists of the following:
	'add' operation ('add_ln51_1', src/conv_engine.cpp:51) [107]  (2.55 ns)
	'add' operation ('add_ln54_1', src/conv_engine.cpp:54) [110]  (2.08 ns)
	'getelementptr' operation ('input_addr', src/conv_engine.cpp:54) [112]  (0 ns)
	'load' operation ('in_val.V', src/conv_engine.cpp:54) on array 'input_r' [116]  (3.25 ns)

 <State 5>: 7.34ns
The critical path consists of the following:
	'add' operation ('add_ln51', src/conv_engine.cpp:51) [108]  (2.55 ns)
	'icmp' operation ('icmp_ln52', src/conv_engine.cpp:52) [115]  (2.49 ns)
	'and' operation ('and_ln52_1', src/conv_engine.cpp:52) [117]  (0 ns)
	'and' operation ('and_ln52_2', src/conv_engine.cpp:52) [118]  (0 ns)
	'select' operation ('in_val.V', src/conv_engine.cpp:52) [119]  (1.25 ns)
	'mul' operation of DSP[125] ('ret.V') [123]  (1.05 ns)

 <State 6>: 1.05ns
The critical path consists of the following:
	'mul' operation of DSP[125] ('ret.V') [123]  (1.05 ns)

 <State 7>: 2.1ns
The critical path consists of the following:
	'load' operation ('sum_V_1_load') on local variable 'sum.V' [56]  (0 ns)
	'add' operation of DSP[125] ('sum_V') [125]  (2.1 ns)

 <State 8>: 3.69ns
The critical path consists of the following:
	'add' operation of DSP[125] ('sum_V') [125]  (2.1 ns)
	'store' operation ('store_ln48', src/conv_engine.cpp:48) of variable 'sum_V' on local variable 'sum.V' [134]  (1.59 ns)


============================================================
+ Verbose Summary: Binding
============================================================
N/A
* FSMD analyzer results:
  - Output states:
 - Input state : 
  - Chain level:
	State 1
	State 2
	State 3
	State 4
	State 5
	State 6
	State 7
	State 8


============================================================
+ Verbose Summary: Datapath Resource usage 
============================================================
N/A
