

================================================================
== Vitis HLS Report for 'conv_engine'
================================================================
* Date:           Fri Aug 21 20:16:10 2026

* Version:        2022.1 (Build 3526262 on Mon Apr 18 15:48:16 MDT 2022)
* Project:        cnn_accelerator
* Solution:       solution1 (Vivado IP Flow Target)
* Product family: zynq
* Target device:  xc7z020-clg484-1


================================================================
== Performance Estimates
================================================================
+ Timing: 
    * Summary: 
    +--------+----------+----------+------------+
    |  Clock |  Target  | Estimated| Uncertainty|
    +--------+----------+----------+------------+
    |ap_clk  |  10.00 ns|  8.639 ns|     1.25 ns|
    +--------+----------+----------+------------+

+ Latency: 
    * Summary: 
    +---------+---------+----------+----------+-----+-----+---------+
    |  Latency (cycles) |  Latency (absolute) |  Interval | Pipeline|
    |   min   |   max   |    min   |    max   | min | max |   Type  |
    +---------+---------+----------+----------+-----+-----+---------+
    |        ?|        ?|         ?|         ?|    ?|    ?|       no|
    +---------+---------+----------+----------+-----+-----+---------+

    + Detail: 
        * Instance: 
        N/A

        * Loop: 
        +-------------------+---------+---------+----------+-----------+-----------+------+----------+
        |                   |  Latency (cycles) | Iteration|  Initiation Interval  | Trip |          |
        |     Loop Name     |   min   |   max   |  Latency |  achieved |   target  | Count| Pipelined|
        +-------------------+---------+---------+----------+-----------+-----------+------+----------+
        |- CONV_OH_CONV_OW  |        ?|        ?|         ?|          -|          -|     ?|        no|
        +-------------------+---------+---------+----------+-----------+-----------+------+----------+

============================================================
+ Verbose Summary: Synthesis Manager
============================================================
InlineROM: 1
ExposeGlobal: 0
============================================================
+ Verbose Summary: CDFG Model
============================================================
IsTopModel: 0
ResetActiveHigh: 1
IsCombinational: 0
IsDatapathOnly: 0
HasWiredReturn: 1
HasMFsm: 0
HasVarLatency: 1
IsPipeline: 0
IsRtlPipelined: 0
IsInstanceOverlapped: 0
IsDontTouch: 0
HasImplIP: 0
IsGatedGlobalClock: 0


============================================================
+ Verbose Summary: Schedule
============================================================
* Number of FSM states : 42
* Pipeline : 0
* Dataflow Pipeline: 0

* FSM state transitions: 
1 --> 2 
2 --> 3 
3 --> 4 
4 --> 5 
5 --> 6 
6 --> 7 
7 --> 8 
8 --> 9 
9 --> 10 
10 --> 11 
11 --> 12 
12 --> 13 
13 --> 14 
14 --> 15 
15 --> 16 
16 --> 17 
17 --> 18 
18 --> 19 
19 --> 20 
20 --> 21 
21 --> 22 
22 --> 23 
23 --> 24 
24 --> 25 
25 --> 26 
26 --> 27 
27 --> 28 
28 --> 29 
29 --> 30 
30 --> 31 
31 --> 32 
32 --> 33 
33 --> 34 
34 --> 35 
35 --> 36 
36 --> 37 
37 --> 38 
38 --> 39 
39 --> 40 
40 --> 41 
41 --> 42 
42 --> 38 

* FSM state operations: 

State 1 <SV = 0> <Delay = 8.50>
ST_1 : Operation 43 [1/1] (0.00ns)   --->   "%ow = alloca i32 1"   --->   Operation 43 'alloca' 'ow' <Predicate = true> <Delay = 0.00>
ST_1 : Operation 44 [1/1] (0.00ns)   --->   "%oh = alloca i32 1"   --->   Operation 44 'alloca' 'oh' <Predicate = true> <Delay = 0.00>
ST_1 : Operation 45 [1/1] (0.00ns)   --->   "%indvar_flatten34 = alloca i32 1"   --->   Operation 45 'alloca' 'indvar_flatten34' <Predicate = true> <Delay = 0.00>
ST_1 : Operation 46 [1/1] (0.00ns)   --->   "%padding_read = read i32 @_ssdm_op_Read.ap_auto.i32, i32 %padding"   --->   Operation 46 'read' 'padding_read' <Predicate = true> <Delay = 0.00>
ST_1 : Operation 47 [1/1] (0.00ns)   --->   "%stride_read = read i32 @_ssdm_op_Read.ap_auto.i32, i32 %stride"   --->   Operation 47 'read' 'stride_read' <Predicate = true> <Delay = 0.00>
ST_1 : Operation 48 [1/1] (0.00ns)   --->   "%in_width_read = read i32 @_ssdm_op_Read.ap_auto.i32, i32 %in_width"   --->   Operation 48 'read' 'in_width_read' <Predicate = true> <Delay = 0.00>
ST_1 : Operation 49 [1/1] (0.00ns)   --->   "%in_height_read = read i32 @_ssdm_op_Read.ap_auto.i32, i32 %in_height"   --->   Operation 49 'read' 'in_height_read' <Predicate = true> <Delay = 0.00>
ST_1 : Operation 50 [1/1] (0.00ns)   --->   "%kernel_size_read = read i32 @_ssdm_op_Read.ap_auto.i32, i32 %kernel_size"   --->   Operation 50 'read' 'kernel_size_read' <Predicate = true> <Delay = 0.00>
ST_1 : Operation 51 [1/1] (0.00ns)   --->   "%sum_V_1_loc = alloca i64 1"   --->   Operation 51 'alloca' 'sum_V_1_loc' <Predicate = true> <Delay = 0.00>
ST_1 : Operation 52 [1/1] (0.00ns)   --->   "%shl_ln33 = shl i32 %padding_read, i32 1" [src/conv_engine.cpp:33]   --->   Operation 52 'shl' 'shl_ln33' <Predicate = true> <Delay = 0.00>
ST_1 : Operation 53 [1/1] (0.00ns) (grouped into TernaryAdder)   --->   "%sub_ln33 = sub i32 %in_height_read, i32 %kernel_size_read" [src/conv_engine.cpp:33]   --->   Operation 53 'sub' 'sub_ln33' <Predicate = true> <Delay = 0.00> <CoreInst = "TAddSub">   --->   Core 10 'TAddSub' <Latency = 0> <II = 1> <Delay = 2.18> <IPBlock> <Opcode : 'add' 'sub'> <InPorts = 3> <OutPorts = 1> <Sync> <CReg>
ST_1 : Operation 54 [1/1] (4.37ns) (root node of TernaryAdder)   --->   "%add_ln33 = add i32 %sub_ln33, i32 %shl_ln33" [src/conv_engine.cpp:33]   --->   Operation 54 'add' 'add_ln33' <Predicate = true> <Delay = 4.37> <CoreInst = "TAddSub">   --->   Core 10 'TAddSub' <Latency = 0> <II = 1> <Delay = 2.18> <IPBlock> <Opcode : 'add' 'sub'> <InPorts = 3> <OutPorts = 1> <Sync> <CReg>
ST_1 : Operation 55 [36/36] (4.13ns)   --->   "%sdiv_ln33 = sdiv i32 %add_ln33, i32 %stride_read" [src/conv_engine.cpp:33]   --->   Operation 55 'sdiv' 'sdiv_ln33' <Predicate = true> <Delay = 4.13> <CoreInst = "DivnS_SEQ">   --->   Core 7 'DivnS_SEQ' <Latency = 35> <II = 32> <Delay = 4.13> <FuncUnit> <Opcode : 'sdiv' 'srem' 'udiv' 'urem'> <InPorts = 2> <OutPorts = 1>
ST_1 : Operation 56 [1/1] (0.00ns) (grouped into TernaryAdder)   --->   "%sub_ln34 = sub i32 %in_width_read, i32 %kernel_size_read" [src/conv_engine.cpp:34]   --->   Operation 56 'sub' 'sub_ln34' <Predicate = true> <Delay = 0.00> <CoreInst = "TAddSub">   --->   Core 10 'TAddSub' <Latency = 0> <II = 1> <Delay = 2.18> <IPBlock> <Opcode : 'add' 'sub'> <InPorts = 3> <OutPorts = 1> <Sync> <CReg>
ST_1 : Operation 57 [1/1] (4.37ns) (root node of TernaryAdder)   --->   "%add_ln34 = add i32 %sub_ln34, i32 %shl_ln33" [src/conv_engine.cpp:34]   --->   Operation 57 'add' 'add_ln34' <Predicate = true> <Delay = 4.37> <CoreInst = "TAddSub">   --->   Core 10 'TAddSub' <Latency = 0> <II = 1> <Delay = 2.18> <IPBlock> <Opcode : 'add' 'sub'> <InPorts = 3> <OutPorts = 1> <Sync> <CReg>
ST_1 : Operation 58 [36/36] (4.13ns)   --->   "%sdiv_ln34 = sdiv i32 %add_ln34, i32 %stride_read" [src/conv_engine.cpp:34]   --->   Operation 58 'sdiv' 'sdiv_ln34' <Predicate = true> <Delay = 4.13> <CoreInst = "DivnS_SEQ">   --->   Core 7 'DivnS_SEQ' <Latency = 35> <II = 32> <Delay = 4.13> <FuncUnit> <Opcode : 'sdiv' 'srem' 'udiv' 'urem'> <InPorts = 2> <OutPorts = 1>
ST_1 : Operation 59 [1/1] (1.58ns)   --->   "%store_ln36 = store i64 0, i64 %indvar_flatten34" [src/conv_engine.cpp:36]   --->   Operation 59 'store' 'store_ln36' <Predicate = true> <Delay = 1.58>
ST_1 : Operation 60 [1/1] (1.58ns)   --->   "%store_ln36 = store i32 0, i32 %oh" [src/conv_engine.cpp:36]   --->   Operation 60 'store' 'store_ln36' <Predicate = true> <Delay = 1.58>
ST_1 : Operation 61 [1/1] (1.58ns)   --->   "%store_ln36 = store i32 0, i32 %ow" [src/conv_engine.cpp:36]   --->   Operation 61 'store' 'store_ln36' <Predicate = true> <Delay = 1.58>

State 2 <SV = 1> <Delay = 4.13>
ST_2 : Operation 62 [35/36] (4.13ns)   --->   "%sdiv_ln33 = sdiv i32 %add_ln33, i32 %stride_read" [src/conv_engine.cpp:33]   --->   Operation 62 'sdiv' 'sdiv_ln33' <Predicate = true> <Delay = 4.13> <CoreInst = "DivnS_SEQ">   --->   Core 7 'DivnS_SEQ' <Latency = 35> <II = 32> <Delay = 4.13> <FuncUnit> <Opcode : 'sdiv' 'srem' 'udiv' 'urem'> <InPorts = 2> <OutPorts = 1>
ST_2 : Operation 63 [35/36] (4.13ns)   --->   "%sdiv_ln34 = sdiv i32 %add_ln34, i32 %stride_read" [src/conv_engine.cpp:34]   --->   Operation 63 'sdiv' 'sdiv_ln34' <Predicate = true> <Delay = 4.13> <CoreInst = "DivnS_SEQ">   --->   Core 7 'DivnS_SEQ' <Latency = 35> <II = 32> <Delay = 4.13> <FuncUnit> <Opcode : 'sdiv' 'srem' 'udiv' 'urem'> <InPorts = 2> <OutPorts = 1>

State 3 <SV = 2> <Delay = 4.13>
ST_3 : Operation 64 [34/36] (4.13ns)   --->   "%sdiv_ln33 = sdiv i32 %add_ln33, i32 %stride_read" [src/conv_engine.cpp:33]   --->   Operation 64 'sdiv' 'sdiv_ln33' <Predicate = true> <Delay = 4.13> <CoreInst = "DivnS_SEQ">   --->   Core 7 'DivnS_SEQ' <Latency = 35> <II = 32> <Delay = 4.13> <FuncUnit> <Opcode : 'sdiv' 'srem' 'udiv' 'urem'> <InPorts = 2> <OutPorts = 1>
ST_3 : Operation 65 [34/36] (4.13ns)   --->   "%sdiv_ln34 = sdiv i32 %add_ln34, i32 %stride_read" [src/conv_engine.cpp:34]   --->   Operation 65 'sdiv' 'sdiv_ln34' <Predicate = true> <Delay = 4.13> <CoreInst = "DivnS_SEQ">   --->   Core 7 'DivnS_SEQ' <Latency = 35> <II = 32> <Delay = 4.13> <FuncUnit> <Opcode : 'sdiv' 'srem' 'udiv' 'urem'> <InPorts = 2> <OutPorts = 1>

State 4 <SV = 3> <Delay = 4.13>
ST_4 : Operation 66 [33/36] (4.13ns)   --->   "%sdiv_ln33 = sdiv i32 %add_ln33, i32 %stride_read" [src/conv_engine.cpp:33]   --->   Operation 66 'sdiv' 'sdiv_ln33' <Predicate = true> <Delay = 4.13> <CoreInst = "DivnS_SEQ">   --->   Core 7 'DivnS_SEQ' <Latency = 35> <II = 32> <Delay = 4.13> <FuncUnit> <Opcode : 'sdiv' 'srem' 'udiv' 'urem'> <InPorts = 2> <OutPorts = 1>
ST_4 : Operation 67 [33/36] (4.13ns)   --->   "%sdiv_ln34 = sdiv i32 %add_ln34, i32 %stride_read" [src/conv_engine.cpp:34]   --->   Operation 67 'sdiv' 'sdiv_ln34' <Predicate = true> <Delay = 4.13> <CoreInst = "DivnS_SEQ">   --->   Core 7 'DivnS_SEQ' <Latency = 35> <II = 32> <Delay = 4.13> <FuncUnit> <Opcode : 'sdiv' 'srem' 'udiv' 'urem'> <InPorts = 2> <OutPorts = 1>

State 5 <SV = 4> <Delay = 4.13>
ST_5 : Operation 68 [32/36] (4.13ns)   --->   "%sdiv_ln33 = sdiv i32 %add_ln33, i32 %stride_read" [src/conv_engine.cpp:33]   --->   Operation 68 'sdiv' 'sdiv_ln33' <Predicate = true> <Delay = 4.13> <CoreInst = "DivnS_SEQ">   --->   Core 7 'DivnS_SEQ' <Latency = 35> <II = 32> <Delay = 4.13> <FuncUnit> <Opcode : 'sdiv' 'srem' 'udiv' 'urem'> <InPorts = 2> <OutPorts = 1>
ST_5 : Operation 69 [32/36] (4.13ns)   --->   "%sdiv_ln34 = sdiv i32 %add_ln34, i32 %stride_read" [src/conv_engine.cpp:34]   --->   Operation 69 'sdiv' 'sdiv_ln34' <Predicate = true> <Delay = 4.13> <CoreInst = "DivnS_SEQ">   --->   Core 7 'DivnS_SEQ' <Latency = 35> <II = 32> <Delay = 4.13> <FuncUnit> <Opcode : 'sdiv' 'srem' 'udiv' 'urem'> <InPorts = 2> <OutPorts = 1>

State 6 <SV = 5> <Delay = 4.13>
ST_6 : Operation 70 [31/36] (4.13ns)   --->   "%sdiv_ln33 = sdiv i32 %add_ln33, i32 %stride_read" [src/conv_engine.cpp:33]   --->   Operation 70 'sdiv' 'sdiv_ln33' <Predicate = true> <Delay = 4.13> <CoreInst = "DivnS_SEQ">   --->   Core 7 'DivnS_SEQ' <Latency = 35> <II = 32> <Delay = 4.13> <FuncUnit> <Opcode : 'sdiv' 'srem' 'udiv' 'urem'> <InPorts = 2> <OutPorts = 1>
ST_6 : Operation 71 [31/36] (4.13ns)   --->   "%sdiv_ln34 = sdiv i32 %add_ln34, i32 %stride_read" [src/conv_engine.cpp:34]   --->   Operation 71 'sdiv' 'sdiv_ln34' <Predicate = true> <Delay = 4.13> <CoreInst = "DivnS_SEQ">   --->   Core 7 'DivnS_SEQ' <Latency = 35> <II = 32> <Delay = 4.13> <FuncUnit> <Opcode : 'sdiv' 'srem' 'udiv' 'urem'> <InPorts = 2> <OutPorts = 1>

State 7 <SV = 6> <Delay = 4.13>
ST_7 : Operation 72 [30/36] (4.13ns)   --->   "%sdiv_ln33 = sdiv i32 %add_ln33, i32 %stride_read" [src/conv_engine.cpp:33]   --->   Operation 72 'sdiv' 'sdiv_ln33' <Predicate = true> <Delay = 4.13> <CoreInst = "DivnS_SEQ">   --->   Core 7 'DivnS_SEQ' <Latency = 35> <II = 32> <Delay = 4.13> <FuncUnit> <Opcode : 'sdiv' 'srem' 'udiv' 'urem'> <InPorts = 2> <OutPorts = 1>
ST_7 : Operation 73 [30/36] (4.13ns)   --->   "%sdiv_ln34 = sdiv i32 %add_ln34, i32 %stride_read" [src/conv_engine.cpp:34]   --->   Operation 73 'sdiv' 'sdiv_ln34' <Predicate = true> <Delay = 4.13> <CoreInst = "DivnS_SEQ">   --->   Core 7 'DivnS_SEQ' <Latency = 35> <II = 32> <Delay = 4.13> <FuncUnit> <Opcode : 'sdiv' 'srem' 'udiv' 'urem'> <InPorts = 2> <OutPorts = 1>

State 8 <SV = 7> <Delay = 4.13>
ST_8 : Operation 74 [29/36] (4.13ns)   --->   "%sdiv_ln33 = sdiv i32 %add_ln33, i32 %stride_read" [src/conv_engine.cpp:33]   --->   Operation 74 'sdiv' 'sdiv_ln33' <Predicate = true> <Delay = 4.13> <CoreInst = "DivnS_SEQ">   --->   Core 7 'DivnS_SEQ' <Latency = 35> <II = 32> <Delay = 4.13> <FuncUnit> <Opcode : 'sdiv' 'srem' 'udiv' 'urem'> <InPorts = 2> <OutPorts = 1>
ST_8 : Operation 75 [29/36] (4.13ns)   --->   "%sdiv_ln34 = sdiv i32 %add_ln34, i32 %stride_read" [src/conv_engine.cpp:34]   --->   Operation 75 'sdiv' 'sdiv_ln34' <Predicate = true> <Delay = 4.13> <CoreInst = "DivnS_SEQ">   --->   Core 7 'DivnS_SEQ' <Latency = 35> <II = 32> <Delay = 4.13> <FuncUnit> <Opcode : 'sdiv' 'srem' 'udiv' 'urem'> <InPorts = 2> <OutPorts = 1>

State 9 <SV = 8> <Delay = 4.13>
ST_9 : Operation 76 [28/36] (4.13ns)   --->   "%sdiv_ln33 = sdiv i32 %add_ln33, i32 %stride_read" [src/conv_engine.cpp:33]   --->   Operation 76 'sdiv' 'sdiv_ln33' <Predicate = true> <Delay = 4.13> <CoreInst = "DivnS_SEQ">   --->   Core 7 'DivnS_SEQ' <Latency = 35> <II = 32> <Delay = 4.13> <FuncUnit> <Opcode : 'sdiv' 'srem' 'udiv' 'urem'> <InPorts = 2> <OutPorts = 1>
ST_9 : Operation 77 [28/36] (4.13ns)   --->   "%sdiv_ln34 = sdiv i32 %add_ln34, i32 %stride_read" [src/conv_engine.cpp:34]   --->   Operation 77 'sdiv' 'sdiv_ln34' <Predicate = true> <Delay = 4.13> <CoreInst = "DivnS_SEQ">   --->   Core 7 'DivnS_SEQ' <Latency = 35> <II = 32> <Delay = 4.13> <FuncUnit> <Opcode : 'sdiv' 'srem' 'udiv' 'urem'> <InPorts = 2> <OutPorts = 1>

State 10 <SV = 9> <Delay = 4.13>
ST_10 : Operation 78 [27/36] (4.13ns)   --->   "%sdiv_ln33 = sdiv i32 %add_ln33, i32 %stride_read" [src/conv_engine.cpp:33]   --->   Operation 78 'sdiv' 'sdiv_ln33' <Predicate = true> <Delay = 4.13> <CoreInst = "DivnS_SEQ">   --->   Core 7 'DivnS_SEQ' <Latency = 35> <II = 32> <Delay = 4.13> <FuncUnit> <Opcode : 'sdiv' 'srem' 'udiv' 'urem'> <InPorts = 2> <OutPorts = 1>
ST_10 : Operation 79 [27/36] (4.13ns)   --->   "%sdiv_ln34 = sdiv i32 %add_ln34, i32 %stride_read" [src/conv_engine.cpp:34]   --->   Operation 79 'sdiv' 'sdiv_ln34' <Predicate = true> <Delay = 4.13> <CoreInst = "DivnS_SEQ">   --->   Core 7 'DivnS_SEQ' <Latency = 35> <II = 32> <Delay = 4.13> <FuncUnit> <Opcode : 'sdiv' 'srem' 'udiv' 'urem'> <InPorts = 2> <OutPorts = 1>

State 11 <SV = 10> <Delay = 4.13>
ST_11 : Operation 80 [26/36] (4.13ns)   --->   "%sdiv_ln33 = sdiv i32 %add_ln33, i32 %stride_read" [src/conv_engine.cpp:33]   --->   Operation 80 'sdiv' 'sdiv_ln33' <Predicate = true> <Delay = 4.13> <CoreInst = "DivnS_SEQ">   --->   Core 7 'DivnS_SEQ' <Latency = 35> <II = 32> <Delay = 4.13> <FuncUnit> <Opcode : 'sdiv' 'srem' 'udiv' 'urem'> <InPorts = 2> <OutPorts = 1>
ST_11 : Operation 81 [26/36] (4.13ns)   --->   "%sdiv_ln34 = sdiv i32 %add_ln34, i32 %stride_read" [src/conv_engine.cpp:34]   --->   Operation 81 'sdiv' 'sdiv_ln34' <Predicate = true> <Delay = 4.13> <CoreInst = "DivnS_SEQ">   --->   Core 7 'DivnS_SEQ' <Latency = 35> <II = 32> <Delay = 4.13> <FuncUnit> <Opcode : 'sdiv' 'srem' 'udiv' 'urem'> <InPorts = 2> <OutPorts = 1>

State 12 <SV = 11> <Delay = 4.13>
ST_12 : Operation 82 [25/36] (4.13ns)   --->   "%sdiv_ln33 = sdiv i32 %add_ln33, i32 %stride_read" [src/conv_engine.cpp:33]   --->   Operation 82 'sdiv' 'sdiv_ln33' <Predicate = true> <Delay = 4.13> <CoreInst = "DivnS_SEQ">   --->   Core 7 'DivnS_SEQ' <Latency = 35> <II = 32> <Delay = 4.13> <FuncUnit> <Opcode : 'sdiv' 'srem' 'udiv' 'urem'> <InPorts = 2> <OutPorts = 1>
ST_12 : Operation 83 [25/36] (4.13ns)   --->   "%sdiv_ln34 = sdiv i32 %add_ln34, i32 %stride_read" [src/conv_engine.cpp:34]   --->   Operation 83 'sdiv' 'sdiv_ln34' <Predicate = true> <Delay = 4.13> <CoreInst = "DivnS_SEQ">   --->   Core 7 'DivnS_SEQ' <Latency = 35> <II = 32> <Delay = 4.13> <FuncUnit> <Opcode : 'sdiv' 'srem' 'udiv' 'urem'> <InPorts = 2> <OutPorts = 1>

State 13 <SV = 12> <Delay = 4.13>
ST_13 : Operation 84 [24/36] (4.13ns)   --->   "%sdiv_ln33 = sdiv i32 %add_ln33, i32 %stride_read" [src/conv_engine.cpp:33]   --->   Operation 84 'sdiv' 'sdiv_ln33' <Predicate = true> <Delay = 4.13> <CoreInst = "DivnS_SEQ">   --->   Core 7 'DivnS_SEQ' <Latency = 35> <II = 32> <Delay = 4.13> <FuncUnit> <Opcode : 'sdiv' 'srem' 'udiv' 'urem'> <InPorts = 2> <OutPorts = 1>
ST_13 : Operation 85 [24/36] (4.13ns)   --->   "%sdiv_ln34 = sdiv i32 %add_ln34, i32 %stride_read" [src/conv_engine.cpp:34]   --->   Operation 85 'sdiv' 'sdiv_ln34' <Predicate = true> <Delay = 4.13> <CoreInst = "DivnS_SEQ">   --->   Core 7 'DivnS_SEQ' <Latency = 35> <II = 32> <Delay = 4.13> <FuncUnit> <Opcode : 'sdiv' 'srem' 'udiv' 'urem'> <InPorts = 2> <OutPorts = 1>

State 14 <SV = 13> <Delay = 4.13>
ST_14 : Operation 86 [23/36] (4.13ns)   --->   "%sdiv_ln33 = sdiv i32 %add_ln33, i32 %stride_read" [src/conv_engine.cpp:33]   --->   Operation 86 'sdiv' 'sdiv_ln33' <Predicate = true> <Delay = 4.13> <CoreInst = "DivnS_SEQ">   --->   Core 7 'DivnS_SEQ' <Latency = 35> <II = 32> <Delay = 4.13> <FuncUnit> <Opcode : 'sdiv' 'srem' 'udiv' 'urem'> <InPorts = 2> <OutPorts = 1>
ST_14 : Operation 87 [23/36] (4.13ns)   --->   "%sdiv_ln34 = sdiv i32 %add_ln34, i32 %stride_read" [src/conv_engine.cpp:34]   --->   Operation 87 'sdiv' 'sdiv_ln34' <Predicate = true> <Delay = 4.13> <CoreInst = "DivnS_SEQ">   --->   Core 7 'DivnS_SEQ' <Latency = 35> <II = 32> <Delay = 4.13> <FuncUnit> <Opcode : 'sdiv' 'srem' 'udiv' 'urem'> <InPorts = 2> <OutPorts = 1>

State 15 <SV = 14> <Delay = 4.13>
ST_15 : Operation 88 [22/36] (4.13ns)   --->   "%sdiv_ln33 = sdiv i32 %add_ln33, i32 %stride_read" [src/conv_engine.cpp:33]   --->   Operation 88 'sdiv' 'sdiv_ln33' <Predicate = true> <Delay = 4.13> <CoreInst = "DivnS_SEQ">   --->   Core 7 'DivnS_SEQ' <Latency = 35> <II = 32> <Delay = 4.13> <FuncUnit> <Opcode : 'sdiv' 'srem' 'udiv' 'urem'> <InPorts = 2> <OutPorts = 1>
ST_15 : Operation 89 [22/36] (4.13ns)   --->   "%sdiv_ln34 = sdiv i32 %add_ln34, i32 %stride_read" [src/conv_engine.cpp:34]   --->   Operation 89 'sdiv' 'sdiv_ln34' <Predicate = true> <Delay = 4.13> <CoreInst = "DivnS_SEQ">   --->   Core 7 'DivnS_SEQ' <Latency = 35> <II = 32> <Delay = 4.13> <FuncUnit> <Opcode : 'sdiv' 'srem' 'udiv' 'urem'> <InPorts = 2> <OutPorts = 1>

State 16 <SV = 15> <Delay = 4.13>
ST_16 : Operation 90 [21/36] (4.13ns)   --->   "%sdiv_ln33 = sdiv i32 %add_ln33, i32 %stride_read" [src/conv_engine.cpp:33]   --->   Operation 90 'sdiv' 'sdiv_ln33' <Predicate = true> <Delay = 4.13> <CoreInst = "DivnS_SEQ">   --->   Core 7 'DivnS_SEQ' <Latency = 35> <II = 32> <Delay = 4.13> <FuncUnit> <Opcode : 'sdiv' 'srem' 'udiv' 'urem'> <InPorts = 2> <OutPorts = 1>
ST_16 : Operation 91 [21/36] (4.13ns)   --->   "%sdiv_ln34 = sdiv i32 %add_ln34, i32 %stride_read" [src/conv_engine.cpp:34]   --->   Operation 91 'sdiv' 'sdiv_ln34' <Predicate = true> <Delay = 4.13> <CoreInst = "DivnS_SEQ">   --->   Core 7 'DivnS_SEQ' <Latency = 35> <II = 32> <Delay = 4.13> <FuncUnit> <Opcode : 'sdiv' 'srem' 'udiv' 'urem'> <InPorts = 2> <OutPorts = 1>

State 17 <SV = 16> <Delay = 4.13>
ST_17 : Operation 92 [20/36] (4.13ns)   --->   "%sdiv_ln33 = sdiv i32 %add_ln33, i32 %stride_read" [src/conv_engine.cpp:33]   --->   Operation 92 'sdiv' 'sdiv_ln33' <Predicate = true> <Delay = 4.13> <CoreInst = "DivnS_SEQ">   --->   Core 7 'DivnS_SEQ' <Latency = 35> <II = 32> <Delay = 4.13> <FuncUnit> <Opcode : 'sdiv' 'srem' 'udiv' 'urem'> <InPorts = 2> <OutPorts = 1>
ST_17 : Operation 93 [20/36] (4.13ns)   --->   "%sdiv_ln34 = sdiv i32 %add_ln34, i32 %stride_read" [src/conv_engine.cpp:34]   --->   Operation 93 'sdiv' 'sdiv_ln34' <Predicate = true> <Delay = 4.13> <CoreInst = "DivnS_SEQ">   --->   Core 7 'DivnS_SEQ' <Latency = 35> <II = 32> <Delay = 4.13> <FuncUnit> <Opcode : 'sdiv' 'srem' 'udiv' 'urem'> <InPorts = 2> <OutPorts = 1>

State 18 <SV = 17> <Delay = 4.13>
ST_18 : Operation 94 [19/36] (4.13ns)   --->   "%sdiv_ln33 = sdiv i32 %add_ln33, i32 %stride_read" [src/conv_engine.cpp:33]   --->   Operation 94 'sdiv' 'sdiv_ln33' <Predicate = true> <Delay = 4.13> <CoreInst = "DivnS_SEQ">   --->   Core 7 'DivnS_SEQ' <Latency = 35> <II = 32> <Delay = 4.13> <FuncUnit> <Opcode : 'sdiv' 'srem' 'udiv' 'urem'> <InPorts = 2> <OutPorts = 1>
ST_18 : Operation 95 [19/36] (4.13ns)   --->   "%sdiv_ln34 = sdiv i32 %add_ln34, i32 %stride_read" [src/conv_engine.cpp:34]   --->   Operation 95 'sdiv' 'sdiv_ln34' <Predicate = true> <Delay = 4.13> <CoreInst = "DivnS_SEQ">   --->   Core 7 'DivnS_SEQ' <Latency = 35> <II = 32> <Delay = 4.13> <FuncUnit> <Opcode : 'sdiv' 'srem' 'udiv' 'urem'> <InPorts = 2> <OutPorts = 1>

State 19 <SV = 18> <Delay = 4.13>
ST_19 : Operation 96 [18/36] (4.13ns)   --->   "%sdiv_ln33 = sdiv i32 %add_ln33, i32 %stride_read" [src/conv_engine.cpp:33]   --->   Operation 96 'sdiv' 'sdiv_ln33' <Predicate = true> <Delay = 4.13> <CoreInst = "DivnS_SEQ">   --->   Core 7 'DivnS_SEQ' <Latency = 35> <II = 32> <Delay = 4.13> <FuncUnit> <Opcode : 'sdiv' 'srem' 'udiv' 'urem'> <InPorts = 2> <OutPorts = 1>
ST_19 : Operation 97 [18/36] (4.13ns)   --->   "%sdiv_ln34 = sdiv i32 %add_ln34, i32 %stride_read" [src/conv_engine.cpp:34]   --->   Operation 97 'sdiv' 'sdiv_ln34' <Predicate = true> <Delay = 4.13> <CoreInst = "DivnS_SEQ">   --->   Core 7 'DivnS_SEQ' <Latency = 35> <II = 32> <Delay = 4.13> <FuncUnit> <Opcode : 'sdiv' 'srem' 'udiv' 'urem'> <InPorts = 2> <OutPorts = 1>

State 20 <SV = 19> <Delay = 4.13>
ST_20 : Operation 98 [17/36] (4.13ns)   --->   "%sdiv_ln33 = sdiv i32 %add_ln33, i32 %stride_read" [src/conv_engine.cpp:33]   --->   Operation 98 'sdiv' 'sdiv_ln33' <Predicate = true> <Delay = 4.13> <CoreInst = "DivnS_SEQ">   --->   Core 7 'DivnS_SEQ' <Latency = 35> <II = 32> <Delay = 4.13> <FuncUnit> <Opcode : 'sdiv' 'srem' 'udiv' 'urem'> <InPorts = 2> <OutPorts = 1>
ST_20 : Operation 99 [17/36] (4.13ns)   --->   "%sdiv_ln34 = sdiv i32 %add_ln34, i32 %stride_read" [src/conv_engine.cpp:34]   --->   Operation 99 'sdiv' 'sdiv_ln34' <Predicate = true> <Delay = 4.13> <CoreInst = "DivnS_SEQ">   --->   Core 7 'DivnS_SEQ' <Latency = 35> <II = 32> <Delay = 4.13> <FuncUnit> <Opcode : 'sdiv' 'srem' 'udiv' 'urem'> <InPorts = 2> <OutPorts = 1>

State 21 <SV = 20> <Delay = 4.13>
ST_21 : Operation 100 [16/36] (4.13ns)   --->   "%sdiv_ln33 = sdiv i32 %add_ln33, i32 %stride_read" [src/conv_engine.cpp:33]   --->   Operation 100 'sdiv' 'sdiv_ln33' <Predicate = true> <Delay = 4.13> <CoreInst = "DivnS_SEQ">   --->   Core 7 'DivnS_SEQ' <Latency = 35> <II = 32> <Delay = 4.13> <FuncUnit> <Opcode : 'sdiv' 'srem' 'udiv' 'urem'> <InPorts = 2> <OutPorts = 1>
ST_21 : Operation 101 [16/36] (4.13ns)   --->   "%sdiv_ln34 = sdiv i32 %add_ln34, i32 %stride_read" [src/conv_engine.cpp:34]   --->   Operation 101 'sdiv' 'sdiv_ln34' <Predicate = true> <Delay = 4.13> <CoreInst = "DivnS_SEQ">   --->   Core 7 'DivnS_SEQ' <Latency = 35> <II = 32> <Delay = 4.13> <FuncUnit> <Opcode : 'sdiv' 'srem' 'udiv' 'urem'> <InPorts = 2> <OutPorts = 1>

State 22 <SV = 21> <Delay = 4.13>
ST_22 : Operation 102 [15/36] (4.13ns)   --->   "%sdiv_ln33 = sdiv i32 %add_ln33, i32 %stride_read" [src/conv_engine.cpp:33]   --->   Operation 102 'sdiv' 'sdiv_ln33' <Predicate = true> <Delay = 4.13> <CoreInst = "DivnS_SEQ">   --->   Core 7 'DivnS_SEQ' <Latency = 35> <II = 32> <Delay = 4.13> <FuncUnit> <Opcode : 'sdiv' 'srem' 'udiv' 'urem'> <InPorts = 2> <OutPorts = 1>
ST_22 : Operation 103 [15/36] (4.13ns)   --->   "%sdiv_ln34 = sdiv i32 %add_ln34, i32 %stride_read" [src/conv_engine.cpp:34]   --->   Operation 103 'sdiv' 'sdiv_ln34' <Predicate = true> <Delay = 4.13> <CoreInst = "DivnS_SEQ">   --->   Core 7 'DivnS_SEQ' <Latency = 35> <II = 32> <Delay = 4.13> <FuncUnit> <Opcode : 'sdiv' 'srem' 'udiv' 'urem'> <InPorts = 2> <OutPorts = 1>

State 23 <SV = 22> <Delay = 4.13>
ST_23 : Operation 104 [14/36] (4.13ns)   --->   "%sdiv_ln33 = sdiv i32 %add_ln33, i32 %stride_read" [src/conv_engine.cpp:33]   --->   Operation 104 'sdiv' 'sdiv_ln33' <Predicate = true> <Delay = 4.13> <CoreInst = "DivnS_SEQ">   --->   Core 7 'DivnS_SEQ' <Latency = 35> <II = 32> <Delay = 4.13> <FuncUnit> <Opcode : 'sdiv' 'srem' 'udiv' 'urem'> <InPorts = 2> <OutPorts = 1>
ST_23 : Operation 105 [14/36] (4.13ns)   --->   "%sdiv_ln34 = sdiv i32 %add_ln34, i32 %stride_read" [src/conv_engine.cpp:34]   --->   Operation 105 'sdiv' 'sdiv_ln34' <Predicate = true> <Delay = 4.13> <CoreInst = "DivnS_SEQ">   --->   Core 7 'DivnS_SEQ' <Latency = 35> <II = 32> <Delay = 4.13> <FuncUnit> <Opcode : 'sdiv' 'srem' 'udiv' 'urem'> <InPorts = 2> <OutPorts = 1>

State 24 <SV = 23> <Delay = 4.13>
ST_24 : Operation 106 [13/36] (4.13ns)   --->   "%sdiv_ln33 = sdiv i32 %add_ln33, i32 %stride_read" [src/conv_engine.cpp:33]   --->   Operation 106 'sdiv' 'sdiv_ln33' <Predicate = true> <Delay = 4.13> <CoreInst = "DivnS_SEQ">   --->   Core 7 'DivnS_SEQ' <Latency = 35> <II = 32> <Delay = 4.13> <FuncUnit> <Opcode : 'sdiv' 'srem' 'udiv' 'urem'> <InPorts = 2> <OutPorts = 1>
ST_24 : Operation 107 [13/36] (4.13ns)   --->   "%sdiv_ln34 = sdiv i32 %add_ln34, i32 %stride_read" [src/conv_engine.cpp:34]   --->   Operation 107 'sdiv' 'sdiv_ln34' <Predicate = true> <Delay = 4.13> <CoreInst = "DivnS_SEQ">   --->   Core 7 'DivnS_SEQ' <Latency = 35> <II = 32> <Delay = 4.13> <FuncUnit> <Opcode : 'sdiv' 'srem' 'udiv' 'urem'> <InPorts = 2> <OutPorts = 1>

State 25 <SV = 24> <Delay = 4.13>
ST_25 : Operation 108 [12/36] (4.13ns)   --->   "%sdiv_ln33 = sdiv i32 %add_ln33, i32 %stride_read" [src/conv_engine.cpp:33]   --->   Operation 108 'sdiv' 'sdiv_ln33' <Predicate = true> <Delay = 4.13> <CoreInst = "DivnS_SEQ">   --->   Core 7 'DivnS_SEQ' <Latency = 35> <II = 32> <Delay = 4.13> <FuncUnit> <Opcode : 'sdiv' 'srem' 'udiv' 'urem'> <InPorts = 2> <OutPorts = 1>
ST_25 : Operation 109 [12/36] (4.13ns)   --->   "%sdiv_ln34 = sdiv i32 %add_ln34, i32 %stride_read" [src/conv_engine.cpp:34]   --->   Operation 109 'sdiv' 'sdiv_ln34' <Predicate = true> <Delay = 4.13> <CoreInst = "DivnS_SEQ">   --->   Core 7 'DivnS_SEQ' <Latency = 35> <II = 32> <Delay = 4.13> <FuncUnit> <Opcode : 'sdiv' 'srem' 'udiv' 'urem'> <InPorts = 2> <OutPorts = 1>

State 26 <SV = 25> <Delay = 4.13>
ST_26 : Operation 110 [11/36] (4.13ns)   --->   "%sdiv_ln33 = sdiv i32 %add_ln33, i32 %stride_read" [src/conv_engine.cpp:33]   --->   Operation 110 'sdiv' 'sdiv_ln33' <Predicate = true> <Delay = 4.13> <CoreInst = "DivnS_SEQ">   --->   Core 7 'DivnS_SEQ' <Latency = 35> <II = 32> <Delay = 4.13> <FuncUnit> <Opcode : 'sdiv' 'srem' 'udiv' 'urem'> <InPorts = 2> <OutPorts = 1>
ST_26 : Operation 111 [11/36] (4.13ns)   --->   "%sdiv_ln34 = sdiv i32 %add_ln34, i32 %stride_read" [src/conv_engine.cpp:34]   --->   Operation 111 'sdiv' 'sdiv_ln34' <Predicate = true> <Delay = 4.13> <CoreInst = "DivnS_SEQ">   --->   Core 7 'DivnS_SEQ' <Latency = 35> <II = 32> <Delay = 4.13> <FuncUnit> <Opcode : 'sdiv' 'srem' 'udiv' 'urem'> <InPorts = 2> <OutPorts = 1>

State 27 <SV = 26> <Delay = 4.13>
ST_27 : Operation 112 [10/36] (4.13ns)   --->   "%sdiv_ln33 = sdiv i32 %add_ln33, i32 %stride_read" [src/conv_engine.cpp:33]   --->   Operation 112 'sdiv' 'sdiv_ln33' <Predicate = true> <Delay = 4.13> <CoreInst = "DivnS_SEQ">   --->   Core 7 'DivnS_SEQ' <Latency = 35> <II = 32> <Delay = 4.13> <FuncUnit> <Opcode : 'sdiv' 'srem' 'udiv' 'urem'> <InPorts = 2> <OutPorts = 1>
ST_27 : Operation 113 [10/36] (4.13ns)   --->   "%sdiv_ln34 = sdiv i32 %add_ln34, i32 %stride_read" [src/conv_engine.cpp:34]   --->   Operation 113 'sdiv' 'sdiv_ln34' <Predicate = true> <Delay = 4.13> <CoreInst = "DivnS_SEQ">   --->   Core 7 'DivnS_SEQ' <Latency = 35> <II = 32> <Delay = 4.13> <FuncUnit> <Opcode : 'sdiv' 'srem' 'udiv' 'urem'> <InPorts = 2> <OutPorts = 1>

State 28 <SV = 27> <Delay = 4.13>
ST_28 : Operation 114 [9/36] (4.13ns)   --->   "%sdiv_ln33 = sdiv i32 %add_ln33, i32 %stride_read" [src/conv_engine.cpp:33]   --->   Operation 114 'sdiv' 'sdiv_ln33' <Predicate = true> <Delay = 4.13> <CoreInst = "DivnS_SEQ">   --->   Core 7 'DivnS_SEQ' <Latency = 35> <II = 32> <Delay = 4.13> <FuncUnit> <Opcode : 'sdiv' 'srem' 'udiv' 'urem'> <InPorts = 2> <OutPorts = 1>
ST_28 : Operation 115 [9/36] (4.13ns)   --->   "%sdiv_ln34 = sdiv i32 %add_ln34, i32 %stride_read" [src/conv_engine.cpp:34]   --->   Operation 115 'sdiv' 'sdiv_ln34' <Predicate = true> <Delay = 4.13> <CoreInst = "DivnS_SEQ">   --->   Core 7 'DivnS_SEQ' <Latency = 35> <II = 32> <Delay = 4.13> <FuncUnit> <Opcode : 'sdiv' 'srem' 'udiv' 'urem'> <InPorts = 2> <OutPorts = 1>

State 29 <SV = 28> <Delay = 4.13>
ST_29 : Operation 116 [8/36] (4.13ns)   --->   "%sdiv_ln33 = sdiv i32 %add_ln33, i32 %stride_read" [src/conv_engine.cpp:33]   --->   Operation 116 'sdiv' 'sdiv_ln33' <Predicate = true> <Delay = 4.13> <CoreInst = "DivnS_SEQ">   --->   Core 7 'DivnS_SEQ' <Latency = 35> <II = 32> <Delay = 4.13> <FuncUnit> <Opcode : 'sdiv' 'srem' 'udiv' 'urem'> <InPorts = 2> <OutPorts = 1>
ST_29 : Operation 117 [8/36] (4.13ns)   --->   "%sdiv_ln34 = sdiv i32 %add_ln34, i32 %stride_read" [src/conv_engine.cpp:34]   --->   Operation 117 'sdiv' 'sdiv_ln34' <Predicate = true> <Delay = 4.13> <CoreInst = "DivnS_SEQ">   --->   Core 7 'DivnS_SEQ' <Latency = 35> <II = 32> <Delay = 4.13> <FuncUnit> <Opcode : 'sdiv' 'srem' 'udiv' 'urem'> <InPorts = 2> <OutPorts = 1>

State 30 <SV = 29> <Delay = 4.13>
ST_30 : Operation 118 [7/36] (4.13ns)   --->   "%sdiv_ln33 = sdiv i32 %add_ln33, i32 %stride_read" [src/conv_engine.cpp:33]   --->   Operation 118 'sdiv' 'sdiv_ln33' <Predicate = true> <Delay = 4.13> <CoreInst = "DivnS_SEQ">   --->   Core 7 'DivnS_SEQ' <Latency = 35> <II = 32> <Delay = 4.13> <FuncUnit> <Opcode : 'sdiv' 'srem' 'udiv' 'urem'> <InPorts = 2> <OutPorts = 1>
ST_30 : Operation 119 [7/36] (4.13ns)   --->   "%sdiv_ln34 = sdiv i32 %add_ln34, i32 %stride_read" [src/conv_engine.cpp:34]   --->   Operation 119 'sdiv' 'sdiv_ln34' <Predicate = true> <Delay = 4.13> <CoreInst = "DivnS_SEQ">   --->   Core 7 'DivnS_SEQ' <Latency = 35> <II = 32> <Delay = 4.13> <FuncUnit> <Opcode : 'sdiv' 'srem' 'udiv' 'urem'> <InPorts = 2> <OutPorts = 1>

State 31 <SV = 30> <Delay = 4.13>
ST_31 : Operation 120 [6/36] (4.13ns)   --->   "%sdiv_ln33 = sdiv i32 %add_ln33, i32 %stride_read" [src/conv_engine.cpp:33]   --->   Operation 120 'sdiv' 'sdiv_ln33' <Predicate = true> <Delay = 4.13> <CoreInst = "DivnS_SEQ">   --->   Core 7 'DivnS_SEQ' <Latency = 35> <II = 32> <Delay = 4.13> <FuncUnit> <Opcode : 'sdiv' 'srem' 'udiv' 'urem'> <InPorts = 2> <OutPorts = 1>
ST_31 : Operation 121 [6/36] (4.13ns)   --->   "%sdiv_ln34 = sdiv i32 %add_ln34, i32 %stride_read" [src/conv_engine.cpp:34]   --->   Operation 121 'sdiv' 'sdiv_ln34' <Predicate = true> <Delay = 4.13> <CoreInst = "DivnS_SEQ">   --->   Core 7 'DivnS_SEQ' <Latency = 35> <II = 32> <Delay = 4.13> <FuncUnit> <Opcode : 'sdiv' 'srem' 'udiv' 'urem'> <InPorts = 2> <OutPorts = 1>

State 32 <SV = 31> <Delay = 8.51>
ST_32 : Operation 122 [5/36] (4.13ns)   --->   "%sdiv_ln33 = sdiv i32 %add_ln33, i32 %stride_read" [src/conv_engine.cpp:33]   --->   Operation 122 'sdiv' 'sdiv_ln33' <Predicate = true> <Delay = 4.13> <CoreInst = "DivnS_SEQ">   --->   Core 7 'DivnS_SEQ' <Latency = 35> <II = 32> <Delay = 4.13> <FuncUnit> <Opcode : 'sdiv' 'srem' 'udiv' 'urem'> <InPorts = 2> <OutPorts = 1>
ST_32 : Operation 123 [5/36] (4.13ns)   --->   "%sdiv_ln34 = sdiv i32 %add_ln34, i32 %stride_read" [src/conv_engine.cpp:34]   --->   Operation 123 'sdiv' 'sdiv_ln34' <Predicate = true> <Delay = 4.13> <CoreInst = "DivnS_SEQ">   --->   Core 7 'DivnS_SEQ' <Latency = 35> <II = 32> <Delay = 4.13> <FuncUnit> <Opcode : 'sdiv' 'srem' 'udiv' 'urem'> <InPorts = 2> <OutPorts = 1>
ST_32 : Operation 124 [1/1] (0.00ns)   --->   "%cast = zext i32 %kernel_size_read"   --->   Operation 124 'zext' 'cast' <Predicate = true> <Delay = 0.00>
ST_32 : Operation 125 [1/1] (8.51ns)   --->   "%bound = mul i64 %cast, i64 %cast"   --->   Operation 125 'mul' 'bound' <Predicate = true> <Delay = 8.51> <CoreInst = "Multiplier">   --->   Core 3 'Multiplier' <Latency = 0> <II = 1> <Delay = 8.51> <FuncUnit> <Opcode : 'mul'> <InPorts = 2> <OutPorts = 1>

State 33 <SV = 32> <Delay = 6.97>
ST_33 : Operation 126 [1/1] (0.00ns)   --->   "%in_channels_read = read i32 @_ssdm_op_Read.ap_auto.i32, i32 %in_channels"   --->   Operation 126 'read' 'in_channels_read' <Predicate = true> <Delay = 0.00>
ST_33 : Operation 127 [4/36] (4.13ns)   --->   "%sdiv_ln33 = sdiv i32 %add_ln33, i32 %stride_read" [src/conv_engine.cpp:33]   --->   Operation 127 'sdiv' 'sdiv_ln33' <Predicate = true> <Delay = 4.13> <CoreInst = "DivnS_SEQ">   --->   Core 7 'DivnS_SEQ' <Latency = 35> <II = 32> <Delay = 4.13> <FuncUnit> <Opcode : 'sdiv' 'srem' 'udiv' 'urem'> <InPorts = 2> <OutPorts = 1>
ST_33 : Operation 128 [4/36] (4.13ns)   --->   "%sdiv_ln34 = sdiv i32 %add_ln34, i32 %stride_read" [src/conv_engine.cpp:34]   --->   Operation 128 'sdiv' 'sdiv_ln34' <Predicate = true> <Delay = 4.13> <CoreInst = "DivnS_SEQ">   --->   Core 7 'DivnS_SEQ' <Latency = 35> <II = 32> <Delay = 4.13> <FuncUnit> <Opcode : 'sdiv' 'srem' 'udiv' 'urem'> <InPorts = 2> <OutPorts = 1>
ST_33 : Operation 129 [1/1] (0.00ns)   --->   "%cast2 = zext i32 %in_channels_read"   --->   Operation 129 'zext' 'cast2' <Predicate = true> <Delay = 0.00>
ST_33 : Operation 130 [1/1] (0.00ns)   --->   "%cast3 = zext i64 %bound"   --->   Operation 130 'zext' 'cast3' <Predicate = true> <Delay = 0.00>
ST_33 : Operation 131 [5/5] (6.97ns)   --->   "%bound4 = mul i96 %cast2, i96 %cast3"   --->   Operation 131 'mul' 'bound4' <Predicate = true> <Delay = 6.97> <CoreInst = "Multiplier">   --->   Core 3 'Multiplier' <Latency = 4> <II = 1> <Delay = 6.97> <FuncUnit> <Opcode : 'mul'> <InPorts = 2> <OutPorts = 1>

State 34 <SV = 33> <Delay = 6.97>
ST_34 : Operation 132 [3/36] (4.13ns)   --->   "%sdiv_ln33 = sdiv i32 %add_ln33, i32 %stride_read" [src/conv_engine.cpp:33]   --->   Operation 132 'sdiv' 'sdiv_ln33' <Predicate = true> <Delay = 4.13> <CoreInst = "DivnS_SEQ">   --->   Core 7 'DivnS_SEQ' <Latency = 35> <II = 32> <Delay = 4.13> <FuncUnit> <Opcode : 'sdiv' 'srem' 'udiv' 'urem'> <InPorts = 2> <OutPorts = 1>
ST_34 : Operation 133 [3/36] (4.13ns)   --->   "%sdiv_ln34 = sdiv i32 %add_ln34, i32 %stride_read" [src/conv_engine.cpp:34]   --->   Operation 133 'sdiv' 'sdiv_ln34' <Predicate = true> <Delay = 4.13> <CoreInst = "DivnS_SEQ">   --->   Core 7 'DivnS_SEQ' <Latency = 35> <II = 32> <Delay = 4.13> <FuncUnit> <Opcode : 'sdiv' 'srem' 'udiv' 'urem'> <InPorts = 2> <OutPorts = 1>
ST_34 : Operation 134 [4/5] (6.97ns)   --->   "%bound4 = mul i96 %cast2, i96 %cast3"   --->   Operation 134 'mul' 'bound4' <Predicate = true> <Delay = 6.97> <CoreInst = "Multiplier">   --->   Core 3 'Multiplier' <Latency = 4> <II = 1> <Delay = 6.97> <FuncUnit> <Opcode : 'mul'> <InPorts = 2> <OutPorts = 1>

State 35 <SV = 34> <Delay = 6.97>
ST_35 : Operation 135 [2/36] (4.13ns)   --->   "%sdiv_ln33 = sdiv i32 %add_ln33, i32 %stride_read" [src/conv_engine.cpp:33]   --->   Operation 135 'sdiv' 'sdiv_ln33' <Predicate = true> <Delay = 4.13> <CoreInst = "DivnS_SEQ">   --->   Core 7 'DivnS_SEQ' <Latency = 35> <II = 32> <Delay = 4.13> <FuncUnit> <Opcode : 'sdiv' 'srem' 'udiv' 'urem'> <InPorts = 2> <OutPorts = 1>
ST_35 : Operation 136 [2/36] (4.13ns)   --->   "%sdiv_ln34 = sdiv i32 %add_ln34, i32 %stride_read" [src/conv_engine.cpp:34]   --->   Operation 136 'sdiv' 'sdiv_ln34' <Predicate = true> <Delay = 4.13> <CoreInst = "DivnS_SEQ">   --->   Core 7 'DivnS_SEQ' <Latency = 35> <II = 32> <Delay = 4.13> <FuncUnit> <Opcode : 'sdiv' 'srem' 'udiv' 'urem'> <InPorts = 2> <OutPorts = 1>
ST_35 : Operation 137 [3/5] (6.97ns)   --->   "%bound4 = mul i96 %cast2, i96 %cast3"   --->   Operation 137 'mul' 'bound4' <Predicate = true> <Delay = 6.97> <CoreInst = "Multiplier">   --->   Core 3 'Multiplier' <Latency = 4> <II = 1> <Delay = 6.97> <FuncUnit> <Opcode : 'mul'> <InPorts = 2> <OutPorts = 1>

State 36 <SV = 35> <Delay = 6.97>
ST_36 : Operation 138 [1/36] (4.13ns)   --->   "%sdiv_ln33 = sdiv i32 %add_ln33, i32 %stride_read" [src/conv_engine.cpp:33]   --->   Operation 138 'sdiv' 'sdiv_ln33' <Predicate = true> <Delay = 4.13> <CoreInst = "DivnS_SEQ">   --->   Core 7 'DivnS_SEQ' <Latency = 35> <II = 32> <Delay = 4.13> <FuncUnit> <Opcode : 'sdiv' 'srem' 'udiv' 'urem'> <InPorts = 2> <OutPorts = 1>
ST_36 : Operation 139 [1/1] (2.55ns)   --->   "%out_height = add i32 %sdiv_ln33, i32 1" [src/conv_engine.cpp:33]   --->   Operation 139 'add' 'out_height' <Predicate = true> <Delay = 2.55> <CoreInst = "Adder">   --->   Core 1 'Adder' <Latency = 0> <II = 1> <Delay = 2.55> <FuncUnit> <Opcode : 'add' 'sub'> <InPorts = 2> <OutPorts = 1>
ST_36 : Operation 140 [1/36] (4.13ns)   --->   "%sdiv_ln34 = sdiv i32 %add_ln34, i32 %stride_read" [src/conv_engine.cpp:34]   --->   Operation 140 'sdiv' 'sdiv_ln34' <Predicate = true> <Delay = 4.13> <CoreInst = "DivnS_SEQ">   --->   Core 7 'DivnS_SEQ' <Latency = 35> <II = 32> <Delay = 4.13> <FuncUnit> <Opcode : 'sdiv' 'srem' 'udiv' 'urem'> <InPorts = 2> <OutPorts = 1>
ST_36 : Operation 141 [1/1] (2.55ns)   --->   "%out_width = add i32 %sdiv_ln34, i32 1" [src/conv_engine.cpp:34]   --->   Operation 141 'add' 'out_width' <Predicate = true> <Delay = 2.55> <CoreInst = "Adder">   --->   Core 1 'Adder' <Latency = 0> <II = 1> <Delay = 2.55> <FuncUnit> <Opcode : 'add' 'sub'> <InPorts = 2> <OutPorts = 1>
ST_36 : Operation 142 [2/5] (6.97ns)   --->   "%bound4 = mul i96 %cast2, i96 %cast3"   --->   Operation 142 'mul' 'bound4' <Predicate = true> <Delay = 6.97> <CoreInst = "Multiplier">   --->   Core 3 'Multiplier' <Latency = 4> <II = 1> <Delay = 6.97> <FuncUnit> <Opcode : 'mul'> <InPorts = 2> <OutPorts = 1>

State 37 <SV = 36> <Delay = 8.51>
ST_37 : Operation 143 [1/1] (0.00ns)   --->   "%bias_read = read i32 @_ssdm_op_Read.ap_auto.i32, i32 %bias"   --->   Operation 143 'read' 'bias_read' <Predicate = true> <Delay = 0.00>
ST_37 : Operation 144 [1/1] (0.00ns)   --->   "%specmemcore_ln0 = specmemcore void @_ssdm_op_SpecMemCore, i8 %weights, i64 666, i64 22, i64 18446744073709551615"   --->   Operation 144 'specmemcore' 'specmemcore_ln0' <Predicate = true> <Delay = 0.00>
ST_37 : Operation 145 [1/1] (0.00ns)   --->   "%specmemcore_ln0 = specmemcore void @_ssdm_op_SpecMemCore, i8 %input_r, i64 666, i64 22, i64 18446744073709551615"   --->   Operation 145 'specmemcore' 'specmemcore_ln0' <Predicate = true> <Delay = 0.00>
ST_37 : Operation 146 [1/1] (0.00ns)   --->   "%specmemcore_ln0 = specmemcore void @_ssdm_op_SpecMemCore, i32 %output_0_0, i64 666, i64 22, i64 18446744073709551615"   --->   Operation 146 'specmemcore' 'specmemcore_ln0' <Predicate = true> <Delay = 0.00>
ST_37 : Operation 147 [1/1] (0.00ns)   --->   "%specmemcore_ln0 = specmemcore void @_ssdm_op_SpecMemCore, i32 %output_0_1, i64 666, i64 22, i64 18446744073709551615"   --->   Operation 147 'specmemcore' 'specmemcore_ln0' <Predicate = true> <Delay = 0.00>
ST_37 : Operation 148 [1/1] (0.00ns)   --->   "%specmemcore_ln0 = specmemcore void @_ssdm_op_SpecMemCore, i32 %output_1_0, i64 666, i64 22, i64 18446744073709551615"   --->   Operation 148 'specmemcore' 'specmemcore_ln0' <Predicate = true> <Delay = 0.00>
ST_37 : Operation 149 [1/1] (0.00ns)   --->   "%specmemcore_ln0 = specmemcore void @_ssdm_op_SpecMemCore, i32 %output_1_1, i64 666, i64 22, i64 18446744073709551615"   --->   Operation 149 'specmemcore' 'specmemcore_ln0' <Predicate = true> <Delay = 0.00>
ST_37 : Operation 150 [1/5] (6.97ns)   --->   "%bound4 = mul i96 %cast2, i96 %cast3"   --->   Operation 150 'mul' 'bound4' <Predicate = true> <Delay = 6.97> <CoreInst = "Multiplier">   --->   Core 3 'Multiplier' <Latency = 4> <II = 1> <Delay = 6.97> <FuncUnit> <Opcode : 'mul'> <InPorts = 2> <OutPorts = 1>
ST_37 : Operation 151 [1/1] (0.00ns)   --->   "%cast30 = zext i32 %out_height" [src/conv_engine.cpp:33]   --->   Operation 151 'zext' 'cast30' <Predicate = true> <Delay = 0.00>
ST_37 : Operation 152 [1/1] (0.00ns)   --->   "%cast31 = zext i32 %out_width" [src/conv_engine.cpp:34]   --->   Operation 152 'zext' 'cast31' <Predicate = true> <Delay = 0.00>
ST_37 : Operation 153 [1/1] (8.51ns)   --->   "%bound32 = mul i64 %cast30, i64 %cast31" [src/conv_engine.cpp:33]   --->   Operation 153 'mul' 'bound32' <Predicate = true> <Delay = 8.51> <CoreInst = "Multiplier">   --->   Core 3 'Multiplier' <Latency = 0> <II = 1> <Delay = 8.51> <FuncUnit> <Opcode : 'mul'> <InPorts = 2> <OutPorts = 1>
ST_37 : Operation 154 [1/1] (2.47ns)   --->   "%icmp_ln48 = icmp_eq  i32 %kernel_size_read, i32 0" [src/conv_engine.cpp:48]   --->   Operation 154 'icmp' 'icmp_ln48' <Predicate = true> <Delay = 2.47> <CoreInst = "Cmp">   --->   Core 9 'Cmp' <Latency = 0> <II = 1> <Delay = 2.47> <FuncUnit> <Opcode : 'icmp'> <InPorts = 2> <OutPorts = 1>
ST_37 : Operation 155 [1/1] (0.00ns)   --->   "%br_ln36 = br void %CONV_IC" [src/conv_engine.cpp:36]   --->   Operation 155 'br' 'br_ln36' <Predicate = true> <Delay = 0.00>

State 38 <SV = 37> <Delay = 5.16>
ST_38 : Operation 156 [1/1] (0.00ns)   --->   "%indvar_flatten34_load = load i64 %indvar_flatten34" [src/conv_engine.cpp:36]   --->   Operation 156 'load' 'indvar_flatten34_load' <Predicate = true> <Delay = 0.00>
ST_38 : Operation 157 [1/1] (2.77ns)   --->   "%icmp_ln36 = icmp_eq  i64 %indvar_flatten34_load, i64 %bound32" [src/conv_engine.cpp:36]   --->   Operation 157 'icmp' 'icmp_ln36' <Predicate = true> <Delay = 2.77> <CoreInst = "Cmp">   --->   Core 9 'Cmp' <Latency = 0> <II = 1> <Delay = 2.77> <FuncUnit> <Opcode : 'icmp'> <InPorts = 2> <OutPorts = 1>
ST_38 : Operation 158 [1/1] (3.52ns)   --->   "%add_ln36_1 = add i64 %indvar_flatten34_load, i64 1" [src/conv_engine.cpp:36]   --->   Operation 158 'add' 'add_ln36_1' <Predicate = true> <Delay = 3.52> <CoreInst = "Adder">   --->   Core 1 'Adder' <Latency = 0> <II = 1> <Delay = 3.52> <FuncUnit> <Opcode : 'add' 'sub'> <InPorts = 2> <OutPorts = 1>
ST_38 : Operation 159 [1/1] (0.00ns)   --->   "%br_ln36 = br i1 %icmp_ln36, void %for.inc60.loopexit, void %for.end62.loopexit" [src/conv_engine.cpp:36]   --->   Operation 159 'br' 'br_ln36' <Predicate = true> <Delay = 0.00>
ST_38 : Operation 160 [1/1] (0.00ns)   --->   "%ow_load = load i32 %ow" [src/conv_engine.cpp:39]   --->   Operation 160 'load' 'ow_load' <Predicate = (!icmp_ln36)> <Delay = 0.00>
ST_38 : Operation 161 [1/1] (0.00ns)   --->   "%oh_load = load i32 %oh" [src/conv_engine.cpp:36]   --->   Operation 161 'load' 'oh_load' <Predicate = (!icmp_ln36)> <Delay = 0.00>
ST_38 : Operation 162 [1/1] (2.55ns)   --->   "%add_ln36 = add i32 %oh_load, i32 1" [src/conv_engine.cpp:36]   --->   Operation 162 'add' 'add_ln36' <Predicate = (!icmp_ln36)> <Delay = 2.55> <CoreInst = "Adder">   --->   Core 1 'Adder' <Latency = 0> <II = 1> <Delay = 2.55> <FuncUnit> <Opcode : 'add' 'sub'> <InPorts = 2> <OutPorts = 1>
ST_38 : Operation 163 [1/1] (2.47ns)   --->   "%icmp_ln39 = icmp_eq  i32 %ow_load, i32 %out_width" [src/conv_engine.cpp:39]   --->   Operation 163 'icmp' 'icmp_ln39' <Predicate = (!icmp_ln36)> <Delay = 2.47> <CoreInst = "Cmp">   --->   Core 9 'Cmp' <Latency = 0> <II = 1> <Delay = 2.47> <FuncUnit> <Opcode : 'icmp'> <InPorts = 2> <OutPorts = 1>
ST_38 : Operation 164 [1/1] (0.69ns)   --->   "%select_ln36 = select i1 %icmp_ln39, i32 0, i32 %ow_load" [src/conv_engine.cpp:36]   --->   Operation 164 'select' 'select_ln36' <Predicate = (!icmp_ln36)> <Delay = 0.69> <CoreInst = "Sel">   --->   Core 73 'Sel' <Latency = 0> <II = 1> <Delay = 0.69> <FuncUnit> <Opcode : 'select'> <InPorts = 3> <OutPorts = 1>
ST_38 : Operation 165 [1/1] (0.69ns)   --->   "%select_ln36_1 = select i1 %icmp_ln39, i32 %add_ln36, i32 %oh_load" [src/conv_engine.cpp:36]   --->   Operation 165 'select' 'select_ln36_1' <Predicate = (!icmp_ln36)> <Delay = 0.69> <CoreInst = "Sel">   --->   Core 73 'Sel' <Latency = 0> <II = 1> <Delay = 0.69> <FuncUnit> <Opcode : 'select'> <InPorts = 3> <OutPorts = 1>
ST_38 : Operation 166 [1/1] (0.00ns)   --->   "%zext_ln63_mid2_v = partselect i4 @_ssdm_op_PartSelect.i4.i32.i32.i32, i32 %select_ln36_1, i32 1, i32 4" [src/conv_engine.cpp:36]   --->   Operation 166 'partselect' 'zext_ln63_mid2_v' <Predicate = (!icmp_ln36)> <Delay = 0.00>
ST_38 : Operation 167 [1/1] (0.00ns)   --->   "%tmp_4 = bitconcatenate i8 @_ssdm_op_BitConcatenate.i8.i4.i4, i4 %zext_ln63_mid2_v, i4 0" [src/conv_engine.cpp:63]   --->   Operation 167 'bitconcatenate' 'tmp_4' <Predicate = (!icmp_ln36)> <Delay = 0.00>
ST_38 : Operation 168 [1/1] (0.00ns)   --->   "%trunc_ln36 = trunc i32 %select_ln36_1" [src/conv_engine.cpp:36]   --->   Operation 168 'trunc' 'trunc_ln36' <Predicate = (!icmp_ln36)> <Delay = 0.00>
ST_38 : Operation 169 [1/1] (0.00ns)   --->   "%lshr_ln63_1 = partselect i8 @_ssdm_op_PartSelect.i8.i32.i32.i32, i32 %select_ln36, i32 1, i32 8" [src/conv_engine.cpp:63]   --->   Operation 169 'partselect' 'lshr_ln63_1' <Predicate = (!icmp_ln36)> <Delay = 0.00>
ST_38 : Operation 170 [1/1] (1.91ns)   --->   "%add_ln63 = add i8 %tmp_4, i8 %lshr_ln63_1" [src/conv_engine.cpp:63]   --->   Operation 170 'add' 'add_ln63' <Predicate = (!icmp_ln36)> <Delay = 1.91> <CoreInst = "Adder">   --->   Core 1 'Adder' <Latency = 0> <II = 1> <Delay = 1.91> <FuncUnit> <Opcode : 'add' 'sub'> <InPorts = 2> <OutPorts = 1>
ST_38 : Operation 171 [1/1] (0.00ns)   --->   "%trunc_ln63 = trunc i32 %select_ln36" [src/conv_engine.cpp:63]   --->   Operation 171 'trunc' 'trunc_ln63' <Predicate = (!icmp_ln36)> <Delay = 0.00>
ST_38 : Operation 172 [1/1] (0.00ns)   --->   "%ret_ln67 = ret" [src/conv_engine.cpp:67]   --->   Operation 172 'ret' 'ret_ln67' <Predicate = (icmp_ln36)> <Delay = 0.00>

State 39 <SV = 38> <Delay = 8.51>
ST_39 : Operation 173 [1/1] (8.51ns)   --->   "%mul_ln36 = mul i32 %select_ln36_1, i32 %stride_read" [src/conv_engine.cpp:36]   --->   Operation 173 'mul' 'mul_ln36' <Predicate = true> <Delay = 8.51> <CoreInst = "Multiplier">   --->   Core 3 'Multiplier' <Latency = 0> <II = 1> <Delay = 8.51> <FuncUnit> <Opcode : 'mul'> <InPorts = 2> <OutPorts = 1>
ST_39 : Operation 174 [1/1] (8.51ns)   --->   "%mul_ln40 = mul i32 %select_ln36, i32 %stride_read" [src/conv_engine.cpp:40]   --->   Operation 174 'mul' 'mul_ln40' <Predicate = true> <Delay = 8.51> <CoreInst = "Multiplier">   --->   Core 3 'Multiplier' <Latency = 0> <II = 1> <Delay = 8.51> <FuncUnit> <Opcode : 'mul'> <InPorts = 2> <OutPorts = 1>

State 40 <SV = 39> <Delay = 7.59>
ST_40 : Operation 175 [1/1] (2.55ns)   --->   "%sub_ln36 = sub i32 %mul_ln36, i32 %padding_read" [src/conv_engine.cpp:36]   --->   Operation 175 'sub' 'sub_ln36' <Predicate = true> <Delay = 2.55> <CoreInst = "Adder">   --->   Core 1 'Adder' <Latency = 0> <II = 1> <Delay = 2.55> <FuncUnit> <Opcode : 'add' 'sub'> <InPorts = 2> <OutPorts = 1>
ST_40 : Operation 176 [1/1] (2.55ns)   --->   "%sub_ln40 = sub i32 %mul_ln40, i32 %padding_read" [src/conv_engine.cpp:40]   --->   Operation 176 'sub' 'sub_ln40' <Predicate = true> <Delay = 2.55> <CoreInst = "Adder">   --->   Core 1 'Adder' <Latency = 0> <II = 1> <Delay = 2.55> <FuncUnit> <Opcode : 'add' 'sub'> <InPorts = 2> <OutPorts = 1>
ST_40 : Operation 177 [1/1] (0.00ns) (grouped into LUT with out node and_ln52_3)   --->   "%tmp = bitselect i1 @_ssdm_op_BitSelect.i1.i32.i32, i32 %sub_ln36, i32 31" [src/conv_engine.cpp:46]   --->   Operation 177 'bitselect' 'tmp' <Predicate = true> <Delay = 0.00>
ST_40 : Operation 178 [1/1] (0.00ns) (grouped into LUT with out node and_ln52_3)   --->   "%xor_ln46 = xor i1 %tmp, i1 1" [src/conv_engine.cpp:46]   --->   Operation 178 'xor' 'xor_ln46' <Predicate = true> <Delay = 0.00> <CoreInst = "LogicGate">   --->   Core 74 'LogicGate' <Latency = 0> <II = 1> <Delay = 0.97> <FuncUnit> <Opcode : 'and' 'or' 'xor'> <InPorts = 2> <OutPorts = 1>
ST_40 : Operation 179 [1/1] (2.47ns)   --->   "%icmp_ln46 = icmp_slt  i32 %sub_ln36, i32 %in_height_read" [src/conv_engine.cpp:46]   --->   Operation 179 'icmp' 'icmp_ln46' <Predicate = true> <Delay = 2.47> <CoreInst = "Cmp">   --->   Core 9 'Cmp' <Latency = 0> <II = 1> <Delay = 2.47> <FuncUnit> <Opcode : 'icmp'> <InPorts = 2> <OutPorts = 1>
ST_40 : Operation 180 [1/1] (0.97ns) (out node of the LUT)   --->   "%and_ln52_3 = and i1 %icmp_ln46, i1 %xor_ln46" [src/conv_engine.cpp:52]   --->   Operation 180 'and' 'and_ln52_3' <Predicate = true> <Delay = 0.97> <CoreInst = "LogicGate">   --->   Core 74 'LogicGate' <Latency = 0> <II = 1> <Delay = 0.97> <FuncUnit> <Opcode : 'and' 'or' 'xor'> <InPorts = 2> <OutPorts = 1>
ST_40 : Operation 181 [2/2] (1.58ns)   --->   "%call_ln36 = call void @conv_engine_Pipeline_CONV_IC_CONV_KH_CONV_KW, i32 %bias_read, i32 %sub_ln36, i32 %in_height_read, i96 %bound4, i64 %bound, i1 %and_ln52_3, i32 %kernel_size_read, i1 %icmp_ln48, i8 %weights, i32 %sub_ln40, i8 %input_r, i32 %in_width_read, i32 %sum_V_1_loc" [src/conv_engine.cpp:36]   --->   Operation 181 'call' 'call_ln36' <Predicate = true> <Delay = 1.58> <CoreType = "Generic">   --->   Core 0 '' <Latency = 0> <II = 1> <Delay = 1.00> <Generic> <Opcode : >

State 41 <SV = 40> <Delay = 0.00>
ST_41 : Operation 182 [1/2] (0.00ns)   --->   "%call_ln36 = call void @conv_engine_Pipeline_CONV_IC_CONV_KH_CONV_KW, i32 %bias_read, i32 %sub_ln36, i32 %in_height_read, i96 %bound4, i64 %bound, i1 %and_ln52_3, i32 %kernel_size_read, i1 %icmp_ln48, i8 %weights, i32 %sub_ln40, i8 %input_r, i32 %in_width_read, i32 %sum_V_1_loc" [src/conv_engine.cpp:36]   --->   Operation 182 'call' 'call_ln36' <Predicate = true> <Delay = 0.00> <CoreType = "Generic">   --->   Core 0 '' <Latency = 0> <II = 1> <Delay = 1.00> <Generic> <Opcode : >

State 42 <SV = 41> <Delay = 4.14>
ST_42 : Operation 183 [1/1] (0.00ns)   --->   "%specloopname_ln0 = specloopname void @_ssdm_op_SpecLoopName, void @CONV_OH_CONV_OW_str"   --->   Operation 183 'specloopname' 'specloopname_ln0' <Predicate = true> <Delay = 0.00>
ST_42 : Operation 184 [1/1] (0.00ns)   --->   "%specloopname_ln39 = specloopname void @_ssdm_op_SpecLoopName, void @empty_20" [src/conv_engine.cpp:39]   --->   Operation 184 'specloopname' 'specloopname_ln39' <Predicate = true> <Delay = 0.00>
ST_42 : Operation 185 [1/1] (0.00ns)   --->   "%sum_V_1_loc_load = load i32 %sum_V_1_loc"   --->   Operation 185 'load' 'sum_V_1_loc_load' <Predicate = true> <Delay = 0.00>
ST_42 : Operation 186 [1/1] (0.00ns)   --->   "%zext_ln63 = zext i8 %add_ln63" [src/conv_engine.cpp:63]   --->   Operation 186 'zext' 'zext_ln63' <Predicate = true> <Delay = 0.00>
ST_42 : Operation 187 [1/1] (0.00ns)   --->   "%output_0_0_addr = getelementptr i32 %output_0_0, i64 0, i64 %zext_ln63" [src/conv_engine.cpp:63]   --->   Operation 187 'getelementptr' 'output_0_0_addr' <Predicate = true> <Delay = 0.00>
ST_42 : Operation 188 [1/1] (0.00ns)   --->   "%output_0_1_addr = getelementptr i32 %output_0_1, i64 0, i64 %zext_ln63" [src/conv_engine.cpp:63]   --->   Operation 188 'getelementptr' 'output_0_1_addr' <Predicate = true> <Delay = 0.00>
ST_42 : Operation 189 [1/1] (0.00ns)   --->   "%output_1_0_addr = getelementptr i32 %output_1_0, i64 0, i64 %zext_ln63" [src/conv_engine.cpp:63]   --->   Operation 189 'getelementptr' 'output_1_0_addr' <Predicate = true> <Delay = 0.00>
ST_42 : Operation 190 [1/1] (0.00ns)   --->   "%output_1_1_addr = getelementptr i32 %output_1_1, i64 0, i64 %zext_ln63" [src/conv_engine.cpp:63]   --->   Operation 190 'getelementptr' 'output_1_1_addr' <Predicate = true> <Delay = 0.00>
ST_42 : Operation 191 [1/1] (0.00ns)   --->   "%br_ln63 = br i1 %trunc_ln36, void %arrayidx561.0.0.021.case.0, void %arrayidx561.0.0.021.case.1" [src/conv_engine.cpp:63]   --->   Operation 191 'br' 'br_ln63' <Predicate = true> <Delay = 0.00>
ST_42 : Operation 192 [1/1] (0.00ns)   --->   "%br_ln63 = br i1 %trunc_ln63, void %arrayidx561.0.0.021.case.03, void %arrayidx561.0.0.021.case.14" [src/conv_engine.cpp:63]   --->   Operation 192 'br' 'br_ln63' <Predicate = (!trunc_ln36)> <Delay = 0.00>
ST_42 : Operation 193 [1/1] (3.25ns)   --->   "%store_ln63 = store i32 %sum_V_1_loc_load, i8 %output_0_0_addr" [src/conv_engine.cpp:63]   --->   Operation 193 'store' 'store_ln63' <Predicate = (!trunc_ln36 & !trunc_ln63)> <Delay = 3.25> <CoreInst = "RAM_2P_BRAM">   --->   Core 91 'RAM_2P_BRAM' <Latency = 1> <II = 1> <Delay = 3.25> <Storage> <Opcode : 'load' 'store'> <Ports = 2> <Width = 32> <Depth = 256> <RAM>
ST_42 : Operation 194 [1/1] (0.00ns)   --->   "%br_ln63 = br void %arrayidx561.0.0.021.exit2" [src/conv_engine.cpp:63]   --->   Operation 194 'br' 'br_ln63' <Predicate = (!trunc_ln36 & !trunc_ln63)> <Delay = 0.00>
ST_42 : Operation 195 [1/1] (3.25ns)   --->   "%store_ln63 = store i32 %sum_V_1_loc_load, i8 %output_0_1_addr" [src/conv_engine.cpp:63]   --->   Operation 195 'store' 'store_ln63' <Predicate = (!trunc_ln36 & trunc_ln63)> <Delay = 3.25> <CoreInst = "RAM_2P_BRAM">   --->   Core 91 'RAM_2P_BRAM' <Latency = 1> <II = 1> <Delay = 3.25> <Storage> <Opcode : 'load' 'store'> <Ports = 2> <Width = 32> <Depth = 256> <RAM>
ST_42 : Operation 196 [1/1] (0.00ns)   --->   "%br_ln63 = br void %arrayidx561.0.0.021.exit2" [src/conv_engine.cpp:63]   --->   Operation 196 'br' 'br_ln63' <Predicate = (!trunc_ln36 & trunc_ln63)> <Delay = 0.00>
ST_42 : Operation 197 [1/1] (0.00ns)   --->   "%br_ln63 = br void %arrayidx561.0.0.021.exit" [src/conv_engine.cpp:63]   --->   Operation 197 'br' 'br_ln63' <Predicate = (!trunc_ln36)> <Delay = 0.00>
ST_42 : Operation 198 [1/1] (0.00ns)   --->   "%br_ln63 = br i1 %trunc_ln63, void %arrayidx561.0.0.021.case.07, void %arrayidx561.0.0.021.case.18" [src/conv_engine.cpp:63]   --->   Operation 198 'br' 'br_ln63' <Predicate = (trunc_ln36)> <Delay = 0.00>
ST_42 : Operation 199 [1/1] (3.25ns)   --->   "%store_ln63 = store i32 %sum_V_1_loc_load, i8 %output_1_0_addr" [src/conv_engine.cpp:63]   --->   Operation 199 'store' 'store_ln63' <Predicate = (trunc_ln36 & !trunc_ln63)> <Delay = 3.25> <CoreInst = "RAM_2P_BRAM">   --->   Core 91 'RAM_2P_BRAM' <Latency = 1> <II = 1> <Delay = 3.25> <Storage> <Opcode : 'load' 'store'> <Ports = 2> <Width = 32> <Depth = 256> <RAM>
ST_42 : Operation 200 [1/1] (0.00ns)   --->   "%br_ln63 = br void %arrayidx561.0.0.021.exit6" [src/conv_engine.cpp:63]   --->   Operation 200 'br' 'br_ln63' <Predicate = (trunc_ln36 & !trunc_ln63)> <Delay = 0.00>
ST_42 : Operation 201 [1/1] (3.25ns)   --->   "%store_ln63 = store i32 %sum_V_1_loc_load, i8 %output_1_1_addr" [src/conv_engine.cpp:63]   --->   Operation 201 'store' 'store_ln63' <Predicate = (trunc_ln36 & trunc_ln63)> <Delay = 3.25> <CoreInst = "RAM_2P_BRAM">   --->   Core 91 'RAM_2P_BRAM' <Latency = 1> <II = 1> <Delay = 3.25> <Storage> <Opcode : 'load' 'store'> <Ports = 2> <Width = 32> <Depth = 256> <RAM>
ST_42 : Operation 202 [1/1] (0.00ns)   --->   "%br_ln63 = br void %arrayidx561.0.0.021.exit6" [src/conv_engine.cpp:63]   --->   Operation 202 'br' 'br_ln63' <Predicate = (trunc_ln36 & trunc_ln63)> <Delay = 0.00>
ST_42 : Operation 203 [1/1] (0.00ns)   --->   "%br_ln63 = br void %arrayidx561.0.0.021.exit" [src/conv_engine.cpp:63]   --->   Operation 203 'br' 'br_ln63' <Predicate = (trunc_ln36)> <Delay = 0.00>
ST_42 : Operation 204 [1/1] (2.55ns)   --->   "%add_ln39 = add i32 %select_ln36, i32 1" [src/conv_engine.cpp:39]   --->   Operation 204 'add' 'add_ln39' <Predicate = true> <Delay = 2.55> <CoreInst = "Adder">   --->   Core 1 'Adder' <Latency = 0> <II = 1> <Delay = 2.55> <FuncUnit> <Opcode : 'add' 'sub'> <InPorts = 2> <OutPorts = 1>
ST_42 : Operation 205 [1/1] (1.58ns)   --->   "%store_ln39 = store i64 %add_ln36_1, i64 %indvar_flatten34" [src/conv_engine.cpp:39]   --->   Operation 205 'store' 'store_ln39' <Predicate = true> <Delay = 1.58>
ST_42 : Operation 206 [1/1] (1.58ns)   --->   "%store_ln39 = store i32 %select_ln36_1, i32 %oh" [src/conv_engine.cpp:39]   --->   Operation 206 'store' 'store_ln39' <Predicate = true> <Delay = 1.58>
ST_42 : Operation 207 [1/1] (1.58ns)   --->   "%store_ln39 = store i32 %add_ln39, i32 %ow" [src/conv_engine.cpp:39]   --->   Operation 207 'store' 'store_ln39' <Predicate = true> <Delay = 1.58>
ST_42 : Operation 208 [1/1] (0.00ns)   --->   "%br_ln39 = br void %CONV_IC" [src/conv_engine.cpp:39]   --->   Operation 208 'br' 'br_ln39' <Predicate = true> <Delay = 0.00>


============================================================
+ Verbose Summary: Timing violations
============================================================
Target clock period: 10ns, clock uncertainty: 1.25ns.

 <State 1>: 8.51ns
The critical path consists of the following:
	wire read operation ('padding_read') on port 'padding' [17]  (0 ns)
	'shl' operation ('shl_ln33', src/conv_engine.cpp:33) [31]  (0 ns)
	'add' operation ('add_ln33', src/conv_engine.cpp:33) [33]  (4.37 ns)
	'sdiv' operation ('sdiv_ln33', src/conv_engine.cpp:33) [34]  (4.13 ns)

 <State 2>: 4.13ns
The critical path consists of the following:
	'sdiv' operation ('sdiv_ln33', src/conv_engine.cpp:33) [34]  (4.13 ns)

 <State 3>: 4.13ns
The critical path consists of the following:
	'sdiv' operation ('sdiv_ln33', src/conv_engine.cpp:33) [34]  (4.13 ns)

 <State 4>: 4.13ns
The critical path consists of the following:
	'sdiv' operation ('sdiv_ln33', src/conv_engine.cpp:33) [34]  (4.13 ns)

 <State 5>: 4.13ns
The critical path consists of the following:
	'sdiv' operation ('sdiv_ln33', src/conv_engine.cpp:33) [34]  (4.13 ns)

 <State 6>: 4.13ns
The critical path consists of the following:
	'sdiv' operation ('sdiv_ln33', src/conv_engine.cpp:33) [34]  (4.13 ns)

 <State 7>: 4.13ns
The critical path consists of the following:
	'sdiv' operation ('sdiv_ln33', src/conv_engine.cpp:33) [34]  (4.13 ns)

 <State 8>: 4.13ns
The critical path consists of the following:
	'sdiv' operation ('sdiv_ln33', src/conv_engine.cpp:33) [34]  (4.13 ns)

 <State 9>: 4.13ns
The critical path consists of the following:
	'sdiv' operation ('sdiv_ln33', src/conv_engine.cpp:33) [34]  (4.13 ns)

 <State 10>: 4.13ns
The critical path consists of the following:
	'sdiv' operation ('sdiv_ln33', src/conv_engine.cpp:33) [34]  (4.13 ns)

 <State 11>: 4.13ns
The critical path consists of the following:
	'sdiv' operation ('sdiv_ln33', src/conv_engine.cpp:33) [34]  (4.13 ns)

 <State 12>: 4.13ns
The critical path consists of the following:
	'sdiv' operation ('sdiv_ln33', src/conv_engine.cpp:33) [34]  (4.13 ns)

 <State 13>: 4.13ns
The critical path consists of the following:
	'sdiv' operation ('sdiv_ln33', src/conv_engine.cpp:33) [34]  (4.13 ns)

 <State 14>: 4.13ns
The critical path consists of the following:
	'sdiv' operation ('sdiv_ln33', src/conv_engine.cpp:33) [34]  (4.13 ns)

 <State 15>: 4.13ns
The critical path consists of the following:
	'sdiv' operation ('sdiv_ln33', src/conv_engine.cpp:33) [34]  (4.13 ns)

 <State 16>: 4.13ns
The critical path consists of the following:
	'sdiv' operation ('sdiv_ln33', src/conv_engine.cpp:33) [34]  (4.13 ns)

 <State 17>: 4.13ns
The critical path consists of the following:
	'sdiv' operation ('sdiv_ln33', src/conv_engine.cpp:33) [34]  (4.13 ns)

 <State 18>: 4.13ns
The critical path consists of the following:
	'sdiv' operation ('sdiv_ln33', src/conv_engine.cpp:33) [34]  (4.13 ns)

 <State 19>: 4.13ns
The critical path consists of the following:
	'sdiv' operation ('sdiv_ln33', src/conv_engine.cpp:33) [34]  (4.13 ns)

 <State 20>: 4.13ns
The critical path consists of the following:
	'sdiv' operation ('sdiv_ln33', src/conv_engine.cpp:33) [34]  (4.13 ns)

 <State 21>: 4.13ns
The critical path consists of the following:
	'sdiv' operation ('sdiv_ln33', src/conv_engine.cpp:33) [34]  (4.13 ns)

 <State 22>: 4.13ns
The critical path consists of the following:
	'sdiv' operation ('sdiv_ln33', src/conv_engine.cpp:33) [34]  (4.13 ns)

 <State 23>: 4.13ns
The critical path consists of the following:
	'sdiv' operation ('sdiv_ln33', src/conv_engine.cpp:33) [34]  (4.13 ns)

 <State 24>: 4.13ns
The critical path consists of the following:
	'sdiv' operation ('sdiv_ln33', src/conv_engine.cpp:33) [34]  (4.13 ns)

 <State 25>: 4.13ns
The critical path consists of the following:
	'sdiv' operation ('sdiv_ln33', src/conv_engine.cpp:33) [34]  (4.13 ns)

 <State 26>: 4.13ns
The critical path consists of the following:
	'sdiv' operation ('sdiv_ln33', src/conv_engine.cpp:33) [34]  (4.13 ns)

 <State 27>: 4.13ns
The critical path consists of the following:
	'sdiv' operation ('sdiv_ln33', src/conv_engine.cpp:33) [34]  (4.13 ns)

 <State 28>: 4.13ns
The critical path consists of the following:
	'sdiv' operation ('sdiv_ln33', src/conv_engine.cpp:33) [34]  (4.13 ns)

 <State 29>: 4.13ns
The critical path consists of the following:
	'sdiv' operation ('sdiv_ln33', src/conv_engine.cpp:33) [34]  (4.13 ns)

 <State 30>: 4.13ns
The critical path consists of the following:
	'sdiv' operation ('sdiv_ln33', src/conv_engine.cpp:33) [34]  (4.13 ns)

 <State 31>: 4.13ns
The critical path consists of the following:
	'sdiv' operation ('sdiv_ln33', src/conv_engine.cpp:33) [34]  (4.13 ns)

 <State 32>: 8.51ns
The critical path consists of the following:
	'mul' operation ('bound') [41]  (8.51 ns)

 <State 33>: 6.98ns
The critical path consists of the following:
	wire read operation ('in_channels_read') on port 'in_channels' [21]  (0 ns)
	'mul' operation ('bound4') [44]  (6.98 ns)

 <State 34>: 6.98ns
The critical path consists of the following:
	'mul' operation ('bound4') [44]  (6.98 ns)

 <State 35>: 6.98ns
The critical path consists of the following:
	'mul' operation ('bound4') [44]  (6.98 ns)

 <State 36>: 6.98ns
The critical path consists of the following:
	'mul' operation ('bound4') [44]  (6.98 ns)

 <State 37>: 8.51ns
The critical path consists of the following:
	'mul' operation ('bound32', src/conv_engine.cpp:33) [47]  (8.51 ns)

 <State 38>: 5.17ns
The critical path consists of the following:
	'load' operation ('oh_load', src/conv_engine.cpp:36) on local variable 'oh' [60]  (0 ns)
	'add' operation ('add_ln36', src/conv_engine.cpp:36) [61]  (2.55 ns)
	'select' operation ('select_ln36_1', src/conv_engine.cpp:36) [65]  (0.698 ns)
	'add' operation ('add_ln63', src/conv_engine.cpp:63) [81]  (1.92 ns)

 <State 39>: 8.51ns
The critical path consists of the following:
	'mul' operation ('mul_ln36', src/conv_engine.cpp:36) [66]  (8.51 ns)

 <State 40>: 7.59ns
The critical path consists of the following:
	'sub' operation ('sub_ln36', src/conv_engine.cpp:36) [67]  (2.55 ns)
	'icmp' operation ('icmp_ln46', src/conv_engine.cpp:46) [76]  (2.47 ns)
	'and' operation ('and_ln52_3', src/conv_engine.cpp:52) [77]  (0.978 ns)
	'call' operation ('call_ln36', src/conv_engine.cpp:36) to 'conv_engine_Pipeline_CONV_IC_CONV_KH_CONV_KW' [78]  (1.59 ns)

 <State 41>: 0ns
The critical path consists of the following:

 <State 42>: 4.14ns
The critical path consists of the following:
	'add' operation ('add_ln39', src/conv_engine.cpp:39) [110]  (2.55 ns)
	'store' operation ('store_ln39', src/conv_engine.cpp:39) of variable 'add_ln39', src/conv_engine.cpp:39 on local variable 'ow' [113]  (1.59 ns)


============================================================
+ Verbose Summary: Binding
============================================================
N/A
* FSMD analyzer results:
  - Output states:
 - Input state : 
  - Chain level:
	State 1
	State 2
	State 3
	State 4
	State 5
	State 6
	State 7
	State 8
	State 9
	State 10
	State 11
	State 12
	State 13
	State 14
	State 15
	State 16
	State 17
	State 18
	State 19
	State 20
	State 21
	State 22
	State 23
	State 24
	State 25
	State 26
	State 27
	State 28
	State 29
	State 30
	State 31
	State 32
	State 33
	State 34
	State 35
	State 36
	State 37
	State 38
	State 39
	State 40
	State 41
	State 42


============================================================
+ Verbose Summary: Datapath Resource usage 
============================================================
N/A
