

================================================================
== Vitis HLS Report for 'maxpool_2x2_Pipeline_POOL_ROW_POOL_COL'
================================================================
* Date:           Fri Aug 21 20:16:11 2026

* Version:        2022.1 (Build 3526262 on Mon Apr 18 15:48:16 MDT 2022)
* Project:        cnn_accelerator
* Solution:       solution1 (Vivado IP Flow Target)
* Product family: zynq
* Target device:  xc7z020-clg484-1


================================================================
== Performance Estimates
================================================================
+ Timing: 
    * Summary: 
    +--------+----------+----------+------------+
    |  Clock |  Target  | Estimated| Uncertainty|
    +--------+----------+----------+------------+
    |ap_clk  |  10.00 ns|  8.419 ns|     1.25 ns|
    +--------+----------+----------+------------+

+ Latency: 
    * Summary: 
    +---------+---------+----------+----------+-----+-----+---------+
    |  Latency (cycles) |  Latency (absolute) |  Interval | Pipeline|
    |   min   |   max   |    min   |    max   | min | max |   Type  |
    +---------+---------+----------+----------+-----+-----+---------+
    |        ?|        ?|         ?|         ?|    ?|    ?|       no|
    +---------+---------+----------+----------+-----+-----+---------+

    + Detail: 
        * Instance: 
        N/A

        * Loop: 
        +---------------------+---------+---------+----------+-----------+-----------+------+----------+
        |                     |  Latency (cycles) | Iteration|  Initiation Interval  | Trip |          |
        |      Loop Name      |   min   |   max   |  Latency |  achieved |   target  | Count| Pipelined|
        +---------------------+---------+---------+----------+-----------+-----------+------+----------+
        |- POOL_ROW_POOL_COL  |        ?|        ?|         3|          1|          1|     ?|       yes|
        +---------------------+---------+---------+----------+-----------+-----------+------+----------+

============================================================
+ Verbose Summary: Synthesis Manager
============================================================
InlineROM: 1
ExposeGlobal: 0
============================================================
+ Verbose Summary: CDFG Model
============================================================
IsTopModel: 0
ResetActiveHigh: 1
IsCombinational: 0
IsDatapathOnly: 0
HasWiredReturn: 1
HasMFsm: 2
HasVarLatency: 1
IsPipeline: 0
IsRtlPipelined: 0
IsInstanceOverlapped: 0
IsDontTouch: 0
HasImplIP: 0
IsGatedGlobalClock: 0

+ Individual pipeline summary: 
  * Pipeline-0: initiation interval (II) = 1, depth = 4


============================================================
+ Verbose Summary: Schedule
============================================================
* Number of FSM states : 4
* Pipeline : 1
  Pipeline-0 : II = 1, D = 4, States = { 1 2 3 4 }
* Dataflow Pipeline: 0

* FSM state transitions: 
1 --> 2 
2 --> 3 
3 --> 4 
4 --> 

* FSM state operations: 

State 1 <SV = 0> <Delay = 1.58>
ST_1 : Operation 6 [1/1] (0.00ns)   --->   "%ow = alloca i32 1"   --->   Operation 6 'alloca' 'ow' <Predicate = true> <Delay = 0.00>
ST_1 : Operation 7 [1/1] (0.00ns)   --->   "%oh = alloca i32 1"   --->   Operation 7 'alloca' 'oh' <Predicate = true> <Delay = 0.00>
ST_1 : Operation 8 [1/1] (0.00ns)   --->   "%indvar_flatten = alloca i32 1"   --->   Operation 8 'alloca' 'indvar_flatten' <Predicate = true> <Delay = 0.00>
ST_1 : Operation 9 [1/1] (0.00ns)   --->   "%specmemcore_ln0 = specmemcore void @_ssdm_op_SpecMemCore, i32 %input_1_1, i64 666, i64 22, i64 18446744073709551615"   --->   Operation 9 'specmemcore' 'specmemcore_ln0' <Predicate = true> <Delay = 0.00>
ST_1 : Operation 10 [1/1] (0.00ns)   --->   "%specmemcore_ln0 = specmemcore void @_ssdm_op_SpecMemCore, i32 %input_1_0, i64 666, i64 22, i64 18446744073709551615"   --->   Operation 10 'specmemcore' 'specmemcore_ln0' <Predicate = true> <Delay = 0.00>
ST_1 : Operation 11 [1/1] (0.00ns)   --->   "%specmemcore_ln0 = specmemcore void @_ssdm_op_SpecMemCore, i32 %input_0_1, i64 666, i64 22, i64 18446744073709551615"   --->   Operation 11 'specmemcore' 'specmemcore_ln0' <Predicate = true> <Delay = 0.00>
ST_1 : Operation 12 [1/1] (0.00ns)   --->   "%specmemcore_ln0 = specmemcore void @_ssdm_op_SpecMemCore, i32 %input_0_0, i64 666, i64 22, i64 18446744073709551615"   --->   Operation 12 'specmemcore' 'specmemcore_ln0' <Predicate = true> <Delay = 0.00>
ST_1 : Operation 13 [1/1] (0.00ns)   --->   "%specmemcore_ln0 = specmemcore void @_ssdm_op_SpecMemCore, i32 %output_r, i64 666, i64 22, i64 18446744073709551615"   --->   Operation 13 'specmemcore' 'specmemcore_ln0' <Predicate = true> <Delay = 0.00>
ST_1 : Operation 14 [1/1] (0.00ns)   --->   "%bound_read = read i64 @_ssdm_op_Read.ap_auto.i64, i64 %bound"   --->   Operation 14 'read' 'bound_read' <Predicate = true> <Delay = 0.00>
ST_1 : Operation 15 [1/1] (0.00ns)   --->   "%out_width_read = read i32 @_ssdm_op_Read.ap_auto.i32, i32 %out_width"   --->   Operation 15 'read' 'out_width_read' <Predicate = true> <Delay = 0.00>
ST_1 : Operation 16 [1/1] (1.58ns)   --->   "%store_ln0 = store i64 0, i64 %indvar_flatten"   --->   Operation 16 'store' 'store_ln0' <Predicate = true> <Delay = 1.58>
ST_1 : Operation 17 [1/1] (1.58ns)   --->   "%store_ln0 = store i32 0, i32 %oh"   --->   Operation 17 'store' 'store_ln0' <Predicate = true> <Delay = 1.58>
ST_1 : Operation 18 [1/1] (1.58ns)   --->   "%store_ln0 = store i11 0, i11 %ow"   --->   Operation 18 'store' 'store_ln0' <Predicate = true> <Delay = 1.58>
ST_1 : Operation 19 [1/1] (0.00ns)   --->   "%br_ln0 = br void %for.body5"   --->   Operation 19 'br' 'br_ln0' <Predicate = true> <Delay = 0.00>

State 2 <SV = 1> <Delay = 8.41>
ST_2 : Operation 20 [1/1] (0.00ns)   --->   "%ow_1 = load i11 %ow" [src/maxpool.cpp:26]   --->   Operation 20 'load' 'ow_1' <Predicate = true> <Delay = 0.00>
ST_2 : Operation 21 [1/1] (0.00ns)   --->   "%indvar_flatten_load = load i64 %indvar_flatten" [src/maxpool.cpp:25]   --->   Operation 21 'load' 'indvar_flatten_load' <Predicate = true> <Delay = 0.00>
ST_2 : Operation 22 [1/1] (0.00ns)   --->   "%zext_ln26 = zext i11 %ow_1" [src/maxpool.cpp:26]   --->   Operation 22 'zext' 'zext_ln26' <Predicate = true> <Delay = 0.00>
ST_2 : Operation 23 [1/1] (2.47ns)   --->   "%icmp_ln26 = icmp_eq  i32 %zext_ln26, i32 %out_width_read" [src/maxpool.cpp:26]   --->   Operation 23 'icmp' 'icmp_ln26' <Predicate = true> <Delay = 2.47> <CoreInst = "Cmp">   --->   Core 9 'Cmp' <Latency = 0> <II = 1> <Delay = 2.47> <FuncUnit> <Opcode : 'icmp'> <InPorts = 2> <OutPorts = 1>
ST_2 : Operation 24 [1/1] (2.77ns)   --->   "%icmp_ln25 = icmp_eq  i64 %indvar_flatten_load, i64 %bound_read" [src/maxpool.cpp:25]   --->   Operation 24 'icmp' 'icmp_ln25' <Predicate = true> <Delay = 2.77> <CoreInst = "Cmp">   --->   Core 9 'Cmp' <Latency = 0> <II = 1> <Delay = 2.77> <FuncUnit> <Opcode : 'icmp'> <InPorts = 2> <OutPorts = 1>
ST_2 : Operation 25 [1/1] (3.52ns)   --->   "%add_ln25_1 = add i64 %indvar_flatten_load, i64 1" [src/maxpool.cpp:25]   --->   Operation 25 'add' 'add_ln25_1' <Predicate = true> <Delay = 3.52> <CoreInst = "Adder">   --->   Core 1 'Adder' <Latency = 0> <II = 1> <Delay = 3.52> <FuncUnit> <Opcode : 'add' 'sub'> <InPorts = 2> <OutPorts = 1>
ST_2 : Operation 26 [1/1] (0.00ns)   --->   "%br_ln25 = br i1 %icmp_ln25, void %for.inc44.loopexit, void %for.end46.loopexit.exitStub" [src/maxpool.cpp:25]   --->   Operation 26 'br' 'br_ln25' <Predicate = true> <Delay = 0.00>
ST_2 : Operation 27 [1/1] (0.00ns)   --->   "%oh_load = load i32 %oh" [src/maxpool.cpp:25]   --->   Operation 27 'load' 'oh_load' <Predicate = (!icmp_ln25)> <Delay = 0.00>
ST_2 : Operation 28 [1/1] (2.55ns)   --->   "%add_ln25 = add i32 %oh_load, i32 1" [src/maxpool.cpp:25]   --->   Operation 28 'add' 'add_ln25' <Predicate = (!icmp_ln25)> <Delay = 2.55> <CoreInst = "Adder">   --->   Core 1 'Adder' <Latency = 0> <II = 1> <Delay = 2.55> <FuncUnit> <Opcode : 'add' 'sub'> <InPorts = 2> <OutPorts = 1>
ST_2 : Operation 29 [1/1] (0.69ns)   --->   "%select_ln25 = select i1 %icmp_ln26, i11 0, i11 %ow_1" [src/maxpool.cpp:25]   --->   Operation 29 'select' 'select_ln25' <Predicate = (!icmp_ln25)> <Delay = 0.69> <CoreInst = "Sel">   --->   Core 73 'Sel' <Latency = 0> <II = 1> <Delay = 0.69> <FuncUnit> <Opcode : 'select'> <InPorts = 3> <OutPorts = 1>
ST_2 : Operation 30 [1/1] (0.69ns)   --->   "%select_ln25_1 = select i1 %icmp_ln26, i32 %add_ln25, i32 %oh_load" [src/maxpool.cpp:25]   --->   Operation 30 'select' 'select_ln25_1' <Predicate = (!icmp_ln25)> <Delay = 0.69> <CoreInst = "Sel">   --->   Core 73 'Sel' <Latency = 0> <II = 1> <Delay = 0.69> <FuncUnit> <Opcode : 'select'> <InPorts = 3> <OutPorts = 1>
ST_2 : Operation 31 [1/1] (0.00ns)   --->   "%trunc_ln29 = trunc i32 %select_ln25_1" [src/maxpool.cpp:29]   --->   Operation 31 'trunc' 'trunc_ln29' <Predicate = (!icmp_ln25)> <Delay = 0.00>
ST_2 : Operation 32 [1/1] (0.00ns)   --->   "%trunc_ln29_1 = trunc i32 %select_ln25_1" [src/maxpool.cpp:29]   --->   Operation 32 'trunc' 'trunc_ln29_1' <Predicate = (!icmp_ln25)> <Delay = 0.00>
ST_2 : Operation 33 [1/1] (0.00ns)   --->   "%tmp = bitconcatenate i8 @_ssdm_op_BitConcatenate.i8.i4.i4, i4 %trunc_ln29_1, i4 0" [src/maxpool.cpp:29]   --->   Operation 33 'bitconcatenate' 'tmp' <Predicate = (!icmp_ln25)> <Delay = 0.00>
ST_2 : Operation 34 [1/1] (0.00ns)   --->   "%tmp_3 = bitconcatenate i10 @_ssdm_op_BitConcatenate.i10.i5.i5, i5 %trunc_ln29, i5 0" [src/maxpool.cpp:38]   --->   Operation 34 'bitconcatenate' 'tmp_3' <Predicate = (!icmp_ln25)> <Delay = 0.00>
ST_2 : Operation 35 [1/1] (0.00ns)   --->   "%trunc_ln29_2 = trunc i11 %select_ln25" [src/maxpool.cpp:29]   --->   Operation 35 'trunc' 'trunc_ln29_2' <Predicate = (!icmp_ln25)> <Delay = 0.00>
ST_2 : Operation 36 [1/1] (0.00ns)   --->   "%trunc_ln29_3 = trunc i11 %select_ln25" [src/maxpool.cpp:29]   --->   Operation 36 'trunc' 'trunc_ln29_3' <Predicate = (!icmp_ln25)> <Delay = 0.00>
ST_2 : Operation 37 [1/1] (1.91ns)   --->   "%add_ln29 = add i8 %tmp, i8 %trunc_ln29_3" [src/maxpool.cpp:29]   --->   Operation 37 'add' 'add_ln29' <Predicate = (!icmp_ln25)> <Delay = 1.91> <CoreInst = "Adder">   --->   Core 1 'Adder' <Latency = 0> <II = 1> <Delay = 1.91> <FuncUnit> <Opcode : 'add' 'sub'> <InPorts = 2> <OutPorts = 1>
ST_2 : Operation 38 [1/1] (0.00ns)   --->   "%zext_ln29 = zext i8 %add_ln29" [src/maxpool.cpp:29]   --->   Operation 38 'zext' 'zext_ln29' <Predicate = (!icmp_ln25)> <Delay = 0.00>
ST_2 : Operation 39 [1/1] (0.00ns)   --->   "%input_0_0_addr = getelementptr i32 %input_0_0, i64 0, i64 %zext_ln29" [src/maxpool.cpp:29]   --->   Operation 39 'getelementptr' 'input_0_0_addr' <Predicate = (!icmp_ln25)> <Delay = 0.00>
ST_2 : Operation 40 [1/1] (0.00ns)   --->   "%input_0_1_addr = getelementptr i32 %input_0_1, i64 0, i64 %zext_ln29" [src/maxpool.cpp:30]   --->   Operation 40 'getelementptr' 'input_0_1_addr' <Predicate = (!icmp_ln25)> <Delay = 0.00>
ST_2 : Operation 41 [1/1] (0.00ns)   --->   "%input_1_0_addr = getelementptr i32 %input_1_0, i64 0, i64 %zext_ln29" [src/maxpool.cpp:31]   --->   Operation 41 'getelementptr' 'input_1_0_addr' <Predicate = (!icmp_ln25)> <Delay = 0.00>
ST_2 : Operation 42 [1/1] (0.00ns)   --->   "%input_1_1_addr = getelementptr i32 %input_1_1, i64 0, i64 %zext_ln29" [src/maxpool.cpp:32]   --->   Operation 42 'getelementptr' 'input_1_1_addr' <Predicate = (!icmp_ln25)> <Delay = 0.00>
ST_2 : Operation 43 [1/1] (1.73ns)   --->   "%add_ln38 = add i10 %tmp_3, i10 %trunc_ln29_2" [src/maxpool.cpp:38]   --->   Operation 43 'add' 'add_ln38' <Predicate = (!icmp_ln25)> <Delay = 1.73> <CoreInst = "Adder">   --->   Core 1 'Adder' <Latency = 0> <II = 1> <Delay = 1.73> <FuncUnit> <Opcode : 'add' 'sub'> <InPorts = 2> <OutPorts = 1>
ST_2 : Operation 44 [2/2] (3.25ns)   --->   "%input_0_0_load = load i8 %input_0_0_addr" [src/maxpool.cpp:29]   --->   Operation 44 'load' 'input_0_0_load' <Predicate = (!icmp_ln25)> <Delay = 3.25> <CoreInst = "RAM_2P_BRAM">   --->   Core 91 'RAM_2P_BRAM' <Latency = 1> <II = 1> <Delay = 3.25> <Storage> <Opcode : 'load' 'store'> <Ports = 2> <Width = 32> <Depth = 256> <RAM>
ST_2 : Operation 45 [2/2] (3.25ns)   --->   "%input_0_1_load = load i8 %input_0_1_addr" [src/maxpool.cpp:30]   --->   Operation 45 'load' 'input_0_1_load' <Predicate = (!icmp_ln25)> <Delay = 3.25> <CoreInst = "RAM_2P_BRAM">   --->   Core 91 'RAM_2P_BRAM' <Latency = 1> <II = 1> <Delay = 3.25> <Storage> <Opcode : 'load' 'store'> <Ports = 2> <Width = 32> <Depth = 256> <RAM>
ST_2 : Operation 46 [2/2] (3.25ns)   --->   "%input_1_0_load = load i8 %input_1_0_addr" [src/maxpool.cpp:31]   --->   Operation 46 'load' 'input_1_0_load' <Predicate = (!icmp_ln25)> <Delay = 3.25> <CoreInst = "RAM_2P_BRAM">   --->   Core 91 'RAM_2P_BRAM' <Latency = 1> <II = 1> <Delay = 3.25> <Storage> <Opcode : 'load' 'store'> <Ports = 2> <Width = 32> <Depth = 256> <RAM>
ST_2 : Operation 47 [2/2] (3.25ns)   --->   "%input_1_1_load = load i8 %input_1_1_addr" [src/maxpool.cpp:32]   --->   Operation 47 'load' 'input_1_1_load' <Predicate = (!icmp_ln25)> <Delay = 3.25> <CoreInst = "RAM_2P_BRAM">   --->   Core 91 'RAM_2P_BRAM' <Latency = 1> <II = 1> <Delay = 3.25> <Storage> <Opcode : 'load' 'store'> <Ports = 2> <Width = 32> <Depth = 256> <RAM>
ST_2 : Operation 48 [1/1] (1.63ns)   --->   "%add_ln26 = add i11 %select_ln25, i11 1" [src/maxpool.cpp:26]   --->   Operation 48 'add' 'add_ln26' <Predicate = (!icmp_ln25)> <Delay = 1.63> <CoreInst = "Adder">   --->   Core 1 'Adder' <Latency = 0> <II = 1> <Delay = 1.63> <FuncUnit> <Opcode : 'add' 'sub'> <InPorts = 2> <OutPorts = 1>
ST_2 : Operation 49 [1/1] (1.58ns)   --->   "%store_ln26 = store i64 %add_ln25_1, i64 %indvar_flatten" [src/maxpool.cpp:26]   --->   Operation 49 'store' 'store_ln26' <Predicate = (!icmp_ln25)> <Delay = 1.58>
ST_2 : Operation 50 [1/1] (1.58ns)   --->   "%store_ln26 = store i32 %select_ln25_1, i32 %oh" [src/maxpool.cpp:26]   --->   Operation 50 'store' 'store_ln26' <Predicate = (!icmp_ln25)> <Delay = 1.58>
ST_2 : Operation 51 [1/1] (1.58ns)   --->   "%store_ln26 = store i11 %add_ln26, i11 %ow" [src/maxpool.cpp:26]   --->   Operation 51 'store' 'store_ln26' <Predicate = (!icmp_ln25)> <Delay = 1.58>

State 3 <SV = 2> <Delay = 6.42>
ST_3 : Operation 52 [1/2] (3.25ns)   --->   "%input_0_0_load = load i8 %input_0_0_addr" [src/maxpool.cpp:29]   --->   Operation 52 'load' 'input_0_0_load' <Predicate = true> <Delay = 3.25> <CoreInst = "RAM_2P_BRAM">   --->   Core 91 'RAM_2P_BRAM' <Latency = 1> <II = 1> <Delay = 3.25> <Storage> <Opcode : 'load' 'store'> <Ports = 2> <Width = 32> <Depth = 256> <RAM>
ST_3 : Operation 53 [1/2] (3.25ns)   --->   "%input_0_1_load = load i8 %input_0_1_addr" [src/maxpool.cpp:30]   --->   Operation 53 'load' 'input_0_1_load' <Predicate = true> <Delay = 3.25> <CoreInst = "RAM_2P_BRAM">   --->   Core 91 'RAM_2P_BRAM' <Latency = 1> <II = 1> <Delay = 3.25> <Storage> <Opcode : 'load' 'store'> <Ports = 2> <Width = 32> <Depth = 256> <RAM>
ST_3 : Operation 54 [1/2] (3.25ns)   --->   "%input_1_0_load = load i8 %input_1_0_addr" [src/maxpool.cpp:31]   --->   Operation 54 'load' 'input_1_0_load' <Predicate = true> <Delay = 3.25> <CoreInst = "RAM_2P_BRAM">   --->   Core 91 'RAM_2P_BRAM' <Latency = 1> <II = 1> <Delay = 3.25> <Storage> <Opcode : 'load' 'store'> <Ports = 2> <Width = 32> <Depth = 256> <RAM>
ST_3 : Operation 55 [1/2] (3.25ns)   --->   "%input_1_1_load = load i8 %input_1_1_addr" [src/maxpool.cpp:32]   --->   Operation 55 'load' 'input_1_1_load' <Predicate = true> <Delay = 3.25> <CoreInst = "RAM_2P_BRAM">   --->   Core 91 'RAM_2P_BRAM' <Latency = 1> <II = 1> <Delay = 3.25> <Storage> <Opcode : 'load' 'store'> <Ports = 2> <Width = 32> <Depth = 256> <RAM>
ST_3 : Operation 56 [1/1] (2.47ns)   --->   "%icmp_ln1081 = icmp_sgt  i32 %input_0_0_load, i32 %input_0_1_load"   --->   Operation 56 'icmp' 'icmp_ln1081' <Predicate = true> <Delay = 2.47> <CoreInst = "Cmp">   --->   Core 9 'Cmp' <Latency = 0> <II = 1> <Delay = 2.47> <FuncUnit> <Opcode : 'icmp'> <InPorts = 2> <OutPorts = 1>
ST_3 : Operation 57 [1/1] (0.69ns)   --->   "%select_ln34 = select i1 %icmp_ln1081, i32 %input_0_0_load, i32 %input_0_1_load" [src/maxpool.cpp:34]   --->   Operation 57 'select' 'select_ln34' <Predicate = true> <Delay = 0.69> <CoreInst = "Sel">   --->   Core 73 'Sel' <Latency = 0> <II = 1> <Delay = 0.69> <FuncUnit> <Opcode : 'select'> <InPorts = 3> <OutPorts = 1>
ST_3 : Operation 58 [1/1] (2.47ns)   --->   "%icmp_ln1081_1 = icmp_sgt  i32 %input_1_0_load, i32 %input_1_1_load"   --->   Operation 58 'icmp' 'icmp_ln1081_1' <Predicate = true> <Delay = 2.47> <CoreInst = "Cmp">   --->   Core 9 'Cmp' <Latency = 0> <II = 1> <Delay = 2.47> <FuncUnit> <Opcode : 'icmp'> <InPorts = 2> <OutPorts = 1>
ST_3 : Operation 59 [1/1] (0.69ns)   --->   "%select_ln35 = select i1 %icmp_ln1081_1, i32 %input_1_0_load, i32 %input_1_1_load" [src/maxpool.cpp:35]   --->   Operation 59 'select' 'select_ln35' <Predicate = true> <Delay = 0.69> <CoreInst = "Sel">   --->   Core 73 'Sel' <Latency = 0> <II = 1> <Delay = 0.69> <FuncUnit> <Opcode : 'select'> <InPorts = 3> <OutPorts = 1>
ST_3 : Operation 69 [1/1] (0.00ns)   --->   "%ret_ln0 = ret"   --->   Operation 69 'ret' 'ret_ln0' <Predicate = (icmp_ln25)> <Delay = 0.00>

State 4 <SV = 3> <Delay = 6.42>
ST_4 : Operation 60 [1/1] (0.00ns)   --->   "%specloopname_ln0 = specloopname void @_ssdm_op_SpecLoopName, void @POOL_ROW_POOL_COL_str"   --->   Operation 60 'specloopname' 'specloopname_ln0' <Predicate = true> <Delay = 0.00>
ST_4 : Operation 61 [1/1] (0.00ns)   --->   "%zext_ln38 = zext i10 %add_ln38" [src/maxpool.cpp:38]   --->   Operation 61 'zext' 'zext_ln38' <Predicate = true> <Delay = 0.00>
ST_4 : Operation 62 [1/1] (0.00ns)   --->   "%output_addr = getelementptr i32 %output_r, i64 0, i64 %zext_ln38" [src/maxpool.cpp:38]   --->   Operation 62 'getelementptr' 'output_addr' <Predicate = true> <Delay = 0.00>
ST_4 : Operation 63 [1/1] (0.00ns)   --->   "%specpipeline_ln27 = specpipeline void @_ssdm_op_SpecPipeline, i32 1, i32 0, i32 0, i32 0, void @empty_23" [src/maxpool.cpp:27]   --->   Operation 63 'specpipeline' 'specpipeline_ln27' <Predicate = true> <Delay = 0.00>
ST_4 : Operation 64 [1/1] (0.00ns)   --->   "%specloopname_ln26 = specloopname void @_ssdm_op_SpecLoopName, void @empty_24" [src/maxpool.cpp:26]   --->   Operation 64 'specloopname' 'specloopname_ln26' <Predicate = true> <Delay = 0.00>
ST_4 : Operation 65 [1/1] (2.47ns)   --->   "%icmp_ln1081_2 = icmp_sgt  i32 %select_ln34, i32 %select_ln35"   --->   Operation 65 'icmp' 'icmp_ln1081_2' <Predicate = true> <Delay = 2.47> <CoreInst = "Cmp">   --->   Core 9 'Cmp' <Latency = 0> <II = 1> <Delay = 2.47> <FuncUnit> <Opcode : 'icmp'> <InPorts = 2> <OutPorts = 1>
ST_4 : Operation 66 [1/1] (0.69ns)   --->   "%select_ln38 = select i1 %icmp_ln1081_2, i32 %select_ln34, i32 %select_ln35" [src/maxpool.cpp:38]   --->   Operation 66 'select' 'select_ln38' <Predicate = true> <Delay = 0.69> <CoreInst = "Sel">   --->   Core 73 'Sel' <Latency = 0> <II = 1> <Delay = 0.69> <FuncUnit> <Opcode : 'select'> <InPorts = 3> <OutPorts = 1>
ST_4 : Operation 67 [1/1] (3.25ns)   --->   "%store_ln38 = store i32 %select_ln38, i10 %output_addr" [src/maxpool.cpp:38]   --->   Operation 67 'store' 'store_ln38' <Predicate = true> <Delay = 3.25> <CoreInst = "RAM_2P_BRAM">   --->   Core 91 'RAM_2P_BRAM' <Latency = 1> <II = 1> <Delay = 3.25> <Storage> <Opcode : 'load' 'store'> <Ports = 2> <Width = 32> <Depth = 1024> <RAM>
ST_4 : Operation 68 [1/1] (0.00ns)   --->   "%br_ln26 = br void %for.body5" [src/maxpool.cpp:26]   --->   Operation 68 'br' 'br_ln26' <Predicate = true> <Delay = 0.00>


============================================================
+ Verbose Summary: Timing violations
============================================================
Target clock period: 10ns, clock uncertainty: 1.25ns.

 <State 1>: 1.59ns
The critical path consists of the following:
	'alloca' operation ('indvar_flatten') [10]  (0 ns)
	'store' operation ('store_ln0') of constant 0 on local variable 'indvar_flatten' [18]  (1.59 ns)

 <State 2>: 8.42ns
The critical path consists of the following:
	'load' operation ('oh_load', src/maxpool.cpp:25) on local variable 'oh' [31]  (0 ns)
	'add' operation ('add_ln25', src/maxpool.cpp:25) [32]  (2.55 ns)
	'select' operation ('select_ln25_1', src/maxpool.cpp:25) [35]  (0.698 ns)
	'add' operation ('add_ln29', src/maxpool.cpp:29) [42]  (1.92 ns)
	'getelementptr' operation ('input_0_0_addr', src/maxpool.cpp:29) [44]  (0 ns)
	'load' operation ('input_0_0_load', src/maxpool.cpp:29) on array 'input_0_0' [53]  (3.25 ns)

 <State 3>: 6.43ns
The critical path consists of the following:
	'load' operation ('input_0_0_load', src/maxpool.cpp:29) on array 'input_0_0' [53]  (3.25 ns)
	'icmp' operation ('icmp_ln1081') [57]  (2.47 ns)
	'select' operation ('select_ln34', src/maxpool.cpp:34) [58]  (0.698 ns)

 <State 4>: 6.42ns
The critical path consists of the following:
	'icmp' operation ('icmp_ln1081_2') [61]  (2.47 ns)
	'select' operation ('select_ln38', src/maxpool.cpp:38) [62]  (0.698 ns)
	'store' operation ('store_ln38', src/maxpool.cpp:38) of variable 'select_ln38', src/maxpool.cpp:38 on array 'output_r' [63]  (3.25 ns)


============================================================
+ Verbose Summary: Binding
============================================================
N/A
* FSMD analyzer results:
  - Output states:
 - Input state : 
  - Chain level:
	State 1
	State 2
	State 3
	State 4


============================================================
+ Verbose Summary: Datapath Resource usage 
============================================================
N/A
