

================================================================
== Vitis HLS Report for 'maxpool_2x2_Pipeline_POOL_ROW_POOL_COL'
================================================================
* Date:           Fri Aug 21 20:16:11 2026

* Version:        2022.1 (Build 3526262 on Mon Apr 18 15:48:16 MDT 2022)
* Project:        cnn_accelerator
* Solution:       solution1 (Vivado IP Flow Target)
* Product family: zynq
* Target device:  xc7z020-clg484-1


================================================================
== Performance Estimates
================================================================
+ Timing: 
    * Summary: 
    +--------+----------+----------+------------+
    |  Clock |  Target  | Estimated| Uncertainty|
    +--------+----------+----------+------------+
    |ap_clk  |  10.00 ns|  8.419 ns|     1.25 ns|
    +--------+----------+----------+------------+

+ Latency: 
    * Summary: 
    +---------+---------+----------+----------+-----+-----+---------+
    |  Latency (cycles) |  Latency (absolute) |  Interval | Pipeline|
    |   min   |   max   |    min   |    max   | min | max |   Type  |
    +---------+---------+----------+----------+-----+-----+---------+
    |        ?|        ?|         ?|         ?|    ?|    ?|       no|
    +---------+---------+----------+----------+-----+-----+---------+

    + Detail: 
        * Instance: 
        N/A

        * Loop: 
        +---------------------+---------+---------+----------+-----------+-----------+------+----------+
        |                     |  Latency (cycles) | Iteration|  Initiation Interval  | Trip |          |
        |      Loop Name      |   min   |   max   |  Latency |  achieved |   target  | Count| Pipelined|
        +---------------------+---------+---------+----------+-----------+-----------+------+----------+
        |- POOL_ROW_POOL_COL  |        ?|        ?|         3|          1|          1|     ?|       yes|
        +---------------------+---------+---------+----------+-----------+-----------+------+----------+

============================================================
+ Verbose Summary: Synthesis Manager
============================================================
InlineROM: 1
ExposeGlobal: 0
============================================================
+ Verbose Summary: CDFG Model
============================================================
IsTopModel: 0
ResetActiveHigh: 1
IsCombinational: 0
IsDatapathOnly: 0
HasWiredReturn: 1
HasMFsm: 2
HasVarLatency: 1
IsPipeline: 0
IsRtlPipelined: 0
IsInstanceOverlapped: 0
IsDontTouch: 0
HasImplIP: 0
IsGatedGlobalClock: 0

+ Individual pipeline summary: 
  * Pipeline-0: initiation interval (II) = 1, depth = 4


============================================================
+ Verbose Summary: Schedule
============================================================
* Number of FSM states : 4
* Pipeline : 1
  Pipeline-0 : II = 1, D = 4, States = { 1 2 3 4 }
* Dataflow Pipeline: 0

* FSM state transitions: 
1 --> 2 
2 --> 3 
3 --> 4 
4 --> 

* FSM state operations: 

State 1 <SV = 0> <Delay = 1.58>
ST_1 : Operation 6 [1/1] (0.00ns)   --->   "%ow = alloca i32 1"   --->   Operation 6 'alloca' 'ow' <Predicate = true> <Delay = 0.00>
ST_1 : Operation 7 [1/1] (0.00ns)   --->   "%oh = alloca i32 1"   --->   Operation 7 'alloca' 'oh' <Predicate = true> <Delay = 0.00>
ST_1 : Operation 8 [1/1] (0.00ns)   --->   "%indvar_flatten = alloca i32 1"   --->   Operation 8 'alloca' 'indvar_flatten' <Predicate = true> <Delay = 0.00>
ST_1 : Operation 9 [1/1] (0.00ns)   --->   "%specmemcore_ln0 = specmemcore void @_ssdm_op_SpecMemCore, i32 %input_1_1, i64 666, i64 22, i64 18446744073709551615"   --->   Operation 9 'specmemcore' 'specmemcore_ln0' <Predicate = true> <Delay = 0.00>
ST_1 : Operation 10 [1/1] (0.00ns)   --->   "%specmemcore_ln0 = specmemcore void @_ssdm_op_SpecMemCore, i32 %input_1_0, i64 666, i64 22, i64 18446744073709551615"   --->   Operation 10 'specmemcore' 'specmemcore_ln0' <Predicate = true> <Delay = 0.00>
ST_1 : Operation 11 [1/1] (0.00ns)   --->   "%specmemcore_ln0 = specmemcore void @_ssdm_op_SpecMemCore, i32 %input_0_1, i64 666, i64 22, i64 18446744073709551615"   --->   Operation 11 'specmemcore' 'specmemcore_ln0' <Predicate = true> <Delay = 0.00>
ST_1 : Operation 12 [1/1] (0.00ns)   --->   "%specmemcore_ln0 = specmemcore void @_ssdm_op_SpecMemCore, i32 %input_0_0, i64 666, i64 22, i64 18446744073709551615"   --->   Operation 12 'specmemcore' 'specmemcore_ln0' <Predicate = true> <Delay = 0.00>
ST_1 : Operation 13 [1/1] (0.00ns)   --->   "%specmemcore_ln0 = specmemcore void @_ssdm_op_SpecMemCore, i32 %output_r, i64 666, i64 22, i64 18446744073709551615"   --->   Operation 13 'specmemcore' 'specmemcore_ln0' <Predicate = true> <Delay = 0.00>
ST_1 : Operation 14 [1/1] (0.00ns)   --->   "%bound_read = read i64 @_ssdm_op_Read.ap_auto.i64, i64 %bound"   --->   Operation 14 'read' 'bound_read' <Predicate = true> <Delay = 0.00>
ST_1 : Operation 15 [1/1] (0.00ns)   --->   "%out_width_read = read i32 @_ssdm_op_Read.ap_auto.i32, i32 %out_width"   --->   Operation 15 'read' 'out_width_read' <Predicate = true> <Delay = 0.00>
ST_1 : Operation 16 [1/1] (1.58ns)   --->   "%store_ln0 = store i64 0, i64 %indvar_flatten"   --->   Operation 16 'store' 'store_ln0' <Predicate = true> <Delay = 1.58>
ST_1 : Operation 17 [1/1] (1.58ns)   --->   "%store_ln0 = store i32 0, i32 %oh"   --->   Operation 17 'store' 'store_ln0' <Predicate = true> <Delay = 1.58>
ST_1 : Operation 18 [1/1] (1.58ns)   --->   "%store_ln0 = store i11 0, i11 %ow"   --->   Operation 18 'store' 'store_ln0' <Predicate = true> <Delay = 1.58>
ST_1 : Operation 19 [1/1] (0.00ns)   --->   "%br_ln0 = br void %for.body5"   --->   Operation 19 'br' 'br_ln0' <Predicate = true> <Delay = 0.00>

State 2 <SV = 1> <Delay = 8.41>
ST_2 : Operation 20 [1/1] (0.00ns)   --->   "%ow_1 = load i11 %ow" [src/maxpool.cpp:26]   --->   Operation 20 'load' 'ow_1' <Predicate = true> <Delay = 0.00>
ST_2 : Operation 21 [1/1] (0.00ns)   --->   "%indvar_flatten_load = load i64 %indvar_flatten" [src/maxpool.cpp:25]   --->   Operation 21 'load' 'indvar_flatten_load' <Predicate = true> <Delay = 0.00>
ST_2 : Operation 22 [1/1] (0.00ns)   --->   "%zext_ln26 = zext i11 %ow_1" [src/maxpool.cpp:26]   --->   Operation 22 'zext' 'zext_ln26' <Predicate = true> <Delay = 0.00>
ST_2 : Operation 23 [1/1] (2.47ns)   --->   "%icmp_ln26 = icmp_eq  i32 %zext_ln26, i32 %out_width_read" [src/maxpool.cpp:26]   --->   Operation 23 'icmp' 'icmp_ln26' <Predicate = true> <Delay = 2.47> <CoreInst = "Cmp">   --->   Core 9 'Cmp' <Latency = 0> <II = 1> <Delay = 2.47> <FuncUnit> <Opcode : 'icmp'> <InPorts = 2> <OutPorts = 1>
ST_2 : Operation 24 [1/1] (2.77ns)   --->   "%icmp_ln25 = icmp_eq  i64 %indvar_flatten_load, i64 %bound_read" [src/maxpool.cpp:25]   --->   Operation 24 'icmp' 'icmp_ln25' <Predicate = true> <Delay = 2.77> <CoreInst = "Cmp">   --->   Core 9 'Cmp' <Latency = 0> <II = 1> <Delay = 2.77> <FuncUnit> <Opcode : 'icmp'> <InPorts = 2> <OutPorts = 1>
ST_2 : Operation 25 [1/1] (3.52ns)   --->   "%add_ln25_1 = add i64 %indvar_flatten_load, i64 1" [src/maxpool.cpp:25]   --->   Operation 25 'add' 'add_ln25_1' <Predicate = true> <Delay = 3.52> <CoreInst = "Adder">   --->   Core 1 'Adder' <Latency = 0> <II = 1> <Delay = 3.52> <FuncUnit> <Opcode : 'add' 'sub'> <InPorts = 2> <OutPorts = 1>
ST_2 : Operation 26 [1/1] (0.00ns)   --->   "%br_ln25 = br i1 %icmp_ln25, void %for.inc44.loopexit, void %for.end46.loopexit.exitStub" [src/maxpool.cpp:25]   --->   Operation 26 'br' 'br_ln25' <Predicate = true> <Delay = 0.00>
ST_2 : Operation 27 [1/1] (0.00ns)   --->   "%oh_load = load i32 %oh" [src/maxpool.cpp:25]   --->   Operation 27 'load' 'oh_load' <Predicate = (!icmp_ln25)> <Delay = 0.00>
ST_2 : Operation 28 [1/1] (2.55ns)   --->   "%add_ln25 = add i32 %oh_load, i32 1" [src/maxpool.cpp:25]   --->   Operation 28 'add' 'add_ln25' <Predicate = (!icmp_ln25)> <Delay = 2.55> <CoreInst = "Adder">   --->   Core 1 'Adder' <Latency = 0> <II = 1> <Delay = 2.55> <FuncUnit> <Opcode : 'add' 'sub'> <InPorts = 2> <OutPorts = 1>
ST_2 : Operation 29 [1/1] (0.69ns)   --->   "%select_ln25 = select i1 %icmp_ln26, i11 0, i11 %ow_1" [src/maxpool.cpp:25]   --->   Operation 29 'select' 'select_ln25' <Predicate = (!icmp_ln25)> <Delay = 0.69> <CoreInst = "Sel">   --->   Core 73 'Sel' <Latency = 0> <II = 1> <Delay = 0.69> <FuncUnit> <Opcode : 'select'> <InPorts = 3> <OutPorts = 1>
ST_2 : Operation 30 [1/1] (0.69ns)   --->   "%select_ln25_1 = select i1 %icmp_ln26, i32 %add_ln25, i32 %oh_load" [src/maxpool.cpp:25]   --->   Operation 30 'select' 'select_ln25_1' <Predicate = (!icmp_ln25)> <Delay = 0.69> <CoreInst = "Sel">   --->   Core 73 'Sel' <Latency = 0> <II = 1> <Delay = 0.69> <FuncUnit> <Opcode : 'select'> <InPorts = 3> <OutPorts = 1>
ST_2 : Operation 31 [1/1] (0.00ns)   --->   "%trunc_ln29 = trunc i32 %select_ln25_1" [src/maxpool.cpp:29]   --->   Operation 31 'trunc' 'trunc_ln29' <Predicate = (!icmp_ln25)> <Delay = 0.00>
ST_2 : Operation 32 [1/1] (0.00ns)   --->   "%trunc_ln29_1 = trunc i32 %select_ln25_1" [src/maxpool.cpp:29]   --->   Operation 32 'trunc' 'trunc_ln29_1' <Predicate = (!icmp_ln25)> <Delay = 0.00>
ST_2 : Operation 33 [1/1] (0.00ns)   --->   "%tmp = bitconcatenate i8 @_ssdm_op_BitConcatenate.i8.i4.i4, i4 %trunc_ln29_1, i4 0" [src/maxpool.cpp:29]   --->   Operation 33 'bitconcatenate' 'tmp' <Predicate = (!icmp_ln25)> <Delay = 0.00>
ST_2 : Operation 34 [1/1] (0.00ns)   --->   "%tmp_3 = bitconcatenate i10 @_ssdm_op_BitConcatenate.i10.i5.i5, i5 %trunc_ln29, i5 0" [src/maxpool.cpp:38]   --->   Operation 34 'bitconcatenate' 'tmp_3' <Predicate = (!icmp_ln25)> <Delay = 0.00>
ST_2 : Operation 35 [1/1] (0.00ns)   --->   "%trunc_ln29_2 = trunc i11 %select_ln25" [src/maxpool.cpp:29]   --->   Operation 35 'trunc' 'trunc_ln29_2' <Predicate = (!icmp_ln25)> <Delay = 0.00>
ST_2 : Operation 36 [1/1] (0.00ns)   --->   "%trunc_ln29_3 = trunc i11 %select_ln25" [src/maxpool.cpp:29]   --->   Operation 36 'trunc' 'trunc_ln29_3' <Predicate = (!icmp_ln25)> <Delay = 0.00>
ST_2 : Operation 37 [1/1] (1.91ns)   --->   "%add_ln29 = add i8 %tmp, i8 %trunc_ln29_3" [src/maxpool.cpp:29]   --->   Operation 37 'add' 'add_ln29' <Predicate = (!icmp_ln25)> <Delay = 1.91> <CoreInst = "Adder">   --->   Core 1 'Adder' <Latency = 0> <II = 1> <Delay = 1.91> <FuncUnit> <Opcode : 'add' 'sub'> <InPorts = 2> <OutPorts = 1>
ST_2 : Operation 38 [1/1] (0.00ns)   --->   "%zext_ln29 = zext i8 %add_ln29" [src/maxpool.cpp:29]   --->   Operation 38 'zext' 'zext_ln29' <Predicate = (!icmp_ln25)> <Delay = 0.00>
ST_2 : Operation 39 [1/1] (0.00ns)   --->   "%input_0_0_addr = getelementptr i32 %input_0_0, i64 0, i64 %zext_ln29" [src/maxpool.cpp:29]   --->   Operation 39 'getelementptr' 'input_0_0_addr' <Predicate = (!icmp_ln25)> <Delay = 0.00>
ST_2 : Operation 40 [1/1] (0.00ns)   --->   "%input_0_1_addr = getelementptr i32 %input_0_1, i64 0, i64 %zext_ln29" [src/maxpool.cpp:30]   --->   Operation 40 'getelementptr' 'input_0_1_addr' <Predicate = (!icmp_ln25)> <Delay = 0.00>
ST_2 : Operation 41 [1/1] (0.00ns)   --->   "%input_1_0_addr = getelementptr i32 %input_1_0, i64 0, i64 %zext_ln29" [src/maxpool.cpp:31]   --->   Operation 41 'getelementptr' 'input_1_0_addr' <Predicate = (!icmp_ln25)> <Delay = 0.00>
ST_2 : Operation 42 [1/1] (0.00ns)   --->   "%input_1_1_addr = getelementptr i32 %input_1_1, i64 0, i64 %zext_ln29" [src/maxpool.cpp:32]   --->   Operation 42 'getelementptr' 'input_1_1_addr' <Predicate = (!icmp_ln25)> <Delay = 0.00>
ST_2 : Operation 43 [1/1] (1.73ns)   --->   "%add_ln38 = add i10 %tmp_3, i10 %trunc_ln29_2" [src/maxpool.cpp:38]   --->   Operation 43 'add' 'add_ln38' <Predicate = (!icmp_ln25)> <Delay = 1.73> <CoreInst = "Adder">   --->   Core 1 'Adder' <Latency = 0> <II = 1> <Delay = 1.73> <FuncUnit> <Opcode : 'add' 'sub'> <InPorts = 2> <OutPorts = 1>
ST_2 : Operation 44 [2/2] (3.25ns)   --->   "%input_0_0_load = load i8 %input_0_0_addr" [src/maxpool.cpp:29]   --->   Operation 44 'load' 'input_0_0_load' <Predicate = (!icmp_ln25)> <Delay = 3.25> <CoreInst = "RAM_2P_BRAM">   --->   Core 91 'RAM_2P_BRAM' <Latency = 1> <II = 1> <Delay = 3.25> <Storage> <Opcode : 'load' 'store'> <Ports = 2> <Width = 32> <Depth = 256> <RAM>
ST_2 : Operation 45 [2/2] (3.25ns)   --->   "%input_0_1_load = load i8 %input_0_1_addr" [src/maxpool.cpp:30]   --->   Operation 45 'load' 'input_0_1_load' <Predicate = (!icmp_ln25)> <Delay = 3.25> <CoreInst = "RAM_2P_BRAM">   --->   Core 91 'RAM_2P_BRAM' <Latency = 1> <II = 1> <Delay = 3.25> <Storage> <Opcode : 'load' 'store'> <Ports = 2> <Width = 32> <Depth = 256> <RAM>
ST_2 : Operation 46 [2/2] (3.25ns)   --->   "%input_1_0_load = load i8 %input_1_0_addr" [src/maxpool.cpp:31]   --->   Operation 46 'load' 'input_1_0_load' <Predicate = (!icmp_ln25)> <Delay = 3.25> <CoreInst = "RAM_2P_BRAM">   --->   Core 91 'RAM_2P_BRAM' <Latency = 1> <II = 1> <Delay = 3.25> <Storage> <Opcode : 'load' 'store'> <Ports = 2> <Width = 32> <Depth = 256> <RAM>
ST_2 : Operation 47 [2/2] (3.25ns)   --->   "%input_1_1_load = load i8 %input_1_1_addr" [src/maxpool.cpp:32]   --->   Operation 47 'load' 'input_1_1_load' <Predicate = (!icmp_ln25)> <Delay = 3.25> <CoreInst = "RAM_2P_BRAM">   --->   Core 91 'RAM_2P_BRAM' <Latency = 1> <II = 1> <Delay = 3.25> <Storage> <Opcode : 'load' 'store'> <Ports = 2> <Width = 32> <Depth = 256> <RAM>
ST_2 : Operation 48 [1/1] (1.63ns)   --->   "%add_ln26 = add i11 %select_ln25, i11 1" [src/maxpool.cpp:26]   --->   Operation 48 'add' 'add_ln26' <Predicate = (!icmp_ln25)> <Delay = 1.63> <CoreInst = "Adder">   --->   Core 1 'Adder' <Latency = 0> <II = 1> <Delay = 1.63> <FuncUnit> <Opcode : 'add' 'sub'> <InPorts = 2> <OutPorts = 1>
ST_2 : Operation 49 [1/1] (1.58ns)   --->   "%store_ln26 = store i64 %add_ln25_1, i64 %indvar_flatten" [src/maxpool.cpp:26]   --->   Operation 49 'store' 'store_ln26' <Predicate = (!icmp_ln25)> <Delay = 1.58>
ST_2 : Operation 50 [1/1] (1.58ns)   --->   "%store_ln26 = store i32 %select_ln25_1, i32 %oh" [src/maxpool.cpp:26]   --->   Operation 50 'store' 'store_ln26' <Predicate = (!icmp_ln25)> <Delay = 1.58>
ST_2 : Operation 51 [1/1] (1.58ns)   --->   "%store_ln26 = store i11 %add_ln26, i11 %ow" [src/maxpool.cpp:26]   --->   Operation 51 'store' 'store_ln26' <Predicate = (!icmp_ln25)> <Delay = 1.58>

State 3 <SV = 2> <Delay = 6.42>
ST_3 : Operation 52 [1/2] (3.25ns)   --->   "%input_0_0_load = load i8 %input_0_0_addr" [src/maxpool.cpp:29]   --->   Operation 52 'load' 'input_0_0_load' <Predicate = true> <Delay = 3.25> <CoreInst = "RAM_2P_BRAM">   --->   Core 91 'RAM_2P_BRAM' <Latency = 1> <II = 1> <Delay = 3.25> <Storage> <Opcode : 'load' 'store'> <Ports = 2> <Width = 32> <Depth = 256> <RAM>
ST_3 : Operation 53 [1/2] (3.25ns)   --->   "%input_0_1_load = load i8 %input_0_1_addr" [src/maxpool.cpp:30]   --->   Operation 53 'load' 'input_0_1_load' <Predicate = true> <Delay = 3.25> <CoreInst = "RAM_2P_BRAM">   --->   Core 91 'RAM_2P_BRAM' <Latency = 1> <II = 1> <Delay = 3.25> <Storage> <Opcode : 'load' 'store'> <Ports = 2> <Width = 32> <Depth = 256> <RAM>
ST_3 : Operation 54 [1/2] (3.25ns)   --->   "%input_1_0_load = load i8 %input_1_0_addr" [src/maxpool.cpp:31]   --->   Operation 54 'load' 'input_1_0_load' <Predicate = true> <Delay = 3.25> <CoreInst = "RAM_2P_BRAM">   --->   Core 91 'RAM_2P_BRAM' <Latency = 1> <II = 1> <Delay = 3.25> <Storage> <Opcode : 'load' 'store'> <Ports = 2> <Width = 32> <Depth = 256> <RAM>
ST_3 : Operation 55 [1/2] (3.25ns)   --->   "%input_1_1_load = load i8 %input_1_1_addr" [src/maxpool.cpp:32]   --->   Operation 55 'load' 'input_1_1_load' <Predicate = true> <Delay = 3.25> <CoreInst = "RAM_2P_BRAM">   --->   Core 91 'RAM_2P_BRAM' <Latency = 1> <II = 1> <Delay = 3.25> <Storage> <Opcode : 'load' 'store'> <Ports = 2> <Width = 32> <Depth = 256> <RAM>
ST_3 : Operation 56 [1/1] (2.47ns)   --->   "%icmp_ln1081 = icmp_sgt  i32 %input_0_0_load, i32 %input_0_1_load"   --->   Operation 56 'icmp' 'icmp_ln1081' <Predicate = true> <Delay = 2.47> <CoreInst = "Cmp">   --->   Core 9 'Cmp' <Latency = 0> <II = 1> <Delay = 2.47> <FuncUnit> <Opcode : 'icmp'> <InPorts = 2> <OutPorts = 1>
ST_3 : Operation 57 [1/1] (0.69ns)   --->   "%select_ln34 = select i1 %icmp_ln1081, i32 %input_0_0_load, i32 %input_0_1_load" [src/maxpool.cpp:34]   --->   Operation 57 'select' 'select_ln34' <Predicate = true> <Delay = 0.69> <CoreInst = "Sel">   --->   Core 73 'Sel' <Latency = 0> <II = 1> <Delay = 0.69> <FuncUnit> <Opcode : 'select'> <InPorts = 3> <OutPorts = 1>
ST_3 : Operation 58 [1/1] (2.47ns)   --->   "%icmp_ln1081_1 = icmp_sgt  i32 %input_1_0_load, i32 %input_1_1_load"   --->   Operation 58 'icmp' 'icmp_ln1081_1' <Predicate = true> <Delay = 2.47> <CoreInst = "Cmp">   --->   Core 9 'Cmp' <Latency = 0> <II = 1> <Delay = 2.47> <FuncUnit> <Opcode : 'icmp'> <InPorts = 2> <OutPorts = 1>
ST_3 : Operation 59 [1/1] (0.69ns)   --->   "%select_ln35 = select i1 %icmp_ln1081_1, i32 %input_1_0_load, i32 %input_1_1_load" [src/maxpool.cpp:35]   --->   Operation 59 'select' 'select_ln35' <Predicate = true> <Delay = 0.69> <CoreInst = "Sel">   --->   Core 73 'Sel' <Latency = 0> <II = 1> <Delay = 0.69> <FuncUnit> <Opcode : 'select'> <InPorts = 3> <OutPorts = 1>
ST_3 : Operation 69 [1/1] (0.00ns)   --->   "%ret_ln0 = ret"   --->   Operation 69 'ret' 'ret_ln0' <Predicate = (icmp_ln25)> <Delay = 0.00>

State 4 <SV = 3> <Delay = 6.42>
ST_4 : Operation 60 [1/1] (0.00ns)   --->   "%specloopname_ln0 = specloopname void @_ssdm_op_SpecLoopName, void @POOL_ROW_POOL_COL_str"   --->   Operation 60 'specloopname' 'specloopname_ln0' <Predicate = true> <Delay = 0.00>
ST_4 : Operation 61 [1/1] (0.00ns)   --->   "%zext_ln38 = zext i10 %add_ln38" [src/maxpool.cpp:38]   --->   Operation 61 'zext' 'zext_ln38' <Predicate = true> <Delay = 0.00>
ST_4 : Operation 62 [1/1] (0.00ns)   --->   "%output_addr = getelementptr i32 %output_r, i64 0, i64 %zext_ln38" [src/maxpool.cpp:38]   --->   Operation 62 'getelementptr' 'output_addr' <Predicate = true> <Delay = 0.00>
ST_4 : Operation 63 [1/1] (0.00ns)   --->   "%specpipeline_ln27 = specpipeline void @_ssdm_op_SpecPipeline, i32 1, i32 0, i32 0, i32 0, void @empty_23" [src/maxpool.cpp:27]   --->   Operation 63 'specpipeline' 'specpipeline_ln27' <Predicate = true> <Delay = 0.00>
ST_4 : Operation 64 [1/1] (0.00ns)   --->   "%specloopname_ln26 = specloopname void @_ssdm_op_SpecLoopName, void @empty_24" [src/maxpool.cpp:26]   --->   Operation 64 'specloopname' 'specloopname_ln26' <Predicate = true> <Delay = 0.00>
ST_4 : Operation 65 [1/1] (2.47ns)   --->   "%icmp_ln1081_2 = icmp_sgt  i32 %select_ln34, i32 %select_ln35"   --->   Operation 65 'icmp' 'icmp_ln1081_2' <Predicate = true> <Delay = 2.47> <CoreInst = "Cmp">   --->   Core 9 'Cmp' <Latency = 0> <II = 1> <Delay = 2.47> <FuncUnit> <Opcode : 'icmp'> <InPorts = 2> <OutPorts = 1>
ST_4 : Operation 66 [1/1] (0.69ns)   --->   "%select_ln38 = select i1 %icmp_ln1081_2, i32 %select_ln34, i32 %select_ln35" [src/maxpool.cpp:38]   --->   Operation 66 'select' 'select_ln38' <Predicate = true> <Delay = 0.69> <CoreInst = "Sel">   --->   Core 73 'Sel' <Latency = 0> <II = 1> <Delay = 0.69> <FuncUnit> <Opcode : 'select'> <InPorts = 3> <OutPorts = 1>
ST_4 : Operation 67 [1/1] (3.25ns)   --->   "%store_ln38 = store i32 %select_ln38, i10 %output_addr" [src/maxpool.cpp:38]   --->   Operation 67 'store' 'store_ln38' <Predicate = true> <Delay = 3.25> <CoreInst = "RAM_2P_BRAM">   --->   Core 91 'RAM_2P_BRAM' <Latency = 1> <II = 1> <Delay = 3.25> <Storage> <Opcode : 'load' 'store'> <Ports = 2> <Width = 32> <Depth = 1024> <RAM>
ST_4 : Operation 68 [1/1] (0.00ns)   --->   "%br_ln26 = br void %for.body5" [src/maxpool.cpp:26]   --->   Operation 68 'br' 'br_ln26' <Predicate = true> <Delay = 0.00>


============================================================
+ Verbose Summary: Binding
============================================================
STG Binding: 
---------------- STG Properties BEGIN ----------------
- Is combinational: 0
- Is one-state seq: 0
- Is datapath-only: 0
- Is pipelined: 0
- Is top level: 0
Port [ Return ] is wired: 1; IO mode=ap_ctrl_hs:ce=0
Port [ out_width]:  wired=1; compound=0; hidden=0; nouse=0; global=0; static=0; extern=0; dir=0; type=0; pingpong=0; private_global=0; IO mode=ap_none:ce=0
Port [ bound]:  wired=1; compound=0; hidden=0; nouse=0; global=0; static=0; extern=0; dir=0; type=0; pingpong=0; private_global=0; IO mode=ap_none:ce=0
Port [ input_0_0]:  wired=1; compound=1; hidden=0; nouse=0; global=0; static=0; extern=0; dir=0; type=1; pingpong=0; private_global=0; MemPort=[13]; IO mode=ap_memory:ce=0
Port [ input_0_1]:  wired=1; compound=1; hidden=0; nouse=0; global=0; static=0; extern=0; dir=0; type=1; pingpong=0; private_global=0; MemPort=[13]; IO mode=ap_memory:ce=0
Port [ input_1_0]:  wired=1; compound=1; hidden=0; nouse=0; global=0; static=0; extern=0; dir=0; type=1; pingpong=0; private_global=0; MemPort=[13]; IO mode=ap_memory:ce=0
Port [ input_1_1]:  wired=1; compound=1; hidden=0; nouse=0; global=0; static=0; extern=0; dir=0; type=1; pingpong=0; private_global=0; MemPort=[13]; IO mode=ap_memory:ce=0
Port [ output_r]:  wired=1; compound=1; hidden=0; nouse=0; global=0; static=0; extern=0; dir=1; type=1; pingpong=0; private_global=0; MemPort=[30]; IO mode=ap_memory:ce=0
---------------- STG Properties END ------------------

---------------- Datapath Model BEGIN ----------------

<LifeTime>
<method=bitvector/>
ow                  (alloca        ) [ 01100]
oh                  (alloca        ) [ 01100]
indvar_flatten      (alloca        ) [ 01100]
specmemcore_ln0     (specmemcore   ) [ 00000]
specmemcore_ln0     (specmemcore   ) [ 00000]
specmemcore_ln0     (specmemcore   ) [ 00000]
specmemcore_ln0     (specmemcore   ) [ 00000]
specmemcore_ln0     (specmemcore   ) [ 00000]
bound_read          (read          ) [ 01100]
out_width_read      (read          ) [ 01100]
store_ln0           (store         ) [ 00000]
store_ln0           (store         ) [ 00000]
store_ln0           (store         ) [ 00000]
br_ln0              (br            ) [ 00000]
ow_1                (load          ) [ 00000]
indvar_flatten_load (load          ) [ 00000]
zext_ln26           (zext          ) [ 00000]
icmp_ln26           (icmp          ) [ 00000]
icmp_ln25           (icmp          ) [ 01110]
add_ln25_1          (add           ) [ 00000]
br_ln25             (br            ) [ 00000]
oh_load             (load          ) [ 00000]
add_ln25            (add           ) [ 00000]
select_ln25         (select        ) [ 00000]
select_ln25_1       (select        ) [ 00000]
trunc_ln29          (trunc         ) [ 00000]
trunc_ln29_1        (trunc         ) [ 00000]
tmp                 (bitconcatenate) [ 00000]
tmp_3               (bitconcatenate) [ 00000]
trunc_ln29_2        (trunc         ) [ 00000]
trunc_ln29_3        (trunc         ) [ 00000]
add_ln29            (add           ) [ 00000]
zext_ln29           (zext          ) [ 00000]
input_0_0_addr      (getelementptr ) [ 01010]
input_0_1_addr      (getelementptr ) [ 01010]
input_1_0_addr      (getelementptr ) [ 01010]
input_1_1_addr      (getelementptr ) [ 01010]
add_ln38            (add           ) [ 01011]
add_ln26            (add           ) [ 00000]
store_ln26          (store         ) [ 00000]
store_ln26          (store         ) [ 00000]
store_ln26          (store         ) [ 00000]
input_0_0_load      (load          ) [ 00000]
input_0_1_load      (load          ) [ 00000]
input_1_0_load      (load          ) [ 00000]
input_1_1_load      (load          ) [ 00000]
icmp_ln1081         (icmp          ) [ 00000]
select_ln34         (select        ) [ 01001]
icmp_ln1081_1       (icmp          ) [ 00000]
select_ln35         (select        ) [ 01001]
specloopname_ln0    (specloopname  ) [ 00000]
zext_ln38           (zext          ) [ 00000]
output_addr         (getelementptr ) [ 00000]
specpipeline_ln27   (specpipeline  ) [ 00000]
specloopname_ln26   (specloopname  ) [ 00000]
icmp_ln1081_2       (icmp          ) [ 00000]
select_ln38         (select        ) [ 00000]
store_ln38          (store         ) [ 00000]
br_ln26             (br            ) [ 00000]
ret_ln0             (ret           ) [ 00000]
</LifeTime>

<model>

<comp_list>
<comp id="0" class="1000" name="out_width">
<pin_list>
<pin id="1" dir="1" index="0" bw="1" slack="0"/>
</pin_list>
<bind>
<StgValue><ssdm name="out_width"/></StgValue>
</bind>
</comp>

<comp id="2" class="1000" name="bound">
<pin_list>
<pin id="3" dir="1" index="0" bw="1" slack="0"/>
</pin_list>
<bind>
<StgValue><ssdm name="bound"/></StgValue>
</bind>
</comp>

<comp id="4" class="1000" name="input_0_0">
<pin_list>
<pin id="5" dir="1" index="0" bw="1" slack="0"/>
</pin_list>
<bind>
<StgValue><ssdm name="input_0_0"/><MemPortTyVec>1 3 </MemPortTyVec>
</StgValue>
</bind>
</comp>

<comp id="6" class="1000" name="input_0_1">
<pin_list>
<pin id="7" dir="1" index="0" bw="1" slack="0"/>
</pin_list>
<bind>
<StgValue><ssdm name="input_0_1"/><MemPortTyVec>1 3 </MemPortTyVec>
</StgValue>
</bind>
</comp>

<comp id="8" class="1000" name="input_1_0">
<pin_list>
<pin id="9" dir="1" index="0" bw="1" slack="0"/>
</pin_list>
<bind>
<StgValue><ssdm name="input_1_0"/><MemPortTyVec>1 3 </MemPortTyVec>
</StgValue>
</bind>
</comp>

<comp id="10" class="1000" name="input_1_1">
<pin_list>
<pin id="11" dir="1" index="0" bw="1" slack="0"/>
</pin_list>
<bind>
<StgValue><ssdm name="input_1_1"/><MemPortTyVec>1 3 </MemPortTyVec>
</StgValue>
</bind>
</comp>

<comp id="12" class="1000" name="output_r">
<pin_list>
<pin id="13" dir="1" index="0" bw="1" slack="0"/>
</pin_list>
<bind>
<StgValue><ssdm name="output_r"/><MemPortTyVec>3 0 </MemPortTyVec>
</StgValue>
</bind>
</comp>

<comp id="14" class="1001" name="const_14">
<pin_list>
<pin id="15" dir="1" index="0" bw="1" slack="0"/>
</pin_list>
<bind>
<StgValue><ssdm name=""/></StgValue>
</bind>
</comp>

<comp id="16" class="1001" name="const_16">
<pin_list>
<pin id="17" dir="1" index="0" bw="1" slack="2147483647"/>
</pin_list>
<bind>
<StgValue><ssdm name="_ssdm_op_SpecMemCore"/></StgValue>
</bind>
</comp>

<comp id="18" class="1001" name="const_18">
<pin_list>
<pin id="19" dir="1" index="0" bw="1" slack="2147483647"/>
</pin_list>
<bind>
<StgValue><ssdm name=""/></StgValue>
</bind>
</comp>

<comp id="20" class="1001" name="const_20">
<pin_list>
<pin id="21" dir="1" index="0" bw="1" slack="2147483647"/>
</pin_list>
<bind>
<StgValue><ssdm name=""/></StgValue>
</bind>
</comp>

<comp id="22" class="1001" name="const_22">
<pin_list>
<pin id="23" dir="1" index="0" bw="1" slack="2147483647"/>
</pin_list>
<bind>
<StgValue><ssdm name=""/></StgValue>
</bind>
</comp>

<comp id="24" class="1001" name="const_24">
<pin_list>
<pin id="25" dir="1" index="0" bw="1" slack="0"/>
</pin_list>
<bind>
<StgValue><ssdm name="_ssdm_op_Read.ap_auto.i64"/></StgValue>
</bind>
</comp>

<comp id="26" class="1001" name="const_26">
<pin_list>
<pin id="27" dir="1" index="0" bw="1" slack="0"/>
</pin_list>
<bind>
<StgValue><ssdm name="_ssdm_op_Read.ap_auto.i32"/></StgValue>
</bind>
</comp>

<comp id="28" class="1001" name="const_28">
<pin_list>
<pin id="29" dir="1" index="0" bw="1" slack="0"/>
</pin_list>
<bind>
<StgValue><ssdm name=""/></StgValue>
</bind>
</comp>

<comp id="30" class="1001" name="const_30">
<pin_list>
<pin id="31" dir="1" index="0" bw="1" slack="0"/>
</pin_list>
<bind>
<StgValue><ssdm name=""/></StgValue>
</bind>
</comp>

<comp id="32" class="1001" name="const_32">
<pin_list>
<pin id="33" dir="1" index="0" bw="1" slack="0"/>
</pin_list>
<bind>
<StgValue><ssdm name=""/></StgValue>
</bind>
</comp>

<comp id="34" class="1001" name="const_34">
<pin_list>
<pin id="35" dir="1" index="0" bw="1" slack="0"/>
</pin_list>
<bind>
<StgValue><ssdm name=""/></StgValue>
</bind>
</comp>

<comp id="36" class="1001" name="const_36">
<pin_list>
<pin id="37" dir="1" index="0" bw="1" slack="0"/>
</pin_list>
<bind>
<StgValue><ssdm name="_ssdm_op_BitConcatenate.i8.i4.i4"/></StgValue>
</bind>
</comp>

<comp id="38" class="1001" name="const_38">
<pin_list>
<pin id="39" dir="1" index="0" bw="1" slack="0"/>
</pin_list>
<bind>
<StgValue><ssdm name=""/></StgValue>
</bind>
</comp>

<comp id="40" class="1001" name="const_40">
<pin_list>
<pin id="41" dir="1" index="0" bw="1" slack="0"/>
</pin_list>
<bind>
<StgValue><ssdm name="_ssdm_op_BitConcatenate.i10.i5.i5"/></StgValue>
</bind>
</comp>

<comp id="42" class="1001" name="const_42">
<pin_list>
<pin id="43" dir="1" index="0" bw="1" slack="0"/>
</pin_list>
<bind>
<StgValue><ssdm name=""/></StgValue>
</bind>
</comp>

<comp id="44" class="1001" name="const_44">
<pin_list>
<pin id="45" dir="1" index="0" bw="1" slack="0"/>
</pin_list>
<bind>
<StgValue><ssdm name=""/></StgValue>
</bind>
</comp>

<comp id="46" class="1001" name="const_46">
<pin_list>
<pin id="47" dir="1" index="0" bw="1" slack="2147483647"/>
</pin_list>
<bind>
<StgValue><ssdm name="_ssdm_op_SpecLoopName"/></StgValue>
</bind>
</comp>

<comp id="48" class="1001" name="const_48">
<pin_list>
<pin id="49" dir="1" index="0" bw="1" slack="2147483647"/>
</pin_list>
<bind>
<StgValue><ssdm name="POOL_ROW_POOL_COL_str"/></StgValue>
</bind>
</comp>

<comp id="50" class="1001" name="const_50">
<pin_list>
<pin id="51" dir="1" index="0" bw="1" slack="2147483647"/>
</pin_list>
<bind>
<StgValue><ssdm name="_ssdm_op_SpecPipeline"/></StgValue>
</bind>
</comp>

<comp id="52" class="1001" name="const_52">
<pin_list>
<pin id="53" dir="1" index="0" bw="1" slack="2147483647"/>
</pin_list>
<bind>
<StgValue><ssdm name="empty_23"/></StgValue>
</bind>
</comp>

<comp id="54" class="1001" name="const_54">
<pin_list>
<pin id="55" dir="1" index="0" bw="1" slack="2147483647"/>
</pin_list>
<bind>
<StgValue><ssdm name="empty_24"/></StgValue>
</bind>
</comp>

<comp id="56" class="1004" name="ow_fu_56">
<pin_list>
<pin id="57" dir="0" index="0" bw="1" slack="0"/>
<pin id="58" dir="1" index="1" bw="11" slack="0"/>
</pin_list>
<bind>
<opcode="alloca(26) " fcode="alloca"/>
<opset="ow/1 "/>
</bind>
</comp>

<comp id="60" class="1004" name="oh_fu_60">
<pin_list>
<pin id="61" dir="0" index="0" bw="1" slack="0"/>
<pin id="62" dir="1" index="1" bw="32" slack="0"/>
</pin_list>
<bind>
<opcode="alloca(26) " fcode="alloca"/>
<opset="oh/1 "/>
</bind>
</comp>

<comp id="64" class="1004" name="indvar_flatten_fu_64">
<pin_list>
<pin id="65" dir="0" index="0" bw="1" slack="0"/>
<pin id="66" dir="1" index="1" bw="64" slack="0"/>
</pin_list>
<bind>
<opcode="alloca(26) " fcode="alloca"/>
<opset="indvar_flatten/1 "/>
</bind>
</comp>

<comp id="68" class="1004" name="bound_read_read_fu_68">
<pin_list>
<pin id="69" dir="0" index="0" bw="64" slack="0"/>
<pin id="70" dir="0" index="1" bw="64" slack="0"/>
<pin id="71" dir="1" index="2" bw="64" slack="1"/>
</pin_list>
<bind>
<opcode="read(1150) " fcode="read"/>
<opset="bound_read/1 "/>
</bind>
</comp>

<comp id="74" class="1004" name="out_width_read_read_fu_74">
<pin_list>
<pin id="75" dir="0" index="0" bw="32" slack="0"/>
<pin id="76" dir="0" index="1" bw="32" slack="0"/>
<pin id="77" dir="1" index="2" bw="32" slack="1"/>
</pin_list>
<bind>
<opcode="read(1150) " fcode="read"/>
<opset="out_width_read/1 "/>
</bind>
</comp>

<comp id="80" class="1004" name="input_0_0_addr_gep_fu_80">
<pin_list>
<pin id="81" dir="0" index="0" bw="32" slack="0"/>
<pin id="82" dir="0" index="1" bw="1" slack="0"/>
<pin id="83" dir="0" index="2" bw="8" slack="0"/>
<pin id="84" dir="1" index="3" bw="8" slack="0"/>
</pin_list>
<bind>
<opcode="getelementptr(29) " fcode="getelementptr"/>
<opset="input_0_0_addr/2 "/>
</bind>
</comp>

<comp id="87" class="1004" name="input_0_1_addr_gep_fu_87">
<pin_list>
<pin id="88" dir="0" index="0" bw="32" slack="0"/>
<pin id="89" dir="0" index="1" bw="1" slack="0"/>
<pin id="90" dir="0" index="2" bw="8" slack="0"/>
<pin id="91" dir="1" index="3" bw="8" slack="0"/>
</pin_list>
<bind>
<opcode="getelementptr(29) " fcode="getelementptr"/>
<opset="input_0_1_addr/2 "/>
</bind>
</comp>

<comp id="94" class="1004" name="input_1_0_addr_gep_fu_94">
<pin_list>
<pin id="95" dir="0" index="0" bw="32" slack="0"/>
<pin id="96" dir="0" index="1" bw="1" slack="0"/>
<pin id="97" dir="0" index="2" bw="8" slack="0"/>
<pin id="98" dir="1" index="3" bw="8" slack="0"/>
</pin_list>
<bind>
<opcode="getelementptr(29) " fcode="getelementptr"/>
<opset="input_1_0_addr/2 "/>
</bind>
</comp>

<comp id="101" class="1004" name="input_1_1_addr_gep_fu_101">
<pin_list>
<pin id="102" dir="0" index="0" bw="32" slack="0"/>
<pin id="103" dir="0" index="1" bw="1" slack="0"/>
<pin id="104" dir="0" index="2" bw="8" slack="0"/>
<pin id="105" dir="1" index="3" bw="8" slack="0"/>
</pin_list>
<bind>
<opcode="getelementptr(29) " fcode="getelementptr"/>
<opset="input_1_1_addr/2 "/>
</bind>
</comp>

<comp id="108" class="1004" name="grp_access_fu_108">
<pin_list>
<pin id="109" dir="0" index="0" bw="8" slack="0"/>
<pin id="110" dir="0" index="1" bw="32" slack="2147483647"/>
<pin id="111" dir="0" index="2" bw="0" slack="2147483647"/>
<pin id="112" dir="1" index="3" bw="32" slack="0"/>
</pin_list>
<bind>
<opcode="load(27) " fcode="load"/>
<opset="input_0_0_load/2 "/>
</bind>
</comp>

<comp id="114" class="1004" name="grp_access_fu_114">
<pin_list>
<pin id="115" dir="0" index="0" bw="8" slack="0"/>
<pin id="116" dir="0" index="1" bw="32" slack="2147483647"/>
<pin id="117" dir="0" index="2" bw="0" slack="2147483647"/>
<pin id="118" dir="1" index="3" bw="32" slack="0"/>
</pin_list>
<bind>
<opcode="load(27) " fcode="load"/>
<opset="input_0_1_load/2 "/>
</bind>
</comp>

<comp id="120" class="1004" name="grp_access_fu_120">
<pin_list>
<pin id="121" dir="0" index="0" bw="8" slack="0"/>
<pin id="122" dir="0" index="1" bw="32" slack="2147483647"/>
<pin id="123" dir="0" index="2" bw="0" slack="2147483647"/>
<pin id="124" dir="1" index="3" bw="32" slack="0"/>
</pin_list>
<bind>
<opcode="load(27) " fcode="load"/>
<opset="input_1_0_load/2 "/>
</bind>
</comp>

<comp id="126" class="1004" name="grp_access_fu_126">
<pin_list>
<pin id="127" dir="0" index="0" bw="8" slack="0"/>
<pin id="128" dir="0" index="1" bw="32" slack="2147483647"/>
<pin id="129" dir="0" index="2" bw="0" slack="2147483647"/>
<pin id="130" dir="1" index="3" bw="32" slack="0"/>
</pin_list>
<bind>
<opcode="load(27) " fcode="load"/>
<opset="input_1_1_load/2 "/>
</bind>
</comp>

<comp id="132" class="1004" name="output_addr_gep_fu_132">
<pin_list>
<pin id="133" dir="0" index="0" bw="32" slack="0"/>
<pin id="134" dir="0" index="1" bw="1" slack="0"/>
<pin id="135" dir="0" index="2" bw="10" slack="0"/>
<pin id="136" dir="1" index="3" bw="10" slack="0"/>
</pin_list>
<bind>
<opcode="getelementptr(29) " fcode="getelementptr"/>
<opset="output_addr/4 "/>
</bind>
</comp>

<comp id="139" class="1004" name="store_ln38_access_fu_139">
<pin_list>
<pin id="140" dir="0" index="0" bw="10" slack="2147483647"/>
<pin id="141" dir="0" index="1" bw="32" slack="2147483647"/>
<pin id="142" dir="0" index="2" bw="0" slack="0"/>
<pin id="144" dir="0" index="4" bw="10" slack="0"/>
<pin id="145" dir="0" index="5" bw="32" slack="2147483647"/>
<pin id="146" dir="0" index="6" bw="0" slack="2147483647"/>
<pin id="143" dir="1" index="3" bw="32" slack="2147483647"/>
<pin id="147" dir="1" index="7" bw="32" slack="2147483647"/>
</pin_list>
<bind>
<opcode="store(28) " fcode="store"/>
<opset="store_ln38/4 "/>
</bind>
</comp>

<comp id="149" class="1004" name="store_ln0_store_fu_149">
<pin_list>
<pin id="150" dir="0" index="0" bw="1" slack="0"/>
<pin id="151" dir="0" index="1" bw="64" slack="0"/>
<pin id="152" dir="1" index="2" bw="0" slack="2147483647"/>
</pin_list>
<bind>
<opcode="store(28) " fcode="store"/>
<opset="store_ln0/1 "/>
</bind>
</comp>

<comp id="154" class="1004" name="store_ln0_store_fu_154">
<pin_list>
<pin id="155" dir="0" index="0" bw="1" slack="0"/>
<pin id="156" dir="0" index="1" bw="32" slack="0"/>
<pin id="157" dir="1" index="2" bw="0" slack="2147483647"/>
</pin_list>
<bind>
<opcode="store(28) " fcode="store"/>
<opset="store_ln0/1 "/>
</bind>
</comp>

<comp id="159" class="1004" name="store_ln0_store_fu_159">
<pin_list>
<pin id="160" dir="0" index="0" bw="1" slack="0"/>
<pin id="161" dir="0" index="1" bw="11" slack="0"/>
<pin id="162" dir="1" index="2" bw="0" slack="2147483647"/>
</pin_list>
<bind>
<opcode="store(28) " fcode="store"/>
<opset="store_ln0/1 "/>
</bind>
</comp>

<comp id="164" class="1004" name="ow_1_load_fu_164">
<pin_list>
<pin id="165" dir="0" index="0" bw="11" slack="1"/>
<pin id="166" dir="1" index="1" bw="11" slack="0"/>
</pin_list>
<bind>
<opcode="load(27) " fcode="load"/>
<opset="ow_1/2 "/>
</bind>
</comp>

<comp id="167" class="1004" name="indvar_flatten_load_load_fu_167">
<pin_list>
<pin id="168" dir="0" index="0" bw="64" slack="1"/>
<pin id="169" dir="1" index="1" bw="64" slack="0"/>
</pin_list>
<bind>
<opcode="load(27) " fcode="load"/>
<opset="indvar_flatten_load/2 "/>
</bind>
</comp>

<comp id="170" class="1004" name="zext_ln26_fu_170">
<pin_list>
<pin id="171" dir="0" index="0" bw="11" slack="0"/>
<pin id="172" dir="1" index="1" bw="32" slack="0"/>
</pin_list>
<bind>
<opcode="zext(34) " fcode="zext"/>
<opset="zext_ln26/2 "/>
</bind>
</comp>

<comp id="174" class="1004" name="icmp_ln26_fu_174">
<pin_list>
<pin id="175" dir="0" index="0" bw="11" slack="0"/>
<pin id="176" dir="0" index="1" bw="32" slack="1"/>
<pin id="177" dir="1" index="2" bw="1" slack="0"/>
</pin_list>
<bind>
<opcode="icmp(45) " fcode="icmp"/>
<opset="icmp_ln26/2 "/>
</bind>
</comp>

<comp id="179" class="1004" name="icmp_ln25_fu_179">
<pin_list>
<pin id="180" dir="0" index="0" bw="64" slack="0"/>
<pin id="181" dir="0" index="1" bw="64" slack="1"/>
<pin id="182" dir="1" index="2" bw="1" slack="1"/>
</pin_list>
<bind>
<opcode="icmp(45) " fcode="icmp"/>
<opset="icmp_ln25/2 "/>
</bind>
</comp>

<comp id="184" class="1004" name="add_ln25_1_fu_184">
<pin_list>
<pin id="185" dir="0" index="0" bw="64" slack="0"/>
<pin id="186" dir="0" index="1" bw="1" slack="0"/>
<pin id="187" dir="1" index="2" bw="64" slack="0"/>
</pin_list>
<bind>
<opcode="add(8) " fcode="add"/>
<opset="add_ln25_1/2 "/>
</bind>
</comp>

<comp id="190" class="1004" name="oh_load_load_fu_190">
<pin_list>
<pin id="191" dir="0" index="0" bw="32" slack="1"/>
<pin id="192" dir="1" index="1" bw="32" slack="0"/>
</pin_list>
<bind>
<opcode="load(27) " fcode="load"/>
<opset="oh_load/2 "/>
</bind>
</comp>

<comp id="193" class="1004" name="add_ln25_fu_193">
<pin_list>
<pin id="194" dir="0" index="0" bw="32" slack="0"/>
<pin id="195" dir="0" index="1" bw="1" slack="0"/>
<pin id="196" dir="1" index="2" bw="32" slack="0"/>
</pin_list>
<bind>
<opcode="add(8) " fcode="add"/>
<opset="add_ln25/2 "/>
</bind>
</comp>

<comp id="199" class="1004" name="select_ln25_fu_199">
<pin_list>
<pin id="200" dir="0" index="0" bw="1" slack="0"/>
<pin id="201" dir="0" index="1" bw="1" slack="0"/>
<pin id="202" dir="0" index="2" bw="11" slack="0"/>
<pin id="203" dir="1" index="3" bw="11" slack="0"/>
</pin_list>
<bind>
<opcode="select(49) " fcode="select"/>
<opset="select_ln25/2 "/>
</bind>
</comp>

<comp id="207" class="1004" name="select_ln25_1_fu_207">
<pin_list>
<pin id="208" dir="0" index="0" bw="1" slack="0"/>
<pin id="209" dir="0" index="1" bw="32" slack="0"/>
<pin id="210" dir="0" index="2" bw="32" slack="0"/>
<pin id="211" dir="1" index="3" bw="32" slack="0"/>
</pin_list>
<bind>
<opcode="select(49) " fcode="select"/>
<opset="select_ln25_1/2 "/>
</bind>
</comp>

<comp id="215" class="1004" name="trunc_ln29_fu_215">
<pin_list>
<pin id="216" dir="0" index="0" bw="32" slack="0"/>
<pin id="217" dir="1" index="1" bw="5" slack="0"/>
</pin_list>
<bind>
<opcode="trunc(33) " fcode="trunc"/>
<opset="trunc_ln29/2 "/>
</bind>
</comp>

<comp id="219" class="1004" name="trunc_ln29_1_fu_219">
<pin_list>
<pin id="220" dir="0" index="0" bw="32" slack="0"/>
<pin id="221" dir="1" index="1" bw="4" slack="0"/>
</pin_list>
<bind>
<opcode="trunc(33) " fcode="trunc"/>
<opset="trunc_ln29_1/2 "/>
</bind>
</comp>

<comp id="223" class="1004" name="tmp_fu_223">
<pin_list>
<pin id="224" dir="0" index="0" bw="8" slack="0"/>
<pin id="225" dir="0" index="1" bw="4" slack="0"/>
<pin id="226" dir="0" index="2" bw="1" slack="0"/>
<pin id="227" dir="1" index="3" bw="8" slack="0"/>
</pin_list>
<bind>
<opcode="bitconcatenate(1004) " fcode="bitconcatenate"/>
<opset="tmp/2 "/>
</bind>
</comp>

<comp id="231" class="1004" name="tmp_3_fu_231">
<pin_list>
<pin id="232" dir="0" index="0" bw="10" slack="0"/>
<pin id="233" dir="0" index="1" bw="5" slack="0"/>
<pin id="234" dir="0" index="2" bw="1" slack="0"/>
<pin id="235" dir="1" index="3" bw="10" slack="0"/>
</pin_list>
<bind>
<opcode="bitconcatenate(1004) " fcode="bitconcatenate"/>
<opset="tmp_3/2 "/>
</bind>
</comp>

<comp id="239" class="1004" name="trunc_ln29_2_fu_239">
<pin_list>
<pin id="240" dir="0" index="0" bw="11" slack="0"/>
<pin id="241" dir="1" index="1" bw="10" slack="0"/>
</pin_list>
<bind>
<opcode="trunc(33) " fcode="trunc"/>
<opset="trunc_ln29_2/2 "/>
</bind>
</comp>

<comp id="243" class="1004" name="trunc_ln29_3_fu_243">
<pin_list>
<pin id="244" dir="0" index="0" bw="11" slack="0"/>
<pin id="245" dir="1" index="1" bw="8" slack="0"/>
</pin_list>
<bind>
<opcode="trunc(33) " fcode="trunc"/>
<opset="trunc_ln29_3/2 "/>
</bind>
</comp>

<comp id="247" class="1004" name="add_ln29_fu_247">
<pin_list>
<pin id="248" dir="0" index="0" bw="8" slack="0"/>
<pin id="249" dir="0" index="1" bw="8" slack="0"/>
<pin id="250" dir="1" index="2" bw="8" slack="0"/>
</pin_list>
<bind>
<opcode="add(8) " fcode="add"/>
<opset="add_ln29/2 "/>
</bind>
</comp>

<comp id="253" class="1004" name="zext_ln29_fu_253">
<pin_list>
<pin id="254" dir="0" index="0" bw="8" slack="0"/>
<pin id="255" dir="1" index="1" bw="64" slack="0"/>
</pin_list>
<bind>
<opcode="zext(34) " fcode="zext"/>
<opset="zext_ln29/2 "/>
</bind>
</comp>

<comp id="261" class="1004" name="add_ln38_fu_261">
<pin_list>
<pin id="262" dir="0" index="0" bw="10" slack="0"/>
<pin id="263" dir="0" index="1" bw="10" slack="0"/>
<pin id="264" dir="1" index="2" bw="10" slack="2"/>
</pin_list>
<bind>
<opcode="add(8) " fcode="add"/>
<opset="add_ln38/2 "/>
</bind>
</comp>

<comp id="267" class="1004" name="add_ln26_fu_267">
<pin_list>
<pin id="268" dir="0" index="0" bw="11" slack="0"/>
<pin id="269" dir="0" index="1" bw="1" slack="0"/>
<pin id="270" dir="1" index="2" bw="11" slack="0"/>
</pin_list>
<bind>
<opcode="add(8) " fcode="add"/>
<opset="add_ln26/2 "/>
</bind>
</comp>

<comp id="273" class="1004" name="store_ln26_store_fu_273">
<pin_list>
<pin id="274" dir="0" index="0" bw="64" slack="0"/>
<pin id="275" dir="0" index="1" bw="64" slack="1"/>
<pin id="276" dir="1" index="2" bw="0" slack="2147483647"/>
</pin_list>
<bind>
<opcode="store(28) " fcode="store"/>
<opset="store_ln26/2 "/>
</bind>
</comp>

<comp id="278" class="1004" name="store_ln26_store_fu_278">
<pin_list>
<pin id="279" dir="0" index="0" bw="32" slack="0"/>
<pin id="280" dir="0" index="1" bw="32" slack="1"/>
<pin id="281" dir="1" index="2" bw="0" slack="2147483647"/>
</pin_list>
<bind>
<opcode="store(28) " fcode="store"/>
<opset="store_ln26/2 "/>
</bind>
</comp>

<comp id="283" class="1004" name="store_ln26_store_fu_283">
<pin_list>
<pin id="284" dir="0" index="0" bw="11" slack="0"/>
<pin id="285" dir="0" index="1" bw="11" slack="1"/>
<pin id="286" dir="1" index="2" bw="0" slack="2147483647"/>
</pin_list>
<bind>
<opcode="store(28) " fcode="store"/>
<opset="store_ln26/2 "/>
</bind>
</comp>

<comp id="288" class="1004" name="icmp_ln1081_fu_288">
<pin_list>
<pin id="289" dir="0" index="0" bw="32" slack="0"/>
<pin id="290" dir="0" index="1" bw="32" slack="0"/>
<pin id="291" dir="1" index="2" bw="1" slack="0"/>
</pin_list>
<bind>
<opcode="icmp(45) " fcode="icmp"/>
<opset="icmp_ln1081/3 "/>
</bind>
</comp>

<comp id="294" class="1004" name="select_ln34_fu_294">
<pin_list>
<pin id="295" dir="0" index="0" bw="1" slack="0"/>
<pin id="296" dir="0" index="1" bw="32" slack="0"/>
<pin id="297" dir="0" index="2" bw="32" slack="0"/>
<pin id="298" dir="1" index="3" bw="32" slack="1"/>
</pin_list>
<bind>
<opcode="select(49) " fcode="select"/>
<opset="select_ln34/3 "/>
</bind>
</comp>

<comp id="302" class="1004" name="icmp_ln1081_1_fu_302">
<pin_list>
<pin id="303" dir="0" index="0" bw="32" slack="0"/>
<pin id="304" dir="0" index="1" bw="32" slack="0"/>
<pin id="305" dir="1" index="2" bw="1" slack="0"/>
</pin_list>
<bind>
<opcode="icmp(45) " fcode="icmp"/>
<opset="icmp_ln1081_1/3 "/>
</bind>
</comp>

<comp id="308" class="1004" name="select_ln35_fu_308">
<pin_list>
<pin id="309" dir="0" index="0" bw="1" slack="0"/>
<pin id="310" dir="0" index="1" bw="32" slack="0"/>
<pin id="311" dir="0" index="2" bw="32" slack="0"/>
<pin id="312" dir="1" index="3" bw="32" slack="1"/>
</pin_list>
<bind>
<opcode="select(49) " fcode="select"/>
<opset="select_ln35/3 "/>
</bind>
</comp>

<comp id="316" class="1004" name="zext_ln38_fu_316">
<pin_list>
<pin id="317" dir="0" index="0" bw="10" slack="2"/>
<pin id="318" dir="1" index="1" bw="64" slack="0"/>
</pin_list>
<bind>
<opcode="zext(34) " fcode="zext"/>
<opset="zext_ln38/4 "/>
</bind>
</comp>

<comp id="320" class="1004" name="icmp_ln1081_2_fu_320">
<pin_list>
<pin id="321" dir="0" index="0" bw="32" slack="1"/>
<pin id="322" dir="0" index="1" bw="32" slack="1"/>
<pin id="323" dir="1" index="2" bw="1" slack="0"/>
</pin_list>
<bind>
<opcode="icmp(45) " fcode="icmp"/>
<opset="icmp_ln1081_2/4 "/>
</bind>
</comp>

<comp id="324" class="1004" name="select_ln38_fu_324">
<pin_list>
<pin id="325" dir="0" index="0" bw="1" slack="0"/>
<pin id="326" dir="0" index="1" bw="32" slack="1"/>
<pin id="327" dir="0" index="2" bw="32" slack="1"/>
<pin id="328" dir="1" index="3" bw="32" slack="0"/>
</pin_list>
<bind>
<opcode="select(49) " fcode="select"/>
<opset="select_ln38/4 "/>
</bind>
</comp>

<comp id="331" class="1005" name="ow_reg_331">
<pin_list>
<pin id="332" dir="0" index="0" bw="11" slack="0"/>
<pin id="333" dir="1" index="1" bw="11" slack="0"/>
</pin_list>
<bind>
<opset="ow "/>
</bind>
</comp>

<comp id="338" class="1005" name="oh_reg_338">
<pin_list>
<pin id="339" dir="0" index="0" bw="32" slack="0"/>
<pin id="340" dir="1" index="1" bw="32" slack="0"/>
</pin_list>
<bind>
<opset="oh "/>
</bind>
</comp>

<comp id="345" class="1005" name="indvar_flatten_reg_345">
<pin_list>
<pin id="346" dir="0" index="0" bw="64" slack="0"/>
<pin id="347" dir="1" index="1" bw="64" slack="0"/>
</pin_list>
<bind>
<opset="indvar_flatten "/>
</bind>
</comp>

<comp id="352" class="1005" name="bound_read_reg_352">
<pin_list>
<pin id="353" dir="0" index="0" bw="64" slack="1"/>
<pin id="354" dir="1" index="1" bw="64" slack="1"/>
</pin_list>
<bind>
<opset="bound_read "/>
</bind>
</comp>

<comp id="357" class="1005" name="out_width_read_reg_357">
<pin_list>
<pin id="358" dir="0" index="0" bw="32" slack="1"/>
<pin id="359" dir="1" index="1" bw="32" slack="1"/>
</pin_list>
<bind>
<opset="out_width_read "/>
</bind>
</comp>

<comp id="362" class="1005" name="icmp_ln25_reg_362">
<pin_list>
<pin id="363" dir="0" index="0" bw="1" slack="1"/>
<pin id="364" dir="1" index="1" bw="1" slack="2147483647"/>
</pin_list>
<bind>
<opset="icmp_ln25 "/>
</bind>
</comp>

<comp id="366" class="1005" name="input_0_0_addr_reg_366">
<pin_list>
<pin id="367" dir="0" index="0" bw="8" slack="1"/>
<pin id="368" dir="1" index="1" bw="8" slack="1"/>
</pin_list>
<bind>
<opset="input_0_0_addr "/>
</bind>
</comp>

<comp id="371" class="1005" name="input_0_1_addr_reg_371">
<pin_list>
<pin id="372" dir="0" index="0" bw="8" slack="1"/>
<pin id="373" dir="1" index="1" bw="8" slack="1"/>
</pin_list>
<bind>
<opset="input_0_1_addr "/>
</bind>
</comp>

<comp id="376" class="1005" name="input_1_0_addr_reg_376">
<pin_list>
<pin id="377" dir="0" index="0" bw="8" slack="1"/>
<pin id="378" dir="1" index="1" bw="8" slack="1"/>
</pin_list>
<bind>
<opset="input_1_0_addr "/>
</bind>
</comp>

<comp id="381" class="1005" name="input_1_1_addr_reg_381">
<pin_list>
<pin id="382" dir="0" index="0" bw="8" slack="1"/>
<pin id="383" dir="1" index="1" bw="8" slack="1"/>
</pin_list>
<bind>
<opset="input_1_1_addr "/>
</bind>
</comp>

<comp id="386" class="1005" name="add_ln38_reg_386">
<pin_list>
<pin id="387" dir="0" index="0" bw="10" slack="2"/>
<pin id="388" dir="1" index="1" bw="10" slack="2"/>
</pin_list>
<bind>
<opset="add_ln38 "/>
</bind>
</comp>

<comp id="391" class="1005" name="select_ln34_reg_391">
<pin_list>
<pin id="392" dir="0" index="0" bw="32" slack="1"/>
<pin id="393" dir="1" index="1" bw="32" slack="1"/>
</pin_list>
<bind>
<opset="select_ln34 "/>
</bind>
</comp>

<comp id="397" class="1005" name="select_ln35_reg_397">
<pin_list>
<pin id="398" dir="0" index="0" bw="32" slack="1"/>
<pin id="399" dir="1" index="1" bw="32" slack="1"/>
</pin_list>
<bind>
<opset="select_ln35 "/>
</bind>
</comp>

</comp_list>

<net_list>
<net id="59"><net_src comp="14" pin="0"/><net_sink comp="56" pin=0"/></net>

<net id="63"><net_src comp="14" pin="0"/><net_sink comp="60" pin=0"/></net>

<net id="67"><net_src comp="14" pin="0"/><net_sink comp="64" pin=0"/></net>

<net id="72"><net_src comp="24" pin="0"/><net_sink comp="68" pin=0"/></net>

<net id="73"><net_src comp="2" pin="0"/><net_sink comp="68" pin=1"/></net>

<net id="78"><net_src comp="26" pin="0"/><net_sink comp="74" pin=0"/></net>

<net id="79"><net_src comp="0" pin="0"/><net_sink comp="74" pin=1"/></net>

<net id="85"><net_src comp="4" pin="0"/><net_sink comp="80" pin=0"/></net>

<net id="86"><net_src comp="28" pin="0"/><net_sink comp="80" pin=1"/></net>

<net id="92"><net_src comp="6" pin="0"/><net_sink comp="87" pin=0"/></net>

<net id="93"><net_src comp="28" pin="0"/><net_sink comp="87" pin=1"/></net>

<net id="99"><net_src comp="8" pin="0"/><net_sink comp="94" pin=0"/></net>

<net id="100"><net_src comp="28" pin="0"/><net_sink comp="94" pin=1"/></net>

<net id="106"><net_src comp="10" pin="0"/><net_sink comp="101" pin=0"/></net>

<net id="107"><net_src comp="28" pin="0"/><net_sink comp="101" pin=1"/></net>

<net id="113"><net_src comp="80" pin="3"/><net_sink comp="108" pin=0"/></net>

<net id="119"><net_src comp="87" pin="3"/><net_sink comp="114" pin=0"/></net>

<net id="125"><net_src comp="94" pin="3"/><net_sink comp="120" pin=0"/></net>

<net id="131"><net_src comp="101" pin="3"/><net_sink comp="126" pin=0"/></net>

<net id="137"><net_src comp="12" pin="0"/><net_sink comp="132" pin=0"/></net>

<net id="138"><net_src comp="28" pin="0"/><net_sink comp="132" pin=1"/></net>

<net id="148"><net_src comp="132" pin="3"/><net_sink comp="139" pin=2"/></net>

<net id="153"><net_src comp="28" pin="0"/><net_sink comp="149" pin=0"/></net>

<net id="158"><net_src comp="30" pin="0"/><net_sink comp="154" pin=0"/></net>

<net id="163"><net_src comp="32" pin="0"/><net_sink comp="159" pin=0"/></net>

<net id="173"><net_src comp="164" pin="1"/><net_sink comp="170" pin=0"/></net>

<net id="178"><net_src comp="170" pin="1"/><net_sink comp="174" pin=0"/></net>

<net id="183"><net_src comp="167" pin="1"/><net_sink comp="179" pin=0"/></net>

<net id="188"><net_src comp="167" pin="1"/><net_sink comp="184" pin=0"/></net>

<net id="189"><net_src comp="34" pin="0"/><net_sink comp="184" pin=1"/></net>

<net id="197"><net_src comp="190" pin="1"/><net_sink comp="193" pin=0"/></net>

<net id="198"><net_src comp="14" pin="0"/><net_sink comp="193" pin=1"/></net>

<net id="204"><net_src comp="174" pin="2"/><net_sink comp="199" pin=0"/></net>

<net id="205"><net_src comp="32" pin="0"/><net_sink comp="199" pin=1"/></net>

<net id="206"><net_src comp="164" pin="1"/><net_sink comp="199" pin=2"/></net>

<net id="212"><net_src comp="174" pin="2"/><net_sink comp="207" pin=0"/></net>

<net id="213"><net_src comp="193" pin="2"/><net_sink comp="207" pin=1"/></net>

<net id="214"><net_src comp="190" pin="1"/><net_sink comp="207" pin=2"/></net>

<net id="218"><net_src comp="207" pin="3"/><net_sink comp="215" pin=0"/></net>

<net id="222"><net_src comp="207" pin="3"/><net_sink comp="219" pin=0"/></net>

<net id="228"><net_src comp="36" pin="0"/><net_sink comp="223" pin=0"/></net>

<net id="229"><net_src comp="219" pin="1"/><net_sink comp="223" pin=1"/></net>

<net id="230"><net_src comp="38" pin="0"/><net_sink comp="223" pin=2"/></net>

<net id="236"><net_src comp="40" pin="0"/><net_sink comp="231" pin=0"/></net>

<net id="237"><net_src comp="215" pin="1"/><net_sink comp="231" pin=1"/></net>

<net id="238"><net_src comp="42" pin="0"/><net_sink comp="231" pin=2"/></net>

<net id="242"><net_src comp="199" pin="3"/><net_sink comp="239" pin=0"/></net>

<net id="246"><net_src comp="199" pin="3"/><net_sink comp="243" pin=0"/></net>

<net id="251"><net_src comp="223" pin="3"/><net_sink comp="247" pin=0"/></net>

<net id="252"><net_src comp="243" pin="1"/><net_sink comp="247" pin=1"/></net>

<net id="256"><net_src comp="247" pin="2"/><net_sink comp="253" pin=0"/></net>

<net id="257"><net_src comp="253" pin="1"/><net_sink comp="80" pin=2"/></net>

<net id="258"><net_src comp="253" pin="1"/><net_sink comp="87" pin=2"/></net>

<net id="259"><net_src comp="253" pin="1"/><net_sink comp="94" pin=2"/></net>

<net id="260"><net_src comp="253" pin="1"/><net_sink comp="101" pin=2"/></net>

<net id="265"><net_src comp="231" pin="3"/><net_sink comp="261" pin=0"/></net>

<net id="266"><net_src comp="239" pin="1"/><net_sink comp="261" pin=1"/></net>

<net id="271"><net_src comp="199" pin="3"/><net_sink comp="267" pin=0"/></net>

<net id="272"><net_src comp="44" pin="0"/><net_sink comp="267" pin=1"/></net>

<net id="277"><net_src comp="184" pin="2"/><net_sink comp="273" pin=0"/></net>

<net id="282"><net_src comp="207" pin="3"/><net_sink comp="278" pin=0"/></net>

<net id="287"><net_src comp="267" pin="2"/><net_sink comp="283" pin=0"/></net>

<net id="292"><net_src comp="108" pin="3"/><net_sink comp="288" pin=0"/></net>

<net id="293"><net_src comp="114" pin="3"/><net_sink comp="288" pin=1"/></net>

<net id="299"><net_src comp="288" pin="2"/><net_sink comp="294" pin=0"/></net>

<net id="300"><net_src comp="108" pin="3"/><net_sink comp="294" pin=1"/></net>

<net id="301"><net_src comp="114" pin="3"/><net_sink comp="294" pin=2"/></net>

<net id="306"><net_src comp="120" pin="3"/><net_sink comp="302" pin=0"/></net>

<net id="307"><net_src comp="126" pin="3"/><net_sink comp="302" pin=1"/></net>

<net id="313"><net_src comp="302" pin="2"/><net_sink comp="308" pin=0"/></net>

<net id="314"><net_src comp="120" pin="3"/><net_sink comp="308" pin=1"/></net>

<net id="315"><net_src comp="126" pin="3"/><net_sink comp="308" pin=2"/></net>

<net id="319"><net_src comp="316" pin="1"/><net_sink comp="132" pin=2"/></net>

<net id="329"><net_src comp="320" pin="2"/><net_sink comp="324" pin=0"/></net>

<net id="330"><net_src comp="324" pin="3"/><net_sink comp="139" pin=4"/></net>

<net id="334"><net_src comp="56" pin="1"/><net_sink comp="331" pin=0"/></net>

<net id="335"><net_src comp="331" pin="1"/><net_sink comp="159" pin=1"/></net>

<net id="336"><net_src comp="331" pin="1"/><net_sink comp="164" pin=0"/></net>

<net id="337"><net_src comp="331" pin="1"/><net_sink comp="283" pin=1"/></net>

<net id="341"><net_src comp="60" pin="1"/><net_sink comp="338" pin=0"/></net>

<net id="342"><net_src comp="338" pin="1"/><net_sink comp="154" pin=1"/></net>

<net id="343"><net_src comp="338" pin="1"/><net_sink comp="190" pin=0"/></net>

<net id="344"><net_src comp="338" pin="1"/><net_sink comp="278" pin=1"/></net>

<net id="348"><net_src comp="64" pin="1"/><net_sink comp="345" pin=0"/></net>

<net id="349"><net_src comp="345" pin="1"/><net_sink comp="149" pin=1"/></net>

<net id="350"><net_src comp="345" pin="1"/><net_sink comp="167" pin=0"/></net>

<net id="351"><net_src comp="345" pin="1"/><net_sink comp="273" pin=1"/></net>

<net id="355"><net_src comp="68" pin="2"/><net_sink comp="352" pin=0"/></net>

<net id="356"><net_src comp="352" pin="1"/><net_sink comp="179" pin=1"/></net>

<net id="360"><net_src comp="74" pin="2"/><net_sink comp="357" pin=0"/></net>

<net id="361"><net_src comp="357" pin="1"/><net_sink comp="174" pin=1"/></net>

<net id="365"><net_src comp="179" pin="2"/><net_sink comp="362" pin=0"/></net>

<net id="369"><net_src comp="80" pin="3"/><net_sink comp="366" pin=0"/></net>

<net id="370"><net_src comp="366" pin="1"/><net_sink comp="108" pin=0"/></net>

<net id="374"><net_src comp="87" pin="3"/><net_sink comp="371" pin=0"/></net>

<net id="375"><net_src comp="371" pin="1"/><net_sink comp="114" pin=0"/></net>

<net id="379"><net_src comp="94" pin="3"/><net_sink comp="376" pin=0"/></net>

<net id="380"><net_src comp="376" pin="1"/><net_sink comp="120" pin=0"/></net>

<net id="384"><net_src comp="101" pin="3"/><net_sink comp="381" pin=0"/></net>

<net id="385"><net_src comp="381" pin="1"/><net_sink comp="126" pin=0"/></net>

<net id="389"><net_src comp="261" pin="2"/><net_sink comp="386" pin=0"/></net>

<net id="390"><net_src comp="386" pin="1"/><net_sink comp="316" pin=0"/></net>

<net id="394"><net_src comp="294" pin="3"/><net_sink comp="391" pin=0"/></net>

<net id="395"><net_src comp="391" pin="1"/><net_sink comp="320" pin=0"/></net>

<net id="396"><net_src comp="391" pin="1"/><net_sink comp="324" pin=1"/></net>

<net id="400"><net_src comp="308" pin="3"/><net_sink comp="397" pin=0"/></net>

<net id="401"><net_src comp="397" pin="1"/><net_sink comp="320" pin=1"/></net>

<net id="402"><net_src comp="397" pin="1"/><net_sink comp="324" pin=2"/></net>

</net_list>

</model> 
---------------- Datapath Model END ------------------

* FSMD analyzer results:
  - Output states:
	Port: output_r | {4 }
 - Input state : 
	Port: maxpool_2x2_Pipeline_POOL_ROW_POOL_COL : out_width | {1 }
	Port: maxpool_2x2_Pipeline_POOL_ROW_POOL_COL : bound | {1 }
	Port: maxpool_2x2_Pipeline_POOL_ROW_POOL_COL : input_0_0 | {2 3 }
	Port: maxpool_2x2_Pipeline_POOL_ROW_POOL_COL : input_0_1 | {2 3 }
	Port: maxpool_2x2_Pipeline_POOL_ROW_POOL_COL : input_1_0 | {2 3 }
	Port: maxpool_2x2_Pipeline_POOL_ROW_POOL_COL : input_1_1 | {2 3 }
  - Chain level:
	State 1
		store_ln0 : 1
		store_ln0 : 1
		store_ln0 : 1
	State 2
		zext_ln26 : 1
		icmp_ln26 : 2
		icmp_ln25 : 1
		add_ln25_1 : 1
		br_ln25 : 2
		add_ln25 : 1
		select_ln25 : 3
		select_ln25_1 : 3
		trunc_ln29 : 4
		trunc_ln29_1 : 4
		tmp : 5
		tmp_3 : 5
		trunc_ln29_2 : 4
		trunc_ln29_3 : 4
		add_ln29 : 6
		zext_ln29 : 7
		input_0_0_addr : 8
		input_0_1_addr : 8
		input_1_0_addr : 8
		input_1_1_addr : 8
		add_ln38 : 6
		input_0_0_load : 9
		input_0_1_load : 9
		input_1_0_load : 9
		input_1_1_load : 9
		add_ln26 : 4
		store_ln26 : 2
		store_ln26 : 4
		store_ln26 : 5
	State 3
		icmp_ln1081 : 1
		select_ln34 : 2
		icmp_ln1081_1 : 1
		select_ln35 : 2
	State 4
		output_addr : 1
		select_ln38 : 1
		store_ln38 : 2


============================================================
+ Verbose Summary: Datapath Resource usage 
============================================================

* Functional unit list:
|----------|---------------------------|---------|---------|
| Operation|      Functional Unit      |    FF   |   LUT   |
|----------|---------------------------|---------|---------|
|          |     add_ln25_1_fu_184     |    0    |    71   |
|          |      add_ln25_fu_193      |    0    |    39   |
|    add   |      add_ln29_fu_247      |    0    |    15   |
|          |      add_ln38_fu_261      |    0    |    13   |
|          |      add_ln26_fu_267      |    0    |    12   |
|----------|---------------------------|---------|---------|
|          |     select_ln25_fu_199    |    0    |    11   |
|          |    select_ln25_1_fu_207   |    0    |    32   |
|  select  |     select_ln34_fu_294    |    0    |    32   |
|          |     select_ln35_fu_308    |    0    |    32   |
|          |     select_ln38_fu_324    |    0    |    32   |
|----------|---------------------------|---------|---------|
|          |      icmp_ln26_fu_174     |    0    |    18   |
|          |      icmp_ln25_fu_179     |    0    |    29   |
|   icmp   |     icmp_ln1081_fu_288    |    0    |    18   |
|          |    icmp_ln1081_1_fu_302   |    0    |    18   |
|          |    icmp_ln1081_2_fu_320   |    0    |    18   |
|----------|---------------------------|---------|---------|
|   read   |   bound_read_read_fu_68   |    0    |    0    |
|          | out_width_read_read_fu_74 |    0    |    0    |
|----------|---------------------------|---------|---------|
|          |      zext_ln26_fu_170     |    0    |    0    |
|   zext   |      zext_ln29_fu_253     |    0    |    0    |
|          |      zext_ln38_fu_316     |    0    |    0    |
|----------|---------------------------|---------|---------|
|          |     trunc_ln29_fu_215     |    0    |    0    |
|   trunc  |    trunc_ln29_1_fu_219    |    0    |    0    |
|          |    trunc_ln29_2_fu_239    |    0    |    0    |
|          |    trunc_ln29_3_fu_243    |    0    |    0    |
|----------|---------------------------|---------|---------|
|bitconcatenate|         tmp_fu_223        |    0    |    0    |
|          |        tmp_3_fu_231       |    0    |    0    |
|----------|---------------------------|---------|---------|
|   Total  |                           |    0    |   390   |
|----------|---------------------------|---------|---------|

Memories:
N/A

* Register list:
+----------------------+--------+
|                      |   FF   |
+----------------------+--------+
|   add_ln38_reg_386   |   10   |
|  bound_read_reg_352  |   64   |
|   icmp_ln25_reg_362  |    1   |
|indvar_flatten_reg_345|   64   |
|input_0_0_addr_reg_366|    8   |
|input_0_1_addr_reg_371|    8   |
|input_1_0_addr_reg_376|    8   |
|input_1_1_addr_reg_381|    8   |
|      oh_reg_338      |   32   |
|out_width_read_reg_357|   32   |
|      ow_reg_331      |   11   |
|  select_ln34_reg_391 |   32   |
|  select_ln35_reg_397 |   32   |
+----------------------+--------+
|         Total        |   310  |
+----------------------+--------+

* Multiplexer (MUX) list: 
|-------------------|------|------|------|--------||---------||---------|
|        Comp       |  Pin | Size |  BW  | S x BW ||  Delay  ||   LUT   |
|-------------------|------|------|------|--------||---------||---------|
| grp_access_fu_108 |  p0  |   2  |   8  |   16   ||    9    |
| grp_access_fu_114 |  p0  |   2  |   8  |   16   ||    9    |
| grp_access_fu_120 |  p0  |   2  |   8  |   16   ||    9    |
| grp_access_fu_126 |  p0  |   2  |   8  |   16   ||    9    |
|-------------------|------|------|------|--------||---------||---------|
|       Total       |      |      |      |   64   ||  6.352  ||    36   |
|-------------------|------|------|------|--------||---------||---------|



* Summary:
+-----------+--------+--------+--------+
|           |  Delay |   FF   |   LUT  |
+-----------+--------+--------+--------+
|  Function |    -   |    0   |   390  |
|   Memory  |    -   |    -   |    -   |
|Multiplexer|    6   |    -   |   36   |
|  Register |    -   |   310  |    -   |
+-----------+--------+--------+--------+
|   Total   |    6   |   310  |   426  |
+-----------+--------+--------+--------+
