

================================================================
== Vitis HLS Report for 'maxpool_2x2'
================================================================
* Date:           Fri Aug 21 20:16:15 2026

* Version:        2022.1 (Build 3526262 on Mon Apr 18 15:48:16 MDT 2022)
* Project:        cnn_accelerator
* Solution:       solution1 (Vivado IP Flow Target)
* Product family: zynq
* Target device:  xc7z020-clg484-1


================================================================
== Performance Estimates
================================================================
+ Timing: 
    * Summary: 
    +--------+----------+----------+------------+
    |  Clock |  Target  | Estimated| Uncertainty|
    +--------+----------+----------+------------+
    |ap_clk  |  10.00 ns|  8.510 ns|     1.25 ns|
    +--------+----------+----------+------------+

+ Latency: 
    * Summary: 
    +---------+---------+----------+----------+-----+-----+---------+
    |  Latency (cycles) |  Latency (absolute) |  Interval | Pipeline|
    |   min   |   max   |    min   |    max   | min | max |   Type  |
    +---------+---------+----------+----------+-----+-----+---------+
    |        ?|        ?|         ?|         ?|    ?|    ?|       no|
    +---------+---------+----------+----------+-----+-----+---------+

    + Detail: 
        * Instance: 
        +--------------------------------------------------+----------------------------------------+---------+---------+----------+----------+-----+-----+---------+
        |                                                  |                                        |  Latency (cycles) |  Latency (absolute) |  Interval | Pipeline|
        |                     Instance                     |                 Module                 |   min   |   max   |    min   |    max   | min | max |   Type  |
        +--------------------------------------------------+----------------------------------------+---------+---------+----------+----------+-----+-----+---------+
        |grp_maxpool_2x2_Pipeline_POOL_ROW_POOL_COL_fu_48  |maxpool_2x2_Pipeline_POOL_ROW_POOL_COL  |        ?|        ?|         ?|         ?|    ?|    ?|       no|
        +--------------------------------------------------+----------------------------------------+---------+---------+----------+----------+-----+-----+---------+

        * Loop: 
        N/A



================================================================
== Utilization Estimates
================================================================
* Summary: 
+-----------------+---------+-----+--------+-------+-----+
|       Name      | BRAM_18K| DSP |   FF   |  LUT  | URAM|
+-----------------+---------+-----+--------+-------+-----+
|DSP              |        -|    -|       -|      -|    -|
|Expression       |        -|    -|       0|    220|    -|
|FIFO             |        -|    -|       -|      -|    -|
|Instance         |        -|    3|     197|    466|    -|
|Memory           |        -|    -|       -|      -|    -|
|Multiplexer      |        -|    -|       -|     20|    -|
|Register         |        -|    -|     132|      -|    -|
+-----------------+---------+-----+--------+-------+-----+
|Total            |        0|    3|     329|    706|    0|
+-----------------+---------+-----+--------+-------+-----+
|Available        |      280|  220|  106400|  53200|    0|
+-----------------+---------+-----+--------+-------+-----+
|Utilization (%)  |        0|    1|      ~0|      1|    0|
+-----------------+---------+-----+--------+-------+-----+

+ Detail: 
    * Instance: 
    +--------------------------------------------------+----------------------------------------+---------+----+-----+-----+-----+
    |                     Instance                     |                 Module                 | BRAM_18K| DSP|  FF | LUT | URAM|
    +--------------------------------------------------+----------------------------------------+---------+----+-----+-----+-----+
    |grp_maxpool_2x2_Pipeline_POOL_ROW_POOL_COL_fu_48  |maxpool_2x2_Pipeline_POOL_ROW_POOL_COL  |        0|   0|  197|  446|    0|
    |mul_32ns_32ns_64_1_1_U83                          |mul_32ns_32ns_64_1_1                    |        0|   3|    0|   20|    0|
    +--------------------------------------------------+----------------------------------------+---------+----+-----+-----+-----+
    |Total                                             |                                        |        0|   3|  197|  466|    0|
    +--------------------------------------------------+----------------------------------------+---------+----+-----+-----+-----+

    * DSP: 
    N/A

    * Memory: 
    N/A

    * FIFO: 
    N/A

    * Expression: 
    +----------------------+----------+----+---+----+------------+------------+
    |     Variable Name    | Operation| DSP| FF| LUT| Bitwidth P0| Bitwidth P1|
    +----------------------+----------+----+---+----+------------+------------+
    |sub_ln22_1_fu_92_p2   |         -|   0|  0|  39|           1|          32|
    |sub_ln22_fu_72_p2     |         -|   0|  0|  39|           1|          32|
    |sub_ln23_1_fu_148_p2  |         -|   0|  0|  39|           1|          32|
    |sub_ln23_fu_128_p2    |         -|   0|  0|  39|           1|          32|
    |out_height_fu_112_p3  |    select|   0|  0|  32|           1|          32|
    |out_width_fu_168_p3   |    select|   0|  0|  32|           1|          32|
    +----------------------+----------+----+---+----+------------+------------+
    |Total                 |          |   0|  0| 220|           6|         192|
    +----------------------+----------+----+---+----+------------+------------+

    * Multiplexer: 
    +-----------+----+-----------+-----+-----------+
    |    Name   | LUT| Input Size| Bits| Total Bits|
    +-----------+----+-----------+-----+-----------+
    |ap_NS_fsm  |  20|          4|    1|          4|
    +-----------+----+-----------+-----+-----------+
    |Total      |  20|          4|    1|          4|
    +-----------+----+-----------+-----+-----------+

    * Register: 
    +---------------------------------------------------------------+----+----+-----+-----------+
    |                              Name                             | FF | LUT| Bits| Const Bits|
    +---------------------------------------------------------------+----+----+-----+-----------+
    |ap_CS_fsm                                                      |   3|   0|    3|          0|
    |bound_reg_200                                                  |  64|   0|   64|          0|
    |grp_maxpool_2x2_Pipeline_POOL_ROW_POOL_COL_fu_48_ap_start_reg  |   1|   0|    1|          0|
    |out_height_reg_189                                             |  32|   0|   32|          0|
    |out_width_reg_194                                              |  32|   0|   32|          0|
    +---------------------------------------------------------------+----+----+-----+-----------+
    |Total                                                          | 132|   0|  132|          0|
    +---------------------------------------------------------------+----+----+-----+-----------+



================================================================
== Interface
================================================================
* Summary: 
+--------------------+-----+-----+------------+--------------+--------------+
|      RTL Ports     | Dir | Bits|  Protocol  | Source Object|    C Type    |
+--------------------+-----+-----+------------+--------------+--------------+
|ap_clk              |   in|    1|  ap_ctrl_hs|   maxpool_2x2|  return value|
|ap_rst              |   in|    1|  ap_ctrl_hs|   maxpool_2x2|  return value|
|ap_start            |   in|    1|  ap_ctrl_hs|   maxpool_2x2|  return value|
|ap_done             |  out|    1|  ap_ctrl_hs|   maxpool_2x2|  return value|
|ap_idle             |  out|    1|  ap_ctrl_hs|   maxpool_2x2|  return value|
|ap_ready            |  out|    1|  ap_ctrl_hs|   maxpool_2x2|  return value|
|input_0_0_address0  |  out|    8|   ap_memory|     input_0_0|         array|
|input_0_0_ce0       |  out|    1|   ap_memory|     input_0_0|         array|
|input_0_0_q0        |   in|   32|   ap_memory|     input_0_0|         array|
|input_0_1_address0  |  out|    8|   ap_memory|     input_0_1|         array|
|input_0_1_ce0       |  out|    1|   ap_memory|     input_0_1|         array|
|input_0_1_q0        |   in|   32|   ap_memory|     input_0_1|         array|
|input_1_0_address0  |  out|    8|   ap_memory|     input_1_0|         array|
|input_1_0_ce0       |  out|    1|   ap_memory|     input_1_0|         array|
|input_1_0_q0        |   in|   32|   ap_memory|     input_1_0|         array|
|input_1_1_address0  |  out|    8|   ap_memory|     input_1_1|         array|
|input_1_1_ce0       |  out|    1|   ap_memory|     input_1_1|         array|
|input_1_1_q0        |   in|   32|   ap_memory|     input_1_1|         array|
|output_r_address1   |  out|   10|   ap_memory|      output_r|         array|
|output_r_ce1        |  out|    1|   ap_memory|      output_r|         array|
|output_r_we1        |  out|    1|   ap_memory|      output_r|         array|
|output_r_d1         |  out|   32|   ap_memory|      output_r|         array|
|in_height           |   in|   32|     ap_none|     in_height|        scalar|
|in_width            |   in|   32|     ap_none|      in_width|        scalar|
+--------------------+-----+-----+------------+--------------+--------------+

============================================================
+ Verbose Summary: Synthesis Manager
============================================================
InlineROM: 1
ExposeGlobal: 0
============================================================
+ Verbose Summary: CDFG Model
============================================================
IsTopModel: 0
ResetActiveHigh: 1
IsCombinational: 2
IsDatapathOnly: 2
HasWiredReturn: 1
HasMFsm: 0
HasVarLatency: 1
IsPipeline: 0
IsRtlPipelined: 0
IsInstanceOverlapped: 0
IsDontTouch: 0
HasImplIP: 0
IsGatedGlobalClock: 0


============================================================
+ Verbose Summary: Schedule
============================================================
* Number of FSM states : 3
* Pipeline : 0
* Dataflow Pipeline: 0

* FSM state transitions: 
1 --> 2 
2 --> 3 
3 --> 

* FSM state operations: 

State 1 <SV = 0> <Delay = 5.77>
ST_1 : Operation 4 [1/1] (0.00ns)   --->   "%in_width_read = read i32 @_ssdm_op_Read.ap_auto.i32, i32 %in_width" [src/maxpool.cpp:15]   --->   Operation 4 'read' 'in_width_read' <Predicate = true> <Delay = 0.00>
ST_1 : Operation 5 [1/1] (0.00ns)   --->   "%in_height_read = read i32 @_ssdm_op_Read.ap_auto.i32, i32 %in_height" [src/maxpool.cpp:15]   --->   Operation 5 'read' 'in_height_read' <Predicate = true> <Delay = 0.00>
ST_1 : Operation 6 [1/1] (0.00ns)   --->   "%tmp = bitselect i1 @_ssdm_op_BitSelect.i1.i32.i32, i32 %in_height_read, i32 31" [src/maxpool.cpp:22]   --->   Operation 6 'bitselect' 'tmp' <Predicate = true> <Delay = 0.00>
ST_1 : Operation 7 [1/1] (2.55ns)   --->   "%sub_ln22 = sub i32 0, i32 %in_height_read" [src/maxpool.cpp:22]   --->   Operation 7 'sub' 'sub_ln22' <Predicate = true> <Delay = 2.55> <CoreInst = "Adder">   --->   Core 1 'Adder' <Latency = 0> <II = 1> <Delay = 2.55> <FuncUnit> <Opcode : 'add' 'sub'> <InPorts = 2> <OutPorts = 1>
ST_1 : Operation 8 [1/1] (0.00ns)   --->   "%lshr_ln22_1 = partselect i31 @_ssdm_op_PartSelect.i31.i32.i32.i32, i32 %sub_ln22, i32 1, i32 31" [src/maxpool.cpp:22]   --->   Operation 8 'partselect' 'lshr_ln22_1' <Predicate = true> <Delay = 0.00>
ST_1 : Operation 9 [1/1] (0.00ns)   --->   "%zext_ln22 = zext i31 %lshr_ln22_1" [src/maxpool.cpp:22]   --->   Operation 9 'zext' 'zext_ln22' <Predicate = true> <Delay = 0.00>
ST_1 : Operation 10 [1/1] (2.52ns)   --->   "%sub_ln22_1 = sub i32 0, i32 %zext_ln22" [src/maxpool.cpp:22]   --->   Operation 10 'sub' 'sub_ln22_1' <Predicate = true> <Delay = 2.52> <CoreInst = "Adder">   --->   Core 1 'Adder' <Latency = 0> <II = 1> <Delay = 2.55> <FuncUnit> <Opcode : 'add' 'sub'> <InPorts = 2> <OutPorts = 1>
ST_1 : Operation 11 [1/1] (0.00ns)   --->   "%lshr_ln22_2 = partselect i31 @_ssdm_op_PartSelect.i31.i32.i32.i32, i32 %in_height_read, i32 1, i32 31" [src/maxpool.cpp:22]   --->   Operation 11 'partselect' 'lshr_ln22_2' <Predicate = true> <Delay = 0.00>
ST_1 : Operation 12 [1/1] (0.00ns)   --->   "%zext_ln22_1 = zext i31 %lshr_ln22_2" [src/maxpool.cpp:22]   --->   Operation 12 'zext' 'zext_ln22_1' <Predicate = true> <Delay = 0.00>
ST_1 : Operation 13 [1/1] (0.69ns)   --->   "%out_height = select i1 %tmp, i32 %sub_ln22_1, i32 %zext_ln22_1" [src/maxpool.cpp:22]   --->   Operation 13 'select' 'out_height' <Predicate = true> <Delay = 0.69> <CoreInst = "Sel">   --->   Core 73 'Sel' <Latency = 0> <II = 1> <Delay = 0.69> <FuncUnit> <Opcode : 'select'> <InPorts = 3> <OutPorts = 1>
ST_1 : Operation 14 [1/1] (0.00ns)   --->   "%tmp_4 = bitselect i1 @_ssdm_op_BitSelect.i1.i32.i32, i32 %in_width_read, i32 31" [src/maxpool.cpp:23]   --->   Operation 14 'bitselect' 'tmp_4' <Predicate = true> <Delay = 0.00>
ST_1 : Operation 15 [1/1] (2.55ns)   --->   "%sub_ln23 = sub i32 0, i32 %in_width_read" [src/maxpool.cpp:23]   --->   Operation 15 'sub' 'sub_ln23' <Predicate = true> <Delay = 2.55> <CoreInst = "Adder">   --->   Core 1 'Adder' <Latency = 0> <II = 1> <Delay = 2.55> <FuncUnit> <Opcode : 'add' 'sub'> <InPorts = 2> <OutPorts = 1>
ST_1 : Operation 16 [1/1] (0.00ns)   --->   "%lshr_ln23_1 = partselect i31 @_ssdm_op_PartSelect.i31.i32.i32.i32, i32 %sub_ln23, i32 1, i32 31" [src/maxpool.cpp:23]   --->   Operation 16 'partselect' 'lshr_ln23_1' <Predicate = true> <Delay = 0.00>
ST_1 : Operation 17 [1/1] (0.00ns)   --->   "%zext_ln23 = zext i31 %lshr_ln23_1" [src/maxpool.cpp:23]   --->   Operation 17 'zext' 'zext_ln23' <Predicate = true> <Delay = 0.00>
ST_1 : Operation 18 [1/1] (2.52ns)   --->   "%sub_ln23_1 = sub i32 0, i32 %zext_ln23" [src/maxpool.cpp:23]   --->   Operation 18 'sub' 'sub_ln23_1' <Predicate = true> <Delay = 2.52> <CoreInst = "Adder">   --->   Core 1 'Adder' <Latency = 0> <II = 1> <Delay = 2.55> <FuncUnit> <Opcode : 'add' 'sub'> <InPorts = 2> <OutPorts = 1>
ST_1 : Operation 19 [1/1] (0.00ns)   --->   "%lshr_ln23_2 = partselect i31 @_ssdm_op_PartSelect.i31.i32.i32.i32, i32 %in_width_read, i32 1, i32 31" [src/maxpool.cpp:23]   --->   Operation 19 'partselect' 'lshr_ln23_2' <Predicate = true> <Delay = 0.00>
ST_1 : Operation 20 [1/1] (0.00ns)   --->   "%zext_ln23_1 = zext i31 %lshr_ln23_2" [src/maxpool.cpp:23]   --->   Operation 20 'zext' 'zext_ln23_1' <Predicate = true> <Delay = 0.00>
ST_1 : Operation 21 [1/1] (0.69ns)   --->   "%out_width = select i1 %tmp_4, i32 %sub_ln23_1, i32 %zext_ln23_1" [src/maxpool.cpp:23]   --->   Operation 21 'select' 'out_width' <Predicate = true> <Delay = 0.69> <CoreInst = "Sel">   --->   Core 73 'Sel' <Latency = 0> <II = 1> <Delay = 0.69> <FuncUnit> <Opcode : 'select'> <InPorts = 3> <OutPorts = 1>

State 2 <SV = 1> <Delay = 8.51>
ST_2 : Operation 22 [1/1] (0.00ns)   --->   "%cast = zext i32 %out_height" [src/maxpool.cpp:22]   --->   Operation 22 'zext' 'cast' <Predicate = true> <Delay = 0.00>
ST_2 : Operation 23 [1/1] (0.00ns)   --->   "%cast1 = zext i32 %out_width" [src/maxpool.cpp:23]   --->   Operation 23 'zext' 'cast1' <Predicate = true> <Delay = 0.00>
ST_2 : Operation 24 [1/1] (8.51ns)   --->   "%bound = mul i64 %cast, i64 %cast1" [src/maxpool.cpp:22]   --->   Operation 24 'mul' 'bound' <Predicate = true> <Delay = 8.51> <CoreInst = "Multiplier">   --->   Core 3 'Multiplier' <Latency = 0> <II = 1> <Delay = 8.51> <FuncUnit> <Opcode : 'mul'> <InPorts = 2> <OutPorts = 1>
ST_2 : Operation 25 [2/2] (0.00ns)   --->   "%call_ln23 = call void @maxpool_2x2_Pipeline_POOL_ROW_POOL_COL, i32 %out_width, i64 %bound, i32 %input_0_0, i32 %input_0_1, i32 %input_1_0, i32 %input_1_1, i32 %output_r" [src/maxpool.cpp:23]   --->   Operation 25 'call' 'call_ln23' <Predicate = true> <Delay = 0.00> <CoreType = "Generic">   --->   Core 0 '' <Latency = 0> <II = 1> <Delay = 1.00> <Generic> <Opcode : >

State 3 <SV = 2> <Delay = 0.00>
ST_3 : Operation 26 [1/1] (0.00ns)   --->   "%specmemcore_ln0 = specmemcore void @_ssdm_op_SpecMemCore, i32 %output_r, i64 666, i64 22, i64 18446744073709551615"   --->   Operation 26 'specmemcore' 'specmemcore_ln0' <Predicate = true> <Delay = 0.00>
ST_3 : Operation 27 [1/1] (0.00ns)   --->   "%specmemcore_ln0 = specmemcore void @_ssdm_op_SpecMemCore, i32 %input_0_0, i64 666, i64 22, i64 18446744073709551615"   --->   Operation 27 'specmemcore' 'specmemcore_ln0' <Predicate = true> <Delay = 0.00>
ST_3 : Operation 28 [1/1] (0.00ns)   --->   "%specmemcore_ln0 = specmemcore void @_ssdm_op_SpecMemCore, i32 %input_0_1, i64 666, i64 22, i64 18446744073709551615"   --->   Operation 28 'specmemcore' 'specmemcore_ln0' <Predicate = true> <Delay = 0.00>
ST_3 : Operation 29 [1/1] (0.00ns)   --->   "%specmemcore_ln0 = specmemcore void @_ssdm_op_SpecMemCore, i32 %input_1_0, i64 666, i64 22, i64 18446744073709551615"   --->   Operation 29 'specmemcore' 'specmemcore_ln0' <Predicate = true> <Delay = 0.00>
ST_3 : Operation 30 [1/1] (0.00ns)   --->   "%specmemcore_ln0 = specmemcore void @_ssdm_op_SpecMemCore, i32 %input_1_1, i64 666, i64 22, i64 18446744073709551615"   --->   Operation 30 'specmemcore' 'specmemcore_ln0' <Predicate = true> <Delay = 0.00>
ST_3 : Operation 31 [1/2] (0.00ns)   --->   "%call_ln23 = call void @maxpool_2x2_Pipeline_POOL_ROW_POOL_COL, i32 %out_width, i64 %bound, i32 %input_0_0, i32 %input_0_1, i32 %input_1_0, i32 %input_1_1, i32 %output_r" [src/maxpool.cpp:23]   --->   Operation 31 'call' 'call_ln23' <Predicate = true> <Delay = 0.00> <CoreType = "Generic">   --->   Core 0 '' <Latency = 0> <II = 1> <Delay = 1.00> <Generic> <Opcode : >
ST_3 : Operation 32 [1/1] (0.00ns)   --->   "%ret_ln42 = ret" [src/maxpool.cpp:42]   --->   Operation 32 'ret' 'ret_ln42' <Predicate = true> <Delay = 0.00>


============================================================
+ Verbose Summary: Binding
============================================================
STG Binding: 
---------------- STG Properties BEGIN ----------------
- Is combinational: 0
- Is one-state seq: 0
- Is datapath-only: 0
- Is pipelined: 0
- Is top level: 0
Port [ Return ] is wired: 1; IO mode=ap_ctrl_hs:ce=0
Port [ input_0_0]:  wired=1; compound=1; hidden=0; nouse=0; global=0; static=0; extern=0; dir=0; type=1; pingpong=0; private_global=0; MemPort=[13]; IO mode=ap_memory:ce=0
Port [ input_0_1]:  wired=1; compound=1; hidden=0; nouse=0; global=0; static=0; extern=0; dir=0; type=1; pingpong=0; private_global=0; MemPort=[13]; IO mode=ap_memory:ce=0
Port [ input_1_0]:  wired=1; compound=1; hidden=0; nouse=0; global=0; static=0; extern=0; dir=0; type=1; pingpong=0; private_global=0; MemPort=[13]; IO mode=ap_memory:ce=0
Port [ input_1_1]:  wired=1; compound=1; hidden=0; nouse=0; global=0; static=0; extern=0; dir=0; type=1; pingpong=0; private_global=0; MemPort=[13]; IO mode=ap_memory:ce=0
Port [ output_r]:  wired=1; compound=1; hidden=0; nouse=0; global=0; static=0; extern=0; dir=1; type=1; pingpong=0; private_global=0; MemPort=[30]; IO mode=ap_memory:ce=0
Port [ in_height]:  wired=1; compound=0; hidden=0; nouse=0; global=0; static=0; extern=0; dir=0; type=0; pingpong=0; private_global=0; IO mode=ap_none:ce=0
Port [ in_width]:  wired=1; compound=0; hidden=0; nouse=0; global=0; static=0; extern=0; dir=0; type=0; pingpong=0; private_global=0; IO mode=ap_none:ce=0
---------------- STG Properties END ------------------

---------------- Datapath Model BEGIN ----------------

<LifeTime>
<method=bitvector/>
in_width_read   (read       ) [ 0000]
in_height_read  (read       ) [ 0000]
tmp             (bitselect  ) [ 0000]
sub_ln22        (sub        ) [ 0000]
lshr_ln22_1     (partselect ) [ 0000]
zext_ln22       (zext       ) [ 0000]
sub_ln22_1      (sub        ) [ 0000]
lshr_ln22_2     (partselect ) [ 0000]
zext_ln22_1     (zext       ) [ 0000]
out_height      (select     ) [ 0010]
tmp_4           (bitselect  ) [ 0000]
sub_ln23        (sub        ) [ 0000]
lshr_ln23_1     (partselect ) [ 0000]
zext_ln23       (zext       ) [ 0000]
sub_ln23_1      (sub        ) [ 0000]
lshr_ln23_2     (partselect ) [ 0000]
zext_ln23_1     (zext       ) [ 0000]
out_width       (select     ) [ 0011]
cast            (zext       ) [ 0000]
cast1           (zext       ) [ 0000]
bound           (mul        ) [ 0001]
specmemcore_ln0 (specmemcore) [ 0000]
specmemcore_ln0 (specmemcore) [ 0000]
specmemcore_ln0 (specmemcore) [ 0000]
specmemcore_ln0 (specmemcore) [ 0000]
specmemcore_ln0 (specmemcore) [ 0000]
call_ln23       (call       ) [ 0000]
ret_ln42        (ret        ) [ 0000]
</LifeTime>

<model>

<comp_list>
<comp id="0" class="1000" name="input_0_0">
<pin_list>
<pin id="1" dir="1" index="0" bw="1" slack="0"/>
</pin_list>
<bind>
<StgValue><ssdm name="input_0_0"/><MemPortTyVec>1 3 </MemPortTyVec>
</StgValue>
</bind>
</comp>

<comp id="2" class="1000" name="input_0_1">
<pin_list>
<pin id="3" dir="1" index="0" bw="1" slack="0"/>
</pin_list>
<bind>
<StgValue><ssdm name="input_0_1"/><MemPortTyVec>1 3 </MemPortTyVec>
</StgValue>
</bind>
</comp>

<comp id="4" class="1000" name="input_1_0">
<pin_list>
<pin id="5" dir="1" index="0" bw="1" slack="0"/>
</pin_list>
<bind>
<StgValue><ssdm name="input_1_0"/><MemPortTyVec>1 3 </MemPortTyVec>
</StgValue>
</bind>
</comp>

<comp id="6" class="1000" name="input_1_1">
<pin_list>
<pin id="7" dir="1" index="0" bw="1" slack="0"/>
</pin_list>
<bind>
<StgValue><ssdm name="input_1_1"/><MemPortTyVec>1 3 </MemPortTyVec>
</StgValue>
</bind>
</comp>

<comp id="8" class="1000" name="output_r">
<pin_list>
<pin id="9" dir="1" index="0" bw="1" slack="0"/>
</pin_list>
<bind>
<StgValue><ssdm name="output_r"/><MemPortTyVec>3 0 </MemPortTyVec>
</StgValue>
</bind>
</comp>

<comp id="10" class="1000" name="in_height">
<pin_list>
<pin id="11" dir="1" index="0" bw="1" slack="0"/>
</pin_list>
<bind>
<StgValue><ssdm name="in_height"/></StgValue>
</bind>
</comp>

<comp id="12" class="1000" name="in_width">
<pin_list>
<pin id="13" dir="1" index="0" bw="1" slack="0"/>
</pin_list>
<bind>
<StgValue><ssdm name="in_width"/></StgValue>
</bind>
</comp>

<comp id="14" class="1001" name="const_14">
<pin_list>
<pin id="15" dir="1" index="0" bw="1" slack="0"/>
</pin_list>
<bind>
<StgValue><ssdm name="_ssdm_op_Read.ap_auto.i32"/></StgValue>
</bind>
</comp>

<comp id="16" class="1001" name="const_16">
<pin_list>
<pin id="17" dir="1" index="0" bw="1" slack="0"/>
</pin_list>
<bind>
<StgValue><ssdm name="_ssdm_op_BitSelect.i1.i32.i32"/></StgValue>
</bind>
</comp>

<comp id="18" class="1001" name="const_18">
<pin_list>
<pin id="19" dir="1" index="0" bw="1" slack="0"/>
</pin_list>
<bind>
<StgValue><ssdm name=""/></StgValue>
</bind>
</comp>

<comp id="20" class="1001" name="const_20">
<pin_list>
<pin id="21" dir="1" index="0" bw="1" slack="0"/>
</pin_list>
<bind>
<StgValue><ssdm name=""/></StgValue>
</bind>
</comp>

<comp id="22" class="1001" name="const_22">
<pin_list>
<pin id="23" dir="1" index="0" bw="1" slack="0"/>
</pin_list>
<bind>
<StgValue><ssdm name="_ssdm_op_PartSelect.i31.i32.i32.i32"/></StgValue>
</bind>
</comp>

<comp id="24" class="1001" name="const_24">
<pin_list>
<pin id="25" dir="1" index="0" bw="1" slack="0"/>
</pin_list>
<bind>
<StgValue><ssdm name=""/></StgValue>
</bind>
</comp>

<comp id="26" class="1001" name="const_26">
<pin_list>
<pin id="27" dir="1" index="0" bw="1" slack="0"/>
</pin_list>
<bind>
<StgValue><ssdm name="maxpool_2x2_Pipeline_POOL_ROW_POOL_COL"/></StgValue>
</bind>
</comp>

<comp id="28" class="1001" name="const_28">
<pin_list>
<pin id="29" dir="1" index="0" bw="1" slack="2147483647"/>
</pin_list>
<bind>
<StgValue><ssdm name="_ssdm_op_SpecMemCore"/></StgValue>
</bind>
</comp>

<comp id="30" class="1001" name="const_30">
<pin_list>
<pin id="31" dir="1" index="0" bw="1" slack="2147483647"/>
</pin_list>
<bind>
<StgValue><ssdm name=""/></StgValue>
</bind>
</comp>

<comp id="32" class="1001" name="const_32">
<pin_list>
<pin id="33" dir="1" index="0" bw="1" slack="2147483647"/>
</pin_list>
<bind>
<StgValue><ssdm name=""/></StgValue>
</bind>
</comp>

<comp id="34" class="1001" name="const_34">
<pin_list>
<pin id="35" dir="1" index="0" bw="1" slack="2147483647"/>
</pin_list>
<bind>
<StgValue><ssdm name=""/></StgValue>
</bind>
</comp>

<comp id="36" class="1004" name="in_width_read_read_fu_36">
<pin_list>
<pin id="37" dir="0" index="0" bw="32" slack="0"/>
<pin id="38" dir="0" index="1" bw="32" slack="0"/>
<pin id="39" dir="1" index="2" bw="32" slack="0"/>
</pin_list>
<bind>
<opcode="read(1150) " fcode="read"/>
<opset="in_width_read/1 "/>
</bind>
</comp>

<comp id="42" class="1004" name="in_height_read_read_fu_42">
<pin_list>
<pin id="43" dir="0" index="0" bw="32" slack="0"/>
<pin id="44" dir="0" index="1" bw="32" slack="0"/>
<pin id="45" dir="1" index="2" bw="32" slack="0"/>
</pin_list>
<bind>
<opcode="read(1150) " fcode="read"/>
<opset="in_height_read/1 "/>
</bind>
</comp>

<comp id="48" class="1004" name="grp_maxpool_2x2_Pipeline_POOL_ROW_POOL_COL_fu_48">
<pin_list>
<pin id="49" dir="0" index="0" bw="0" slack="0"/>
<pin id="50" dir="0" index="1" bw="32" slack="1"/>
<pin id="51" dir="0" index="2" bw="64" slack="0"/>
<pin id="52" dir="0" index="3" bw="32" slack="0"/>
<pin id="53" dir="0" index="4" bw="32" slack="0"/>
<pin id="54" dir="0" index="5" bw="32" slack="0"/>
<pin id="55" dir="0" index="6" bw="32" slack="0"/>
<pin id="56" dir="0" index="7" bw="32" slack="0"/>
<pin id="57" dir="1" index="8" bw="0" slack="2147483647"/>
</pin_list>
<bind>
<opcode="call(48) " fcode="call"/>
<opset="call_ln23/2 "/>
</bind>
</comp>

<comp id="64" class="1004" name="tmp_fu_64">
<pin_list>
<pin id="65" dir="0" index="0" bw="1" slack="0"/>
<pin id="66" dir="0" index="1" bw="32" slack="0"/>
<pin id="67" dir="0" index="2" bw="6" slack="0"/>
<pin id="68" dir="1" index="3" bw="1" slack="0"/>
</pin_list>
<bind>
<opcode="bitselect(1000) " fcode="bitselect"/>
<opset="tmp/1 "/>
</bind>
</comp>

<comp id="72" class="1004" name="sub_ln22_fu_72">
<pin_list>
<pin id="73" dir="0" index="0" bw="1" slack="0"/>
<pin id="74" dir="0" index="1" bw="32" slack="0"/>
<pin id="75" dir="1" index="2" bw="32" slack="0"/>
</pin_list>
<bind>
<opcode="sub(10) " fcode="sub"/>
<opset="sub_ln22/1 "/>
</bind>
</comp>

<comp id="78" class="1004" name="lshr_ln22_1_fu_78">
<pin_list>
<pin id="79" dir="0" index="0" bw="31" slack="0"/>
<pin id="80" dir="0" index="1" bw="32" slack="0"/>
<pin id="81" dir="0" index="2" bw="1" slack="0"/>
<pin id="82" dir="0" index="3" bw="6" slack="0"/>
<pin id="83" dir="1" index="4" bw="31" slack="0"/>
</pin_list>
<bind>
<opcode="partselect(1002) " fcode="partselect"/>
<opset="lshr_ln22_1/1 "/>
</bind>
</comp>

<comp id="88" class="1004" name="zext_ln22_fu_88">
<pin_list>
<pin id="89" dir="0" index="0" bw="31" slack="0"/>
<pin id="90" dir="1" index="1" bw="32" slack="0"/>
</pin_list>
<bind>
<opcode="zext(34) " fcode="zext"/>
<opset="zext_ln22/1 "/>
</bind>
</comp>

<comp id="92" class="1004" name="sub_ln22_1_fu_92">
<pin_list>
<pin id="93" dir="0" index="0" bw="1" slack="0"/>
<pin id="94" dir="0" index="1" bw="31" slack="0"/>
<pin id="95" dir="1" index="2" bw="32" slack="0"/>
</pin_list>
<bind>
<opcode="sub(10) " fcode="sub"/>
<opset="sub_ln22_1/1 "/>
</bind>
</comp>

<comp id="98" class="1004" name="lshr_ln22_2_fu_98">
<pin_list>
<pin id="99" dir="0" index="0" bw="31" slack="0"/>
<pin id="100" dir="0" index="1" bw="32" slack="0"/>
<pin id="101" dir="0" index="2" bw="1" slack="0"/>
<pin id="102" dir="0" index="3" bw="6" slack="0"/>
<pin id="103" dir="1" index="4" bw="31" slack="0"/>
</pin_list>
<bind>
<opcode="partselect(1002) " fcode="partselect"/>
<opset="lshr_ln22_2/1 "/>
</bind>
</comp>

<comp id="108" class="1004" name="zext_ln22_1_fu_108">
<pin_list>
<pin id="109" dir="0" index="0" bw="31" slack="0"/>
<pin id="110" dir="1" index="1" bw="32" slack="0"/>
</pin_list>
<bind>
<opcode="zext(34) " fcode="zext"/>
<opset="zext_ln22_1/1 "/>
</bind>
</comp>

<comp id="112" class="1004" name="out_height_fu_112">
<pin_list>
<pin id="113" dir="0" index="0" bw="1" slack="0"/>
<pin id="114" dir="0" index="1" bw="32" slack="0"/>
<pin id="115" dir="0" index="2" bw="32" slack="0"/>
<pin id="116" dir="1" index="3" bw="32" slack="1"/>
</pin_list>
<bind>
<opcode="select(49) " fcode="select"/>
<opset="out_height/1 "/>
</bind>
</comp>

<comp id="120" class="1004" name="tmp_4_fu_120">
<pin_list>
<pin id="121" dir="0" index="0" bw="1" slack="0"/>
<pin id="122" dir="0" index="1" bw="32" slack="0"/>
<pin id="123" dir="0" index="2" bw="6" slack="0"/>
<pin id="124" dir="1" index="3" bw="1" slack="0"/>
</pin_list>
<bind>
<opcode="bitselect(1000) " fcode="bitselect"/>
<opset="tmp_4/1 "/>
</bind>
</comp>

<comp id="128" class="1004" name="sub_ln23_fu_128">
<pin_list>
<pin id="129" dir="0" index="0" bw="1" slack="0"/>
<pin id="130" dir="0" index="1" bw="32" slack="0"/>
<pin id="131" dir="1" index="2" bw="32" slack="0"/>
</pin_list>
<bind>
<opcode="sub(10) " fcode="sub"/>
<opset="sub_ln23/1 "/>
</bind>
</comp>

<comp id="134" class="1004" name="lshr_ln23_1_fu_134">
<pin_list>
<pin id="135" dir="0" index="0" bw="31" slack="0"/>
<pin id="136" dir="0" index="1" bw="32" slack="0"/>
<pin id="137" dir="0" index="2" bw="1" slack="0"/>
<pin id="138" dir="0" index="3" bw="6" slack="0"/>
<pin id="139" dir="1" index="4" bw="31" slack="0"/>
</pin_list>
<bind>
<opcode="partselect(1002) " fcode="partselect"/>
<opset="lshr_ln23_1/1 "/>
</bind>
</comp>

<comp id="144" class="1004" name="zext_ln23_fu_144">
<pin_list>
<pin id="145" dir="0" index="0" bw="31" slack="0"/>
<pin id="146" dir="1" index="1" bw="32" slack="0"/>
</pin_list>
<bind>
<opcode="zext(34) " fcode="zext"/>
<opset="zext_ln23/1 "/>
</bind>
</comp>

<comp id="148" class="1004" name="sub_ln23_1_fu_148">
<pin_list>
<pin id="149" dir="0" index="0" bw="1" slack="0"/>
<pin id="150" dir="0" index="1" bw="31" slack="0"/>
<pin id="151" dir="1" index="2" bw="32" slack="0"/>
</pin_list>
<bind>
<opcode="sub(10) " fcode="sub"/>
<opset="sub_ln23_1/1 "/>
</bind>
</comp>

<comp id="154" class="1004" name="lshr_ln23_2_fu_154">
<pin_list>
<pin id="155" dir="0" index="0" bw="31" slack="0"/>
<pin id="156" dir="0" index="1" bw="32" slack="0"/>
<pin id="157" dir="0" index="2" bw="1" slack="0"/>
<pin id="158" dir="0" index="3" bw="6" slack="0"/>
<pin id="159" dir="1" index="4" bw="31" slack="0"/>
</pin_list>
<bind>
<opcode="partselect(1002) " fcode="partselect"/>
<opset="lshr_ln23_2/1 "/>
</bind>
</comp>

<comp id="164" class="1004" name="zext_ln23_1_fu_164">
<pin_list>
<pin id="165" dir="0" index="0" bw="31" slack="0"/>
<pin id="166" dir="1" index="1" bw="32" slack="0"/>
</pin_list>
<bind>
<opcode="zext(34) " fcode="zext"/>
<opset="zext_ln23_1/1 "/>
</bind>
</comp>

<comp id="168" class="1004" name="out_width_fu_168">
<pin_list>
<pin id="169" dir="0" index="0" bw="1" slack="0"/>
<pin id="170" dir="0" index="1" bw="32" slack="0"/>
<pin id="171" dir="0" index="2" bw="32" slack="0"/>
<pin id="172" dir="1" index="3" bw="32" slack="1"/>
</pin_list>
<bind>
<opcode="select(49) " fcode="select"/>
<opset="out_width/1 "/>
</bind>
</comp>

<comp id="176" class="1004" name="cast_fu_176">
<pin_list>
<pin id="177" dir="0" index="0" bw="32" slack="1"/>
<pin id="178" dir="1" index="1" bw="64" slack="0"/>
</pin_list>
<bind>
<opcode="zext(34) " fcode="zext"/>
<opset="cast/2 "/>
</bind>
</comp>

<comp id="179" class="1004" name="cast1_fu_179">
<pin_list>
<pin id="180" dir="0" index="0" bw="32" slack="1"/>
<pin id="181" dir="1" index="1" bw="64" slack="0"/>
</pin_list>
<bind>
<opcode="zext(34) " fcode="zext"/>
<opset="cast1/2 "/>
</bind>
</comp>

<comp id="182" class="1004" name="bound_fu_182">
<pin_list>
<pin id="183" dir="0" index="0" bw="32" slack="0"/>
<pin id="184" dir="0" index="1" bw="32" slack="0"/>
<pin id="185" dir="1" index="2" bw="64" slack="0"/>
</pin_list>
<bind>
<opcode="mul(12) " fcode="mul"/>
<opset="bound/2 "/>
</bind>
</comp>

<comp id="189" class="1005" name="out_height_reg_189">
<pin_list>
<pin id="190" dir="0" index="0" bw="32" slack="1"/>
<pin id="191" dir="1" index="1" bw="32" slack="1"/>
</pin_list>
<bind>
<opset="out_height "/>
</bind>
</comp>

<comp id="194" class="1005" name="out_width_reg_194">
<pin_list>
<pin id="195" dir="0" index="0" bw="32" slack="1"/>
<pin id="196" dir="1" index="1" bw="32" slack="1"/>
</pin_list>
<bind>
<opset="out_width "/>
</bind>
</comp>

<comp id="200" class="1005" name="bound_reg_200">
<pin_list>
<pin id="201" dir="0" index="0" bw="64" slack="1"/>
<pin id="202" dir="1" index="1" bw="64" slack="1"/>
</pin_list>
<bind>
<opset="bound "/>
</bind>
</comp>

</comp_list>

<net_list>
<net id="40"><net_src comp="14" pin="0"/><net_sink comp="36" pin=0"/></net>

<net id="41"><net_src comp="12" pin="0"/><net_sink comp="36" pin=1"/></net>

<net id="46"><net_src comp="14" pin="0"/><net_sink comp="42" pin=0"/></net>

<net id="47"><net_src comp="10" pin="0"/><net_sink comp="42" pin=1"/></net>

<net id="58"><net_src comp="26" pin="0"/><net_sink comp="48" pin=0"/></net>

<net id="59"><net_src comp="0" pin="0"/><net_sink comp="48" pin=3"/></net>

<net id="60"><net_src comp="2" pin="0"/><net_sink comp="48" pin=4"/></net>

<net id="61"><net_src comp="4" pin="0"/><net_sink comp="48" pin=5"/></net>

<net id="62"><net_src comp="6" pin="0"/><net_sink comp="48" pin=6"/></net>

<net id="63"><net_src comp="8" pin="0"/><net_sink comp="48" pin=7"/></net>

<net id="69"><net_src comp="16" pin="0"/><net_sink comp="64" pin=0"/></net>

<net id="70"><net_src comp="42" pin="2"/><net_sink comp="64" pin=1"/></net>

<net id="71"><net_src comp="18" pin="0"/><net_sink comp="64" pin=2"/></net>

<net id="76"><net_src comp="20" pin="0"/><net_sink comp="72" pin=0"/></net>

<net id="77"><net_src comp="42" pin="2"/><net_sink comp="72" pin=1"/></net>

<net id="84"><net_src comp="22" pin="0"/><net_sink comp="78" pin=0"/></net>

<net id="85"><net_src comp="72" pin="2"/><net_sink comp="78" pin=1"/></net>

<net id="86"><net_src comp="24" pin="0"/><net_sink comp="78" pin=2"/></net>

<net id="87"><net_src comp="18" pin="0"/><net_sink comp="78" pin=3"/></net>

<net id="91"><net_src comp="78" pin="4"/><net_sink comp="88" pin=0"/></net>

<net id="96"><net_src comp="20" pin="0"/><net_sink comp="92" pin=0"/></net>

<net id="97"><net_src comp="88" pin="1"/><net_sink comp="92" pin=1"/></net>

<net id="104"><net_src comp="22" pin="0"/><net_sink comp="98" pin=0"/></net>

<net id="105"><net_src comp="42" pin="2"/><net_sink comp="98" pin=1"/></net>

<net id="106"><net_src comp="24" pin="0"/><net_sink comp="98" pin=2"/></net>

<net id="107"><net_src comp="18" pin="0"/><net_sink comp="98" pin=3"/></net>

<net id="111"><net_src comp="98" pin="4"/><net_sink comp="108" pin=0"/></net>

<net id="117"><net_src comp="64" pin="3"/><net_sink comp="112" pin=0"/></net>

<net id="118"><net_src comp="92" pin="2"/><net_sink comp="112" pin=1"/></net>

<net id="119"><net_src comp="108" pin="1"/><net_sink comp="112" pin=2"/></net>

<net id="125"><net_src comp="16" pin="0"/><net_sink comp="120" pin=0"/></net>

<net id="126"><net_src comp="36" pin="2"/><net_sink comp="120" pin=1"/></net>

<net id="127"><net_src comp="18" pin="0"/><net_sink comp="120" pin=2"/></net>

<net id="132"><net_src comp="20" pin="0"/><net_sink comp="128" pin=0"/></net>

<net id="133"><net_src comp="36" pin="2"/><net_sink comp="128" pin=1"/></net>

<net id="140"><net_src comp="22" pin="0"/><net_sink comp="134" pin=0"/></net>

<net id="141"><net_src comp="128" pin="2"/><net_sink comp="134" pin=1"/></net>

<net id="142"><net_src comp="24" pin="0"/><net_sink comp="134" pin=2"/></net>

<net id="143"><net_src comp="18" pin="0"/><net_sink comp="134" pin=3"/></net>

<net id="147"><net_src comp="134" pin="4"/><net_sink comp="144" pin=0"/></net>

<net id="152"><net_src comp="20" pin="0"/><net_sink comp="148" pin=0"/></net>

<net id="153"><net_src comp="144" pin="1"/><net_sink comp="148" pin=1"/></net>

<net id="160"><net_src comp="22" pin="0"/><net_sink comp="154" pin=0"/></net>

<net id="161"><net_src comp="36" pin="2"/><net_sink comp="154" pin=1"/></net>

<net id="162"><net_src comp="24" pin="0"/><net_sink comp="154" pin=2"/></net>

<net id="163"><net_src comp="18" pin="0"/><net_sink comp="154" pin=3"/></net>

<net id="167"><net_src comp="154" pin="4"/><net_sink comp="164" pin=0"/></net>

<net id="173"><net_src comp="120" pin="3"/><net_sink comp="168" pin=0"/></net>

<net id="174"><net_src comp="148" pin="2"/><net_sink comp="168" pin=1"/></net>

<net id="175"><net_src comp="164" pin="1"/><net_sink comp="168" pin=2"/></net>

<net id="186"><net_src comp="176" pin="1"/><net_sink comp="182" pin=0"/></net>

<net id="187"><net_src comp="179" pin="1"/><net_sink comp="182" pin=1"/></net>

<net id="188"><net_src comp="182" pin="2"/><net_sink comp="48" pin=2"/></net>

<net id="192"><net_src comp="112" pin="3"/><net_sink comp="189" pin=0"/></net>

<net id="193"><net_src comp="189" pin="1"/><net_sink comp="176" pin=0"/></net>

<net id="197"><net_src comp="168" pin="3"/><net_sink comp="194" pin=0"/></net>

<net id="198"><net_src comp="194" pin="1"/><net_sink comp="179" pin=0"/></net>

<net id="199"><net_src comp="194" pin="1"/><net_sink comp="48" pin=1"/></net>

<net id="203"><net_src comp="182" pin="2"/><net_sink comp="200" pin=0"/></net>

<net id="204"><net_src comp="200" pin="1"/><net_sink comp="48" pin=2"/></net>

</net_list>

</model> 
---------------- Datapath Model END ------------------

* FSMD analyzer results:
  - Output states:
	Port: output_r | {2 3 }
 - Input state : 
	Port: maxpool_2x2 : input_0_0 | {2 3 }
	Port: maxpool_2x2 : input_0_1 | {2 3 }
	Port: maxpool_2x2 : input_1_0 | {2 3 }
	Port: maxpool_2x2 : input_1_1 | {2 3 }
	Port: maxpool_2x2 : in_height | {1 }
	Port: maxpool_2x2 : in_width | {1 }
  - Chain level:
	State 1
		lshr_ln22_1 : 1
		zext_ln22 : 2
		sub_ln22_1 : 3
		zext_ln22_1 : 1
		out_height : 4
		lshr_ln23_1 : 1
		zext_ln23 : 2
		sub_ln23_1 : 3
		zext_ln23_1 : 1
		out_width : 4
	State 2
		bound : 1
		call_ln23 : 2
	State 3


============================================================
+ Verbose Summary: Datapath Resource usage 
============================================================

* Functional unit list:
|----------|--------------------------------------------------|---------|---------|---------|---------|
| Operation|                  Functional Unit                 |   DSP   |  Delay  |    FF   |   LUT   |
|----------|--------------------------------------------------|---------|---------|---------|---------|
|   call   | grp_maxpool_2x2_Pipeline_POOL_ROW_POOL_COL_fu_48 |    0    |  6.352  |   310   |   426   |
|----------|--------------------------------------------------|---------|---------|---------|---------|
|          |                  sub_ln22_fu_72                  |    0    |    0    |    0    |    39   |
|    sub   |                 sub_ln22_1_fu_92                 |    0    |    0    |    0    |    38   |
|          |                  sub_ln23_fu_128                 |    0    |    0    |    0    |    39   |
|          |                 sub_ln23_1_fu_148                |    0    |    0    |    0    |    38   |
|----------|--------------------------------------------------|---------|---------|---------|---------|
|  select  |                 out_height_fu_112                |    0    |    0    |    0    |    32   |
|          |                 out_width_fu_168                 |    0    |    0    |    0    |    32   |
|----------|--------------------------------------------------|---------|---------|---------|---------|
|    mul   |                   bound_fu_182                   |    3    |    0    |    0    |    20   |
|----------|--------------------------------------------------|---------|---------|---------|---------|
|   read   |             in_width_read_read_fu_36             |    0    |    0    |    0    |    0    |
|          |             in_height_read_read_fu_42            |    0    |    0    |    0    |    0    |
|----------|--------------------------------------------------|---------|---------|---------|---------|
| bitselect|                     tmp_fu_64                    |    0    |    0    |    0    |    0    |
|          |                   tmp_4_fu_120                   |    0    |    0    |    0    |    0    |
|----------|--------------------------------------------------|---------|---------|---------|---------|
|          |                 lshr_ln22_1_fu_78                |    0    |    0    |    0    |    0    |
|partselect|                 lshr_ln22_2_fu_98                |    0    |    0    |    0    |    0    |
|          |                lshr_ln23_1_fu_134                |    0    |    0    |    0    |    0    |
|          |                lshr_ln23_2_fu_154                |    0    |    0    |    0    |    0    |
|----------|--------------------------------------------------|---------|---------|---------|---------|
|          |                  zext_ln22_fu_88                 |    0    |    0    |    0    |    0    |
|          |                zext_ln22_1_fu_108                |    0    |    0    |    0    |    0    |
|   zext   |                 zext_ln23_fu_144                 |    0    |    0    |    0    |    0    |
|          |                zext_ln23_1_fu_164                |    0    |    0    |    0    |    0    |
|          |                    cast_fu_176                   |    0    |    0    |    0    |    0    |
|          |                   cast1_fu_179                   |    0    |    0    |    0    |    0    |
|----------|--------------------------------------------------|---------|---------|---------|---------|
|   Total  |                                                  |    3    |  6.352  |   310   |   664   |
|----------|--------------------------------------------------|---------|---------|---------|---------|

Memories:
N/A

* Register list:
+------------------+--------+
|                  |   FF   |
+------------------+--------+
|   bound_reg_200  |   64   |
|out_height_reg_189|   32   |
| out_width_reg_194|   32   |
+------------------+--------+
|       Total      |   128  |
+------------------+--------+

* Multiplexer (MUX) list: 
|--------------------------------------------------|------|------|------|--------||---------||---------|
|                       Comp                       |  Pin | Size |  BW  | S x BW ||  Delay  ||   LUT   |
|--------------------------------------------------|------|------|------|--------||---------||---------|
| grp_maxpool_2x2_Pipeline_POOL_ROW_POOL_COL_fu_48 |  p2  |   2  |  64  |   128  ||    9    |
|--------------------------------------------------|------|------|------|--------||---------||---------|
|                       Total                      |      |      |      |   128  ||  1.588  ||    9    |
|--------------------------------------------------|------|------|------|--------||---------||---------|



* Summary:
+-----------+--------+--------+--------+--------+
|           |   DSP  |  Delay |   FF   |   LUT  |
+-----------+--------+--------+--------+--------+
|  Function |    3   |    6   |   310  |   664  |
|   Memory  |    -   |    -   |    -   |    -   |
|Multiplexer|    -   |    1   |    -   |    9   |
|  Register |    -   |    -   |   128  |    -   |
+-----------+--------+--------+--------+--------+
|   Total   |    3   |    7   |   438  |   673  |
+-----------+--------+--------+--------+--------+
