

================================================================
== Vitis HLS Report for 'maxpool_2x2'
================================================================
* Date:           Fri Aug 21 20:16:11 2026

* Version:        2022.1 (Build 3526262 on Mon Apr 18 15:48:16 MDT 2022)
* Project:        cnn_accelerator
* Solution:       solution1 (Vivado IP Flow Target)
* Product family: zynq
* Target device:  xc7z020-clg484-1


================================================================
== Performance Estimates
================================================================
+ Timing: 
    * Summary: 
    +--------+----------+----------+------------+
    |  Clock |  Target  | Estimated| Uncertainty|
    +--------+----------+----------+------------+
    |ap_clk  |  10.00 ns|  8.510 ns|     1.25 ns|
    +--------+----------+----------+------------+

+ Latency: 
    * Summary: 
    +---------+---------+----------+----------+-----+-----+---------+
    |  Latency (cycles) |  Latency (absolute) |  Interval | Pipeline|
    |   min   |   max   |    min   |    max   | min | max |   Type  |
    +---------+---------+----------+----------+-----+-----+---------+
    |        ?|        ?|         ?|         ?|    ?|    ?|       no|
    +---------+---------+----------+----------+-----+-----+---------+

    + Detail: 
        * Instance: 
        N/A

        * Loop: 
        N/A

============================================================
+ Verbose Summary: Synthesis Manager
============================================================
InlineROM: 1
ExposeGlobal: 0
============================================================
+ Verbose Summary: CDFG Model
============================================================
IsTopModel: 0
ResetActiveHigh: 1
IsCombinational: 0
IsDatapathOnly: 0
HasWiredReturn: 1
HasMFsm: 0
HasVarLatency: 1
IsPipeline: 0
IsRtlPipelined: 0
IsInstanceOverlapped: 0
IsDontTouch: 0
HasImplIP: 0
IsGatedGlobalClock: 0


============================================================
+ Verbose Summary: Schedule
============================================================
* Number of FSM states : 3
* Pipeline : 0
* Dataflow Pipeline: 0

* FSM state transitions: 
1 --> 2 
2 --> 3 
3 --> 

* FSM state operations: 

State 1 <SV = 0> <Delay = 5.77>
ST_1 : Operation 4 [1/1] (0.00ns)   --->   "%in_width_read = read i32 @_ssdm_op_Read.ap_auto.i32, i32 %in_width" [src/maxpool.cpp:15]   --->   Operation 4 'read' 'in_width_read' <Predicate = true> <Delay = 0.00>
ST_1 : Operation 5 [1/1] (0.00ns)   --->   "%in_height_read = read i32 @_ssdm_op_Read.ap_auto.i32, i32 %in_height" [src/maxpool.cpp:15]   --->   Operation 5 'read' 'in_height_read' <Predicate = true> <Delay = 0.00>
ST_1 : Operation 6 [1/1] (0.00ns)   --->   "%tmp = bitselect i1 @_ssdm_op_BitSelect.i1.i32.i32, i32 %in_height_read, i32 31" [src/maxpool.cpp:22]   --->   Operation 6 'bitselect' 'tmp' <Predicate = true> <Delay = 0.00>
ST_1 : Operation 7 [1/1] (2.55ns)   --->   "%sub_ln22 = sub i32 0, i32 %in_height_read" [src/maxpool.cpp:22]   --->   Operation 7 'sub' 'sub_ln22' <Predicate = true> <Delay = 2.55> <CoreInst = "Adder">   --->   Core 1 'Adder' <Latency = 0> <II = 1> <Delay = 2.55> <FuncUnit> <Opcode : 'add' 'sub'> <InPorts = 2> <OutPorts = 1>
ST_1 : Operation 8 [1/1] (0.00ns)   --->   "%lshr_ln22_1 = partselect i31 @_ssdm_op_PartSelect.i31.i32.i32.i32, i32 %sub_ln22, i32 1, i32 31" [src/maxpool.cpp:22]   --->   Operation 8 'partselect' 'lshr_ln22_1' <Predicate = true> <Delay = 0.00>
ST_1 : Operation 9 [1/1] (0.00ns)   --->   "%zext_ln22 = zext i31 %lshr_ln22_1" [src/maxpool.cpp:22]   --->   Operation 9 'zext' 'zext_ln22' <Predicate = true> <Delay = 0.00>
ST_1 : Operation 10 [1/1] (2.52ns)   --->   "%sub_ln22_1 = sub i32 0, i32 %zext_ln22" [src/maxpool.cpp:22]   --->   Operation 10 'sub' 'sub_ln22_1' <Predicate = true> <Delay = 2.52> <CoreInst = "Adder">   --->   Core 1 'Adder' <Latency = 0> <II = 1> <Delay = 2.52> <FuncUnit> <Opcode : 'add' 'sub'> <InPorts = 2> <OutPorts = 1>
ST_1 : Operation 11 [1/1] (0.00ns)   --->   "%lshr_ln22_2 = partselect i31 @_ssdm_op_PartSelect.i31.i32.i32.i32, i32 %in_height_read, i32 1, i32 31" [src/maxpool.cpp:22]   --->   Operation 11 'partselect' 'lshr_ln22_2' <Predicate = true> <Delay = 0.00>
ST_1 : Operation 12 [1/1] (0.00ns)   --->   "%zext_ln22_1 = zext i31 %lshr_ln22_2" [src/maxpool.cpp:22]   --->   Operation 12 'zext' 'zext_ln22_1' <Predicate = true> <Delay = 0.00>
ST_1 : Operation 13 [1/1] (0.69ns)   --->   "%out_height = select i1 %tmp, i32 %sub_ln22_1, i32 %zext_ln22_1" [src/maxpool.cpp:22]   --->   Operation 13 'select' 'out_height' <Predicate = true> <Delay = 0.69> <CoreInst = "Sel">   --->   Core 73 'Sel' <Latency = 0> <II = 1> <Delay = 0.69> <FuncUnit> <Opcode : 'select'> <InPorts = 3> <OutPorts = 1>
ST_1 : Operation 14 [1/1] (0.00ns)   --->   "%tmp_4 = bitselect i1 @_ssdm_op_BitSelect.i1.i32.i32, i32 %in_width_read, i32 31" [src/maxpool.cpp:23]   --->   Operation 14 'bitselect' 'tmp_4' <Predicate = true> <Delay = 0.00>
ST_1 : Operation 15 [1/1] (2.55ns)   --->   "%sub_ln23 = sub i32 0, i32 %in_width_read" [src/maxpool.cpp:23]   --->   Operation 15 'sub' 'sub_ln23' <Predicate = true> <Delay = 2.55> <CoreInst = "Adder">   --->   Core 1 'Adder' <Latency = 0> <II = 1> <Delay = 2.55> <FuncUnit> <Opcode : 'add' 'sub'> <InPorts = 2> <OutPorts = 1>
ST_1 : Operation 16 [1/1] (0.00ns)   --->   "%lshr_ln23_1 = partselect i31 @_ssdm_op_PartSelect.i31.i32.i32.i32, i32 %sub_ln23, i32 1, i32 31" [src/maxpool.cpp:23]   --->   Operation 16 'partselect' 'lshr_ln23_1' <Predicate = true> <Delay = 0.00>
ST_1 : Operation 17 [1/1] (0.00ns)   --->   "%zext_ln23 = zext i31 %lshr_ln23_1" [src/maxpool.cpp:23]   --->   Operation 17 'zext' 'zext_ln23' <Predicate = true> <Delay = 0.00>
ST_1 : Operation 18 [1/1] (2.52ns)   --->   "%sub_ln23_1 = sub i32 0, i32 %zext_ln23" [src/maxpool.cpp:23]   --->   Operation 18 'sub' 'sub_ln23_1' <Predicate = true> <Delay = 2.52> <CoreInst = "Adder">   --->   Core 1 'Adder' <Latency = 0> <II = 1> <Delay = 2.52> <FuncUnit> <Opcode : 'add' 'sub'> <InPorts = 2> <OutPorts = 1>
ST_1 : Operation 19 [1/1] (0.00ns)   --->   "%lshr_ln23_2 = partselect i31 @_ssdm_op_PartSelect.i31.i32.i32.i32, i32 %in_width_read, i32 1, i32 31" [src/maxpool.cpp:23]   --->   Operation 19 'partselect' 'lshr_ln23_2' <Predicate = true> <Delay = 0.00>
ST_1 : Operation 20 [1/1] (0.00ns)   --->   "%zext_ln23_1 = zext i31 %lshr_ln23_2" [src/maxpool.cpp:23]   --->   Operation 20 'zext' 'zext_ln23_1' <Predicate = true> <Delay = 0.00>
ST_1 : Operation 21 [1/1] (0.69ns)   --->   "%out_width = select i1 %tmp_4, i32 %sub_ln23_1, i32 %zext_ln23_1" [src/maxpool.cpp:23]   --->   Operation 21 'select' 'out_width' <Predicate = true> <Delay = 0.69> <CoreInst = "Sel">   --->   Core 73 'Sel' <Latency = 0> <II = 1> <Delay = 0.69> <FuncUnit> <Opcode : 'select'> <InPorts = 3> <OutPorts = 1>

State 2 <SV = 1> <Delay = 8.51>
ST_2 : Operation 22 [1/1] (0.00ns)   --->   "%cast = zext i32 %out_height" [src/maxpool.cpp:22]   --->   Operation 22 'zext' 'cast' <Predicate = true> <Delay = 0.00>
ST_2 : Operation 23 [1/1] (0.00ns)   --->   "%cast1 = zext i32 %out_width" [src/maxpool.cpp:23]   --->   Operation 23 'zext' 'cast1' <Predicate = true> <Delay = 0.00>
ST_2 : Operation 24 [1/1] (8.51ns)   --->   "%bound = mul i64 %cast, i64 %cast1" [src/maxpool.cpp:22]   --->   Operation 24 'mul' 'bound' <Predicate = true> <Delay = 8.51> <CoreInst = "Multiplier">   --->   Core 3 'Multiplier' <Latency = 0> <II = 1> <Delay = 8.51> <FuncUnit> <Opcode : 'mul'> <InPorts = 2> <OutPorts = 1>
ST_2 : Operation 25 [2/2] (0.00ns)   --->   "%call_ln23 = call void @maxpool_2x2_Pipeline_POOL_ROW_POOL_COL, i32 %out_width, i64 %bound, i32 %input_0_0, i32 %input_0_1, i32 %input_1_0, i32 %input_1_1, i32 %output_r" [src/maxpool.cpp:23]   --->   Operation 25 'call' 'call_ln23' <Predicate = true> <Delay = 0.00> <CoreType = "Generic">   --->   Core 0 '' <Latency = 0> <II = 1> <Delay = 1.00> <Generic> <Opcode : >

State 3 <SV = 2> <Delay = 0.00>
ST_3 : Operation 26 [1/1] (0.00ns)   --->   "%specmemcore_ln0 = specmemcore void @_ssdm_op_SpecMemCore, i32 %output_r, i64 666, i64 22, i64 18446744073709551615"   --->   Operation 26 'specmemcore' 'specmemcore_ln0' <Predicate = true> <Delay = 0.00>
ST_3 : Operation 27 [1/1] (0.00ns)   --->   "%specmemcore_ln0 = specmemcore void @_ssdm_op_SpecMemCore, i32 %input_0_0, i64 666, i64 22, i64 18446744073709551615"   --->   Operation 27 'specmemcore' 'specmemcore_ln0' <Predicate = true> <Delay = 0.00>
ST_3 : Operation 28 [1/1] (0.00ns)   --->   "%specmemcore_ln0 = specmemcore void @_ssdm_op_SpecMemCore, i32 %input_0_1, i64 666, i64 22, i64 18446744073709551615"   --->   Operation 28 'specmemcore' 'specmemcore_ln0' <Predicate = true> <Delay = 0.00>
ST_3 : Operation 29 [1/1] (0.00ns)   --->   "%specmemcore_ln0 = specmemcore void @_ssdm_op_SpecMemCore, i32 %input_1_0, i64 666, i64 22, i64 18446744073709551615"   --->   Operation 29 'specmemcore' 'specmemcore_ln0' <Predicate = true> <Delay = 0.00>
ST_3 : Operation 30 [1/1] (0.00ns)   --->   "%specmemcore_ln0 = specmemcore void @_ssdm_op_SpecMemCore, i32 %input_1_1, i64 666, i64 22, i64 18446744073709551615"   --->   Operation 30 'specmemcore' 'specmemcore_ln0' <Predicate = true> <Delay = 0.00>
ST_3 : Operation 31 [1/2] (0.00ns)   --->   "%call_ln23 = call void @maxpool_2x2_Pipeline_POOL_ROW_POOL_COL, i32 %out_width, i64 %bound, i32 %input_0_0, i32 %input_0_1, i32 %input_1_0, i32 %input_1_1, i32 %output_r" [src/maxpool.cpp:23]   --->   Operation 31 'call' 'call_ln23' <Predicate = true> <Delay = 0.00> <CoreType = "Generic">   --->   Core 0 '' <Latency = 0> <II = 1> <Delay = 1.00> <Generic> <Opcode : >
ST_3 : Operation 32 [1/1] (0.00ns)   --->   "%ret_ln42 = ret" [src/maxpool.cpp:42]   --->   Operation 32 'ret' 'ret_ln42' <Predicate = true> <Delay = 0.00>


============================================================
+ Verbose Summary: Timing violations
============================================================
Target clock period: 10ns, clock uncertainty: 1.25ns.

 <State 1>: 5.77ns
The critical path consists of the following:
	wire read operation ('in_height_read', src/maxpool.cpp:15) on port 'in_height' (src/maxpool.cpp:15) [14]  (0 ns)
	'sub' operation ('sub_ln22', src/maxpool.cpp:22) [16]  (2.55 ns)
	'sub' operation ('sub_ln22_1', src/maxpool.cpp:22) [19]  (2.52 ns)
	'select' operation ('out_height', src/maxpool.cpp:22) [22]  (0.698 ns)

 <State 2>: 8.51ns
The critical path consists of the following:
	'mul' operation ('bound', src/maxpool.cpp:22) [33]  (8.51 ns)

 <State 3>: 0ns
The critical path consists of the following:


============================================================
+ Verbose Summary: Binding
============================================================
N/A
* FSMD analyzer results:
  - Output states:
 - Input state : 
  - Chain level:
	State 1
	State 2
	State 3


============================================================
+ Verbose Summary: Datapath Resource usage 
============================================================
N/A
