

================================================================
== Vitis HLS Report for 'relu_Pipeline_RELU_ROW_RELU_COL'
================================================================
* Date:           Fri Aug 21 20:16:15 2026

* Version:        2022.1 (Build 3526262 on Mon Apr 18 15:48:16 MDT 2022)
* Project:        cnn_accelerator
* Solution:       solution1 (Vivado IP Flow Target)
* Product family: zynq
* Target device:  xc7z020-clg484-1


================================================================
== Performance Estimates
================================================================
+ Timing: 
    * Summary: 
    +--------+----------+----------+------------+
    |  Clock |  Target  | Estimated| Uncertainty|
    +--------+----------+----------+------------+
    |ap_clk  |  10.00 ns|  8.419 ns|     1.25 ns|
    +--------+----------+----------+------------+

+ Latency: 
    * Summary: 
    +---------+---------+----------+----------+-----+-----+---------+
    |  Latency (cycles) |  Latency (absolute) |  Interval | Pipeline|
    |   min   |   max   |    min   |    max   | min | max |   Type  |
    +---------+---------+----------+----------+-----+-----+---------+
    |        ?|        ?|         ?|         ?|    ?|    ?|       no|
    +---------+---------+----------+----------+-----+-----+---------+

    + Detail: 
        * Instance: 
        N/A

        * Loop: 
        +---------------------+---------+---------+----------+-----------+-----------+------+----------+
        |                     |  Latency (cycles) | Iteration|  Initiation Interval  | Trip |          |
        |      Loop Name      |   min   |   max   |  Latency |  achieved |   target  | Count| Pipelined|
        +---------------------+---------+---------+----------+-----------+-----------+------+----------+
        |- RELU_ROW_RELU_COL  |        ?|        ?|         3|          1|          1|     ?|       yes|
        +---------------------+---------+---------+----------+-----------+-----------+------+----------+



================================================================
== Utilization Estimates
================================================================
* Summary: 
+-----------------+---------+-----+--------+-------+-----+
|       Name      | BRAM_18K| DSP |   FF   |  LUT  | URAM|
+-----------------+---------+-----+--------+-------+-----+
|DSP              |        -|    -|       -|      -|    -|
|Expression       |        -|    -|       0|    277|    -|
|FIFO             |        -|    -|       -|      -|    -|
|Instance         |        -|    -|       0|     27|    -|
|Memory           |        -|    -|       -|      -|    -|
|Multiplexer      |        -|    -|       -|     54|    -|
|Register         |        -|    -|     203|      -|    -|
+-----------------+---------+-----+--------+-------+-----+
|Total            |        0|    0|     203|    358|    0|
+-----------------+---------+-----+--------+-------+-----+
|Available        |      280|  220|  106400|  53200|    0|
+-----------------+---------+-----+--------+-------+-----+
|Utilization (%)  |        0|    0|      ~0|     ~0|    0|
+-----------------+---------+-----+--------+-------+-----+

+ Detail: 
    * Instance: 
    +-------------------+---------------+---------+----+---+----+-----+
    |      Instance     |     Module    | BRAM_18K| DSP| FF| LUT| URAM|
    +-------------------+---------------+---------+----+---+----+-----+
    |mux_21_32_1_1_U59  |mux_21_32_1_1  |        0|   0|  0|   9|    0|
    |mux_21_32_1_1_U60  |mux_21_32_1_1  |        0|   0|  0|   9|    0|
    |mux_21_32_1_1_U61  |mux_21_32_1_1  |        0|   0|  0|   9|    0|
    +-------------------+---------------+---------+----+---+----+-----+
    |Total              |               |        0|   0|  0|  27|    0|
    +-------------------+---------------+---------+----+---+----+-----+

    * DSP: 
    N/A

    * Memory: 
    N/A

    * FIFO: 
    N/A

    * Expression: 
    +-------------------------+----------+----+---+----+------------+------------+
    |      Variable Name      | Operation| DSP| FF| LUT| Bitwidth P0| Bitwidth P1|
    +-------------------------+----------+----+---+----+------------+------------+
    |add_ln23_1_fu_179_p2     |         +|   0|  0|  71|          64|           1|
    |add_ln23_fu_191_p2       |         +|   0|  0|  39|          32|           1|
    |add_ln24_fu_268_p2       |         +|   0|  0|  39|          32|           1|
    |add_ln27_fu_254_p2       |         +|   0|  0|  15|           8|           8|
    |icmp_ln23_fu_174_p2      |      icmp|   0|  0|  29|          64|          64|
    |icmp_ln24_fu_197_p2      |      icmp|   0|  0|  18|          32|          32|
    |select_ln23_1_fu_210_p3  |    select|   0|  0|  32|           1|          32|
    |select_ln23_fu_202_p3    |    select|   0|  0|  32|           1|           1|
    |ap_enable_pp0            |       xor|   0|  0|   2|           1|           2|
    +-------------------------+----------+----+---+----+------------+------------+
    |Total                    |          |   0|  0| 277|         235|         142|
    +-------------------------+----------+----+---+----+------------+------------+

    * Multiplexer: 
    +-------------------------+----+-----------+-----+-----------+
    |           Name          | LUT| Input Size| Bits| Total Bits|
    +-------------------------+----+-----------+-----+-----------+
    |ap_done_int              |   9|          2|    1|          2|
    |ap_enable_reg_pp0_iter1  |   9|          2|    1|          2|
    |ap_enable_reg_pp0_iter2  |   9|          2|    1|          2|
    |h_fu_64                  |   9|          2|   32|         64|
    |indvar_flatten_fu_68     |   9|          2|   64|        128|
    |w_fu_60                  |   9|          2|   32|         64|
    +-------------------------+----+-----------+-----+-----------+
    |Total                    |  54|         12|  131|        262|
    +-------------------------+----+-----------+-----+-----------+

    * Register: 
    +--------------------------------------------+----+----+-----+-----------+
    |                    Name                    | FF | LUT| Bits| Const Bits|
    +--------------------------------------------+----+----+-----+-----------+
    |ap_CS_fsm                                   |   1|   0|    1|          0|
    |ap_done_reg                                 |   1|   0|    1|          0|
    |ap_enable_reg_pp0_iter1                     |   1|   0|    1|          0|
    |ap_enable_reg_pp0_iter2                     |   1|   0|    1|          0|
    |ap_enable_reg_pp0_iter3                     |   1|   0|    1|          0|
    |ap_loop_exit_ready_pp0_iter2_reg            |   1|   0|    1|          0|
    |feature_map_0_0_addr_reg_370                |   8|   0|    8|          0|
    |feature_map_0_0_addr_reg_370_pp0_iter2_reg  |   8|   0|    8|          0|
    |feature_map_0_1_addr_reg_376                |   8|   0|    8|          0|
    |feature_map_0_1_addr_reg_376_pp0_iter2_reg  |   8|   0|    8|          0|
    |feature_map_1_0_addr_reg_382                |   8|   0|    8|          0|
    |feature_map_1_0_addr_reg_382_pp0_iter2_reg  |   8|   0|    8|          0|
    |feature_map_1_1_addr_reg_388                |   8|   0|    8|          0|
    |feature_map_1_1_addr_reg_388_pp0_iter2_reg  |   8|   0|    8|          0|
    |h_fu_64                                     |  32|   0|   32|          0|
    |indvar_flatten_fu_68                        |  64|   0|   64|          0|
    |tmp_3_reg_394                               |   1|   0|    1|          0|
    |trunc_ln23_reg_359                          |   1|   0|    1|          0|
    |trunc_ln23_reg_359_pp0_iter2_reg            |   1|   0|    1|          0|
    |trunc_ln24_reg_364                          |   1|   0|    1|          0|
    |trunc_ln24_reg_364_pp0_iter2_reg            |   1|   0|    1|          0|
    |w_fu_60                                     |  32|   0|   32|          0|
    +--------------------------------------------+----+----+-----+-----------+
    |Total                                       | 203|   0|  203|          0|
    +--------------------------------------------+----+----+-----+-----------+



================================================================
== Interface
================================================================
* Summary: 
+--------------------------+-----+-----+------------+---------------------------------+--------------+
|         RTL Ports        | Dir | Bits|  Protocol  |          Source Object          |    C Type    |
+--------------------------+-----+-----+------------+---------------------------------+--------------+
|ap_clk                    |   in|    1|  ap_ctrl_hs|  relu_Pipeline_RELU_ROW_RELU_COL|  return value|
|ap_rst                    |   in|    1|  ap_ctrl_hs|  relu_Pipeline_RELU_ROW_RELU_COL|  return value|
|ap_start                  |   in|    1|  ap_ctrl_hs|  relu_Pipeline_RELU_ROW_RELU_COL|  return value|
|ap_done                   |  out|    1|  ap_ctrl_hs|  relu_Pipeline_RELU_ROW_RELU_COL|  return value|
|ap_idle                   |  out|    1|  ap_ctrl_hs|  relu_Pipeline_RELU_ROW_RELU_COL|  return value|
|ap_ready                  |  out|    1|  ap_ctrl_hs|  relu_Pipeline_RELU_ROW_RELU_COL|  return value|
|bound                     |   in|   64|     ap_none|                            bound|        scalar|
|width                     |   in|   32|     ap_none|                            width|        scalar|
|feature_map_1_1_address0  |  out|    8|   ap_memory|                  feature_map_1_1|         array|
|feature_map_1_1_ce0       |  out|    1|   ap_memory|                  feature_map_1_1|         array|
|feature_map_1_1_q0        |   in|   32|   ap_memory|                  feature_map_1_1|         array|
|feature_map_1_1_address1  |  out|    8|   ap_memory|                  feature_map_1_1|         array|
|feature_map_1_1_ce1       |  out|    1|   ap_memory|                  feature_map_1_1|         array|
|feature_map_1_1_we1       |  out|    1|   ap_memory|                  feature_map_1_1|         array|
|feature_map_1_1_d1        |  out|   32|   ap_memory|                  feature_map_1_1|         array|
|feature_map_1_0_address0  |  out|    8|   ap_memory|                  feature_map_1_0|         array|
|feature_map_1_0_ce0       |  out|    1|   ap_memory|                  feature_map_1_0|         array|
|feature_map_1_0_q0        |   in|   32|   ap_memory|                  feature_map_1_0|         array|
|feature_map_1_0_address1  |  out|    8|   ap_memory|                  feature_map_1_0|         array|
|feature_map_1_0_ce1       |  out|    1|   ap_memory|                  feature_map_1_0|         array|
|feature_map_1_0_we1       |  out|    1|   ap_memory|                  feature_map_1_0|         array|
|feature_map_1_0_d1        |  out|   32|   ap_memory|                  feature_map_1_0|         array|
|feature_map_0_1_address0  |  out|    8|   ap_memory|                  feature_map_0_1|         array|
|feature_map_0_1_ce0       |  out|    1|   ap_memory|                  feature_map_0_1|         array|
|feature_map_0_1_q0        |   in|   32|   ap_memory|                  feature_map_0_1|         array|
|feature_map_0_1_address1  |  out|    8|   ap_memory|                  feature_map_0_1|         array|
|feature_map_0_1_ce1       |  out|    1|   ap_memory|                  feature_map_0_1|         array|
|feature_map_0_1_we1       |  out|    1|   ap_memory|                  feature_map_0_1|         array|
|feature_map_0_1_d1        |  out|   32|   ap_memory|                  feature_map_0_1|         array|
|feature_map_0_0_address0  |  out|    8|   ap_memory|                  feature_map_0_0|         array|
|feature_map_0_0_ce0       |  out|    1|   ap_memory|                  feature_map_0_0|         array|
|feature_map_0_0_q0        |   in|   32|   ap_memory|                  feature_map_0_0|         array|
|feature_map_0_0_address1  |  out|    8|   ap_memory|                  feature_map_0_0|         array|
|feature_map_0_0_ce1       |  out|    1|   ap_memory|                  feature_map_0_0|         array|
|feature_map_0_0_we1       |  out|    1|   ap_memory|                  feature_map_0_0|         array|
|feature_map_0_0_d1        |  out|   32|   ap_memory|                  feature_map_0_0|         array|
+--------------------------+-----+-----+------------+---------------------------------+--------------+

============================================================
+ Verbose Summary: Synthesis Manager
============================================================
InlineROM: 1
ExposeGlobal: 0
============================================================
+ Verbose Summary: CDFG Model
============================================================
IsTopModel: 0
ResetActiveHigh: 1
IsCombinational: 2
IsDatapathOnly: 2
HasWiredReturn: 1
HasMFsm: 2
HasVarLatency: 1
IsPipeline: 0
IsRtlPipelined: 0
IsInstanceOverlapped: 0
IsDontTouch: 0
HasImplIP: 0
IsGatedGlobalClock: 0

+ Individual pipeline summary: 
  * Pipeline-0: initiation interval (II) = 1, depth = 4


============================================================
+ Verbose Summary: Schedule
============================================================
* Number of FSM states : 4
* Pipeline : 1
  Pipeline-0 : II = 1, D = 4, States = { 1 2 3 4 }
* Dataflow Pipeline: 0

* FSM state transitions: 
1 --> 2 
2 --> 3 
3 --> 4 
4 --> 

* FSM state operations: 

State 1 <SV = 0> <Delay = 1.58>
ST_1 : Operation 6 [1/1] (0.00ns)   --->   "%w = alloca i32 1"   --->   Operation 6 'alloca' 'w' <Predicate = true> <Delay = 0.00>
ST_1 : Operation 7 [1/1] (0.00ns)   --->   "%h = alloca i32 1"   --->   Operation 7 'alloca' 'h' <Predicate = true> <Delay = 0.00>
ST_1 : Operation 8 [1/1] (0.00ns)   --->   "%indvar_flatten = alloca i32 1"   --->   Operation 8 'alloca' 'indvar_flatten' <Predicate = true> <Delay = 0.00>
ST_1 : Operation 9 [1/1] (0.00ns)   --->   "%specmemcore_ln0 = specmemcore void @_ssdm_op_SpecMemCore, i32 %feature_map_1_1, i64 666, i64 22, i64 18446744073709551615"   --->   Operation 9 'specmemcore' 'specmemcore_ln0' <Predicate = true> <Delay = 0.00>
ST_1 : Operation 10 [1/1] (0.00ns)   --->   "%specmemcore_ln0 = specmemcore void @_ssdm_op_SpecMemCore, i32 %feature_map_1_0, i64 666, i64 22, i64 18446744073709551615"   --->   Operation 10 'specmemcore' 'specmemcore_ln0' <Predicate = true> <Delay = 0.00>
ST_1 : Operation 11 [1/1] (0.00ns)   --->   "%specmemcore_ln0 = specmemcore void @_ssdm_op_SpecMemCore, i32 %feature_map_0_1, i64 666, i64 22, i64 18446744073709551615"   --->   Operation 11 'specmemcore' 'specmemcore_ln0' <Predicate = true> <Delay = 0.00>
ST_1 : Operation 12 [1/1] (0.00ns)   --->   "%specmemcore_ln0 = specmemcore void @_ssdm_op_SpecMemCore, i32 %feature_map_0_0, i64 666, i64 22, i64 18446744073709551615"   --->   Operation 12 'specmemcore' 'specmemcore_ln0' <Predicate = true> <Delay = 0.00>
ST_1 : Operation 13 [1/1] (0.00ns)   --->   "%width_read = read i32 @_ssdm_op_Read.ap_auto.i32, i32 %width"   --->   Operation 13 'read' 'width_read' <Predicate = true> <Delay = 0.00>
ST_1 : Operation 14 [1/1] (0.00ns)   --->   "%bound_read = read i64 @_ssdm_op_Read.ap_auto.i64, i64 %bound"   --->   Operation 14 'read' 'bound_read' <Predicate = true> <Delay = 0.00>
ST_1 : Operation 15 [1/1] (1.58ns)   --->   "%store_ln0 = store i64 0, i64 %indvar_flatten"   --->   Operation 15 'store' 'store_ln0' <Predicate = true> <Delay = 1.58>
ST_1 : Operation 16 [1/1] (1.58ns)   --->   "%store_ln0 = store i32 0, i32 %h"   --->   Operation 16 'store' 'store_ln0' <Predicate = true> <Delay = 1.58>
ST_1 : Operation 17 [1/1] (1.58ns)   --->   "%store_ln0 = store i32 0, i32 %w"   --->   Operation 17 'store' 'store_ln0' <Predicate = true> <Delay = 1.58>
ST_1 : Operation 18 [1/1] (0.00ns)   --->   "%br_ln0 = br void %for.body4"   --->   Operation 18 'br' 'br_ln0' <Predicate = true> <Delay = 0.00>

State 2 <SV = 1> <Delay = 8.41>
ST_2 : Operation 19 [1/1] (0.00ns)   --->   "%indvar_flatten_load = load i64 %indvar_flatten" [src/relu.cpp:23]   --->   Operation 19 'load' 'indvar_flatten_load' <Predicate = true> <Delay = 0.00>
ST_2 : Operation 20 [1/1] (2.77ns)   --->   "%icmp_ln23 = icmp_eq  i64 %indvar_flatten_load, i64 %bound_read" [src/relu.cpp:23]   --->   Operation 20 'icmp' 'icmp_ln23' <Predicate = true> <Delay = 2.77> <CoreInst = "Cmp">   --->   Core 9 'Cmp' <Latency = 0> <II = 1> <Delay = 2.77> <FuncUnit> <Opcode : 'icmp'> <InPorts = 2> <OutPorts = 1>
ST_2 : Operation 21 [1/1] (3.52ns)   --->   "%add_ln23_1 = add i64 %indvar_flatten_load, i64 1" [src/relu.cpp:23]   --->   Operation 21 'add' 'add_ln23_1' <Predicate = true> <Delay = 3.52> <CoreInst = "Adder">   --->   Core 1 'Adder' <Latency = 0> <II = 1> <Delay = 3.52> <FuncUnit> <Opcode : 'add' 'sub'> <InPorts = 2> <OutPorts = 1>
ST_2 : Operation 22 [1/1] (0.00ns)   --->   "%br_ln23 = br i1 %icmp_ln23, void %for.inc11.loopexit, void %for.end13.loopexit.exitStub" [src/relu.cpp:23]   --->   Operation 22 'br' 'br_ln23' <Predicate = true> <Delay = 0.00>
ST_2 : Operation 23 [1/1] (0.00ns)   --->   "%w_load = load i32 %w" [src/relu.cpp:24]   --->   Operation 23 'load' 'w_load' <Predicate = (!icmp_ln23)> <Delay = 0.00>
ST_2 : Operation 24 [1/1] (0.00ns)   --->   "%h_load = load i32 %h" [src/relu.cpp:23]   --->   Operation 24 'load' 'h_load' <Predicate = (!icmp_ln23)> <Delay = 0.00>
ST_2 : Operation 25 [1/1] (2.55ns)   --->   "%add_ln23 = add i32 %h_load, i32 1" [src/relu.cpp:23]   --->   Operation 25 'add' 'add_ln23' <Predicate = (!icmp_ln23)> <Delay = 2.55> <CoreInst = "Adder">   --->   Core 1 'Adder' <Latency = 0> <II = 1> <Delay = 2.55> <FuncUnit> <Opcode : 'add' 'sub'> <InPorts = 2> <OutPorts = 1>
ST_2 : Operation 26 [1/1] (2.47ns)   --->   "%icmp_ln24 = icmp_eq  i32 %w_load, i32 %width_read" [src/relu.cpp:24]   --->   Operation 26 'icmp' 'icmp_ln24' <Predicate = (!icmp_ln23)> <Delay = 2.47> <CoreInst = "Cmp">   --->   Core 9 'Cmp' <Latency = 0> <II = 1> <Delay = 2.47> <FuncUnit> <Opcode : 'icmp'> <InPorts = 2> <OutPorts = 1>
ST_2 : Operation 27 [1/1] (0.69ns)   --->   "%select_ln23 = select i1 %icmp_ln24, i32 0, i32 %w_load" [src/relu.cpp:23]   --->   Operation 27 'select' 'select_ln23' <Predicate = (!icmp_ln23)> <Delay = 0.69> <CoreInst = "Sel">   --->   Core 73 'Sel' <Latency = 0> <II = 1> <Delay = 0.69> <FuncUnit> <Opcode : 'select'> <InPorts = 3> <OutPorts = 1>
ST_2 : Operation 28 [1/1] (0.69ns)   --->   "%select_ln23_1 = select i1 %icmp_ln24, i32 %add_ln23, i32 %h_load" [src/relu.cpp:23]   --->   Operation 28 'select' 'select_ln23_1' <Predicate = (!icmp_ln23)> <Delay = 0.69> <CoreInst = "Sel">   --->   Core 73 'Sel' <Latency = 0> <II = 1> <Delay = 0.69> <FuncUnit> <Opcode : 'select'> <InPorts = 3> <OutPorts = 1>
ST_2 : Operation 29 [1/1] (0.00ns)   --->   "%trunc_ln23 = trunc i32 %select_ln23_1" [src/relu.cpp:23]   --->   Operation 29 'trunc' 'trunc_ln23' <Predicate = (!icmp_ln23)> <Delay = 0.00>
ST_2 : Operation 30 [1/1] (0.00ns)   --->   "%zext_ln30_mid2_v = partselect i4 @_ssdm_op_PartSelect.i4.i32.i32.i32, i32 %select_ln23_1, i32 1, i32 4" [src/relu.cpp:23]   --->   Operation 30 'partselect' 'zext_ln30_mid2_v' <Predicate = (!icmp_ln23)> <Delay = 0.00>
ST_2 : Operation 31 [1/1] (0.00ns)   --->   "%tmp_2 = bitconcatenate i8 @_ssdm_op_BitConcatenate.i8.i4.i4, i4 %zext_ln30_mid2_v, i4 0" [src/relu.cpp:27]   --->   Operation 31 'bitconcatenate' 'tmp_2' <Predicate = (!icmp_ln23)> <Delay = 0.00>
ST_2 : Operation 32 [1/1] (0.00ns)   --->   "%trunc_ln24 = trunc i32 %select_ln23" [src/relu.cpp:24]   --->   Operation 32 'trunc' 'trunc_ln24' <Predicate = (!icmp_ln23)> <Delay = 0.00>
ST_2 : Operation 33 [1/1] (0.00ns)   --->   "%lshr_ln27_1 = partselect i8 @_ssdm_op_PartSelect.i8.i32.i32.i32, i32 %select_ln23, i32 1, i32 8" [src/relu.cpp:27]   --->   Operation 33 'partselect' 'lshr_ln27_1' <Predicate = (!icmp_ln23)> <Delay = 0.00>
ST_2 : Operation 34 [1/1] (1.91ns)   --->   "%add_ln27 = add i8 %tmp_2, i8 %lshr_ln27_1" [src/relu.cpp:27]   --->   Operation 34 'add' 'add_ln27' <Predicate = (!icmp_ln23)> <Delay = 1.91> <CoreInst = "Adder">   --->   Core 1 'Adder' <Latency = 0> <II = 1> <Delay = 1.91> <FuncUnit> <Opcode : 'add' 'sub'> <InPorts = 2> <OutPorts = 1>
ST_2 : Operation 35 [1/1] (0.00ns)   --->   "%zext_ln27 = zext i8 %add_ln27" [src/relu.cpp:27]   --->   Operation 35 'zext' 'zext_ln27' <Predicate = (!icmp_ln23)> <Delay = 0.00>
ST_2 : Operation 36 [1/1] (0.00ns)   --->   "%feature_map_0_0_addr = getelementptr i32 %feature_map_0_0, i64 0, i64 %zext_ln27" [src/relu.cpp:27]   --->   Operation 36 'getelementptr' 'feature_map_0_0_addr' <Predicate = (!icmp_ln23)> <Delay = 0.00>
ST_2 : Operation 37 [1/1] (0.00ns)   --->   "%feature_map_0_1_addr = getelementptr i32 %feature_map_0_1, i64 0, i64 %zext_ln27" [src/relu.cpp:27]   --->   Operation 37 'getelementptr' 'feature_map_0_1_addr' <Predicate = (!icmp_ln23)> <Delay = 0.00>
ST_2 : Operation 38 [1/1] (0.00ns)   --->   "%feature_map_1_0_addr = getelementptr i32 %feature_map_1_0, i64 0, i64 %zext_ln27" [src/relu.cpp:27]   --->   Operation 38 'getelementptr' 'feature_map_1_0_addr' <Predicate = (!icmp_ln23)> <Delay = 0.00>
ST_2 : Operation 39 [1/1] (0.00ns)   --->   "%feature_map_1_1_addr = getelementptr i32 %feature_map_1_1, i64 0, i64 %zext_ln27" [src/relu.cpp:27]   --->   Operation 39 'getelementptr' 'feature_map_1_1_addr' <Predicate = (!icmp_ln23)> <Delay = 0.00>
ST_2 : Operation 40 [2/2] (3.25ns)   --->   "%feature_map_0_0_load = load i8 %feature_map_0_0_addr" [src/relu.cpp:27]   --->   Operation 40 'load' 'feature_map_0_0_load' <Predicate = (!icmp_ln23)> <Delay = 3.25> <CoreInst = "RAM_2P_BRAM">   --->   Core 91 'RAM_2P_BRAM' <Latency = 1> <II = 1> <Delay = 3.25> <Storage> <Opcode : 'load' 'store'> <Ports = 2> <Width = 32> <Depth = 256> <RAM>
ST_2 : Operation 41 [2/2] (3.25ns)   --->   "%feature_map_0_1_load = load i8 %feature_map_0_1_addr" [src/relu.cpp:27]   --->   Operation 41 'load' 'feature_map_0_1_load' <Predicate = (!icmp_ln23)> <Delay = 3.25> <CoreInst = "RAM_2P_BRAM">   --->   Core 91 'RAM_2P_BRAM' <Latency = 1> <II = 1> <Delay = 3.25> <Storage> <Opcode : 'load' 'store'> <Ports = 2> <Width = 32> <Depth = 256> <RAM>
ST_2 : Operation 42 [2/2] (3.25ns)   --->   "%feature_map_1_0_load = load i8 %feature_map_1_0_addr" [src/relu.cpp:27]   --->   Operation 42 'load' 'feature_map_1_0_load' <Predicate = (!icmp_ln23)> <Delay = 3.25> <CoreInst = "RAM_2P_BRAM">   --->   Core 91 'RAM_2P_BRAM' <Latency = 1> <II = 1> <Delay = 3.25> <Storage> <Opcode : 'load' 'store'> <Ports = 2> <Width = 32> <Depth = 256> <RAM>
ST_2 : Operation 43 [2/2] (3.25ns)   --->   "%feature_map_1_1_load = load i8 %feature_map_1_1_addr" [src/relu.cpp:27]   --->   Operation 43 'load' 'feature_map_1_1_load' <Predicate = (!icmp_ln23)> <Delay = 3.25> <CoreInst = "RAM_2P_BRAM">   --->   Core 91 'RAM_2P_BRAM' <Latency = 1> <II = 1> <Delay = 3.25> <Storage> <Opcode : 'load' 'store'> <Ports = 2> <Width = 32> <Depth = 256> <RAM>
ST_2 : Operation 44 [1/1] (2.55ns)   --->   "%add_ln24 = add i32 %select_ln23, i32 1" [src/relu.cpp:24]   --->   Operation 44 'add' 'add_ln24' <Predicate = (!icmp_ln23)> <Delay = 2.55> <CoreInst = "Adder">   --->   Core 1 'Adder' <Latency = 0> <II = 1> <Delay = 2.55> <FuncUnit> <Opcode : 'add' 'sub'> <InPorts = 2> <OutPorts = 1>
ST_2 : Operation 45 [1/1] (1.58ns)   --->   "%store_ln24 = store i64 %add_ln23_1, i64 %indvar_flatten" [src/relu.cpp:24]   --->   Operation 45 'store' 'store_ln24' <Predicate = (!icmp_ln23)> <Delay = 1.58>
ST_2 : Operation 46 [1/1] (1.58ns)   --->   "%store_ln24 = store i32 %select_ln23_1, i32 %h" [src/relu.cpp:24]   --->   Operation 46 'store' 'store_ln24' <Predicate = (!icmp_ln23)> <Delay = 1.58>
ST_2 : Operation 47 [1/1] (1.58ns)   --->   "%store_ln24 = store i32 %add_ln24, i32 %w" [src/relu.cpp:24]   --->   Operation 47 'store' 'store_ln24' <Predicate = (!icmp_ln23)> <Delay = 1.58>
ST_2 : Operation 48 [1/1] (0.00ns)   --->   "%br_ln24 = br void %for.body4" [src/relu.cpp:24]   --->   Operation 48 'br' 'br_ln24' <Predicate = (!icmp_ln23)> <Delay = 0.00>

State 3 <SV = 2> <Delay = 6.43>
ST_3 : Operation 49 [1/1] (0.00ns)   --->   "%specloopname_ln0 = specloopname void @_ssdm_op_SpecLoopName, void @RELU_ROW_RELU_COL_str"   --->   Operation 49 'specloopname' 'specloopname_ln0' <Predicate = true> <Delay = 0.00>
ST_3 : Operation 50 [1/1] (0.00ns)   --->   "%specpipeline_ln25 = specpipeline void @_ssdm_op_SpecPipeline, i32 1, i32 0, i32 0, i32 0, void @empty_23" [src/relu.cpp:25]   --->   Operation 50 'specpipeline' 'specpipeline_ln25' <Predicate = true> <Delay = 0.00>
ST_3 : Operation 51 [1/1] (0.00ns)   --->   "%specloopname_ln24 = specloopname void @_ssdm_op_SpecLoopName, void @empty_22" [src/relu.cpp:24]   --->   Operation 51 'specloopname' 'specloopname_ln24' <Predicate = true> <Delay = 0.00>
ST_3 : Operation 52 [1/2] (3.25ns)   --->   "%feature_map_0_0_load = load i8 %feature_map_0_0_addr" [src/relu.cpp:27]   --->   Operation 52 'load' 'feature_map_0_0_load' <Predicate = true> <Delay = 3.25> <CoreInst = "RAM_2P_BRAM">   --->   Core 91 'RAM_2P_BRAM' <Latency = 1> <II = 1> <Delay = 3.25> <Storage> <Opcode : 'load' 'store'> <Ports = 2> <Width = 32> <Depth = 256> <RAM>
ST_3 : Operation 53 [1/2] (3.25ns)   --->   "%feature_map_0_1_load = load i8 %feature_map_0_1_addr" [src/relu.cpp:27]   --->   Operation 53 'load' 'feature_map_0_1_load' <Predicate = true> <Delay = 3.25> <CoreInst = "RAM_2P_BRAM">   --->   Core 91 'RAM_2P_BRAM' <Latency = 1> <II = 1> <Delay = 3.25> <Storage> <Opcode : 'load' 'store'> <Ports = 2> <Width = 32> <Depth = 256> <RAM>
ST_3 : Operation 54 [1/1] (1.58ns)   --->   "%tmp = mux i32 @_ssdm_op_Mux.ap_auto.2i32.i1, i32 %feature_map_0_0_load, i32 %feature_map_0_1_load, i1 %trunc_ln24" [src/relu.cpp:27]   --->   Operation 54 'mux' 'tmp' <Predicate = true> <Delay = 1.58> <CoreInst = "Multiplexer">   --->   Core 76 'Multiplexer' <Latency = 0> <II = 1> <Delay = 1.58> <FuncUnit> <Opcode : 'mux'> <InPorts = 2> <OutPorts = 1>
ST_3 : Operation 55 [1/2] (3.25ns)   --->   "%feature_map_1_0_load = load i8 %feature_map_1_0_addr" [src/relu.cpp:27]   --->   Operation 55 'load' 'feature_map_1_0_load' <Predicate = true> <Delay = 3.25> <CoreInst = "RAM_2P_BRAM">   --->   Core 91 'RAM_2P_BRAM' <Latency = 1> <II = 1> <Delay = 3.25> <Storage> <Opcode : 'load' 'store'> <Ports = 2> <Width = 32> <Depth = 256> <RAM>
ST_3 : Operation 56 [1/2] (3.25ns)   --->   "%feature_map_1_1_load = load i8 %feature_map_1_1_addr" [src/relu.cpp:27]   --->   Operation 56 'load' 'feature_map_1_1_load' <Predicate = true> <Delay = 3.25> <CoreInst = "RAM_2P_BRAM">   --->   Core 91 'RAM_2P_BRAM' <Latency = 1> <II = 1> <Delay = 3.25> <Storage> <Opcode : 'load' 'store'> <Ports = 2> <Width = 32> <Depth = 256> <RAM>
ST_3 : Operation 57 [1/1] (1.58ns)   --->   "%tmp_1 = mux i32 @_ssdm_op_Mux.ap_auto.2i32.i1, i32 %feature_map_1_0_load, i32 %feature_map_1_1_load, i1 %trunc_ln24" [src/relu.cpp:27]   --->   Operation 57 'mux' 'tmp_1' <Predicate = true> <Delay = 1.58> <CoreInst = "Multiplexer">   --->   Core 76 'Multiplexer' <Latency = 0> <II = 1> <Delay = 1.58> <FuncUnit> <Opcode : 'mux'> <InPorts = 2> <OutPorts = 1>
ST_3 : Operation 58 [1/1] (1.58ns)   --->   "%val_V = mux i32 @_ssdm_op_Mux.ap_auto.2i32.i1, i32 %tmp, i32 %tmp_1, i1 %trunc_ln23" [src/relu.cpp:27]   --->   Operation 58 'mux' 'val_V' <Predicate = true> <Delay = 1.58> <CoreInst = "Multiplexer">   --->   Core 76 'Multiplexer' <Latency = 0> <II = 1> <Delay = 1.58> <FuncUnit> <Opcode : 'mux'> <InPorts = 2> <OutPorts = 1>
ST_3 : Operation 59 [1/1] (0.00ns)   --->   "%tmp_3 = bitselect i1 @_ssdm_op_BitSelect.i1.i32.i32, i32 %val_V, i32 31"   --->   Operation 59 'bitselect' 'tmp_3' <Predicate = true> <Delay = 0.00>
ST_3 : Operation 60 [1/1] (0.00ns)   --->   "%br_ln29 = br i1 %tmp_3, void %for.inc, void %if.then" [src/relu.cpp:29]   --->   Operation 60 'br' 'br_ln29' <Predicate = true> <Delay = 0.00>
ST_3 : Operation 61 [1/1] (0.00ns)   --->   "%br_ln30 = br i1 %trunc_ln23, void %arrayidx61.0.0.031.case.0, void %arrayidx61.0.0.031.case.1" [src/relu.cpp:30]   --->   Operation 61 'br' 'br_ln30' <Predicate = (tmp_3)> <Delay = 0.00>
ST_3 : Operation 62 [1/1] (0.00ns)   --->   "%br_ln30 = br i1 %trunc_ln24, void %arrayidx61.0.0.031.case.07, void %arrayidx61.0.0.031.case.18" [src/relu.cpp:30]   --->   Operation 62 'br' 'br_ln30' <Predicate = (tmp_3 & !trunc_ln23)> <Delay = 0.00>
ST_3 : Operation 63 [1/1] (0.00ns)   --->   "%br_ln30 = br void %arrayidx61.0.0.031.exit" [src/relu.cpp:30]   --->   Operation 63 'br' 'br_ln30' <Predicate = (tmp_3 & !trunc_ln23)> <Delay = 0.00>
ST_3 : Operation 64 [1/1] (0.00ns)   --->   "%br_ln30 = br i1 %trunc_ln24, void %arrayidx61.0.0.031.case.011, void %arrayidx61.0.0.031.case.112" [src/relu.cpp:30]   --->   Operation 64 'br' 'br_ln30' <Predicate = (tmp_3 & trunc_ln23)> <Delay = 0.00>
ST_3 : Operation 65 [1/1] (0.00ns)   --->   "%br_ln30 = br void %arrayidx61.0.0.031.exit" [src/relu.cpp:30]   --->   Operation 65 'br' 'br_ln30' <Predicate = (tmp_3 & trunc_ln23)> <Delay = 0.00>
ST_3 : Operation 66 [1/1] (0.00ns)   --->   "%br_ln31 = br void %for.inc" [src/relu.cpp:31]   --->   Operation 66 'br' 'br_ln31' <Predicate = (tmp_3)> <Delay = 0.00>
ST_3 : Operation 75 [1/1] (0.00ns)   --->   "%ret_ln0 = ret"   --->   Operation 75 'ret' 'ret_ln0' <Predicate = (icmp_ln23)> <Delay = 0.00>

State 4 <SV = 3> <Delay = 3.25>
ST_4 : Operation 67 [1/1] (3.25ns)   --->   "%store_ln30 = store i32 0, i8 %feature_map_0_0_addr" [src/relu.cpp:30]   --->   Operation 67 'store' 'store_ln30' <Predicate = (tmp_3 & !trunc_ln23 & !trunc_ln24)> <Delay = 3.25> <CoreInst = "RAM_2P_BRAM">   --->   Core 91 'RAM_2P_BRAM' <Latency = 1> <II = 1> <Delay = 3.25> <Storage> <Opcode : 'load' 'store'> <Ports = 2> <Width = 32> <Depth = 256> <RAM>
ST_4 : Operation 68 [1/1] (0.00ns)   --->   "%br_ln30 = br void %arrayidx61.0.0.031.exit6" [src/relu.cpp:30]   --->   Operation 68 'br' 'br_ln30' <Predicate = (tmp_3 & !trunc_ln23 & !trunc_ln24)> <Delay = 0.00>
ST_4 : Operation 69 [1/1] (3.25ns)   --->   "%store_ln30 = store i32 0, i8 %feature_map_0_1_addr" [src/relu.cpp:30]   --->   Operation 69 'store' 'store_ln30' <Predicate = (tmp_3 & !trunc_ln23 & trunc_ln24)> <Delay = 3.25> <CoreInst = "RAM_2P_BRAM">   --->   Core 91 'RAM_2P_BRAM' <Latency = 1> <II = 1> <Delay = 3.25> <Storage> <Opcode : 'load' 'store'> <Ports = 2> <Width = 32> <Depth = 256> <RAM>
ST_4 : Operation 70 [1/1] (0.00ns)   --->   "%br_ln30 = br void %arrayidx61.0.0.031.exit6" [src/relu.cpp:30]   --->   Operation 70 'br' 'br_ln30' <Predicate = (tmp_3 & !trunc_ln23 & trunc_ln24)> <Delay = 0.00>
ST_4 : Operation 71 [1/1] (3.25ns)   --->   "%store_ln30 = store i32 0, i8 %feature_map_1_0_addr" [src/relu.cpp:30]   --->   Operation 71 'store' 'store_ln30' <Predicate = (tmp_3 & trunc_ln23 & !trunc_ln24)> <Delay = 3.25> <CoreInst = "RAM_2P_BRAM">   --->   Core 91 'RAM_2P_BRAM' <Latency = 1> <II = 1> <Delay = 3.25> <Storage> <Opcode : 'load' 'store'> <Ports = 2> <Width = 32> <Depth = 256> <RAM>
ST_4 : Operation 72 [1/1] (0.00ns)   --->   "%br_ln30 = br void %arrayidx61.0.0.031.exit10" [src/relu.cpp:30]   --->   Operation 72 'br' 'br_ln30' <Predicate = (tmp_3 & trunc_ln23 & !trunc_ln24)> <Delay = 0.00>
ST_4 : Operation 73 [1/1] (3.25ns)   --->   "%store_ln30 = store i32 0, i8 %feature_map_1_1_addr" [src/relu.cpp:30]   --->   Operation 73 'store' 'store_ln30' <Predicate = (tmp_3 & trunc_ln23 & trunc_ln24)> <Delay = 3.25> <CoreInst = "RAM_2P_BRAM">   --->   Core 91 'RAM_2P_BRAM' <Latency = 1> <II = 1> <Delay = 3.25> <Storage> <Opcode : 'load' 'store'> <Ports = 2> <Width = 32> <Depth = 256> <RAM>
ST_4 : Operation 74 [1/1] (0.00ns)   --->   "%br_ln30 = br void %arrayidx61.0.0.031.exit10" [src/relu.cpp:30]   --->   Operation 74 'br' 'br_ln30' <Predicate = (tmp_3 & trunc_ln23 & trunc_ln24)> <Delay = 0.00>


============================================================
+ Verbose Summary: Binding
============================================================
STG Binding: 
---------------- STG Properties BEGIN ----------------
- Is combinational: 0
- Is one-state seq: 0
- Is datapath-only: 0
- Is pipelined: 0
- Is top level: 0
Port [ Return ] is wired: 1; IO mode=ap_ctrl_hs:ce=0
Port [ bound]:  wired=1; compound=0; hidden=0; nouse=0; global=0; static=0; extern=0; dir=0; type=0; pingpong=0; private_global=0; IO mode=ap_none:ce=0
Port [ width]:  wired=1; compound=0; hidden=0; nouse=0; global=0; static=0; extern=0; dir=0; type=0; pingpong=0; private_global=0; IO mode=ap_none:ce=0
Port [ feature_map_1_1]:  wired=1; compound=1; hidden=0; nouse=0; global=0; static=0; extern=0; dir=2; type=1; pingpong=0; private_global=0; MemPort=[10]; IO mode=ap_memory:ce=0
Port [ feature_map_1_0]:  wired=1; compound=1; hidden=0; nouse=0; global=0; static=0; extern=0; dir=2; type=1; pingpong=0; private_global=0; MemPort=[10]; IO mode=ap_memory:ce=0
Port [ feature_map_0_1]:  wired=1; compound=1; hidden=0; nouse=0; global=0; static=0; extern=0; dir=2; type=1; pingpong=0; private_global=0; MemPort=[10]; IO mode=ap_memory:ce=0
Port [ feature_map_0_0]:  wired=1; compound=1; hidden=0; nouse=0; global=0; static=0; extern=0; dir=2; type=1; pingpong=0; private_global=0; MemPort=[10]; IO mode=ap_memory:ce=0
---------------- STG Properties END ------------------

---------------- Datapath Model BEGIN ----------------

<LifeTime>
<method=bitvector/>
w                    (alloca        ) [ 01100]
h                    (alloca        ) [ 01100]
indvar_flatten       (alloca        ) [ 01100]
specmemcore_ln0      (specmemcore   ) [ 00000]
specmemcore_ln0      (specmemcore   ) [ 00000]
specmemcore_ln0      (specmemcore   ) [ 00000]
specmemcore_ln0      (specmemcore   ) [ 00000]
width_read           (read          ) [ 01100]
bound_read           (read          ) [ 01100]
store_ln0            (store         ) [ 00000]
store_ln0            (store         ) [ 00000]
store_ln0            (store         ) [ 00000]
br_ln0               (br            ) [ 00000]
indvar_flatten_load  (load          ) [ 00000]
icmp_ln23            (icmp          ) [ 01110]
add_ln23_1           (add           ) [ 00000]
br_ln23              (br            ) [ 00000]
w_load               (load          ) [ 00000]
h_load               (load          ) [ 00000]
add_ln23             (add           ) [ 00000]
icmp_ln24            (icmp          ) [ 00000]
select_ln23          (select        ) [ 00000]
select_ln23_1        (select        ) [ 00000]
trunc_ln23           (trunc         ) [ 01011]
zext_ln30_mid2_v     (partselect    ) [ 00000]
tmp_2                (bitconcatenate) [ 00000]
trunc_ln24           (trunc         ) [ 01011]
lshr_ln27_1          (partselect    ) [ 00000]
add_ln27             (add           ) [ 00000]
zext_ln27            (zext          ) [ 00000]
feature_map_0_0_addr (getelementptr ) [ 01011]
feature_map_0_1_addr (getelementptr ) [ 01011]
feature_map_1_0_addr (getelementptr ) [ 01011]
feature_map_1_1_addr (getelementptr ) [ 01011]
add_ln24             (add           ) [ 00000]
store_ln24           (store         ) [ 00000]
store_ln24           (store         ) [ 00000]
store_ln24           (store         ) [ 00000]
br_ln24              (br            ) [ 00000]
specloopname_ln0     (specloopname  ) [ 00000]
specpipeline_ln25    (specpipeline  ) [ 00000]
specloopname_ln24    (specloopname  ) [ 00000]
feature_map_0_0_load (load          ) [ 00000]
feature_map_0_1_load (load          ) [ 00000]
tmp                  (mux           ) [ 00000]
feature_map_1_0_load (load          ) [ 00000]
feature_map_1_1_load (load          ) [ 00000]
tmp_1                (mux           ) [ 00000]
val_V                (mux           ) [ 00000]
tmp_3                (bitselect     ) [ 01011]
br_ln29              (br            ) [ 00000]
br_ln30              (br            ) [ 00000]
br_ln30              (br            ) [ 00000]
br_ln30              (br            ) [ 00000]
br_ln30              (br            ) [ 00000]
br_ln30              (br            ) [ 00000]
br_ln31              (br            ) [ 00000]
store_ln30           (store         ) [ 00000]
br_ln30              (br            ) [ 00000]
store_ln30           (store         ) [ 00000]
br_ln30              (br            ) [ 00000]
store_ln30           (store         ) [ 00000]
br_ln30              (br            ) [ 00000]
store_ln30           (store         ) [ 00000]
br_ln30              (br            ) [ 00000]
ret_ln0              (ret           ) [ 00000]
</LifeTime>

<model>

<comp_list>
<comp id="0" class="1000" name="bound">
<pin_list>
<pin id="1" dir="1" index="0" bw="1" slack="0"/>
</pin_list>
<bind>
<StgValue><ssdm name="bound"/></StgValue>
</bind>
</comp>

<comp id="2" class="1000" name="width">
<pin_list>
<pin id="3" dir="1" index="0" bw="1" slack="0"/>
</pin_list>
<bind>
<StgValue><ssdm name="width"/></StgValue>
</bind>
</comp>

<comp id="4" class="1000" name="feature_map_1_1">
<pin_list>
<pin id="5" dir="1" index="0" bw="1" slack="0"/>
</pin_list>
<bind>
<StgValue><ssdm name="feature_map_1_1"/><MemPortTyVec>1 0 </MemPortTyVec>
</StgValue>
</bind>
</comp>

<comp id="6" class="1000" name="feature_map_1_0">
<pin_list>
<pin id="7" dir="1" index="0" bw="1" slack="0"/>
</pin_list>
<bind>
<StgValue><ssdm name="feature_map_1_0"/><MemPortTyVec>1 0 </MemPortTyVec>
</StgValue>
</bind>
</comp>

<comp id="8" class="1000" name="feature_map_0_1">
<pin_list>
<pin id="9" dir="1" index="0" bw="1" slack="0"/>
</pin_list>
<bind>
<StgValue><ssdm name="feature_map_0_1"/><MemPortTyVec>1 0 </MemPortTyVec>
</StgValue>
</bind>
</comp>

<comp id="10" class="1000" name="feature_map_0_0">
<pin_list>
<pin id="11" dir="1" index="0" bw="1" slack="0"/>
</pin_list>
<bind>
<StgValue><ssdm name="feature_map_0_0"/><MemPortTyVec>1 0 </MemPortTyVec>
</StgValue>
</bind>
</comp>

<comp id="12" class="1001" name="const_12">
<pin_list>
<pin id="13" dir="1" index="0" bw="1" slack="0"/>
</pin_list>
<bind>
<StgValue><ssdm name=""/></StgValue>
</bind>
</comp>

<comp id="14" class="1001" name="const_14">
<pin_list>
<pin id="15" dir="1" index="0" bw="1" slack="2147483647"/>
</pin_list>
<bind>
<StgValue><ssdm name="_ssdm_op_SpecMemCore"/></StgValue>
</bind>
</comp>

<comp id="16" class="1001" name="const_16">
<pin_list>
<pin id="17" dir="1" index="0" bw="1" slack="2147483647"/>
</pin_list>
<bind>
<StgValue><ssdm name=""/></StgValue>
</bind>
</comp>

<comp id="18" class="1001" name="const_18">
<pin_list>
<pin id="19" dir="1" index="0" bw="1" slack="2147483647"/>
</pin_list>
<bind>
<StgValue><ssdm name=""/></StgValue>
</bind>
</comp>

<comp id="20" class="1001" name="const_20">
<pin_list>
<pin id="21" dir="1" index="0" bw="1" slack="2147483647"/>
</pin_list>
<bind>
<StgValue><ssdm name=""/></StgValue>
</bind>
</comp>

<comp id="22" class="1001" name="const_22">
<pin_list>
<pin id="23" dir="1" index="0" bw="1" slack="0"/>
</pin_list>
<bind>
<StgValue><ssdm name="_ssdm_op_Read.ap_auto.i32"/></StgValue>
</bind>
</comp>

<comp id="24" class="1001" name="const_24">
<pin_list>
<pin id="25" dir="1" index="0" bw="1" slack="0"/>
</pin_list>
<bind>
<StgValue><ssdm name="_ssdm_op_Read.ap_auto.i64"/></StgValue>
</bind>
</comp>

<comp id="26" class="1001" name="const_26">
<pin_list>
<pin id="27" dir="1" index="0" bw="1" slack="0"/>
</pin_list>
<bind>
<StgValue><ssdm name=""/></StgValue>
</bind>
</comp>

<comp id="28" class="1001" name="const_28">
<pin_list>
<pin id="29" dir="1" index="0" bw="1" slack="0"/>
</pin_list>
<bind>
<StgValue><ssdm name=""/></StgValue>
</bind>
</comp>

<comp id="30" class="1001" name="const_30">
<pin_list>
<pin id="31" dir="1" index="0" bw="1" slack="0"/>
</pin_list>
<bind>
<StgValue><ssdm name=""/></StgValue>
</bind>
</comp>

<comp id="32" class="1001" name="const_32">
<pin_list>
<pin id="33" dir="1" index="0" bw="1" slack="0"/>
</pin_list>
<bind>
<StgValue><ssdm name="_ssdm_op_PartSelect.i4.i32.i32.i32"/></StgValue>
</bind>
</comp>

<comp id="34" class="1001" name="const_34">
<pin_list>
<pin id="35" dir="1" index="0" bw="1" slack="0"/>
</pin_list>
<bind>
<StgValue><ssdm name=""/></StgValue>
</bind>
</comp>

<comp id="36" class="1001" name="const_36">
<pin_list>
<pin id="37" dir="1" index="0" bw="1" slack="0"/>
</pin_list>
<bind>
<StgValue><ssdm name="_ssdm_op_BitConcatenate.i8.i4.i4"/></StgValue>
</bind>
</comp>

<comp id="38" class="1001" name="const_38">
<pin_list>
<pin id="39" dir="1" index="0" bw="1" slack="0"/>
</pin_list>
<bind>
<StgValue><ssdm name=""/></StgValue>
</bind>
</comp>

<comp id="40" class="1001" name="const_40">
<pin_list>
<pin id="41" dir="1" index="0" bw="1" slack="0"/>
</pin_list>
<bind>
<StgValue><ssdm name="_ssdm_op_PartSelect.i8.i32.i32.i32"/></StgValue>
</bind>
</comp>

<comp id="42" class="1001" name="const_42">
<pin_list>
<pin id="43" dir="1" index="0" bw="1" slack="0"/>
</pin_list>
<bind>
<StgValue><ssdm name=""/></StgValue>
</bind>
</comp>

<comp id="44" class="1001" name="const_44">
<pin_list>
<pin id="45" dir="1" index="0" bw="1" slack="2147483647"/>
</pin_list>
<bind>
<StgValue><ssdm name="_ssdm_op_SpecLoopName"/></StgValue>
</bind>
</comp>

<comp id="46" class="1001" name="const_46">
<pin_list>
<pin id="47" dir="1" index="0" bw="1" slack="2147483647"/>
</pin_list>
<bind>
<StgValue><ssdm name="RELU_ROW_RELU_COL_str"/></StgValue>
</bind>
</comp>

<comp id="48" class="1001" name="const_48">
<pin_list>
<pin id="49" dir="1" index="0" bw="1" slack="2147483647"/>
</pin_list>
<bind>
<StgValue><ssdm name="_ssdm_op_SpecPipeline"/></StgValue>
</bind>
</comp>

<comp id="50" class="1001" name="const_50">
<pin_list>
<pin id="51" dir="1" index="0" bw="1" slack="2147483647"/>
</pin_list>
<bind>
<StgValue><ssdm name="empty_23"/></StgValue>
</bind>
</comp>

<comp id="52" class="1001" name="const_52">
<pin_list>
<pin id="53" dir="1" index="0" bw="1" slack="2147483647"/>
</pin_list>
<bind>
<StgValue><ssdm name="empty_22"/></StgValue>
</bind>
</comp>

<comp id="54" class="1001" name="const_54">
<pin_list>
<pin id="55" dir="1" index="0" bw="1" slack="0"/>
</pin_list>
<bind>
<StgValue><ssdm name="_ssdm_op_Mux.ap_auto.2i32.i1"/></StgValue>
</bind>
</comp>

<comp id="56" class="1001" name="const_56">
<pin_list>
<pin id="57" dir="1" index="0" bw="1" slack="0"/>
</pin_list>
<bind>
<StgValue><ssdm name="_ssdm_op_BitSelect.i1.i32.i32"/></StgValue>
</bind>
</comp>

<comp id="58" class="1001" name="const_58">
<pin_list>
<pin id="59" dir="1" index="0" bw="1" slack="0"/>
</pin_list>
<bind>
<StgValue><ssdm name=""/></StgValue>
</bind>
</comp>

<comp id="60" class="1004" name="w_fu_60">
<pin_list>
<pin id="61" dir="0" index="0" bw="1" slack="0"/>
<pin id="62" dir="1" index="1" bw="32" slack="0"/>
</pin_list>
<bind>
<opcode="alloca(26) " fcode="alloca"/>
<opset="w/1 "/>
</bind>
</comp>

<comp id="64" class="1004" name="h_fu_64">
<pin_list>
<pin id="65" dir="0" index="0" bw="1" slack="0"/>
<pin id="66" dir="1" index="1" bw="32" slack="0"/>
</pin_list>
<bind>
<opcode="alloca(26) " fcode="alloca"/>
<opset="h/1 "/>
</bind>
</comp>

<comp id="68" class="1004" name="indvar_flatten_fu_68">
<pin_list>
<pin id="69" dir="0" index="0" bw="1" slack="0"/>
<pin id="70" dir="1" index="1" bw="64" slack="0"/>
</pin_list>
<bind>
<opcode="alloca(26) " fcode="alloca"/>
<opset="indvar_flatten/1 "/>
</bind>
</comp>

<comp id="72" class="1004" name="width_read_read_fu_72">
<pin_list>
<pin id="73" dir="0" index="0" bw="32" slack="0"/>
<pin id="74" dir="0" index="1" bw="32" slack="0"/>
<pin id="75" dir="1" index="2" bw="32" slack="1"/>
</pin_list>
<bind>
<opcode="read(1150) " fcode="read"/>
<opset="width_read/1 "/>
</bind>
</comp>

<comp id="78" class="1004" name="bound_read_read_fu_78">
<pin_list>
<pin id="79" dir="0" index="0" bw="64" slack="0"/>
<pin id="80" dir="0" index="1" bw="64" slack="0"/>
<pin id="81" dir="1" index="2" bw="64" slack="1"/>
</pin_list>
<bind>
<opcode="read(1150) " fcode="read"/>
<opset="bound_read/1 "/>
</bind>
</comp>

<comp id="84" class="1004" name="feature_map_0_0_addr_gep_fu_84">
<pin_list>
<pin id="85" dir="0" index="0" bw="32" slack="0"/>
<pin id="86" dir="0" index="1" bw="1" slack="0"/>
<pin id="87" dir="0" index="2" bw="8" slack="0"/>
<pin id="88" dir="1" index="3" bw="8" slack="0"/>
</pin_list>
<bind>
<opcode="getelementptr(29) " fcode="getelementptr"/>
<opset="feature_map_0_0_addr/2 "/>
</bind>
</comp>

<comp id="91" class="1004" name="feature_map_0_1_addr_gep_fu_91">
<pin_list>
<pin id="92" dir="0" index="0" bw="32" slack="0"/>
<pin id="93" dir="0" index="1" bw="1" slack="0"/>
<pin id="94" dir="0" index="2" bw="8" slack="0"/>
<pin id="95" dir="1" index="3" bw="8" slack="0"/>
</pin_list>
<bind>
<opcode="getelementptr(29) " fcode="getelementptr"/>
<opset="feature_map_0_1_addr/2 "/>
</bind>
</comp>

<comp id="98" class="1004" name="feature_map_1_0_addr_gep_fu_98">
<pin_list>
<pin id="99" dir="0" index="0" bw="32" slack="0"/>
<pin id="100" dir="0" index="1" bw="1" slack="0"/>
<pin id="101" dir="0" index="2" bw="8" slack="0"/>
<pin id="102" dir="1" index="3" bw="8" slack="0"/>
</pin_list>
<bind>
<opcode="getelementptr(29) " fcode="getelementptr"/>
<opset="feature_map_1_0_addr/2 "/>
</bind>
</comp>

<comp id="105" class="1004" name="feature_map_1_1_addr_gep_fu_105">
<pin_list>
<pin id="106" dir="0" index="0" bw="32" slack="0"/>
<pin id="107" dir="0" index="1" bw="1" slack="0"/>
<pin id="108" dir="0" index="2" bw="8" slack="0"/>
<pin id="109" dir="1" index="3" bw="8" slack="0"/>
</pin_list>
<bind>
<opcode="getelementptr(29) " fcode="getelementptr"/>
<opset="feature_map_1_1_addr/2 "/>
</bind>
</comp>

<comp id="112" class="1004" name="grp_access_fu_112">
<pin_list>
<pin id="113" dir="0" index="0" bw="8" slack="0"/>
<pin id="114" dir="0" index="1" bw="32" slack="2147483647"/>
<pin id="115" dir="0" index="2" bw="0" slack="2"/>
<pin id="136" dir="0" index="4" bw="8" slack="0"/>
<pin id="137" dir="0" index="5" bw="32" slack="2147483647"/>
<pin id="138" dir="0" index="6" bw="0" slack="2147483647"/>
<pin id="116" dir="1" index="3" bw="32" slack="0"/>
<pin id="139" dir="1" index="7" bw="32" slack="2147483647"/>
</pin_list>
<bind>
<opcode="load(27) store(28) " fcode="store"/>
<opset="feature_map_0_0_load/2 store_ln30/4 "/>
</bind>
</comp>

<comp id="118" class="1004" name="grp_access_fu_118">
<pin_list>
<pin id="119" dir="0" index="0" bw="8" slack="0"/>
<pin id="120" dir="0" index="1" bw="32" slack="2147483647"/>
<pin id="121" dir="0" index="2" bw="0" slack="2"/>
<pin id="141" dir="0" index="4" bw="8" slack="0"/>
<pin id="142" dir="0" index="5" bw="32" slack="2147483647"/>
<pin id="143" dir="0" index="6" bw="0" slack="2147483647"/>
<pin id="122" dir="1" index="3" bw="32" slack="0"/>
<pin id="144" dir="1" index="7" bw="32" slack="2147483647"/>
</pin_list>
<bind>
<opcode="load(27) store(28) " fcode="store"/>
<opset="feature_map_0_1_load/2 store_ln30/4 "/>
</bind>
</comp>

<comp id="124" class="1004" name="grp_access_fu_124">
<pin_list>
<pin id="125" dir="0" index="0" bw="8" slack="0"/>
<pin id="126" dir="0" index="1" bw="32" slack="2147483647"/>
<pin id="127" dir="0" index="2" bw="0" slack="2"/>
<pin id="146" dir="0" index="4" bw="8" slack="0"/>
<pin id="147" dir="0" index="5" bw="32" slack="2147483647"/>
<pin id="148" dir="0" index="6" bw="0" slack="2147483647"/>
<pin id="128" dir="1" index="3" bw="32" slack="0"/>
<pin id="149" dir="1" index="7" bw="32" slack="2147483647"/>
</pin_list>
<bind>
<opcode="load(27) store(28) " fcode="store"/>
<opset="feature_map_1_0_load/2 store_ln30/4 "/>
</bind>
</comp>

<comp id="130" class="1004" name="grp_access_fu_130">
<pin_list>
<pin id="131" dir="0" index="0" bw="8" slack="0"/>
<pin id="132" dir="0" index="1" bw="32" slack="2147483647"/>
<pin id="133" dir="0" index="2" bw="0" slack="2"/>
<pin id="151" dir="0" index="4" bw="8" slack="0"/>
<pin id="152" dir="0" index="5" bw="32" slack="2147483647"/>
<pin id="153" dir="0" index="6" bw="0" slack="2147483647"/>
<pin id="134" dir="1" index="3" bw="32" slack="0"/>
<pin id="154" dir="1" index="7" bw="32" slack="2147483647"/>
</pin_list>
<bind>
<opcode="load(27) store(28) " fcode="store"/>
<opset="feature_map_1_1_load/2 store_ln30/4 "/>
</bind>
</comp>

<comp id="156" class="1004" name="store_ln0_store_fu_156">
<pin_list>
<pin id="157" dir="0" index="0" bw="1" slack="0"/>
<pin id="158" dir="0" index="1" bw="64" slack="0"/>
<pin id="159" dir="1" index="2" bw="0" slack="2147483647"/>
</pin_list>
<bind>
<opcode="store(28) " fcode="store"/>
<opset="store_ln0/1 "/>
</bind>
</comp>

<comp id="161" class="1004" name="store_ln0_store_fu_161">
<pin_list>
<pin id="162" dir="0" index="0" bw="1" slack="0"/>
<pin id="163" dir="0" index="1" bw="32" slack="0"/>
<pin id="164" dir="1" index="2" bw="0" slack="2147483647"/>
</pin_list>
<bind>
<opcode="store(28) " fcode="store"/>
<opset="store_ln0/1 "/>
</bind>
</comp>

<comp id="166" class="1004" name="store_ln0_store_fu_166">
<pin_list>
<pin id="167" dir="0" index="0" bw="1" slack="0"/>
<pin id="168" dir="0" index="1" bw="32" slack="0"/>
<pin id="169" dir="1" index="2" bw="0" slack="2147483647"/>
</pin_list>
<bind>
<opcode="store(28) " fcode="store"/>
<opset="store_ln0/1 "/>
</bind>
</comp>

<comp id="171" class="1004" name="indvar_flatten_load_load_fu_171">
<pin_list>
<pin id="172" dir="0" index="0" bw="64" slack="1"/>
<pin id="173" dir="1" index="1" bw="64" slack="0"/>
</pin_list>
<bind>
<opcode="load(27) " fcode="load"/>
<opset="indvar_flatten_load/2 "/>
</bind>
</comp>

<comp id="174" class="1004" name="icmp_ln23_fu_174">
<pin_list>
<pin id="175" dir="0" index="0" bw="64" slack="0"/>
<pin id="176" dir="0" index="1" bw="64" slack="1"/>
<pin id="177" dir="1" index="2" bw="1" slack="1"/>
</pin_list>
<bind>
<opcode="icmp(45) " fcode="icmp"/>
<opset="icmp_ln23/2 "/>
</bind>
</comp>

<comp id="179" class="1004" name="add_ln23_1_fu_179">
<pin_list>
<pin id="180" dir="0" index="0" bw="64" slack="0"/>
<pin id="181" dir="0" index="1" bw="1" slack="0"/>
<pin id="182" dir="1" index="2" bw="64" slack="0"/>
</pin_list>
<bind>
<opcode="add(8) " fcode="add"/>
<opset="add_ln23_1/2 "/>
</bind>
</comp>

<comp id="185" class="1004" name="w_load_load_fu_185">
<pin_list>
<pin id="186" dir="0" index="0" bw="32" slack="1"/>
<pin id="187" dir="1" index="1" bw="32" slack="0"/>
</pin_list>
<bind>
<opcode="load(27) " fcode="load"/>
<opset="w_load/2 "/>
</bind>
</comp>

<comp id="188" class="1004" name="h_load_load_fu_188">
<pin_list>
<pin id="189" dir="0" index="0" bw="32" slack="1"/>
<pin id="190" dir="1" index="1" bw="32" slack="0"/>
</pin_list>
<bind>
<opcode="load(27) " fcode="load"/>
<opset="h_load/2 "/>
</bind>
</comp>

<comp id="191" class="1004" name="add_ln23_fu_191">
<pin_list>
<pin id="192" dir="0" index="0" bw="32" slack="0"/>
<pin id="193" dir="0" index="1" bw="1" slack="0"/>
<pin id="194" dir="1" index="2" bw="32" slack="0"/>
</pin_list>
<bind>
<opcode="add(8) " fcode="add"/>
<opset="add_ln23/2 "/>
</bind>
</comp>

<comp id="197" class="1004" name="icmp_ln24_fu_197">
<pin_list>
<pin id="198" dir="0" index="0" bw="32" slack="0"/>
<pin id="199" dir="0" index="1" bw="32" slack="1"/>
<pin id="200" dir="1" index="2" bw="1" slack="0"/>
</pin_list>
<bind>
<opcode="icmp(45) " fcode="icmp"/>
<opset="icmp_ln24/2 "/>
</bind>
</comp>

<comp id="202" class="1004" name="select_ln23_fu_202">
<pin_list>
<pin id="203" dir="0" index="0" bw="1" slack="0"/>
<pin id="204" dir="0" index="1" bw="32" slack="0"/>
<pin id="205" dir="0" index="2" bw="32" slack="0"/>
<pin id="206" dir="1" index="3" bw="32" slack="0"/>
</pin_list>
<bind>
<opcode="select(49) " fcode="select"/>
<opset="select_ln23/2 "/>
</bind>
</comp>

<comp id="210" class="1004" name="select_ln23_1_fu_210">
<pin_list>
<pin id="211" dir="0" index="0" bw="1" slack="0"/>
<pin id="212" dir="0" index="1" bw="32" slack="0"/>
<pin id="213" dir="0" index="2" bw="32" slack="0"/>
<pin id="214" dir="1" index="3" bw="32" slack="0"/>
</pin_list>
<bind>
<opcode="select(49) " fcode="select"/>
<opset="select_ln23_1/2 "/>
</bind>
</comp>

<comp id="218" class="1004" name="trunc_ln23_fu_218">
<pin_list>
<pin id="219" dir="0" index="0" bw="32" slack="0"/>
<pin id="220" dir="1" index="1" bw="1" slack="1"/>
</pin_list>
<bind>
<opcode="trunc(33) " fcode="trunc"/>
<opset="trunc_ln23/2 "/>
</bind>
</comp>

<comp id="222" class="1004" name="zext_ln30_mid2_v_fu_222">
<pin_list>
<pin id="223" dir="0" index="0" bw="4" slack="0"/>
<pin id="224" dir="0" index="1" bw="32" slack="0"/>
<pin id="225" dir="0" index="2" bw="1" slack="0"/>
<pin id="226" dir="0" index="3" bw="4" slack="0"/>
<pin id="227" dir="1" index="4" bw="4" slack="0"/>
</pin_list>
<bind>
<opcode="partselect(1002) " fcode="partselect"/>
<opset="zext_ln30_mid2_v/2 "/>
</bind>
</comp>

<comp id="232" class="1004" name="tmp_2_fu_232">
<pin_list>
<pin id="233" dir="0" index="0" bw="8" slack="0"/>
<pin id="234" dir="0" index="1" bw="4" slack="0"/>
<pin id="235" dir="0" index="2" bw="1" slack="0"/>
<pin id="236" dir="1" index="3" bw="8" slack="0"/>
</pin_list>
<bind>
<opcode="bitconcatenate(1004) " fcode="bitconcatenate"/>
<opset="tmp_2/2 "/>
</bind>
</comp>

<comp id="240" class="1004" name="trunc_ln24_fu_240">
<pin_list>
<pin id="241" dir="0" index="0" bw="32" slack="0"/>
<pin id="242" dir="1" index="1" bw="1" slack="1"/>
</pin_list>
<bind>
<opcode="trunc(33) " fcode="trunc"/>
<opset="trunc_ln24/2 "/>
</bind>
</comp>

<comp id="244" class="1004" name="lshr_ln27_1_fu_244">
<pin_list>
<pin id="245" dir="0" index="0" bw="8" slack="0"/>
<pin id="246" dir="0" index="1" bw="32" slack="0"/>
<pin id="247" dir="0" index="2" bw="1" slack="0"/>
<pin id="248" dir="0" index="3" bw="5" slack="0"/>
<pin id="249" dir="1" index="4" bw="8" slack="0"/>
</pin_list>
<bind>
<opcode="partselect(1002) " fcode="partselect"/>
<opset="lshr_ln27_1/2 "/>
</bind>
</comp>

<comp id="254" class="1004" name="add_ln27_fu_254">
<pin_list>
<pin id="255" dir="0" index="0" bw="8" slack="0"/>
<pin id="256" dir="0" index="1" bw="8" slack="0"/>
<pin id="257" dir="1" index="2" bw="8" slack="0"/>
</pin_list>
<bind>
<opcode="add(8) " fcode="add"/>
<opset="add_ln27/2 "/>
</bind>
</comp>

<comp id="260" class="1004" name="zext_ln27_fu_260">
<pin_list>
<pin id="261" dir="0" index="0" bw="8" slack="0"/>
<pin id="262" dir="1" index="1" bw="64" slack="0"/>
</pin_list>
<bind>
<opcode="zext(34) " fcode="zext"/>
<opset="zext_ln27/2 "/>
</bind>
</comp>

<comp id="268" class="1004" name="add_ln24_fu_268">
<pin_list>
<pin id="269" dir="0" index="0" bw="32" slack="0"/>
<pin id="270" dir="0" index="1" bw="1" slack="0"/>
<pin id="271" dir="1" index="2" bw="32" slack="0"/>
</pin_list>
<bind>
<opcode="add(8) " fcode="add"/>
<opset="add_ln24/2 "/>
</bind>
</comp>

<comp id="274" class="1004" name="store_ln24_store_fu_274">
<pin_list>
<pin id="275" dir="0" index="0" bw="64" slack="0"/>
<pin id="276" dir="0" index="1" bw="64" slack="1"/>
<pin id="277" dir="1" index="2" bw="0" slack="2147483647"/>
</pin_list>
<bind>
<opcode="store(28) " fcode="store"/>
<opset="store_ln24/2 "/>
</bind>
</comp>

<comp id="279" class="1004" name="store_ln24_store_fu_279">
<pin_list>
<pin id="280" dir="0" index="0" bw="32" slack="0"/>
<pin id="281" dir="0" index="1" bw="32" slack="1"/>
<pin id="282" dir="1" index="2" bw="0" slack="2147483647"/>
</pin_list>
<bind>
<opcode="store(28) " fcode="store"/>
<opset="store_ln24/2 "/>
</bind>
</comp>

<comp id="284" class="1004" name="store_ln24_store_fu_284">
<pin_list>
<pin id="285" dir="0" index="0" bw="32" slack="0"/>
<pin id="286" dir="0" index="1" bw="32" slack="1"/>
<pin id="287" dir="1" index="2" bw="0" slack="2147483647"/>
</pin_list>
<bind>
<opcode="store(28) " fcode="store"/>
<opset="store_ln24/2 "/>
</bind>
</comp>

<comp id="289" class="1004" name="tmp_fu_289">
<pin_list>
<pin id="290" dir="0" index="0" bw="32" slack="0"/>
<pin id="291" dir="0" index="1" bw="32" slack="0"/>
<pin id="292" dir="0" index="2" bw="32" slack="0"/>
<pin id="293" dir="0" index="3" bw="1" slack="1"/>
<pin id="294" dir="1" index="4" bw="32" slack="0"/>
</pin_list>
<bind>
<opcode="mux(1196) " fcode="mux"/>
<opset="tmp/3 "/>
</bind>
</comp>

<comp id="298" class="1004" name="tmp_1_fu_298">
<pin_list>
<pin id="299" dir="0" index="0" bw="32" slack="0"/>
<pin id="300" dir="0" index="1" bw="32" slack="0"/>
<pin id="301" dir="0" index="2" bw="32" slack="0"/>
<pin id="302" dir="0" index="3" bw="1" slack="1"/>
<pin id="303" dir="1" index="4" bw="32" slack="0"/>
</pin_list>
<bind>
<opcode="mux(1196) " fcode="mux"/>
<opset="tmp_1/3 "/>
</bind>
</comp>

<comp id="307" class="1004" name="val_V_fu_307">
<pin_list>
<pin id="308" dir="0" index="0" bw="32" slack="0"/>
<pin id="309" dir="0" index="1" bw="32" slack="0"/>
<pin id="310" dir="0" index="2" bw="32" slack="0"/>
<pin id="311" dir="0" index="3" bw="1" slack="1"/>
<pin id="312" dir="1" index="4" bw="32" slack="0"/>
</pin_list>
<bind>
<opcode="mux(1196) " fcode="mux"/>
<opset="val_V/3 "/>
</bind>
</comp>

<comp id="316" class="1004" name="tmp_3_fu_316">
<pin_list>
<pin id="317" dir="0" index="0" bw="1" slack="0"/>
<pin id="318" dir="0" index="1" bw="32" slack="0"/>
<pin id="319" dir="0" index="2" bw="6" slack="0"/>
<pin id="320" dir="1" index="3" bw="1" slack="1"/>
</pin_list>
<bind>
<opcode="bitselect(1000) " fcode="bitselect"/>
<opset="tmp_3/3 "/>
</bind>
</comp>

<comp id="324" class="1005" name="w_reg_324">
<pin_list>
<pin id="325" dir="0" index="0" bw="32" slack="0"/>
<pin id="326" dir="1" index="1" bw="32" slack="0"/>
</pin_list>
<bind>
<opset="w "/>
</bind>
</comp>

<comp id="331" class="1005" name="h_reg_331">
<pin_list>
<pin id="332" dir="0" index="0" bw="32" slack="0"/>
<pin id="333" dir="1" index="1" bw="32" slack="0"/>
</pin_list>
<bind>
<opset="h "/>
</bind>
</comp>

<comp id="338" class="1005" name="indvar_flatten_reg_338">
<pin_list>
<pin id="339" dir="0" index="0" bw="64" slack="0"/>
<pin id="340" dir="1" index="1" bw="64" slack="0"/>
</pin_list>
<bind>
<opset="indvar_flatten "/>
</bind>
</comp>

<comp id="345" class="1005" name="width_read_reg_345">
<pin_list>
<pin id="346" dir="0" index="0" bw="32" slack="1"/>
<pin id="347" dir="1" index="1" bw="32" slack="1"/>
</pin_list>
<bind>
<opset="width_read "/>
</bind>
</comp>

<comp id="350" class="1005" name="bound_read_reg_350">
<pin_list>
<pin id="351" dir="0" index="0" bw="64" slack="1"/>
<pin id="352" dir="1" index="1" bw="64" slack="1"/>
</pin_list>
<bind>
<opset="bound_read "/>
</bind>
</comp>

<comp id="355" class="1005" name="icmp_ln23_reg_355">
<pin_list>
<pin id="356" dir="0" index="0" bw="1" slack="1"/>
<pin id="357" dir="1" index="1" bw="1" slack="2147483647"/>
</pin_list>
<bind>
<opset="icmp_ln23 "/>
</bind>
</comp>

<comp id="359" class="1005" name="trunc_ln23_reg_359">
<pin_list>
<pin id="360" dir="0" index="0" bw="1" slack="1"/>
<pin id="361" dir="1" index="1" bw="1" slack="1"/>
</pin_list>
<bind>
<opset="trunc_ln23 "/>
</bind>
</comp>

<comp id="364" class="1005" name="trunc_ln24_reg_364">
<pin_list>
<pin id="365" dir="0" index="0" bw="1" slack="1"/>
<pin id="366" dir="1" index="1" bw="1" slack="1"/>
</pin_list>
<bind>
<opset="trunc_ln24 "/>
</bind>
</comp>

<comp id="370" class="1005" name="feature_map_0_0_addr_reg_370">
<pin_list>
<pin id="371" dir="0" index="0" bw="8" slack="1"/>
<pin id="372" dir="1" index="1" bw="8" slack="1"/>
</pin_list>
<bind>
<opset="feature_map_0_0_addr "/>
</bind>
</comp>

<comp id="376" class="1005" name="feature_map_0_1_addr_reg_376">
<pin_list>
<pin id="377" dir="0" index="0" bw="8" slack="1"/>
<pin id="378" dir="1" index="1" bw="8" slack="1"/>
</pin_list>
<bind>
<opset="feature_map_0_1_addr "/>
</bind>
</comp>

<comp id="382" class="1005" name="feature_map_1_0_addr_reg_382">
<pin_list>
<pin id="383" dir="0" index="0" bw="8" slack="1"/>
<pin id="384" dir="1" index="1" bw="8" slack="1"/>
</pin_list>
<bind>
<opset="feature_map_1_0_addr "/>
</bind>
</comp>

<comp id="388" class="1005" name="feature_map_1_1_addr_reg_388">
<pin_list>
<pin id="389" dir="0" index="0" bw="8" slack="1"/>
<pin id="390" dir="1" index="1" bw="8" slack="1"/>
</pin_list>
<bind>
<opset="feature_map_1_1_addr "/>
</bind>
</comp>

<comp id="394" class="1005" name="tmp_3_reg_394">
<pin_list>
<pin id="395" dir="0" index="0" bw="1" slack="1"/>
<pin id="396" dir="1" index="1" bw="1" slack="2147483647"/>
</pin_list>
<bind>
<opset="tmp_3 "/>
</bind>
</comp>

</comp_list>

<net_list>
<net id="63"><net_src comp="12" pin="0"/><net_sink comp="60" pin=0"/></net>

<net id="67"><net_src comp="12" pin="0"/><net_sink comp="64" pin=0"/></net>

<net id="71"><net_src comp="12" pin="0"/><net_sink comp="68" pin=0"/></net>

<net id="76"><net_src comp="22" pin="0"/><net_sink comp="72" pin=0"/></net>

<net id="77"><net_src comp="2" pin="0"/><net_sink comp="72" pin=1"/></net>

<net id="82"><net_src comp="24" pin="0"/><net_sink comp="78" pin=0"/></net>

<net id="83"><net_src comp="0" pin="0"/><net_sink comp="78" pin=1"/></net>

<net id="89"><net_src comp="10" pin="0"/><net_sink comp="84" pin=0"/></net>

<net id="90"><net_src comp="26" pin="0"/><net_sink comp="84" pin=1"/></net>

<net id="96"><net_src comp="8" pin="0"/><net_sink comp="91" pin=0"/></net>

<net id="97"><net_src comp="26" pin="0"/><net_sink comp="91" pin=1"/></net>

<net id="103"><net_src comp="6" pin="0"/><net_sink comp="98" pin=0"/></net>

<net id="104"><net_src comp="26" pin="0"/><net_sink comp="98" pin=1"/></net>

<net id="110"><net_src comp="4" pin="0"/><net_sink comp="105" pin=0"/></net>

<net id="111"><net_src comp="26" pin="0"/><net_sink comp="105" pin=1"/></net>

<net id="117"><net_src comp="84" pin="3"/><net_sink comp="112" pin=0"/></net>

<net id="123"><net_src comp="91" pin="3"/><net_sink comp="118" pin=0"/></net>

<net id="129"><net_src comp="98" pin="3"/><net_sink comp="124" pin=0"/></net>

<net id="135"><net_src comp="105" pin="3"/><net_sink comp="130" pin=0"/></net>

<net id="140"><net_src comp="28" pin="0"/><net_sink comp="112" pin=4"/></net>

<net id="145"><net_src comp="28" pin="0"/><net_sink comp="118" pin=4"/></net>

<net id="150"><net_src comp="28" pin="0"/><net_sink comp="124" pin=4"/></net>

<net id="155"><net_src comp="28" pin="0"/><net_sink comp="130" pin=4"/></net>

<net id="160"><net_src comp="26" pin="0"/><net_sink comp="156" pin=0"/></net>

<net id="165"><net_src comp="28" pin="0"/><net_sink comp="161" pin=0"/></net>

<net id="170"><net_src comp="28" pin="0"/><net_sink comp="166" pin=0"/></net>

<net id="178"><net_src comp="171" pin="1"/><net_sink comp="174" pin=0"/></net>

<net id="183"><net_src comp="171" pin="1"/><net_sink comp="179" pin=0"/></net>

<net id="184"><net_src comp="30" pin="0"/><net_sink comp="179" pin=1"/></net>

<net id="195"><net_src comp="188" pin="1"/><net_sink comp="191" pin=0"/></net>

<net id="196"><net_src comp="12" pin="0"/><net_sink comp="191" pin=1"/></net>

<net id="201"><net_src comp="185" pin="1"/><net_sink comp="197" pin=0"/></net>

<net id="207"><net_src comp="197" pin="2"/><net_sink comp="202" pin=0"/></net>

<net id="208"><net_src comp="28" pin="0"/><net_sink comp="202" pin=1"/></net>

<net id="209"><net_src comp="185" pin="1"/><net_sink comp="202" pin=2"/></net>

<net id="215"><net_src comp="197" pin="2"/><net_sink comp="210" pin=0"/></net>

<net id="216"><net_src comp="191" pin="2"/><net_sink comp="210" pin=1"/></net>

<net id="217"><net_src comp="188" pin="1"/><net_sink comp="210" pin=2"/></net>

<net id="221"><net_src comp="210" pin="3"/><net_sink comp="218" pin=0"/></net>

<net id="228"><net_src comp="32" pin="0"/><net_sink comp="222" pin=0"/></net>

<net id="229"><net_src comp="210" pin="3"/><net_sink comp="222" pin=1"/></net>

<net id="230"><net_src comp="12" pin="0"/><net_sink comp="222" pin=2"/></net>

<net id="231"><net_src comp="34" pin="0"/><net_sink comp="222" pin=3"/></net>

<net id="237"><net_src comp="36" pin="0"/><net_sink comp="232" pin=0"/></net>

<net id="238"><net_src comp="222" pin="4"/><net_sink comp="232" pin=1"/></net>

<net id="239"><net_src comp="38" pin="0"/><net_sink comp="232" pin=2"/></net>

<net id="243"><net_src comp="202" pin="3"/><net_sink comp="240" pin=0"/></net>

<net id="250"><net_src comp="40" pin="0"/><net_sink comp="244" pin=0"/></net>

<net id="251"><net_src comp="202" pin="3"/><net_sink comp="244" pin=1"/></net>

<net id="252"><net_src comp="12" pin="0"/><net_sink comp="244" pin=2"/></net>

<net id="253"><net_src comp="42" pin="0"/><net_sink comp="244" pin=3"/></net>

<net id="258"><net_src comp="232" pin="3"/><net_sink comp="254" pin=0"/></net>

<net id="259"><net_src comp="244" pin="4"/><net_sink comp="254" pin=1"/></net>

<net id="263"><net_src comp="254" pin="2"/><net_sink comp="260" pin=0"/></net>

<net id="264"><net_src comp="260" pin="1"/><net_sink comp="84" pin=2"/></net>

<net id="265"><net_src comp="260" pin="1"/><net_sink comp="91" pin=2"/></net>

<net id="266"><net_src comp="260" pin="1"/><net_sink comp="98" pin=2"/></net>

<net id="267"><net_src comp="260" pin="1"/><net_sink comp="105" pin=2"/></net>

<net id="272"><net_src comp="202" pin="3"/><net_sink comp="268" pin=0"/></net>

<net id="273"><net_src comp="12" pin="0"/><net_sink comp="268" pin=1"/></net>

<net id="278"><net_src comp="179" pin="2"/><net_sink comp="274" pin=0"/></net>

<net id="283"><net_src comp="210" pin="3"/><net_sink comp="279" pin=0"/></net>

<net id="288"><net_src comp="268" pin="2"/><net_sink comp="284" pin=0"/></net>

<net id="295"><net_src comp="54" pin="0"/><net_sink comp="289" pin=0"/></net>

<net id="296"><net_src comp="112" pin="3"/><net_sink comp="289" pin=1"/></net>

<net id="297"><net_src comp="118" pin="3"/><net_sink comp="289" pin=2"/></net>

<net id="304"><net_src comp="54" pin="0"/><net_sink comp="298" pin=0"/></net>

<net id="305"><net_src comp="124" pin="3"/><net_sink comp="298" pin=1"/></net>

<net id="306"><net_src comp="130" pin="3"/><net_sink comp="298" pin=2"/></net>

<net id="313"><net_src comp="54" pin="0"/><net_sink comp="307" pin=0"/></net>

<net id="314"><net_src comp="289" pin="4"/><net_sink comp="307" pin=1"/></net>

<net id="315"><net_src comp="298" pin="4"/><net_sink comp="307" pin=2"/></net>

<net id="321"><net_src comp="56" pin="0"/><net_sink comp="316" pin=0"/></net>

<net id="322"><net_src comp="307" pin="4"/><net_sink comp="316" pin=1"/></net>

<net id="323"><net_src comp="58" pin="0"/><net_sink comp="316" pin=2"/></net>

<net id="327"><net_src comp="60" pin="1"/><net_sink comp="324" pin=0"/></net>

<net id="328"><net_src comp="324" pin="1"/><net_sink comp="166" pin=1"/></net>

<net id="329"><net_src comp="324" pin="1"/><net_sink comp="185" pin=0"/></net>

<net id="330"><net_src comp="324" pin="1"/><net_sink comp="284" pin=1"/></net>

<net id="334"><net_src comp="64" pin="1"/><net_sink comp="331" pin=0"/></net>

<net id="335"><net_src comp="331" pin="1"/><net_sink comp="161" pin=1"/></net>

<net id="336"><net_src comp="331" pin="1"/><net_sink comp="188" pin=0"/></net>

<net id="337"><net_src comp="331" pin="1"/><net_sink comp="279" pin=1"/></net>

<net id="341"><net_src comp="68" pin="1"/><net_sink comp="338" pin=0"/></net>

<net id="342"><net_src comp="338" pin="1"/><net_sink comp="156" pin=1"/></net>

<net id="343"><net_src comp="338" pin="1"/><net_sink comp="171" pin=0"/></net>

<net id="344"><net_src comp="338" pin="1"/><net_sink comp="274" pin=1"/></net>

<net id="348"><net_src comp="72" pin="2"/><net_sink comp="345" pin=0"/></net>

<net id="349"><net_src comp="345" pin="1"/><net_sink comp="197" pin=1"/></net>

<net id="353"><net_src comp="78" pin="2"/><net_sink comp="350" pin=0"/></net>

<net id="354"><net_src comp="350" pin="1"/><net_sink comp="174" pin=1"/></net>

<net id="358"><net_src comp="174" pin="2"/><net_sink comp="355" pin=0"/></net>

<net id="362"><net_src comp="218" pin="1"/><net_sink comp="359" pin=0"/></net>

<net id="363"><net_src comp="359" pin="1"/><net_sink comp="307" pin=3"/></net>

<net id="367"><net_src comp="240" pin="1"/><net_sink comp="364" pin=0"/></net>

<net id="368"><net_src comp="364" pin="1"/><net_sink comp="289" pin=3"/></net>

<net id="369"><net_src comp="364" pin="1"/><net_sink comp="298" pin=3"/></net>

<net id="373"><net_src comp="84" pin="3"/><net_sink comp="370" pin=0"/></net>

<net id="374"><net_src comp="370" pin="1"/><net_sink comp="112" pin=0"/></net>

<net id="375"><net_src comp="370" pin="1"/><net_sink comp="112" pin=2"/></net>

<net id="379"><net_src comp="91" pin="3"/><net_sink comp="376" pin=0"/></net>

<net id="380"><net_src comp="376" pin="1"/><net_sink comp="118" pin=0"/></net>

<net id="381"><net_src comp="376" pin="1"/><net_sink comp="118" pin=2"/></net>

<net id="385"><net_src comp="98" pin="3"/><net_sink comp="382" pin=0"/></net>

<net id="386"><net_src comp="382" pin="1"/><net_sink comp="124" pin=0"/></net>

<net id="387"><net_src comp="382" pin="1"/><net_sink comp="124" pin=2"/></net>

<net id="391"><net_src comp="105" pin="3"/><net_sink comp="388" pin=0"/></net>

<net id="392"><net_src comp="388" pin="1"/><net_sink comp="130" pin=0"/></net>

<net id="393"><net_src comp="388" pin="1"/><net_sink comp="130" pin=2"/></net>

<net id="397"><net_src comp="316" pin="3"/><net_sink comp="394" pin=0"/></net>

</net_list>

</model> 
---------------- Datapath Model END ------------------

* FSMD analyzer results:
  - Output states:
	Port: feature_map_1_1 | {4 }
	Port: feature_map_1_0 | {4 }
	Port: feature_map_0_1 | {4 }
	Port: feature_map_0_0 | {4 }
 - Input state : 
	Port: relu_Pipeline_RELU_ROW_RELU_COL : bound | {1 }
	Port: relu_Pipeline_RELU_ROW_RELU_COL : width | {1 }
	Port: relu_Pipeline_RELU_ROW_RELU_COL : feature_map_1_1 | {2 3 }
	Port: relu_Pipeline_RELU_ROW_RELU_COL : feature_map_1_0 | {2 3 }
	Port: relu_Pipeline_RELU_ROW_RELU_COL : feature_map_0_1 | {2 3 }
	Port: relu_Pipeline_RELU_ROW_RELU_COL : feature_map_0_0 | {2 3 }
  - Chain level:
	State 1
		store_ln0 : 1
		store_ln0 : 1
		store_ln0 : 1
	State 2
		icmp_ln23 : 1
		add_ln23_1 : 1
		br_ln23 : 2
		add_ln23 : 1
		icmp_ln24 : 1
		select_ln23 : 2
		select_ln23_1 : 2
		trunc_ln23 : 3
		zext_ln30_mid2_v : 3
		tmp_2 : 4
		trunc_ln24 : 3
		lshr_ln27_1 : 3
		add_ln27 : 5
		zext_ln27 : 6
		feature_map_0_0_addr : 7
		feature_map_0_1_addr : 7
		feature_map_1_0_addr : 7
		feature_map_1_1_addr : 7
		feature_map_0_0_load : 8
		feature_map_0_1_load : 8
		feature_map_1_0_load : 8
		feature_map_1_1_load : 8
		add_ln24 : 3
		store_ln24 : 2
		store_ln24 : 3
		store_ln24 : 4
	State 3
		tmp : 1
		tmp_1 : 1
		val_V : 2
		tmp_3 : 3
		br_ln29 : 4
	State 4


============================================================
+ Verbose Summary: Datapath Resource usage 
============================================================

* Functional unit list:
|----------|-------------------------|---------|---------|
| Operation|     Functional Unit     |    FF   |   LUT   |
|----------|-------------------------|---------|---------|
|          |    add_ln23_1_fu_179    |    0    |    71   |
|    add   |     add_ln23_fu_191     |    0    |    39   |
|          |     add_ln27_fu_254     |    0    |    15   |
|          |     add_ln24_fu_268     |    0    |    39   |
|----------|-------------------------|---------|---------|
|  select  |    select_ln23_fu_202   |    0    |    32   |
|          |   select_ln23_1_fu_210  |    0    |    32   |
|----------|-------------------------|---------|---------|
|   icmp   |     icmp_ln23_fu_174    |    0    |    29   |
|          |     icmp_ln24_fu_197    |    0    |    18   |
|----------|-------------------------|---------|---------|
|          |        tmp_fu_289       |    0    |    9    |
|    mux   |       tmp_1_fu_298      |    0    |    9    |
|          |       val_V_fu_307      |    0    |    9    |
|----------|-------------------------|---------|---------|
|   read   |  width_read_read_fu_72  |    0    |    0    |
|          |  bound_read_read_fu_78  |    0    |    0    |
|----------|-------------------------|---------|---------|
|   trunc  |    trunc_ln23_fu_218    |    0    |    0    |
|          |    trunc_ln24_fu_240    |    0    |    0    |
|----------|-------------------------|---------|---------|
|partselect| zext_ln30_mid2_v_fu_222 |    0    |    0    |
|          |    lshr_ln27_1_fu_244   |    0    |    0    |
|----------|-------------------------|---------|---------|
|bitconcatenate|       tmp_2_fu_232      |    0    |    0    |
|----------|-------------------------|---------|---------|
|   zext   |     zext_ln27_fu_260    |    0    |    0    |
|----------|-------------------------|---------|---------|
| bitselect|       tmp_3_fu_316      |    0    |    0    |
|----------|-------------------------|---------|---------|
|   Total  |                         |    0    |   302   |
|----------|-------------------------|---------|---------|

Memories:
N/A

* Register list:
+----------------------------+--------+
|                            |   FF   |
+----------------------------+--------+
|     bound_read_reg_350     |   64   |
|feature_map_0_0_addr_reg_370|    8   |
|feature_map_0_1_addr_reg_376|    8   |
|feature_map_1_0_addr_reg_382|    8   |
|feature_map_1_1_addr_reg_388|    8   |
|          h_reg_331         |   32   |
|      icmp_ln23_reg_355     |    1   |
|   indvar_flatten_reg_338   |   64   |
|        tmp_3_reg_394       |    1   |
|     trunc_ln23_reg_359     |    1   |
|     trunc_ln24_reg_364     |    1   |
|          w_reg_324         |   32   |
|     width_read_reg_345     |   32   |
+----------------------------+--------+
|            Total           |   260  |
+----------------------------+--------+

* Multiplexer (MUX) list: 
|-------------------|------|------|------|--------||---------||---------|
|        Comp       |  Pin | Size |  BW  | S x BW ||  Delay  ||   LUT   |
|-------------------|------|------|------|--------||---------||---------|
| grp_access_fu_112 |  p0  |   2  |   8  |   16   ||    9    |
| grp_access_fu_118 |  p0  |   2  |   8  |   16   ||    9    |
| grp_access_fu_124 |  p0  |   2  |   8  |   16   ||    9    |
| grp_access_fu_130 |  p0  |   2  |   8  |   16   ||    9    |
|-------------------|------|------|------|--------||---------||---------|
|       Total       |      |      |      |   64   ||  6.352  ||    36   |
|-------------------|------|------|------|--------||---------||---------|



* Summary:
+-----------+--------+--------+--------+
|           |  Delay |   FF   |   LUT  |
+-----------+--------+--------+--------+
|  Function |    -   |    0   |   302  |
|   Memory  |    -   |    -   |    -   |
|Multiplexer|    6   |    -   |   36   |
|  Register |    -   |   260  |    -   |
+-----------+--------+--------+--------+
|   Total   |    6   |   260  |   338  |
+-----------+--------+--------+--------+
