

================================================================
== Vitis HLS Report for 'relu'
================================================================
* Date:           Fri Aug 21 20:16:11 2026

* Version:        2022.1 (Build 3526262 on Mon Apr 18 15:48:16 MDT 2022)
* Project:        cnn_accelerator
* Solution:       solution1 (Vivado IP Flow Target)
* Product family: zynq
* Target device:  xc7z020-clg484-1


================================================================
== Performance Estimates
================================================================
+ Timing: 
    * Summary: 
    +--------+----------+----------+------------+
    |  Clock |  Target  | Estimated| Uncertainty|
    +--------+----------+----------+------------+
    |ap_clk  |  10.00 ns|  8.510 ns|     1.25 ns|
    +--------+----------+----------+------------+

+ Latency: 
    * Summary: 
    +---------+---------+----------+----------+-----+-----+---------+
    |  Latency (cycles) |  Latency (absolute) |  Interval | Pipeline|
    |   min   |   max   |    min   |    max   | min | max |   Type  |
    +---------+---------+----------+----------+-----+-----+---------+
    |        ?|        ?|         ?|         ?|    ?|    ?|       no|
    +---------+---------+----------+----------+-----+-----+---------+

    + Detail: 
        * Instance: 
        +-------------------------------------------+---------------------------------+---------+---------+----------+----------+-----+-----+---------+
        |                                           |                                 |  Latency (cycles) |  Latency (absolute) |  Interval | Pipeline|
        |                  Instance                 |              Module             |   min   |   max   |    min   |    max   | min | max |   Type  |
        +-------------------------------------------+---------------------------------+---------+---------+----------+----------+-----+-----+---------+
        |grp_relu_Pipeline_RELU_ROW_RELU_COL_fu_36  |relu_Pipeline_RELU_ROW_RELU_COL  |        ?|        ?|         ?|         ?|    ?|    ?|       no|
        +-------------------------------------------+---------------------------------+---------+---------+----------+----------+-----+-----+---------+

        * Loop: 
        N/A

============================================================
+ Verbose Summary: Synthesis Manager
============================================================
InlineROM: 1
ExposeGlobal: 0
============================================================
+ Verbose Summary: CDFG Model
============================================================
IsTopModel: 0
ResetActiveHigh: 1
IsCombinational: 0
IsDatapathOnly: 0
HasWiredReturn: 1
HasMFsm: 0
HasVarLatency: 1
IsPipeline: 0
IsRtlPipelined: 0
IsInstanceOverlapped: 0
IsDontTouch: 0
HasImplIP: 0
IsGatedGlobalClock: 0


============================================================
+ Verbose Summary: Schedule
============================================================
* Number of FSM states : 2
* Pipeline : 0
* Dataflow Pipeline: 0

* FSM state transitions: 
1 --> 2 
2 --> 

* FSM state operations: 

State 1 <SV = 0> <Delay = 8.51>
ST_1 : Operation 3 [1/1] (0.00ns)   --->   "%width_read = read i32 @_ssdm_op_Read.ap_auto.i32, i32 %width" [src/relu.cpp:17]   --->   Operation 3 'read' 'width_read' <Predicate = true> <Delay = 0.00>
ST_1 : Operation 4 [1/1] (0.00ns)   --->   "%height_read = read i32 @_ssdm_op_Read.ap_auto.i32, i32 %height" [src/relu.cpp:17]   --->   Operation 4 'read' 'height_read' <Predicate = true> <Delay = 0.00>
ST_1 : Operation 5 [1/1] (0.00ns)   --->   "%cast = zext i32 %height_read" [src/relu.cpp:17]   --->   Operation 5 'zext' 'cast' <Predicate = true> <Delay = 0.00>
ST_1 : Operation 6 [1/1] (0.00ns)   --->   "%cast1 = zext i32 %width_read" [src/relu.cpp:17]   --->   Operation 6 'zext' 'cast1' <Predicate = true> <Delay = 0.00>
ST_1 : Operation 7 [1/1] (8.51ns)   --->   "%bound = mul i64 %cast, i64 %cast1" [src/relu.cpp:17]   --->   Operation 7 'mul' 'bound' <Predicate = true> <Delay = 8.51> <CoreInst = "Multiplier">   --->   Core 3 'Multiplier' <Latency = 0> <II = 1> <Delay = 8.51> <FuncUnit> <Opcode : 'mul'> <InPorts = 2> <OutPorts = 1>
ST_1 : Operation 8 [2/2] (0.00ns)   --->   "%call_ln17 = call void @relu_Pipeline_RELU_ROW_RELU_COL, i64 %bound, i32 %width_read, i32 %feature_map_1_1, i32 %feature_map_1_0, i32 %feature_map_0_1, i32 %feature_map_0_0" [src/relu.cpp:17]   --->   Operation 8 'call' 'call_ln17' <Predicate = true> <Delay = 0.00> <CoreType = "Generic">   --->   Core 0 '' <Latency = 0> <II = 1> <Delay = 1.00> <Generic> <Opcode : >

State 2 <SV = 1> <Delay = 0.00>
ST_2 : Operation 9 [1/1] (0.00ns)   --->   "%specmemcore_ln0 = specmemcore void @_ssdm_op_SpecMemCore, i32 %feature_map_0_0, i64 666, i64 22, i64 18446744073709551615"   --->   Operation 9 'specmemcore' 'specmemcore_ln0' <Predicate = true> <Delay = 0.00>
ST_2 : Operation 10 [1/1] (0.00ns)   --->   "%specmemcore_ln0 = specmemcore void @_ssdm_op_SpecMemCore, i32 %feature_map_0_1, i64 666, i64 22, i64 18446744073709551615"   --->   Operation 10 'specmemcore' 'specmemcore_ln0' <Predicate = true> <Delay = 0.00>
ST_2 : Operation 11 [1/1] (0.00ns)   --->   "%specmemcore_ln0 = specmemcore void @_ssdm_op_SpecMemCore, i32 %feature_map_1_0, i64 666, i64 22, i64 18446744073709551615"   --->   Operation 11 'specmemcore' 'specmemcore_ln0' <Predicate = true> <Delay = 0.00>
ST_2 : Operation 12 [1/1] (0.00ns)   --->   "%specmemcore_ln0 = specmemcore void @_ssdm_op_SpecMemCore, i32 %feature_map_1_1, i64 666, i64 22, i64 18446744073709551615"   --->   Operation 12 'specmemcore' 'specmemcore_ln0' <Predicate = true> <Delay = 0.00>
ST_2 : Operation 13 [1/2] (0.00ns)   --->   "%call_ln17 = call void @relu_Pipeline_RELU_ROW_RELU_COL, i64 %bound, i32 %width_read, i32 %feature_map_1_1, i32 %feature_map_1_0, i32 %feature_map_0_1, i32 %feature_map_0_0" [src/relu.cpp:17]   --->   Operation 13 'call' 'call_ln17' <Predicate = true> <Delay = 0.00> <CoreType = "Generic">   --->   Core 0 '' <Latency = 0> <II = 1> <Delay = 1.00> <Generic> <Opcode : >
ST_2 : Operation 14 [1/1] (0.00ns)   --->   "%ret_ln35 = ret" [src/relu.cpp:35]   --->   Operation 14 'ret' 'ret_ln35' <Predicate = true> <Delay = 0.00>


============================================================
+ Verbose Summary: Binding
============================================================
STG Binding: 
---------------- STG Properties BEGIN ----------------
- Is combinational: 0
- Is one-state seq: 0
- Is datapath-only: 0
- Is pipelined: 0
- Is top level: 0
Port [ Return ] is wired: 1; IO mode=ap_ctrl_hs:ce=0
Port [ feature_map_0_0]:  wired=1; compound=1; hidden=0; nouse=0; global=0; static=0; extern=0; dir=2; type=1; pingpong=0; private_global=0; MemPort=[10]; IO mode=ap_memory:ce=0
Port [ feature_map_0_1]:  wired=1; compound=1; hidden=0; nouse=0; global=0; static=0; extern=0; dir=2; type=1; pingpong=0; private_global=0; MemPort=[10]; IO mode=ap_memory:ce=0
Port [ feature_map_1_0]:  wired=1; compound=1; hidden=0; nouse=0; global=0; static=0; extern=0; dir=2; type=1; pingpong=0; private_global=0; MemPort=[10]; IO mode=ap_memory:ce=0
Port [ feature_map_1_1]:  wired=1; compound=1; hidden=0; nouse=0; global=0; static=0; extern=0; dir=2; type=1; pingpong=0; private_global=0; MemPort=[10]; IO mode=ap_memory:ce=0
Port [ height]:  wired=1; compound=0; hidden=0; nouse=0; global=0; static=0; extern=0; dir=0; type=0; pingpong=0; private_global=0; IO mode=ap_none:ce=0
Port [ width]:  wired=1; compound=0; hidden=0; nouse=0; global=0; static=0; extern=0; dir=0; type=0; pingpong=0; private_global=0; IO mode=ap_none:ce=0
---------------- STG Properties END ------------------

---------------- Datapath Model BEGIN ----------------

<LifeTime>
<method=bitvector/>
width_read      (read       ) [ 001]
height_read     (read       ) [ 000]
cast            (zext       ) [ 000]
cast1           (zext       ) [ 000]
bound           (mul        ) [ 001]
specmemcore_ln0 (specmemcore) [ 000]
specmemcore_ln0 (specmemcore) [ 000]
specmemcore_ln0 (specmemcore) [ 000]
specmemcore_ln0 (specmemcore) [ 000]
call_ln17       (call       ) [ 000]
ret_ln35        (ret        ) [ 000]
</LifeTime>

<model>

<comp_list>
<comp id="0" class="1000" name="feature_map_0_0">
<pin_list>
<pin id="1" dir="1" index="0" bw="1" slack="0"/>
</pin_list>
<bind>
<StgValue><ssdm name="feature_map_0_0"/><MemPortTyVec>1 0 </MemPortTyVec>
</StgValue>
</bind>
</comp>

<comp id="2" class="1000" name="feature_map_0_1">
<pin_list>
<pin id="3" dir="1" index="0" bw="1" slack="0"/>
</pin_list>
<bind>
<StgValue><ssdm name="feature_map_0_1"/><MemPortTyVec>1 0 </MemPortTyVec>
</StgValue>
</bind>
</comp>

<comp id="4" class="1000" name="feature_map_1_0">
<pin_list>
<pin id="5" dir="1" index="0" bw="1" slack="0"/>
</pin_list>
<bind>
<StgValue><ssdm name="feature_map_1_0"/><MemPortTyVec>1 0 </MemPortTyVec>
</StgValue>
</bind>
</comp>

<comp id="6" class="1000" name="feature_map_1_1">
<pin_list>
<pin id="7" dir="1" index="0" bw="1" slack="0"/>
</pin_list>
<bind>
<StgValue><ssdm name="feature_map_1_1"/><MemPortTyVec>1 0 </MemPortTyVec>
</StgValue>
</bind>
</comp>

<comp id="8" class="1000" name="height">
<pin_list>
<pin id="9" dir="1" index="0" bw="1" slack="0"/>
</pin_list>
<bind>
<StgValue><ssdm name="height"/></StgValue>
</bind>
</comp>

<comp id="10" class="1000" name="width">
<pin_list>
<pin id="11" dir="1" index="0" bw="1" slack="0"/>
</pin_list>
<bind>
<StgValue><ssdm name="width"/></StgValue>
</bind>
</comp>

<comp id="12" class="1001" name="const_12">
<pin_list>
<pin id="13" dir="1" index="0" bw="1" slack="0"/>
</pin_list>
<bind>
<StgValue><ssdm name="_ssdm_op_Read.ap_auto.i32"/></StgValue>
</bind>
</comp>

<comp id="14" class="1001" name="const_14">
<pin_list>
<pin id="15" dir="1" index="0" bw="1" slack="0"/>
</pin_list>
<bind>
<StgValue><ssdm name="relu_Pipeline_RELU_ROW_RELU_COL"/></StgValue>
</bind>
</comp>

<comp id="16" class="1001" name="const_16">
<pin_list>
<pin id="17" dir="1" index="0" bw="1" slack="2147483647"/>
</pin_list>
<bind>
<StgValue><ssdm name="_ssdm_op_SpecMemCore"/></StgValue>
</bind>
</comp>

<comp id="18" class="1001" name="const_18">
<pin_list>
<pin id="19" dir="1" index="0" bw="1" slack="2147483647"/>
</pin_list>
<bind>
<StgValue><ssdm name=""/></StgValue>
</bind>
</comp>

<comp id="20" class="1001" name="const_20">
<pin_list>
<pin id="21" dir="1" index="0" bw="1" slack="2147483647"/>
</pin_list>
<bind>
<StgValue><ssdm name=""/></StgValue>
</bind>
</comp>

<comp id="22" class="1001" name="const_22">
<pin_list>
<pin id="23" dir="1" index="0" bw="1" slack="2147483647"/>
</pin_list>
<bind>
<StgValue><ssdm name=""/></StgValue>
</bind>
</comp>

<comp id="24" class="1004" name="width_read_read_fu_24">
<pin_list>
<pin id="25" dir="0" index="0" bw="32" slack="0"/>
<pin id="26" dir="0" index="1" bw="32" slack="0"/>
<pin id="27" dir="1" index="2" bw="32" slack="0"/>
</pin_list>
<bind>
<opcode="read(1150) " fcode="read"/>
<opset="width_read/1 "/>
</bind>
</comp>

<comp id="30" class="1004" name="height_read_read_fu_30">
<pin_list>
<pin id="31" dir="0" index="0" bw="32" slack="0"/>
<pin id="32" dir="0" index="1" bw="32" slack="0"/>
<pin id="33" dir="1" index="2" bw="32" slack="0"/>
</pin_list>
<bind>
<opcode="read(1150) " fcode="read"/>
<opset="height_read/1 "/>
</bind>
</comp>

<comp id="36" class="1004" name="grp_relu_Pipeline_RELU_ROW_RELU_COL_fu_36">
<pin_list>
<pin id="37" dir="0" index="0" bw="0" slack="0"/>
<pin id="38" dir="0" index="1" bw="64" slack="0"/>
<pin id="39" dir="0" index="2" bw="32" slack="0"/>
<pin id="40" dir="0" index="3" bw="32" slack="0"/>
<pin id="41" dir="0" index="4" bw="32" slack="0"/>
<pin id="42" dir="0" index="5" bw="32" slack="0"/>
<pin id="43" dir="0" index="6" bw="32" slack="0"/>
<pin id="44" dir="1" index="7" bw="0" slack="2147483647"/>
</pin_list>
<bind>
<opcode="call(48) " fcode="call"/>
<opset="call_ln17/1 "/>
</bind>
</comp>

<comp id="51" class="1004" name="cast_fu_51">
<pin_list>
<pin id="52" dir="0" index="0" bw="32" slack="0"/>
<pin id="53" dir="1" index="1" bw="64" slack="0"/>
</pin_list>
<bind>
<opcode="zext(34) " fcode="zext"/>
<opset="cast/1 "/>
</bind>
</comp>

<comp id="55" class="1004" name="cast1_fu_55">
<pin_list>
<pin id="56" dir="0" index="0" bw="32" slack="0"/>
<pin id="57" dir="1" index="1" bw="64" slack="0"/>
</pin_list>
<bind>
<opcode="zext(34) " fcode="zext"/>
<opset="cast1/1 "/>
</bind>
</comp>

<comp id="59" class="1004" name="bound_fu_59">
<pin_list>
<pin id="60" dir="0" index="0" bw="32" slack="0"/>
<pin id="61" dir="0" index="1" bw="32" slack="0"/>
<pin id="62" dir="1" index="2" bw="64" slack="0"/>
</pin_list>
<bind>
<opcode="mul(12) " fcode="mul"/>
<opset="bound/1 "/>
</bind>
</comp>

<comp id="66" class="1005" name="width_read_reg_66">
<pin_list>
<pin id="67" dir="0" index="0" bw="32" slack="1"/>
<pin id="68" dir="1" index="1" bw="32" slack="1"/>
</pin_list>
<bind>
<opset="width_read "/>
</bind>
</comp>

<comp id="71" class="1005" name="bound_reg_71">
<pin_list>
<pin id="72" dir="0" index="0" bw="64" slack="1"/>
<pin id="73" dir="1" index="1" bw="64" slack="1"/>
</pin_list>
<bind>
<opset="bound "/>
</bind>
</comp>

</comp_list>

<net_list>
<net id="28"><net_src comp="12" pin="0"/><net_sink comp="24" pin=0"/></net>

<net id="29"><net_src comp="10" pin="0"/><net_sink comp="24" pin=1"/></net>

<net id="34"><net_src comp="12" pin="0"/><net_sink comp="30" pin=0"/></net>

<net id="35"><net_src comp="8" pin="0"/><net_sink comp="30" pin=1"/></net>

<net id="45"><net_src comp="14" pin="0"/><net_sink comp="36" pin=0"/></net>

<net id="46"><net_src comp="24" pin="2"/><net_sink comp="36" pin=2"/></net>

<net id="47"><net_src comp="6" pin="0"/><net_sink comp="36" pin=3"/></net>

<net id="48"><net_src comp="4" pin="0"/><net_sink comp="36" pin=4"/></net>

<net id="49"><net_src comp="2" pin="0"/><net_sink comp="36" pin=5"/></net>

<net id="50"><net_src comp="0" pin="0"/><net_sink comp="36" pin=6"/></net>

<net id="54"><net_src comp="30" pin="2"/><net_sink comp="51" pin=0"/></net>

<net id="58"><net_src comp="24" pin="2"/><net_sink comp="55" pin=0"/></net>

<net id="63"><net_src comp="51" pin="1"/><net_sink comp="59" pin=0"/></net>

<net id="64"><net_src comp="55" pin="1"/><net_sink comp="59" pin=1"/></net>

<net id="65"><net_src comp="59" pin="2"/><net_sink comp="36" pin=1"/></net>

<net id="69"><net_src comp="24" pin="2"/><net_sink comp="66" pin=0"/></net>

<net id="70"><net_src comp="66" pin="1"/><net_sink comp="36" pin=2"/></net>

<net id="74"><net_src comp="59" pin="2"/><net_sink comp="71" pin=0"/></net>

<net id="75"><net_src comp="71" pin="1"/><net_sink comp="36" pin=1"/></net>

</net_list>

</model> 
---------------- Datapath Model END ------------------

* FSMD analyzer results:
  - Output states:
	Port: feature_map_0_0 | {1 2 }
	Port: feature_map_0_1 | {1 2 }
	Port: feature_map_1_0 | {1 2 }
	Port: feature_map_1_1 | {1 2 }
 - Input state : 
	Port: relu : feature_map_0_0 | {1 2 }
	Port: relu : feature_map_0_1 | {1 2 }
	Port: relu : feature_map_1_0 | {1 2 }
	Port: relu : feature_map_1_1 | {1 2 }
	Port: relu : height | {1 }
	Port: relu : width | {1 }
  - Chain level:
	State 1
		bound : 1
		call_ln17 : 2
	State 2


============================================================
+ Verbose Summary: Datapath Resource usage 
============================================================

* Functional unit list:
|----------|-------------------------------------------|---------|---------|---------|---------|
| Operation|              Functional Unit              |   DSP   |  Delay  |    FF   |   LUT   |
|----------|-------------------------------------------|---------|---------|---------|---------|
|   call   | grp_relu_Pipeline_RELU_ROW_RELU_COL_fu_36 |    0    |  6.352  |   260   |   338   |
|----------|-------------------------------------------|---------|---------|---------|---------|
|    mul   |                bound_fu_59                |    3    |    0    |    0    |    20   |
|----------|-------------------------------------------|---------|---------|---------|---------|
|   read   |           width_read_read_fu_24           |    0    |    0    |    0    |    0    |
|          |           height_read_read_fu_30          |    0    |    0    |    0    |    0    |
|----------|-------------------------------------------|---------|---------|---------|---------|
|   zext   |                 cast_fu_51                |    0    |    0    |    0    |    0    |
|          |                cast1_fu_55                |    0    |    0    |    0    |    0    |
|----------|-------------------------------------------|---------|---------|---------|---------|
|   Total  |                                           |    3    |  6.352  |   260   |   358   |
|----------|-------------------------------------------|---------|---------|---------|---------|

Memories:
N/A

* Register list:
+-----------------+--------+
|                 |   FF   |
+-----------------+--------+
|   bound_reg_71  |   64   |
|width_read_reg_66|   32   |
+-----------------+--------+
|      Total      |   96   |
+-----------------+--------+

* Multiplexer (MUX) list: 
|-------------------------------------------|------|------|------|--------||---------||---------|
|                    Comp                   |  Pin | Size |  BW  | S x BW ||  Delay  ||   LUT   |
|-------------------------------------------|------|------|------|--------||---------||---------|
| grp_relu_Pipeline_RELU_ROW_RELU_COL_fu_36 |  p1  |   2  |  64  |   128  ||    9    |
| grp_relu_Pipeline_RELU_ROW_RELU_COL_fu_36 |  p2  |   2  |  32  |   64   ||    9    |
|-------------------------------------------|------|------|------|--------||---------||---------|
|                   Total                   |      |      |      |   192  ||  3.176  ||    18   |
|-------------------------------------------|------|------|------|--------||---------||---------|



* Summary:
+-----------+--------+--------+--------+--------+
|           |   DSP  |  Delay |   FF   |   LUT  |
+-----------+--------+--------+--------+--------+
|  Function |    3   |    6   |   260  |   358  |
|   Memory  |    -   |    -   |    -   |    -   |
|Multiplexer|    -   |    3   |    -   |   18   |
|  Register |    -   |    -   |   96   |    -   |
+-----------+--------+--------+--------+--------+
|   Total   |    3   |    9   |   356  |   376  |
+-----------+--------+--------+--------+--------+
