

================================================================
== Vitis HLS Report for 'relu_Pipeline_RELU_ROW_RELU_COL'
================================================================
* Date:           Fri Aug 21 20:16:11 2026

* Version:        2022.1 (Build 3526262 on Mon Apr 18 15:48:16 MDT 2022)
* Project:        cnn_accelerator
* Solution:       solution1 (Vivado IP Flow Target)
* Product family: zynq
* Target device:  xc7z020-clg484-1


================================================================
== Performance Estimates
================================================================
+ Timing: 
    * Summary: 
    +--------+----------+----------+------------+
    |  Clock |  Target  | Estimated| Uncertainty|
    +--------+----------+----------+------------+
    |ap_clk  |  10.00 ns|  8.419 ns|     1.25 ns|
    +--------+----------+----------+------------+

+ Latency: 
    * Summary: 
    +---------+---------+----------+----------+-----+-----+---------+
    |  Latency (cycles) |  Latency (absolute) |  Interval | Pipeline|
    |   min   |   max   |    min   |    max   | min | max |   Type  |
    +---------+---------+----------+----------+-----+-----+---------+
    |        ?|        ?|         ?|         ?|    ?|    ?|       no|
    +---------+---------+----------+----------+-----+-----+---------+

    + Detail: 
        * Instance: 
        N/A

        * Loop: 
        +---------------------+---------+---------+----------+-----------+-----------+------+----------+
        |                     |  Latency (cycles) | Iteration|  Initiation Interval  | Trip |          |
        |      Loop Name      |   min   |   max   |  Latency |  achieved |   target  | Count| Pipelined|
        +---------------------+---------+---------+----------+-----------+-----------+------+----------+
        |- RELU_ROW_RELU_COL  |        ?|        ?|         3|          1|          1|     ?|       yes|
        +---------------------+---------+---------+----------+-----------+-----------+------+----------+

============================================================
+ Verbose Summary: Synthesis Manager
============================================================
InlineROM: 1
ExposeGlobal: 0
============================================================
+ Verbose Summary: CDFG Model
============================================================
IsTopModel: 0
ResetActiveHigh: 1
IsCombinational: 0
IsDatapathOnly: 0
HasWiredReturn: 1
HasMFsm: 2
HasVarLatency: 1
IsPipeline: 0
IsRtlPipelined: 0
IsInstanceOverlapped: 0
IsDontTouch: 0
HasImplIP: 0
IsGatedGlobalClock: 0

+ Individual pipeline summary: 
  * Pipeline-0: initiation interval (II) = 1, depth = 4


============================================================
+ Verbose Summary: Schedule
============================================================
* Number of FSM states : 4
* Pipeline : 1
  Pipeline-0 : II = 1, D = 4, States = { 1 2 3 4 }
* Dataflow Pipeline: 0

* FSM state transitions: 
1 --> 2 
2 --> 3 
3 --> 4 
4 --> 

* FSM state operations: 

State 1 <SV = 0> <Delay = 1.58>
ST_1 : Operation 6 [1/1] (0.00ns)   --->   "%w = alloca i32 1"   --->   Operation 6 'alloca' 'w' <Predicate = true> <Delay = 0.00>
ST_1 : Operation 7 [1/1] (0.00ns)   --->   "%h = alloca i32 1"   --->   Operation 7 'alloca' 'h' <Predicate = true> <Delay = 0.00>
ST_1 : Operation 8 [1/1] (0.00ns)   --->   "%indvar_flatten = alloca i32 1"   --->   Operation 8 'alloca' 'indvar_flatten' <Predicate = true> <Delay = 0.00>
ST_1 : Operation 9 [1/1] (0.00ns)   --->   "%specmemcore_ln0 = specmemcore void @_ssdm_op_SpecMemCore, i32 %feature_map_1_1, i64 666, i64 22, i64 18446744073709551615"   --->   Operation 9 'specmemcore' 'specmemcore_ln0' <Predicate = true> <Delay = 0.00>
ST_1 : Operation 10 [1/1] (0.00ns)   --->   "%specmemcore_ln0 = specmemcore void @_ssdm_op_SpecMemCore, i32 %feature_map_1_0, i64 666, i64 22, i64 18446744073709551615"   --->   Operation 10 'specmemcore' 'specmemcore_ln0' <Predicate = true> <Delay = 0.00>
ST_1 : Operation 11 [1/1] (0.00ns)   --->   "%specmemcore_ln0 = specmemcore void @_ssdm_op_SpecMemCore, i32 %feature_map_0_1, i64 666, i64 22, i64 18446744073709551615"   --->   Operation 11 'specmemcore' 'specmemcore_ln0' <Predicate = true> <Delay = 0.00>
ST_1 : Operation 12 [1/1] (0.00ns)   --->   "%specmemcore_ln0 = specmemcore void @_ssdm_op_SpecMemCore, i32 %feature_map_0_0, i64 666, i64 22, i64 18446744073709551615"   --->   Operation 12 'specmemcore' 'specmemcore_ln0' <Predicate = true> <Delay = 0.00>
ST_1 : Operation 13 [1/1] (0.00ns)   --->   "%width_read = read i32 @_ssdm_op_Read.ap_auto.i32, i32 %width"   --->   Operation 13 'read' 'width_read' <Predicate = true> <Delay = 0.00>
ST_1 : Operation 14 [1/1] (0.00ns)   --->   "%bound_read = read i64 @_ssdm_op_Read.ap_auto.i64, i64 %bound"   --->   Operation 14 'read' 'bound_read' <Predicate = true> <Delay = 0.00>
ST_1 : Operation 15 [1/1] (1.58ns)   --->   "%store_ln0 = store i64 0, i64 %indvar_flatten"   --->   Operation 15 'store' 'store_ln0' <Predicate = true> <Delay = 1.58>
ST_1 : Operation 16 [1/1] (1.58ns)   --->   "%store_ln0 = store i32 0, i32 %h"   --->   Operation 16 'store' 'store_ln0' <Predicate = true> <Delay = 1.58>
ST_1 : Operation 17 [1/1] (1.58ns)   --->   "%store_ln0 = store i32 0, i32 %w"   --->   Operation 17 'store' 'store_ln0' <Predicate = true> <Delay = 1.58>
ST_1 : Operation 18 [1/1] (0.00ns)   --->   "%br_ln0 = br void %for.body4"   --->   Operation 18 'br' 'br_ln0' <Predicate = true> <Delay = 0.00>

State 2 <SV = 1> <Delay = 8.41>
ST_2 : Operation 19 [1/1] (0.00ns)   --->   "%indvar_flatten_load = load i64 %indvar_flatten" [src/relu.cpp:23]   --->   Operation 19 'load' 'indvar_flatten_load' <Predicate = true> <Delay = 0.00>
ST_2 : Operation 20 [1/1] (2.77ns)   --->   "%icmp_ln23 = icmp_eq  i64 %indvar_flatten_load, i64 %bound_read" [src/relu.cpp:23]   --->   Operation 20 'icmp' 'icmp_ln23' <Predicate = true> <Delay = 2.77> <CoreInst = "Cmp">   --->   Core 9 'Cmp' <Latency = 0> <II = 1> <Delay = 2.77> <FuncUnit> <Opcode : 'icmp'> <InPorts = 2> <OutPorts = 1>
ST_2 : Operation 21 [1/1] (3.52ns)   --->   "%add_ln23_1 = add i64 %indvar_flatten_load, i64 1" [src/relu.cpp:23]   --->   Operation 21 'add' 'add_ln23_1' <Predicate = true> <Delay = 3.52> <CoreInst = "Adder">   --->   Core 1 'Adder' <Latency = 0> <II = 1> <Delay = 3.52> <FuncUnit> <Opcode : 'add' 'sub'> <InPorts = 2> <OutPorts = 1>
ST_2 : Operation 22 [1/1] (0.00ns)   --->   "%br_ln23 = br i1 %icmp_ln23, void %for.inc11.loopexit, void %for.end13.loopexit.exitStub" [src/relu.cpp:23]   --->   Operation 22 'br' 'br_ln23' <Predicate = true> <Delay = 0.00>
ST_2 : Operation 23 [1/1] (0.00ns)   --->   "%w_load = load i32 %w" [src/relu.cpp:24]   --->   Operation 23 'load' 'w_load' <Predicate = (!icmp_ln23)> <Delay = 0.00>
ST_2 : Operation 24 [1/1] (0.00ns)   --->   "%h_load = load i32 %h" [src/relu.cpp:23]   --->   Operation 24 'load' 'h_load' <Predicate = (!icmp_ln23)> <Delay = 0.00>
ST_2 : Operation 25 [1/1] (2.55ns)   --->   "%add_ln23 = add i32 %h_load, i32 1" [src/relu.cpp:23]   --->   Operation 25 'add' 'add_ln23' <Predicate = (!icmp_ln23)> <Delay = 2.55> <CoreInst = "Adder">   --->   Core 1 'Adder' <Latency = 0> <II = 1> <Delay = 2.55> <FuncUnit> <Opcode : 'add' 'sub'> <InPorts = 2> <OutPorts = 1>
ST_2 : Operation 26 [1/1] (2.47ns)   --->   "%icmp_ln24 = icmp_eq  i32 %w_load, i32 %width_read" [src/relu.cpp:24]   --->   Operation 26 'icmp' 'icmp_ln24' <Predicate = (!icmp_ln23)> <Delay = 2.47> <CoreInst = "Cmp">   --->   Core 9 'Cmp' <Latency = 0> <II = 1> <Delay = 2.47> <FuncUnit> <Opcode : 'icmp'> <InPorts = 2> <OutPorts = 1>
ST_2 : Operation 27 [1/1] (0.69ns)   --->   "%select_ln23 = select i1 %icmp_ln24, i32 0, i32 %w_load" [src/relu.cpp:23]   --->   Operation 27 'select' 'select_ln23' <Predicate = (!icmp_ln23)> <Delay = 0.69> <CoreInst = "Sel">   --->   Core 73 'Sel' <Latency = 0> <II = 1> <Delay = 0.69> <FuncUnit> <Opcode : 'select'> <InPorts = 3> <OutPorts = 1>
ST_2 : Operation 28 [1/1] (0.69ns)   --->   "%select_ln23_1 = select i1 %icmp_ln24, i32 %add_ln23, i32 %h_load" [src/relu.cpp:23]   --->   Operation 28 'select' 'select_ln23_1' <Predicate = (!icmp_ln23)> <Delay = 0.69> <CoreInst = "Sel">   --->   Core 73 'Sel' <Latency = 0> <II = 1> <Delay = 0.69> <FuncUnit> <Opcode : 'select'> <InPorts = 3> <OutPorts = 1>
ST_2 : Operation 29 [1/1] (0.00ns)   --->   "%trunc_ln23 = trunc i32 %select_ln23_1" [src/relu.cpp:23]   --->   Operation 29 'trunc' 'trunc_ln23' <Predicate = (!icmp_ln23)> <Delay = 0.00>
ST_2 : Operation 30 [1/1] (0.00ns)   --->   "%zext_ln30_mid2_v = partselect i4 @_ssdm_op_PartSelect.i4.i32.i32.i32, i32 %select_ln23_1, i32 1, i32 4" [src/relu.cpp:23]   --->   Operation 30 'partselect' 'zext_ln30_mid2_v' <Predicate = (!icmp_ln23)> <Delay = 0.00>
ST_2 : Operation 31 [1/1] (0.00ns)   --->   "%tmp_2 = bitconcatenate i8 @_ssdm_op_BitConcatenate.i8.i4.i4, i4 %zext_ln30_mid2_v, i4 0" [src/relu.cpp:27]   --->   Operation 31 'bitconcatenate' 'tmp_2' <Predicate = (!icmp_ln23)> <Delay = 0.00>
ST_2 : Operation 32 [1/1] (0.00ns)   --->   "%trunc_ln24 = trunc i32 %select_ln23" [src/relu.cpp:24]   --->   Operation 32 'trunc' 'trunc_ln24' <Predicate = (!icmp_ln23)> <Delay = 0.00>
ST_2 : Operation 33 [1/1] (0.00ns)   --->   "%lshr_ln27_1 = partselect i8 @_ssdm_op_PartSelect.i8.i32.i32.i32, i32 %select_ln23, i32 1, i32 8" [src/relu.cpp:27]   --->   Operation 33 'partselect' 'lshr_ln27_1' <Predicate = (!icmp_ln23)> <Delay = 0.00>
ST_2 : Operation 34 [1/1] (1.91ns)   --->   "%add_ln27 = add i8 %tmp_2, i8 %lshr_ln27_1" [src/relu.cpp:27]   --->   Operation 34 'add' 'add_ln27' <Predicate = (!icmp_ln23)> <Delay = 1.91> <CoreInst = "Adder">   --->   Core 1 'Adder' <Latency = 0> <II = 1> <Delay = 1.91> <FuncUnit> <Opcode : 'add' 'sub'> <InPorts = 2> <OutPorts = 1>
ST_2 : Operation 35 [1/1] (0.00ns)   --->   "%zext_ln27 = zext i8 %add_ln27" [src/relu.cpp:27]   --->   Operation 35 'zext' 'zext_ln27' <Predicate = (!icmp_ln23)> <Delay = 0.00>
ST_2 : Operation 36 [1/1] (0.00ns)   --->   "%feature_map_0_0_addr = getelementptr i32 %feature_map_0_0, i64 0, i64 %zext_ln27" [src/relu.cpp:27]   --->   Operation 36 'getelementptr' 'feature_map_0_0_addr' <Predicate = (!icmp_ln23)> <Delay = 0.00>
ST_2 : Operation 37 [1/1] (0.00ns)   --->   "%feature_map_0_1_addr = getelementptr i32 %feature_map_0_1, i64 0, i64 %zext_ln27" [src/relu.cpp:27]   --->   Operation 37 'getelementptr' 'feature_map_0_1_addr' <Predicate = (!icmp_ln23)> <Delay = 0.00>
ST_2 : Operation 38 [1/1] (0.00ns)   --->   "%feature_map_1_0_addr = getelementptr i32 %feature_map_1_0, i64 0, i64 %zext_ln27" [src/relu.cpp:27]   --->   Operation 38 'getelementptr' 'feature_map_1_0_addr' <Predicate = (!icmp_ln23)> <Delay = 0.00>
ST_2 : Operation 39 [1/1] (0.00ns)   --->   "%feature_map_1_1_addr = getelementptr i32 %feature_map_1_1, i64 0, i64 %zext_ln27" [src/relu.cpp:27]   --->   Operation 39 'getelementptr' 'feature_map_1_1_addr' <Predicate = (!icmp_ln23)> <Delay = 0.00>
ST_2 : Operation 40 [2/2] (3.25ns)   --->   "%feature_map_0_0_load = load i8 %feature_map_0_0_addr" [src/relu.cpp:27]   --->   Operation 40 'load' 'feature_map_0_0_load' <Predicate = (!icmp_ln23)> <Delay = 3.25> <CoreInst = "RAM_2P_BRAM">   --->   Core 91 'RAM_2P_BRAM' <Latency = 1> <II = 1> <Delay = 3.25> <Storage> <Opcode : 'load' 'store'> <Ports = 2> <Width = 32> <Depth = 256> <RAM>
ST_2 : Operation 41 [2/2] (3.25ns)   --->   "%feature_map_0_1_load = load i8 %feature_map_0_1_addr" [src/relu.cpp:27]   --->   Operation 41 'load' 'feature_map_0_1_load' <Predicate = (!icmp_ln23)> <Delay = 3.25> <CoreInst = "RAM_2P_BRAM">   --->   Core 91 'RAM_2P_BRAM' <Latency = 1> <II = 1> <Delay = 3.25> <Storage> <Opcode : 'load' 'store'> <Ports = 2> <Width = 32> <Depth = 256> <RAM>
ST_2 : Operation 42 [2/2] (3.25ns)   --->   "%feature_map_1_0_load = load i8 %feature_map_1_0_addr" [src/relu.cpp:27]   --->   Operation 42 'load' 'feature_map_1_0_load' <Predicate = (!icmp_ln23)> <Delay = 3.25> <CoreInst = "RAM_2P_BRAM">   --->   Core 91 'RAM_2P_BRAM' <Latency = 1> <II = 1> <Delay = 3.25> <Storage> <Opcode : 'load' 'store'> <Ports = 2> <Width = 32> <Depth = 256> <RAM>
ST_2 : Operation 43 [2/2] (3.25ns)   --->   "%feature_map_1_1_load = load i8 %feature_map_1_1_addr" [src/relu.cpp:27]   --->   Operation 43 'load' 'feature_map_1_1_load' <Predicate = (!icmp_ln23)> <Delay = 3.25> <CoreInst = "RAM_2P_BRAM">   --->   Core 91 'RAM_2P_BRAM' <Latency = 1> <II = 1> <Delay = 3.25> <Storage> <Opcode : 'load' 'store'> <Ports = 2> <Width = 32> <Depth = 256> <RAM>
ST_2 : Operation 44 [1/1] (2.55ns)   --->   "%add_ln24 = add i32 %select_ln23, i32 1" [src/relu.cpp:24]   --->   Operation 44 'add' 'add_ln24' <Predicate = (!icmp_ln23)> <Delay = 2.55> <CoreInst = "Adder">   --->   Core 1 'Adder' <Latency = 0> <II = 1> <Delay = 2.55> <FuncUnit> <Opcode : 'add' 'sub'> <InPorts = 2> <OutPorts = 1>
ST_2 : Operation 45 [1/1] (1.58ns)   --->   "%store_ln24 = store i64 %add_ln23_1, i64 %indvar_flatten" [src/relu.cpp:24]   --->   Operation 45 'store' 'store_ln24' <Predicate = (!icmp_ln23)> <Delay = 1.58>
ST_2 : Operation 46 [1/1] (1.58ns)   --->   "%store_ln24 = store i32 %select_ln23_1, i32 %h" [src/relu.cpp:24]   --->   Operation 46 'store' 'store_ln24' <Predicate = (!icmp_ln23)> <Delay = 1.58>
ST_2 : Operation 47 [1/1] (1.58ns)   --->   "%store_ln24 = store i32 %add_ln24, i32 %w" [src/relu.cpp:24]   --->   Operation 47 'store' 'store_ln24' <Predicate = (!icmp_ln23)> <Delay = 1.58>
ST_2 : Operation 48 [1/1] (0.00ns)   --->   "%br_ln24 = br void %for.body4" [src/relu.cpp:24]   --->   Operation 48 'br' 'br_ln24' <Predicate = (!icmp_ln23)> <Delay = 0.00>

State 3 <SV = 2> <Delay = 6.43>
ST_3 : Operation 49 [1/1] (0.00ns)   --->   "%specloopname_ln0 = specloopname void @_ssdm_op_SpecLoopName, void @RELU_ROW_RELU_COL_str"   --->   Operation 49 'specloopname' 'specloopname_ln0' <Predicate = true> <Delay = 0.00>
ST_3 : Operation 50 [1/1] (0.00ns)   --->   "%specpipeline_ln25 = specpipeline void @_ssdm_op_SpecPipeline, i32 1, i32 0, i32 0, i32 0, void @empty_23" [src/relu.cpp:25]   --->   Operation 50 'specpipeline' 'specpipeline_ln25' <Predicate = true> <Delay = 0.00>
ST_3 : Operation 51 [1/1] (0.00ns)   --->   "%specloopname_ln24 = specloopname void @_ssdm_op_SpecLoopName, void @empty_22" [src/relu.cpp:24]   --->   Operation 51 'specloopname' 'specloopname_ln24' <Predicate = true> <Delay = 0.00>
ST_3 : Operation 52 [1/2] (3.25ns)   --->   "%feature_map_0_0_load = load i8 %feature_map_0_0_addr" [src/relu.cpp:27]   --->   Operation 52 'load' 'feature_map_0_0_load' <Predicate = true> <Delay = 3.25> <CoreInst = "RAM_2P_BRAM">   --->   Core 91 'RAM_2P_BRAM' <Latency = 1> <II = 1> <Delay = 3.25> <Storage> <Opcode : 'load' 'store'> <Ports = 2> <Width = 32> <Depth = 256> <RAM>
ST_3 : Operation 53 [1/2] (3.25ns)   --->   "%feature_map_0_1_load = load i8 %feature_map_0_1_addr" [src/relu.cpp:27]   --->   Operation 53 'load' 'feature_map_0_1_load' <Predicate = true> <Delay = 3.25> <CoreInst = "RAM_2P_BRAM">   --->   Core 91 'RAM_2P_BRAM' <Latency = 1> <II = 1> <Delay = 3.25> <Storage> <Opcode : 'load' 'store'> <Ports = 2> <Width = 32> <Depth = 256> <RAM>
ST_3 : Operation 54 [1/1] (1.58ns)   --->   "%tmp = mux i32 @_ssdm_op_Mux.ap_auto.2i32.i1, i32 %feature_map_0_0_load, i32 %feature_map_0_1_load, i1 %trunc_ln24" [src/relu.cpp:27]   --->   Operation 54 'mux' 'tmp' <Predicate = true> <Delay = 1.58> <CoreInst = "Multiplexer">   --->   Core 76 'Multiplexer' <Latency = 0> <II = 1> <Delay = 1.58> <FuncUnit> <Opcode : 'mux'> <InPorts = 2> <OutPorts = 1>
ST_3 : Operation 55 [1/2] (3.25ns)   --->   "%feature_map_1_0_load = load i8 %feature_map_1_0_addr" [src/relu.cpp:27]   --->   Operation 55 'load' 'feature_map_1_0_load' <Predicate = true> <Delay = 3.25> <CoreInst = "RAM_2P_BRAM">   --->   Core 91 'RAM_2P_BRAM' <Latency = 1> <II = 1> <Delay = 3.25> <Storage> <Opcode : 'load' 'store'> <Ports = 2> <Width = 32> <Depth = 256> <RAM>
ST_3 : Operation 56 [1/2] (3.25ns)   --->   "%feature_map_1_1_load = load i8 %feature_map_1_1_addr" [src/relu.cpp:27]   --->   Operation 56 'load' 'feature_map_1_1_load' <Predicate = true> <Delay = 3.25> <CoreInst = "RAM_2P_BRAM">   --->   Core 91 'RAM_2P_BRAM' <Latency = 1> <II = 1> <Delay = 3.25> <Storage> <Opcode : 'load' 'store'> <Ports = 2> <Width = 32> <Depth = 256> <RAM>
ST_3 : Operation 57 [1/1] (1.58ns)   --->   "%tmp_1 = mux i32 @_ssdm_op_Mux.ap_auto.2i32.i1, i32 %feature_map_1_0_load, i32 %feature_map_1_1_load, i1 %trunc_ln24" [src/relu.cpp:27]   --->   Operation 57 'mux' 'tmp_1' <Predicate = true> <Delay = 1.58> <CoreInst = "Multiplexer">   --->   Core 76 'Multiplexer' <Latency = 0> <II = 1> <Delay = 1.58> <FuncUnit> <Opcode : 'mux'> <InPorts = 2> <OutPorts = 1>
ST_3 : Operation 58 [1/1] (1.58ns)   --->   "%val_V = mux i32 @_ssdm_op_Mux.ap_auto.2i32.i1, i32 %tmp, i32 %tmp_1, i1 %trunc_ln23" [src/relu.cpp:27]   --->   Operation 58 'mux' 'val_V' <Predicate = true> <Delay = 1.58> <CoreInst = "Multiplexer">   --->   Core 76 'Multiplexer' <Latency = 0> <II = 1> <Delay = 1.58> <FuncUnit> <Opcode : 'mux'> <InPorts = 2> <OutPorts = 1>
ST_3 : Operation 59 [1/1] (0.00ns)   --->   "%tmp_3 = bitselect i1 @_ssdm_op_BitSelect.i1.i32.i32, i32 %val_V, i32 31"   --->   Operation 59 'bitselect' 'tmp_3' <Predicate = true> <Delay = 0.00>
ST_3 : Operation 60 [1/1] (0.00ns)   --->   "%br_ln29 = br i1 %tmp_3, void %for.inc, void %if.then" [src/relu.cpp:29]   --->   Operation 60 'br' 'br_ln29' <Predicate = true> <Delay = 0.00>
ST_3 : Operation 61 [1/1] (0.00ns)   --->   "%br_ln30 = br i1 %trunc_ln23, void %arrayidx61.0.0.031.case.0, void %arrayidx61.0.0.031.case.1" [src/relu.cpp:30]   --->   Operation 61 'br' 'br_ln30' <Predicate = (tmp_3)> <Delay = 0.00>
ST_3 : Operation 62 [1/1] (0.00ns)   --->   "%br_ln30 = br i1 %trunc_ln24, void %arrayidx61.0.0.031.case.07, void %arrayidx61.0.0.031.case.18" [src/relu.cpp:30]   --->   Operation 62 'br' 'br_ln30' <Predicate = (tmp_3 & !trunc_ln23)> <Delay = 0.00>
ST_3 : Operation 63 [1/1] (0.00ns)   --->   "%br_ln30 = br void %arrayidx61.0.0.031.exit" [src/relu.cpp:30]   --->   Operation 63 'br' 'br_ln30' <Predicate = (tmp_3 & !trunc_ln23)> <Delay = 0.00>
ST_3 : Operation 64 [1/1] (0.00ns)   --->   "%br_ln30 = br i1 %trunc_ln24, void %arrayidx61.0.0.031.case.011, void %arrayidx61.0.0.031.case.112" [src/relu.cpp:30]   --->   Operation 64 'br' 'br_ln30' <Predicate = (tmp_3 & trunc_ln23)> <Delay = 0.00>
ST_3 : Operation 65 [1/1] (0.00ns)   --->   "%br_ln30 = br void %arrayidx61.0.0.031.exit" [src/relu.cpp:30]   --->   Operation 65 'br' 'br_ln30' <Predicate = (tmp_3 & trunc_ln23)> <Delay = 0.00>
ST_3 : Operation 66 [1/1] (0.00ns)   --->   "%br_ln31 = br void %for.inc" [src/relu.cpp:31]   --->   Operation 66 'br' 'br_ln31' <Predicate = (tmp_3)> <Delay = 0.00>
ST_3 : Operation 75 [1/1] (0.00ns)   --->   "%ret_ln0 = ret"   --->   Operation 75 'ret' 'ret_ln0' <Predicate = (icmp_ln23)> <Delay = 0.00>

State 4 <SV = 3> <Delay = 3.25>
ST_4 : Operation 67 [1/1] (3.25ns)   --->   "%store_ln30 = store i32 0, i8 %feature_map_0_0_addr" [src/relu.cpp:30]   --->   Operation 67 'store' 'store_ln30' <Predicate = (tmp_3 & !trunc_ln23 & !trunc_ln24)> <Delay = 3.25> <CoreInst = "RAM_2P_BRAM">   --->   Core 91 'RAM_2P_BRAM' <Latency = 1> <II = 1> <Delay = 3.25> <Storage> <Opcode : 'load' 'store'> <Ports = 2> <Width = 32> <Depth = 256> <RAM>
ST_4 : Operation 68 [1/1] (0.00ns)   --->   "%br_ln30 = br void %arrayidx61.0.0.031.exit6" [src/relu.cpp:30]   --->   Operation 68 'br' 'br_ln30' <Predicate = (tmp_3 & !trunc_ln23 & !trunc_ln24)> <Delay = 0.00>
ST_4 : Operation 69 [1/1] (3.25ns)   --->   "%store_ln30 = store i32 0, i8 %feature_map_0_1_addr" [src/relu.cpp:30]   --->   Operation 69 'store' 'store_ln30' <Predicate = (tmp_3 & !trunc_ln23 & trunc_ln24)> <Delay = 3.25> <CoreInst = "RAM_2P_BRAM">   --->   Core 91 'RAM_2P_BRAM' <Latency = 1> <II = 1> <Delay = 3.25> <Storage> <Opcode : 'load' 'store'> <Ports = 2> <Width = 32> <Depth = 256> <RAM>
ST_4 : Operation 70 [1/1] (0.00ns)   --->   "%br_ln30 = br void %arrayidx61.0.0.031.exit6" [src/relu.cpp:30]   --->   Operation 70 'br' 'br_ln30' <Predicate = (tmp_3 & !trunc_ln23 & trunc_ln24)> <Delay = 0.00>
ST_4 : Operation 71 [1/1] (3.25ns)   --->   "%store_ln30 = store i32 0, i8 %feature_map_1_0_addr" [src/relu.cpp:30]   --->   Operation 71 'store' 'store_ln30' <Predicate = (tmp_3 & trunc_ln23 & !trunc_ln24)> <Delay = 3.25> <CoreInst = "RAM_2P_BRAM">   --->   Core 91 'RAM_2P_BRAM' <Latency = 1> <II = 1> <Delay = 3.25> <Storage> <Opcode : 'load' 'store'> <Ports = 2> <Width = 32> <Depth = 256> <RAM>
ST_4 : Operation 72 [1/1] (0.00ns)   --->   "%br_ln30 = br void %arrayidx61.0.0.031.exit10" [src/relu.cpp:30]   --->   Operation 72 'br' 'br_ln30' <Predicate = (tmp_3 & trunc_ln23 & !trunc_ln24)> <Delay = 0.00>
ST_4 : Operation 73 [1/1] (3.25ns)   --->   "%store_ln30 = store i32 0, i8 %feature_map_1_1_addr" [src/relu.cpp:30]   --->   Operation 73 'store' 'store_ln30' <Predicate = (tmp_3 & trunc_ln23 & trunc_ln24)> <Delay = 3.25> <CoreInst = "RAM_2P_BRAM">   --->   Core 91 'RAM_2P_BRAM' <Latency = 1> <II = 1> <Delay = 3.25> <Storage> <Opcode : 'load' 'store'> <Ports = 2> <Width = 32> <Depth = 256> <RAM>
ST_4 : Operation 74 [1/1] (0.00ns)   --->   "%br_ln30 = br void %arrayidx61.0.0.031.exit10" [src/relu.cpp:30]   --->   Operation 74 'br' 'br_ln30' <Predicate = (tmp_3 & trunc_ln23 & trunc_ln24)> <Delay = 0.00>


============================================================
+ Verbose Summary: Timing violations
============================================================
Target clock period: 10ns, clock uncertainty: 1.25ns.

 <State 1>: 1.59ns
The critical path consists of the following:
	'alloca' operation ('indvar_flatten') [9]  (0 ns)
	'store' operation ('store_ln0') of constant 0 on local variable 'indvar_flatten' [16]  (1.59 ns)

 <State 2>: 8.42ns
The critical path consists of the following:
	'load' operation ('h_load', src/relu.cpp:23) on local variable 'h' [27]  (0 ns)
	'add' operation ('add_ln23', src/relu.cpp:23) [28]  (2.55 ns)
	'select' operation ('select_ln23_1', src/relu.cpp:23) [32]  (0.698 ns)
	'add' operation ('add_ln27', src/relu.cpp:27) [40]  (1.92 ns)
	'getelementptr' operation ('feature_map_0_0_addr', src/relu.cpp:27) [42]  (0 ns)
	'load' operation ('feature_map_0_0_load', src/relu.cpp:27) on array 'feature_map_0_0' [46]  (3.25 ns)

 <State 3>: 6.43ns
The critical path consists of the following:
	'load' operation ('feature_map_0_0_load', src/relu.cpp:27) on array 'feature_map_0_0' [46]  (3.25 ns)
	'mux' operation ('tmp', src/relu.cpp:27) [48]  (1.59 ns)
	'mux' operation ('val.V', src/relu.cpp:27) [52]  (1.59 ns)

 <State 4>: 3.25ns
The critical path consists of the following:
	'store' operation ('store_ln30', src/relu.cpp:30) of constant 0 on array 'feature_map_1_1' [73]  (3.25 ns)


============================================================
+ Verbose Summary: Binding
============================================================
N/A
* FSMD analyzer results:
  - Output states:
 - Input state : 
  - Chain level:
	State 1
	State 2
	State 3
	State 4


============================================================
+ Verbose Summary: Datapath Resource usage 
============================================================
N/A
