

================================================================
== Synthesis Summary Report of 'sha256_top'
================================================================
+ General Information: 
    * Date:           Sun Aug 23 12:50:48 2026
    * Version:        2022.1 (Build 3526262 on Mon Apr 18 15:48:16 MDT 2022)
    * Project:        sha256
    * Solution:       solution1 (Vivado IP Flow Target)
    * Product family: zynq
    * Target device:  xc7z020-clg484-1
    

+ Performance & Resource Estimates: 
    
    PS: '+' for module; 'o' for loop; '*' for dataflow
    +---------------------------------------------+------+------+---------+-----------+----------+---------+------+----------+------+----+-----------+------------+-----+
    |                   Modules                   | Issue|      | Latency |  Latency  | Iteration|         | Trip |          |      |    |           |            |     |
    |                   & Loops                   | Type | Slack| (cycles)|    (ns)   |  Latency | Interval| Count| Pipelined| BRAM | DSP|     FF    |     LUT    | URAM|
    +---------------------------------------------+------+------+---------+-----------+----------+---------+------+----------+------+----+-----------+------------+-----+
    |+ sha256_top                                 |     -|  0.00|        -|          -|         -|        -|     -|        no|     -|   -|  5021 (4%)|  5793 (10%)|    -|
    | + sha256_top_Pipeline_STORE_DIGEST          |     -|  0.00|       11|    110.000|         -|       11|     -|        no|     -|   -|   42 (~0%)|    71 (~0%)|    -|
    |  o STORE_DIGEST                             |     -|  8.75|        9|     90.000|         3|        1|     8|       yes|     -|   -|          -|           -|    -|
    | o HASH_BLOCKS                               |     -|  8.75|        -|          -|       267|        -|     -|        no|     -|   -|          -|           -|    -|
    |  + sha256_top_Pipeline_LOAD_BLOCK           |     -|  0.00|       24|    240.000|         -|       24|     -|        no|     -|   -|  532 (~0%)|   123 (~0%)|    -|
    |   o LOAD_BLOCK                              |     -|  8.75|       16|    160.000|         2|        1|    16|       yes|     -|   -|          -|           -|    -|
    |  + sha256_process_block                     |     -|  0.24|      238|  2.380e+03|         -|      238|     -|        no|     -|   -|  2484 (2%)|   3254 (6%)|    -|
    |   + sha256_process_block_Pipeline_EXPAND_W  |     -|  3.06|       98|    980.000|         -|       98|     -|        no|     -|   -|  1658 (1%)|   1418 (2%)|    -|
    |    o EXPAND_W                               |     -|  8.75|       96|    960.000|         3|        2|    48|       yes|     -|   -|          -|           -|    -|
    |   + sha256_process_block_Pipeline_COMPRESS  |     -|  0.24|      131|  1.310e+03|         -|      131|     -|        no|     -|   -|  558 (~0%)|   1319 (2%)|    -|
    |    o COMPRESS                               |     -|  8.75|      129|  1.290e+03|         3|        2|    64|       yes|     -|   -|          -|           -|    -|
    +---------------------------------------------+------+------+---------+-----------+----------+---------+------+----------+------+----+-----------+------------+-----+


================================================================
== HW Interfaces
================================================================
* M_AXI
+------------+------------+---------------+---------+--------+----------+-----------+--------------+--------------+-------------+-------------+
| Interface  | Data Width | Address Width | Latency | Offset | Register | Max Widen | Max Read     | Max Write    | Num Read    | Num Write   |
|            | (SW->HW)   |               |         |        |          | Bitwidth  | Burst Length | Burst Length | Outstanding | Outstanding |
+------------+------------+---------------+---------+--------+----------+-----------+--------------+--------------+-------------+-------------+
| m_axi_DATA | 32 -> 32   | 64            | 0       | slave  | 0        | 0         | 16           | 16           | 16          | 16          |
+------------+------------+---------------+---------+--------+----------+-----------+--------------+--------------+-------------+-------------+

* S_AXILITE Interfaces
+------------+------------+---------------+--------+----------+
| Interface  | Data Width | Address Width | Offset | Register |
+------------+------------+---------------+--------+----------+
| s_axi_CTRL | 32         | 6             | 16     | 0        |
+------------+------------+---------------+--------+----------+

* S_AXILITE Registers
+------------+---------------+--------+-------+--------+----------------------------------+----------------------------------------------------------------------+
| Interface  | Register      | Offset | Width | Access | Description                      | Bit Fields                                                           |
+------------+---------------+--------+-------+--------+----------------------------------+----------------------------------------------------------------------+
| s_axi_CTRL | CTRL          | 0x00   | 32    | RW     | Control signals                  | 0=AP_START 1=AP_DONE 2=AP_IDLE 3=AP_READY 7=AUTO_RESTART 9=INTERRUPT |
| s_axi_CTRL | GIER          | 0x04   | 32    | RW     | Global Interrupt Enable Register | 0=Enable                                                             |
| s_axi_CTRL | IP_IER        | 0x08   | 32    | RW     | IP Interrupt Enable Register     | 0=CHAN0_INT_EN 1=CHAN1_INT_EN                                        |
| s_axi_CTRL | IP_ISR        | 0x0c   | 32    | RW     | IP Interrupt Status Register     | 0=CHAN0_INT_ST 1=CHAN1_INT_ST                                        |
| s_axi_CTRL | message_1     | 0x10   | 32    | W      | Data signal of message           |                                                                      |
| s_axi_CTRL | message_2     | 0x14   | 32    | W      | Data signal of message           |                                                                      |
| s_axi_CTRL | digest_1      | 0x1c   | 32    | W      | Data signal of digest            |                                                                      |
| s_axi_CTRL | digest_2      | 0x20   | 32    | W      | Data signal of digest            |                                                                      |
| s_axi_CTRL | msg_len_words | 0x28   | 32    | W      | Data signal of msg_len_words     |                                                                      |
+------------+---------------+--------+-------+--------+----------------------------------+----------------------------------------------------------------------+

* TOP LEVEL CONTROL
+-----------+------------+-----------+
| Interface | Type       | Ports     |
+-----------+------------+-----------+
| ap_clk    | clock      | ap_clk    |
| ap_rst_n  | reset      | ap_rst_n  |
| interrupt | interrupt  | interrupt |
| ap_ctrl   | ap_ctrl_hs |           |
+-----------+------------+-----------+


================================================================
== SW I/O Information
================================================================
* Top Function Arguments
+---------------+-----------+---------------+
| Argument      | Direction | Datatype      |
+---------------+-----------+---------------+
| message       | inout     | unsigned int* |
| digest        | inout     | unsigned int* |
| msg_len_words | in        | int           |
+---------------+-----------+---------------+

* SW-to-HW Mapping
+---------------+--------------+-----------+----------+-----------------------------------------+
| Argument      | HW Interface | HW Type   | HW Usage | HW Info                                 |
+---------------+--------------+-----------+----------+-----------------------------------------+
| message       | m_axi_DATA   | interface |          |                                         |
| message       | s_axi_CTRL   | register  | offset   | name=message_1 offset=0x10 range=32     |
| message       | s_axi_CTRL   | register  | offset   | name=message_2 offset=0x14 range=32     |
| digest        | m_axi_DATA   | interface |          |                                         |
| digest        | s_axi_CTRL   | register  | offset   | name=digest_1 offset=0x1c range=32      |
| digest        | s_axi_CTRL   | register  | offset   | name=digest_2 offset=0x20 range=32      |
| msg_len_words | s_axi_CTRL   | register  |          | name=msg_len_words offset=0x28 range=32 |
+---------------+--------------+-----------+----------+-----------------------------------------+


================================================================
== M_AXI Burst Information
================================================================
 Note: All burst requests might be further partitioned into multiple requests during RTL generation based on max_read_burst_length or max_write_burst_length settings.

* Inferred Burst Summary
+--------------+--------------+-----------+--------+-------+--------------------------+
| HW Interface | Loop         | Direction | Length | Width | Location                 |
+--------------+--------------+-----------+--------+-------+--------------------------+
| m_axi_DATA   | STORE_DIGEST | write     | 8      | 32    | src/sha256_top.cpp:70:19 |
+--------------+--------------+-----------+--------+-------+--------------------------+

* Inferred Bursts and Widening Missed
+--------------+----------+--------------+-------------------------------------------------------------------------------------------------------+------------+--------------------------+
| HW Interface | Variable | Loop         | Problem                                                                                               | Resolution | Location                 |
+--------------+----------+--------------+-------------------------------------------------------------------------------------------------------+------------+--------------------------+
| m_axi_DATA   | digest   | STORE_DIGEST | Could not widen since type i32 size is greater than or equal to the max_widen_bitwidth threshold of 0 | 214-353    | src/sha256_top.cpp:70:19 |
| m_axi_DATA   | message  | LOAD_BLOCK   | Could not widen since type i32 size is greater than or equal to the max_widen_bitwidth threshold of 0 | 214-353    | src/sha256_top.cpp:58:14 |
| m_axi_DATA   |          |              | Could not burst due to multiple potential reads to the same bundle in the same region.                | 214-224    | src/sha256_top.cpp:52:18 |
+--------------+----------+--------------+-------------------------------------------------------------------------------------------------------+------------+--------------------------+

    * Resolution URL: www.xilinx.com/cgi-bin/docs/rdoc?v=2022.1;t=hls+guidance;d=XXX-YYY.html (replace XXX-YYY with column value)

================================================================
== Bind Op Report
================================================================
+--------------------------------------------+-----+--------+------------+-----+--------+---------+
| Name                                       | DSP | Pragma | Variable   | Op  | Impl   | Latency |
+--------------------------------------------+-----+--------+------------+-----+--------+---------+
| + sha256_top                               | 0   |        |            |     |        |         |
|   sub_ln49_fu_377_p2                       | -   |        | sub_ln49   | sub | fabric | 0       |
|   sub_ln49_1_fu_397_p2                     | -   |        | sub_ln49_1 | sub | fabric | 0       |
|   add_ln52_fu_451_p2                       | -   |        | add_ln52   | add | fabric | 0       |
|   add_ln60_fu_464_p2                       | -   |        | add_ln60   | add | fabric | 0       |
|   add_ln64_fu_469_p2                       | -   |        | add_ln64   | add | fabric | 0       |
|  + sha256_top_Pipeline_LOAD_BLOCK          | 0   |        |            |     |        |         |
|    add_ln58_fu_355_p2                      | -   |        | add_ln58   | add | fabric | 0       |
|  + sha256_process_block                    | 0   |        |            |     |        |         |
|    add_ln97_fu_825_p2                      | -   |        | add_ln97   | add | fabric | 0       |
|    add_ln98_fu_831_p2                      | -   |        | add_ln98   | add | fabric | 0       |
|    add_ln99_fu_843_p2                      | -   |        | add_ln99   | add | fabric | 0       |
|    add_ln100_fu_849_p2                     | -   |        | add_ln100  | add | fabric | 0       |
|    add_ln101_fu_861_p2                     | -   |        | add_ln101  | add | fabric | 0       |
|    add_ln102_fu_867_p2                     | -   |        | add_ln102  | add | fabric | 0       |
|    add_ln103_fu_879_p2                     | -   |        | add_ln103  | add | fabric | 0       |
|    add_ln104_fu_885_p2                     | -   |        | add_ln104  | add | fabric | 0       |
|   + sha256_process_block_Pipeline_EXPAND_W | 0   |        |            |     |        |         |
|     add_ln46_fu_1754_p2                    | -   |        | add_ln46   | add | fabric | 0       |
|     add_ln39_fu_2013_p2                    | -   |        | add_ln39   | add | fabric | 0       |
|   + sha256_process_block_Pipeline_COMPRESS | 0   |        |            |     |        |         |
|     add_ln66_fu_950_p2                     | -   |        | add_ln66   | add | fabric | 0       |
|     e_2_fu_1324_p2                         | -   |        | e_2        | add | fabric | 0       |
|  + sha256_top_Pipeline_STORE_DIGEST        | 0   |        |            |     |        |         |
|    add_ln70_fu_101_p2                      | -   |        | add_ln70   | add | fabric | 0       |
+--------------------------------------------+-----+--------+------------+-----+--------+---------+


================================================================
== Bind Storage Report
================================================================
+--------------+------+------+--------+----------+---------+------+---------+
| Name         | BRAM | URAM | Pragma | Variable | Storage | Impl | Latency |
+--------------+------+------+--------+----------+---------+------+---------+
| + sha256_top | 0    | 0    |        |          |         |      |         |
|   H_U        | -    | -    |        | H        | ram_t2p | auto | 1       |
+--------------+------+------+--------+----------+---------+------+---------+


================================================================
== Pragma Report
================================================================
* Valid Pragma Syntax
+-----------------+-------------------------------------------------------+----------------------------------------------------+
| Type            | Options                                               | Location                                           |
+-----------------+-------------------------------------------------------+----------------------------------------------------+
| inline          | off                                                   | src/sha256.cpp:22 in sha256_process_block          |
| array_partition | variable=W complete                                   | src/sha256.cpp:29 in sha256_process_block, W       |
| array_partition | variable=K complete                                   | src/sha256.cpp:30 in sha256_process_block, K       |
| unroll          |                                                       | src/sha256.cpp:34 in sha256_process_block          |
| pipeline        | II=2                                                  | src/sha256.cpp:40 in sha256_process_block          |
| latency         | min=2 max=2                                           | src/sha256.cpp:41 in sha256_process_block          |
| pipeline        | II=2                                                  | src/sha256.cpp:67 in sha256_process_block          |
| latency         | min=2 max=2                                           | src/sha256.cpp:68 in sha256_process_block          |
| interface       | m_axi port=message offset=slave bundle=DATA depth=256 | src/sha256_top.cpp:26 in sha256_top, message       |
| interface       | m_axi port=digest offset=slave bundle=DATA depth=8    | src/sha256_top.cpp:27 in sha256_top, digest        |
| interface       | s_axilite port=message bundle=CTRL                    | src/sha256_top.cpp:28 in sha256_top, message       |
| interface       | s_axilite port=digest bundle=CTRL                     | src/sha256_top.cpp:29 in sha256_top, digest        |
| interface       | s_axilite port=msg_len_words bundle=CTRL              | src/sha256_top.cpp:30 in sha256_top, msg_len_words |
| interface       | s_axilite port=return bundle=CTRL                     | src/sha256_top.cpp:31 in sha256_top, return        |
| array_partition | variable=block complete                               | src/sha256_top.cpp:56 in sha256_top, block         |
| pipeline        | II=1                                                  | src/sha256_top.cpp:59 in sha256_top                |
| pipeline        | II=1                                                  | src/sha256_top.cpp:71 in sha256_top                |
+-----------------+-------------------------------------------------------+----------------------------------------------------+


