

================================================================
== Vitis HLS Report for 'sha256_process_block'
================================================================
* Date:           Sun Aug 23 12:50:46 2026

* Version:        2022.1 (Build 3526262 on Mon Apr 18 15:48:16 MDT 2022)
* Project:        sha256
* Solution:       solution1 (Vivado IP Flow Target)
* Product family: zynq
* Target device:  xc7z020-clg484-1


================================================================
== Performance Estimates
================================================================
+ Timing: 
    * Summary: 
    +--------+----------+----------+------------+
    |  Clock |  Target  | Estimated| Uncertainty|
    +--------+----------+----------+------------+
    |ap_clk  |  10.00 ns|  8.511 ns|     1.25 ns|
    +--------+----------+----------+------------+

+ Latency: 
    * Summary: 
    +---------+---------+----------+----------+-----+-----+---------+
    |  Latency (cycles) |  Latency (absolute) |  Interval | Pipeline|
    |   min   |   max   |    min   |    max   | min | max |   Type  |
    +---------+---------+----------+----------+-----+-----+---------+
    |      238|      238|  2.380 us|  2.380 us|  238|  238|       no|
    +---------+---------+----------+----------+-----+-----+---------+

    + Detail: 
        * Instance: 
        +---------------------------------------------------+----------------------------------------+---------+---------+----------+----------+-----+-----+---------+
        |                                                   |                                        |  Latency (cycles) |  Latency (absolute) |  Interval | Pipeline|
        |                      Instance                     |                 Module                 |   min   |   max   |    min   |    max   | min | max |   Type  |
        +---------------------------------------------------+----------------------------------------+---------+---------+----------+----------+-----+-----+---------+
        |grp_sha256_process_block_Pipeline_EXPAND_W_fu_457  |sha256_process_block_Pipeline_EXPAND_W  |       98|       98|  0.980 us|  0.980 us|   98|   98|       no|
        |grp_sha256_process_block_Pipeline_COMPRESS_fu_541  |sha256_process_block_Pipeline_COMPRESS  |      131|      131|  1.310 us|  1.310 us|  131|  131|       no|
        +---------------------------------------------------+----------------------------------------+---------+---------+----------+----------+-----+-----+---------+

        * Loop: 
        N/A



================================================================
== Utilization Estimates
================================================================
* Summary: 
+-----------------+---------+-----+--------+-------+-----+
|       Name      | BRAM_18K| DSP |   FF   |  LUT  | URAM|
+-----------------+---------+-----+--------+-------+-----+
|DSP              |        -|    -|       -|      -|    -|
|Expression       |        -|    -|       0|    312|    -|
|FIFO             |        -|    -|       -|      -|    -|
|Instance         |        -|    -|    2216|   2737|    -|
|Memory           |        -|    -|       -|      -|    -|
|Multiplexer      |        -|    -|       -|    205|    -|
|Register         |        -|    -|     268|      -|    -|
+-----------------+---------+-----+--------+-------+-----+
|Total            |        0|    0|    2484|   3254|    0|
+-----------------+---------+-----+--------+-------+-----+
|Available        |      280|  220|  106400|  53200|    0|
+-----------------+---------+-----+--------+-------+-----+
|Utilization (%)  |        0|    0|       2|      6|    0|
+-----------------+---------+-----+--------+-------+-----+

+ Detail: 
    * Instance: 
    +---------------------------------------------------+----------------------------------------+---------+----+------+------+-----+
    |                      Instance                     |                 Module                 | BRAM_18K| DSP|  FF  |  LUT | URAM|
    +---------------------------------------------------+----------------------------------------+---------+----+------+------+-----+
    |grp_sha256_process_block_Pipeline_COMPRESS_fu_541  |sha256_process_block_Pipeline_COMPRESS  |        0|   0|   558|  1319|    0|
    |grp_sha256_process_block_Pipeline_EXPAND_W_fu_457  |sha256_process_block_Pipeline_EXPAND_W  |        0|   0|  1658|  1418|    0|
    +---------------------------------------------------+----------------------------------------+---------+----+------+------+-----+
    |Total                                              |                                        |        0|   0|  2216|  2737|    0|
    +---------------------------------------------------+----------------------------------------+---------+----+------+------+-----+

    * DSP: 
    N/A

    * Memory: 
    N/A

    * FIFO: 
    N/A

    * Expression: 
    +---------------------+----------+----+---+----+------------+------------+
    |    Variable Name    | Operation| DSP| FF| LUT| Bitwidth P0| Bitwidth P1|
    +---------------------+----------+----+---+----+------------+------------+
    |add_ln100_fu_849_p2  |         +|   0|  0|  39|          32|          32|
    |add_ln101_fu_861_p2  |         +|   0|  0|  39|          32|          32|
    |add_ln102_fu_867_p2  |         +|   0|  0|  39|          32|          32|
    |add_ln103_fu_879_p2  |         +|   0|  0|  39|          32|          32|
    |add_ln104_fu_885_p2  |         +|   0|  0|  39|          32|          32|
    |add_ln97_fu_825_p2   |         +|   0|  0|  39|          32|          32|
    |add_ln98_fu_831_p2   |         +|   0|  0|  39|          32|          32|
    |add_ln99_fu_843_p2   |         +|   0|  0|  39|          32|          32|
    +---------------------+----------+----+---+----+------------+------------+
    |Total                |          |   0|  0| 312|         256|         256|
    +---------------------+----------+----+---+----+------------+------------+

    * Multiplexer: 
    +------------+----+-----------+-----+-----------+
    |    Name    | LUT| Input Size| Bits| Total Bits|
    +------------+----+-----------+-----+-----------+
    |H_address0  |  48|          9|    3|         27|
    |H_address1  |  48|          9|    3|         27|
    |H_d0        |  25|          5|   32|        160|
    |H_d1        |  25|          5|   32|        160|
    |ap_NS_fsm   |  59|         11|    1|         11|
    +------------+----+-----------+-----+-----------+
    |Total       | 205|         39|   71|        385|
    +------------+----+-----------+-----+-----------+

    * Register: 
    +----------------------------------------------------------------+----+----+-----+-----------+
    |                              Name                              | FF | LUT| Bits| Const Bits|
    +----------------------------------------------------------------+----+----+-----+-----------+
    |a_reg_1237                                                      |  32|   0|   32|          0|
    |ap_CS_fsm                                                       |  10|   0|   10|          0|
    |b_reg_1243                                                      |  32|   0|   32|          0|
    |c_reg_1355                                                      |  32|   0|   32|          0|
    |d_reg_1361                                                      |  32|   0|   32|          0|
    |e_reg_1377                                                      |  32|   0|   32|          0|
    |f_reg_1383                                                      |  32|   0|   32|          0|
    |g_reg_1543                                                      |  32|   0|   32|          0|
    |grp_sha256_process_block_Pipeline_COMPRESS_fu_541_ap_start_reg  |   1|   0|    1|          0|
    |grp_sha256_process_block_Pipeline_EXPAND_W_fu_457_ap_start_reg  |   1|   0|    1|          0|
    |h_reg_1549                                                      |  32|   0|   32|          0|
    +----------------------------------------------------------------+----+----+-----+-----------+
    |Total                                                           | 268|   0|  268|          0|
    +----------------------------------------------------------------+----+----+-----+-----------+



================================================================
== Interface
================================================================
* Summary: 
+---------------+-----+-----+------------+----------------------+--------------+
|   RTL Ports   | Dir | Bits|  Protocol  |     Source Object    |    C Type    |
+---------------+-----+-----+------------+----------------------+--------------+
|ap_clk         |   in|    1|  ap_ctrl_hs|  sha256_process_block|  return value|
|ap_rst         |   in|    1|  ap_ctrl_hs|  sha256_process_block|  return value|
|ap_start       |   in|    1|  ap_ctrl_hs|  sha256_process_block|  return value|
|ap_done        |  out|    1|  ap_ctrl_hs|  sha256_process_block|  return value|
|ap_idle        |  out|    1|  ap_ctrl_hs|  sha256_process_block|  return value|
|ap_ready       |  out|    1|  ap_ctrl_hs|  sha256_process_block|  return value|
|block_read     |   in|   32|     ap_none|            block_read|        scalar|
|block_read_79  |   in|   32|     ap_none|         block_read_79|        scalar|
|block_read_80  |   in|   32|     ap_none|         block_read_80|        scalar|
|block_read_81  |   in|   32|     ap_none|         block_read_81|        scalar|
|block_read_82  |   in|   32|     ap_none|         block_read_82|        scalar|
|block_read_83  |   in|   32|     ap_none|         block_read_83|        scalar|
|block_read_84  |   in|   32|     ap_none|         block_read_84|        scalar|
|block_read_85  |   in|   32|     ap_none|         block_read_85|        scalar|
|block_read_86  |   in|   32|     ap_none|         block_read_86|        scalar|
|block_read_87  |   in|   32|     ap_none|         block_read_87|        scalar|
|block_read_88  |   in|   32|     ap_none|         block_read_88|        scalar|
|block_read_89  |   in|   32|     ap_none|         block_read_89|        scalar|
|block_read_90  |   in|   32|     ap_none|         block_read_90|        scalar|
|block_read_91  |   in|   32|     ap_none|         block_read_91|        scalar|
|block_read_92  |   in|   32|     ap_none|         block_read_92|        scalar|
|block_read_93  |   in|   32|     ap_none|         block_read_93|        scalar|
|H_address0     |  out|    3|   ap_memory|                     H|         array|
|H_ce0          |  out|    1|   ap_memory|                     H|         array|
|H_we0          |  out|    1|   ap_memory|                     H|         array|
|H_d0           |  out|   32|   ap_memory|                     H|         array|
|H_q0           |   in|   32|   ap_memory|                     H|         array|
|H_address1     |  out|    3|   ap_memory|                     H|         array|
|H_ce1          |  out|    1|   ap_memory|                     H|         array|
|H_we1          |  out|    1|   ap_memory|                     H|         array|
|H_d1           |  out|   32|   ap_memory|                     H|         array|
|H_q1           |   in|   32|   ap_memory|                     H|         array|
+---------------+-----+-----+------------+----------------------+--------------+

