

================================================================
== Vitis HLS Report for 'sha256_top'
================================================================
* Date:           Sun Aug 23 12:50:47 2026

* Version:        2022.1 (Build 3526262 on Mon Apr 18 15:48:16 MDT 2022)
* Project:        sha256
* Solution:       solution1 (Vivado IP Flow Target)
* Product family: zynq
* Target device:  xc7z020-clg484-1


================================================================
== Performance Estimates
================================================================
+ Timing: 
    * Summary: 
    +--------+----------+----------+------------+
    |  Clock |  Target  | Estimated| Uncertainty|
    +--------+----------+----------+------------+
    |ap_clk  |  10.00 ns|  8.750 ns|     1.25 ns|
    +--------+----------+----------+------------+

+ Latency: 
    * Summary: 
    +---------+---------+----------+----------+-----+-----+---------+
    |  Latency (cycles) |  Latency (absolute) |  Interval | Pipeline|
    |   min   |   max   |    min   |    max   | min | max |   Type  |
    +---------+---------+----------+----------+-----+-----+---------+
    |        ?|        ?|         ?|         ?|    ?|    ?|       no|
    +---------+---------+----------+----------+-----+-----+---------+

    + Detail: 
        * Instance: 
        +---------------------------------------------+----------------------------------+---------+---------+----------+----------+-----+-----+---------+
        |                                             |                                  |  Latency (cycles) |  Latency (absolute) |  Interval | Pipeline|
        |                   Instance                  |              Module              |   min   |   max   |    min   |    max   | min | max |   Type  |
        +---------------------------------------------+----------------------------------+---------+---------+----------+----------+-----+-----+---------+
        |grp_sha256_top_Pipeline_LOAD_BLOCK_fu_305    |sha256_top_Pipeline_LOAD_BLOCK    |       24|       24|  0.240 us|  0.240 us|   24|   24|       no|
        |grp_sha256_process_block_fu_330              |sha256_process_block              |      238|      238|  2.380 us|  2.380 us|  238|  238|       no|
        |grp_sha256_top_Pipeline_STORE_DIGEST_fu_351  |sha256_top_Pipeline_STORE_DIGEST  |       11|       11|  0.110 us|  0.110 us|   11|   11|       no|
        +---------------------------------------------+----------------------------------+---------+---------+----------+----------+-----+-----+---------+

        * Loop: 
        +---------------+---------+---------+----------+-----------+-----------+------+----------+
        |               |  Latency (cycles) | Iteration|  Initiation Interval  | Trip |          |
        |   Loop Name   |   min   |   max   |  Latency |  achieved |   target  | Count| Pipelined|
        +---------------+---------+---------+----------+-----------+-----------+------+----------+
        |- HASH_BLOCKS  |        ?|        ?|       267|          -|          -|     ?|        no|
        +---------------+---------+---------+----------+-----------+-----------+------+----------+



================================================================
== Utilization Estimates
================================================================
* Summary: 
+-----------------+---------+-----+--------+-------+-----+
|       Name      | BRAM_18K| DSP |   FF   |  LUT  | URAM|
+-----------------+---------+-----+--------+-------+-----+
|DSP              |        -|    -|       -|      -|    -|
|Expression       |        -|    -|       0|    265|    -|
|FIFO             |        -|    -|       -|      -|    -|
|Instance         |        0|    -|    3990|   5126|    -|
|Memory           |        0|    -|      64|      4|    0|
|Multiplexer      |        -|    -|       -|    398|    -|
|Register         |        -|    -|     967|      -|    -|
+-----------------+---------+-----+--------+-------+-----+
|Total            |        0|    0|    5021|   5793|    0|
+-----------------+---------+-----+--------+-------+-----+
|Available        |      280|  220|  106400|  53200|    0|
+-----------------+---------+-----+--------+-------+-----+
|Utilization (%)  |        0|    0|       4|     10|    0|
+-----------------+---------+-----+--------+-------+-----+

+ Detail: 
    * Instance: 
    +---------------------------------------------+----------------------------------+---------+----+------+------+-----+
    |                   Instance                  |              Module              | BRAM_18K| DSP|  FF  |  LUT | URAM|
    +---------------------------------------------+----------------------------------+---------+----+------+------+-----+
    |CTRL_s_axi_U                                 |CTRL_s_axi                        |        0|   0|   214|   360|    0|
    |DATA_m_axi_U                                 |DATA_m_axi                        |        0|   0|   718|  1318|    0|
    |grp_sha256_process_block_fu_330              |sha256_process_block              |        0|   0|  2484|  3254|    0|
    |grp_sha256_top_Pipeline_LOAD_BLOCK_fu_305    |sha256_top_Pipeline_LOAD_BLOCK    |        0|   0|   532|   123|    0|
    |grp_sha256_top_Pipeline_STORE_DIGEST_fu_351  |sha256_top_Pipeline_STORE_DIGEST  |        0|   0|    42|    71|    0|
    +---------------------------------------------+----------------------------------+---------+----+------+------+-----+
    |Total                                        |                                  |        0|   0|  3990|  5126|    0|
    +---------------------------------------------+----------------------------------+---------+----+------+------+-----+

    * DSP: 
    N/A

    * Memory: 
    +-------+-----------------+---------+----+----+-----+------+-----+------+-------------+
    | Memory|      Module     | BRAM_18K| FF | LUT| URAM| Words| Bits| Banks| W*Bits*Banks|
    +-------+-----------------+---------+----+----+-----+------+-----+------+-------------+
    |H_U    |H_RAM_AUTO_1R1W  |        0|  64|   4|    0|     8|   32|     1|          256|
    +-------+-----------------+---------+----+----+-----+------+-----+------+-------------+
    |Total  |                 |        0|  64|   4|    0|     8|   32|     1|          256|
    +-------+-----------------+---------+----+----+-----+------+-----+------+-------------+

    * FIFO: 
    N/A

    * Expression: 
    +----------------------+----------+----+---+----+------------+------------+
    |     Variable Name    | Operation| DSP| FF| LUT| Bitwidth P0| Bitwidth P1|
    +----------------------+----------+----+---+----+------------+------------+
    |add_ln52_fu_451_p2    |         +|   0|  0|  35|          28|           1|
    |add_ln60_fu_464_p2    |         +|   0|  0|  70|          63|          63|
    |add_ln64_fu_469_p2    |         +|   0|  0|  39|          32|           5|
    |sub_ln49_1_fu_397_p2  |         -|   0|  0|  36|           1|          29|
    |sub_ln49_fu_377_p2    |         -|   0|  0|  39|           1|          32|
    |icmp_ln52_fu_446_p2   |      icmp|   0|  0|  17|          29|          29|
    |num_blocks_fu_417_p3  |    select|   0|  0|  29|           1|          29|
    +----------------------+----------+----+---+----+------------+------------+
    |Total                 |          |   0|  0| 265|         155|         188|
    +----------------------+----------+----+---+----+------------+------------+

    * Multiplexer: 
    +----------------+----+-----------+-----+-----------+
    |      Name      | LUT| Input Size| Bits| Total Bits|
    +----------------+----+-----------+-----+-----------+
    |DATA_ARVALID    |   9|          2|    1|          2|
    |DATA_AWADDR     |  14|          3|   64|        192|
    |DATA_AWLEN      |  14|          3|   32|         96|
    |DATA_AWVALID    |  14|          3|    1|          3|
    |DATA_BREADY     |  14|          3|    1|          3|
    |DATA_RREADY     |   9|          2|    1|          2|
    |DATA_WVALID     |   9|          2|    1|          2|
    |DATA_blk_n_AW   |   9|          2|    1|          2|
    |DATA_blk_n_B    |   9|          2|    1|          2|
    |H_address0      |  37|          7|    3|         21|
    |H_address1      |  31|          6|    3|         18|
    |H_ce0           |  20|          4|    1|          4|
    |H_ce1           |  14|          3|    1|          3|
    |H_d0            |  31|          6|   32|        192|
    |H_d1            |  31|          6|   32|        192|
    |H_we0           |  14|          3|    1|          3|
    |H_we1           |  14|          3|    1|          3|
    |ap_NS_fsm       |  87|         18|    1|         18|
    |b_fu_120        |   9|          2|   28|         56|
    |msg_ptr_fu_124  |   9|          2|   32|         64|
    +----------------+----+-----------+-----+-----------+
    |Total           | 398|         82|  238|        878|
    +----------------+----+-----------+-----+-----------+

    * Register: 
    +----------------------------------------------------------+----+----+-----+-----------+
    |                           Name                           | FF | LUT| Bits| Const Bits|
    +----------------------------------------------------------+----+----+-----+-----------+
    |add_ln60_reg_706                                          |  63|   0|   63|          0|
    |ap_CS_fsm                                                 |  17|   0|   17|          0|
    |b_fu_120                                                  |  28|   0|   28|          0|
    |block_10_loc_fu_168                                       |  32|   0|   32|          0|
    |block_11_loc_fu_172                                       |  32|   0|   32|          0|
    |block_12_loc_fu_176                                       |  32|   0|   32|          0|
    |block_13_loc_fu_180                                       |  32|   0|   32|          0|
    |block_14_loc_fu_184                                       |  32|   0|   32|          0|
    |block_15_loc_fu_188                                       |  32|   0|   32|          0|
    |block_1_loc_fu_132                                        |  32|   0|   32|          0|
    |block_2_loc_fu_136                                        |  32|   0|   32|          0|
    |block_3_loc_fu_140                                        |  32|   0|   32|          0|
    |block_4_loc_fu_144                                        |  32|   0|   32|          0|
    |block_5_loc_fu_148                                        |  32|   0|   32|          0|
    |block_6_loc_fu_152                                        |  32|   0|   32|          0|
    |block_7_loc_fu_156                                        |  32|   0|   32|          0|
    |block_8_loc_fu_160                                        |  32|   0|   32|          0|
    |block_9_loc_fu_164                                        |  32|   0|   32|          0|
    |block_loc_fu_128                                          |  32|   0|   32|          0|
    |digest_read_reg_678                                       |  64|   0|   64|          0|
    |grp_sha256_process_block_fu_330_ap_start_reg              |   1|   0|    1|          0|
    |grp_sha256_top_Pipeline_LOAD_BLOCK_fu_305_ap_start_reg    |   1|   0|    1|          0|
    |grp_sha256_top_Pipeline_STORE_DIGEST_fu_351_ap_start_reg  |   1|   0|    1|          0|
    |msg_ptr_fu_124                                            |  32|   0|   32|          0|
    |msg_ptr_load_reg_701                                      |  32|   0|   32|          0|
    |num_blocks_reg_683                                        |  29|   0|   29|          0|
    |sext_ln52_reg_693                                         |  63|   0|   63|          0|
    |trunc_ln1_reg_688                                         |  62|   0|   62|          0|
    |trunc_ln2_reg_711                                         |  62|   0|   62|          0|
    +----------------------------------------------------------+----+----+-----+-----------+
    |Total                                                     | 967|   0|  967|          0|
    +----------------------------------------------------------+----+----+-----+-----------+



================================================================
== Interface
================================================================
* Summary: 
+---------------------+-----+-----+------------+--------------+--------------+
|      RTL Ports      | Dir | Bits|  Protocol  | Source Object|    C Type    |
+---------------------+-----+-----+------------+--------------+--------------+
|s_axi_CTRL_AWVALID   |   in|    1|       s_axi|          CTRL|        scalar|
|s_axi_CTRL_AWREADY   |  out|    1|       s_axi|          CTRL|        scalar|
|s_axi_CTRL_AWADDR    |   in|    6|       s_axi|          CTRL|        scalar|
|s_axi_CTRL_WVALID    |   in|    1|       s_axi|          CTRL|        scalar|
|s_axi_CTRL_WREADY    |  out|    1|       s_axi|          CTRL|        scalar|
|s_axi_CTRL_WDATA     |   in|   32|       s_axi|          CTRL|        scalar|
|s_axi_CTRL_WSTRB     |   in|    4|       s_axi|          CTRL|        scalar|
|s_axi_CTRL_ARVALID   |   in|    1|       s_axi|          CTRL|        scalar|
|s_axi_CTRL_ARREADY   |  out|    1|       s_axi|          CTRL|        scalar|
|s_axi_CTRL_ARADDR    |   in|    6|       s_axi|          CTRL|        scalar|
|s_axi_CTRL_RVALID    |  out|    1|       s_axi|          CTRL|        scalar|
|s_axi_CTRL_RREADY    |   in|    1|       s_axi|          CTRL|        scalar|
|s_axi_CTRL_RDATA     |  out|   32|       s_axi|          CTRL|        scalar|
|s_axi_CTRL_RRESP     |  out|    2|       s_axi|          CTRL|        scalar|
|s_axi_CTRL_BVALID    |  out|    1|       s_axi|          CTRL|        scalar|
|s_axi_CTRL_BREADY    |   in|    1|       s_axi|          CTRL|        scalar|
|s_axi_CTRL_BRESP     |  out|    2|       s_axi|          CTRL|        scalar|
|ap_clk               |   in|    1|  ap_ctrl_hs|    sha256_top|  return value|
|ap_rst_n             |   in|    1|  ap_ctrl_hs|    sha256_top|  return value|
|interrupt            |  out|    1|  ap_ctrl_hs|    sha256_top|  return value|
|m_axi_DATA_AWVALID   |  out|    1|       m_axi|          DATA|       pointer|
|m_axi_DATA_AWREADY   |   in|    1|       m_axi|          DATA|       pointer|
|m_axi_DATA_AWADDR    |  out|   64|       m_axi|          DATA|       pointer|
|m_axi_DATA_AWID      |  out|    1|       m_axi|          DATA|       pointer|
|m_axi_DATA_AWLEN     |  out|    8|       m_axi|          DATA|       pointer|
|m_axi_DATA_AWSIZE    |  out|    3|       m_axi|          DATA|       pointer|
|m_axi_DATA_AWBURST   |  out|    2|       m_axi|          DATA|       pointer|
|m_axi_DATA_AWLOCK    |  out|    2|       m_axi|          DATA|       pointer|
|m_axi_DATA_AWCACHE   |  out|    4|       m_axi|          DATA|       pointer|
|m_axi_DATA_AWPROT    |  out|    3|       m_axi|          DATA|       pointer|
|m_axi_DATA_AWQOS     |  out|    4|       m_axi|          DATA|       pointer|
|m_axi_DATA_AWREGION  |  out|    4|       m_axi|          DATA|       pointer|
|m_axi_DATA_AWUSER    |  out|    1|       m_axi|          DATA|       pointer|
|m_axi_DATA_WVALID    |  out|    1|       m_axi|          DATA|       pointer|
|m_axi_DATA_WREADY    |   in|    1|       m_axi|          DATA|       pointer|
|m_axi_DATA_WDATA     |  out|   32|       m_axi|          DATA|       pointer|
|m_axi_DATA_WSTRB     |  out|    4|       m_axi|          DATA|       pointer|
|m_axi_DATA_WLAST     |  out|    1|       m_axi|          DATA|       pointer|
|m_axi_DATA_WID       |  out|    1|       m_axi|          DATA|       pointer|
|m_axi_DATA_WUSER     |  out|    1|       m_axi|          DATA|       pointer|
|m_axi_DATA_ARVALID   |  out|    1|       m_axi|          DATA|       pointer|
|m_axi_DATA_ARREADY   |   in|    1|       m_axi|          DATA|       pointer|
|m_axi_DATA_ARADDR    |  out|   64|       m_axi|          DATA|       pointer|
|m_axi_DATA_ARID      |  out|    1|       m_axi|          DATA|       pointer|
|m_axi_DATA_ARLEN     |  out|    8|       m_axi|          DATA|       pointer|
|m_axi_DATA_ARSIZE    |  out|    3|       m_axi|          DATA|       pointer|
|m_axi_DATA_ARBURST   |  out|    2|       m_axi|          DATA|       pointer|
|m_axi_DATA_ARLOCK    |  out|    2|       m_axi|          DATA|       pointer|
|m_axi_DATA_ARCACHE   |  out|    4|       m_axi|          DATA|       pointer|
|m_axi_DATA_ARPROT    |  out|    3|       m_axi|          DATA|       pointer|
|m_axi_DATA_ARQOS     |  out|    4|       m_axi|          DATA|       pointer|
|m_axi_DATA_ARREGION  |  out|    4|       m_axi|          DATA|       pointer|
|m_axi_DATA_ARUSER    |  out|    1|       m_axi|          DATA|       pointer|
|m_axi_DATA_RVALID    |   in|    1|       m_axi|          DATA|       pointer|
|m_axi_DATA_RREADY    |  out|    1|       m_axi|          DATA|       pointer|
|m_axi_DATA_RDATA     |   in|   32|       m_axi|          DATA|       pointer|
|m_axi_DATA_RLAST     |   in|    1|       m_axi|          DATA|       pointer|
|m_axi_DATA_RID       |   in|    1|       m_axi|          DATA|       pointer|
|m_axi_DATA_RUSER     |   in|    1|       m_axi|          DATA|       pointer|
|m_axi_DATA_RRESP     |   in|    2|       m_axi|          DATA|       pointer|
|m_axi_DATA_BVALID    |   in|    1|       m_axi|          DATA|       pointer|
|m_axi_DATA_BREADY    |  out|    1|       m_axi|          DATA|       pointer|
|m_axi_DATA_BRESP     |   in|    2|       m_axi|          DATA|       pointer|
|m_axi_DATA_BID       |   in|    1|       m_axi|          DATA|       pointer|
|m_axi_DATA_BUSER     |   in|    1|       m_axi|          DATA|       pointer|
+---------------------+-----+-----+------------+--------------+--------------+

