

================================================================
== Vitis HLS Report for 'sha256_process_block_Pipeline_EXPAND_W'
================================================================
* Date:           Sun Aug 23 12:50:44 2026

* Version:        2022.1 (Build 3526262 on Mon Apr 18 15:48:16 MDT 2022)
* Project:        sha256
* Solution:       solution1 (Vivado IP Flow Target)
* Product family: zynq
* Target device:  xc7z020-clg484-1


================================================================
== Performance Estimates
================================================================
+ Timing: 
    * Summary: 
    +--------+----------+----------+------------+
    |  Clock |  Target  | Estimated| Uncertainty|
    +--------+----------+----------+------------+
    |ap_clk  |  10.00 ns|  5.688 ns|     1.25 ns|
    +--------+----------+----------+------------+

+ Latency: 
    * Summary: 
    +---------+---------+----------+----------+-----+-----+---------+
    |  Latency (cycles) |  Latency (absolute) |  Interval | Pipeline|
    |   min   |   max   |    min   |    max   | min | max |   Type  |
    +---------+---------+----------+----------+-----+-----+---------+
    |       98|       98|  0.980 us|  0.980 us|   98|   98|       no|
    +---------+---------+----------+----------+-----+-----+---------+

    + Detail: 
        * Instance: 
        N/A

        * Loop: 
        +------------+---------+---------+----------+-----------+-----------+------+----------+
        |            |  Latency (cycles) | Iteration|  Initiation Interval  | Trip |          |
        |  Loop Name |   min   |   max   |  Latency |  achieved |   target  | Count| Pipelined|
        +------------+---------+---------+----------+-----------+-----------+------+----------+
        |- EXPAND_W  |       96|       96|         3|          2|          2|    48|       yes|
        +------------+---------+---------+----------+-----------+-----------+------+----------+



================================================================
== Utilization Estimates
================================================================
* Summary: 
+-----------------+---------+-----+--------+-------+-----+
|       Name      | BRAM_18K| DSP |   FF   |  LUT  | URAM|
+-----------------+---------+-----+--------+-------+-----+
|DSP              |        -|    -|       -|      -|    -|
|Expression       |        -|    -|       0|    258|    -|
|FIFO             |        -|    -|       -|      -|    -|
|Instance         |        -|    -|       0|   1092|    -|
|Memory           |        -|    -|       -|      -|    -|
|Multiplexer      |        -|    -|       -|     68|    -|
|Register         |        -|    -|    1658|      -|    -|
+-----------------+---------+-----+--------+-------+-----+
|Total            |        0|    0|    1658|   1418|    0|
+-----------------+---------+-----+--------+-------+-----+
|Available        |      280|  220|  106400|  53200|    0|
+-----------------+---------+-----+--------+-------+-----+
|Utilization (%)  |        0|    0|       1|      2|    0|
+-----------------+---------+-----+--------+-------+-----+

+ Detail: 
    * Instance: 
    +--------------------+----------------+---------+----+---+-----+-----+
    |      Instance      |     Module     | BRAM_18K| DSP| FF| LUT | URAM|
    +--------------------+----------------+---------+----+---+-----+-----+
    |mux_647_32_1_1_U21  |mux_647_32_1_1  |        0|   0|  0|  273|    0|
    |mux_647_32_1_1_U22  |mux_647_32_1_1  |        0|   0|  0|  273|    0|
    |mux_647_32_1_1_U23  |mux_647_32_1_1  |        0|   0|  0|  273|    0|
    |mux_647_32_1_1_U24  |mux_647_32_1_1  |        0|   0|  0|  273|    0|
    +--------------------+----------------+---------+----+---+-----+-----+
    |Total               |                |        0|   0|  0| 1092|    0|
    +--------------------+----------------+---------+----+---+-----+-----+

    * DSP: 
    N/A

    * Memory: 
    N/A

    * FIFO: 
    N/A

    * Expression: 
    +-----------------------+----------+----+---+----+------------+------------+
    |     Variable Name     | Operation| DSP| FF| LUT| Bitwidth P0| Bitwidth P1|
    +-----------------------+----------+----+---+----+------------+------------+
    |W_48_fu_1768_p2        |         +|   0|  0|  32|          32|          32|
    |add_ln39_fu_2013_p2    |         +|   0|  0|  14|           7|           1|
    |add_ln46_1_fu_1764_p2  |         +|   0|  0|  32|          32|          32|
    |add_ln46_fu_1754_p2    |         +|   0|  0|  39|          32|          32|
    |icmp_ln39_fu_934_p2    |      icmp|   0|  0|  11|           7|           8|
    |ap_enable_pp0          |       xor|   0|  0|   2|           1|           2|
    |s0_fu_1276_p2          |       xor|   0|  0|  32|          32|          32|
    |s1_fu_1480_p2          |       xor|   0|  0|  32|          32|          32|
    |xor_ln42_fu_1270_p2    |       xor|   0|  0|  32|          32|          32|
    |xor_ln43_fu_1474_p2    |       xor|   0|  0|  32|          32|          32|
    +-----------------------+----------+----+---+----+------------+------------+
    |Total                  |          |   0|  0| 258|         239|         235|
    +-----------------------+----------+----+---+----+------------+------------+

    * Multiplexer: 
    +-----------------------------+----+-----------+-----+-----------+
    |             Name            | LUT| Input Size| Bits| Total Bits|
    +-----------------------------+----+-----------+-----+-----------+
    |ap_NS_fsm                    |  14|          3|    1|          3|
    |ap_done_int                  |   9|          2|    1|          2|
    |ap_enable_reg_pp0_iter0      |   9|          2|    1|          2|
    |ap_enable_reg_pp0_iter0_reg  |   9|          2|    1|          2|
    |ap_enable_reg_pp0_iter1      |   9|          2|    1|          2|
    |ap_sig_allocacmp_t_1         |   9|          2|    7|         14|
    |t_fu_298                     |   9|          2|    7|         14|
    +-----------------------------+----+-----------+-----+-----------+
    |Total                        |  68|         15|   19|         39|
    +-----------------------------+----+-----------+-----+-----------+

    * Register: 
    +-----------------------------+----+----+-----+-----------+
    |             Name            | FF | LUT| Bits| Const Bits|
    +-----------------------------+----+----+-----+-----------+
    |W_10_fu_342                  |  32|   0|   32|          0|
    |W_11_fu_346                  |  32|   0|   32|          0|
    |W_12_fu_350                  |  32|   0|   32|          0|
    |W_13_fu_354                  |  32|   0|   32|          0|
    |W_14_fu_358                  |  32|   0|   32|          0|
    |W_15_fu_362                  |  32|   0|   32|          0|
    |W_16_fu_366                  |  32|   0|   32|          0|
    |W_17_fu_370                  |  32|   0|   32|          0|
    |W_18_fu_374                  |  32|   0|   32|          0|
    |W_19_fu_378                  |  32|   0|   32|          0|
    |W_1_fu_306                   |  32|   0|   32|          0|
    |W_20_fu_382                  |  32|   0|   32|          0|
    |W_21_fu_386                  |  32|   0|   32|          0|
    |W_22_fu_390                  |  32|   0|   32|          0|
    |W_23_fu_394                  |  32|   0|   32|          0|
    |W_24_fu_398                  |  32|   0|   32|          0|
    |W_25_fu_402                  |  32|   0|   32|          0|
    |W_26_fu_406                  |  32|   0|   32|          0|
    |W_27_fu_410                  |  32|   0|   32|          0|
    |W_28_fu_414                  |  32|   0|   32|          0|
    |W_29_fu_418                  |  32|   0|   32|          0|
    |W_2_fu_310                   |  32|   0|   32|          0|
    |W_30_fu_422                  |  32|   0|   32|          0|
    |W_31_fu_426                  |  32|   0|   32|          0|
    |W_32_fu_430                  |  32|   0|   32|          0|
    |W_33_fu_434                  |  32|   0|   32|          0|
    |W_34_fu_438                  |  32|   0|   32|          0|
    |W_35_fu_442                  |  32|   0|   32|          0|
    |W_36_fu_446                  |  32|   0|   32|          0|
    |W_37_fu_450                  |  32|   0|   32|          0|
    |W_38_fu_454                  |  32|   0|   32|          0|
    |W_39_fu_458                  |  32|   0|   32|          0|
    |W_3_fu_314                   |  32|   0|   32|          0|
    |W_40_fu_462                  |  32|   0|   32|          0|
    |W_41_fu_466                  |  32|   0|   32|          0|
    |W_42_fu_470                  |  32|   0|   32|          0|
    |W_43_fu_474                  |  32|   0|   32|          0|
    |W_44_fu_478                  |  32|   0|   32|          0|
    |W_45_fu_482                  |  32|   0|   32|          0|
    |W_46_fu_486                  |  32|   0|   32|          0|
    |W_47_fu_490                  |  32|   0|   32|          0|
    |W_4_fu_318                   |  32|   0|   32|          0|
    |W_5_fu_322                   |  32|   0|   32|          0|
    |W_6_fu_326                   |  32|   0|   32|          0|
    |W_7_fu_330                   |  32|   0|   32|          0|
    |W_8_fu_334                   |  32|   0|   32|          0|
    |W_9_fu_338                   |  32|   0|   32|          0|
    |W_fu_302                     |  32|   0|   32|          0|
    |add_ln46_reg_2575            |  32|   0|   32|          0|
    |ap_CS_fsm                    |   2|   0|    2|          0|
    |ap_done_reg                  |   1|   0|    1|          0|
    |ap_enable_reg_pp0_iter0_reg  |   1|   0|    1|          0|
    |ap_enable_reg_pp0_iter1      |   1|   0|    1|          0|
    |icmp_ln39_reg_2561           |   1|   0|    1|          0|
    |s0_reg_2565                  |  32|   0|   32|          0|
    |s1_reg_2570                  |  32|   0|   32|          0|
    |t_1_reg_2556                 |   7|   0|    7|          0|
    |t_fu_298                     |   7|   0|    7|          0|
    |trunc_ln46_reg_2580          |   6|   0|    6|          0|
    +-----------------------------+----+----+-----+-----------+
    |Total                        |1658|   0| 1658|          0|
    +-----------------------------+----+----+-----+-----------+



================================================================
== Interface
================================================================
* Summary: 
+-----------------+-----+-----+------------+----------------------------------------+--------------+
|    RTL Ports    | Dir | Bits|  Protocol  |              Source Object             |    C Type    |
+-----------------+-----+-----+------------+----------------------------------------+--------------+
|ap_clk           |   in|    1|  ap_ctrl_hs|  sha256_process_block_Pipeline_EXPAND_W|  return value|
|ap_rst           |   in|    1|  ap_ctrl_hs|  sha256_process_block_Pipeline_EXPAND_W|  return value|
|ap_start         |   in|    1|  ap_ctrl_hs|  sha256_process_block_Pipeline_EXPAND_W|  return value|
|ap_done          |  out|    1|  ap_ctrl_hs|  sha256_process_block_Pipeline_EXPAND_W|  return value|
|ap_idle          |  out|    1|  ap_ctrl_hs|  sha256_process_block_Pipeline_EXPAND_W|  return value|
|ap_ready         |  out|    1|  ap_ctrl_hs|  sha256_process_block_Pipeline_EXPAND_W|  return value|
|block_read_16    |   in|   32|     ap_none|                           block_read_16|        scalar|
|block_read_17    |   in|   32|     ap_none|                           block_read_17|        scalar|
|block_read_18    |   in|   32|     ap_none|                           block_read_18|        scalar|
|block_read_19    |   in|   32|     ap_none|                           block_read_19|        scalar|
|block_read_20    |   in|   32|     ap_none|                           block_read_20|        scalar|
|block_read_21    |   in|   32|     ap_none|                           block_read_21|        scalar|
|block_read_22    |   in|   32|     ap_none|                           block_read_22|        scalar|
|block_read_23    |   in|   32|     ap_none|                           block_read_23|        scalar|
|block_read_24    |   in|   32|     ap_none|                           block_read_24|        scalar|
|block_read_25    |   in|   32|     ap_none|                           block_read_25|        scalar|
|block_read_26    |   in|   32|     ap_none|                           block_read_26|        scalar|
|block_read_27    |   in|   32|     ap_none|                           block_read_27|        scalar|
|block_read_28    |   in|   32|     ap_none|                           block_read_28|        scalar|
|block_read_29    |   in|   32|     ap_none|                           block_read_29|        scalar|
|block_read_30    |   in|   32|     ap_none|                           block_read_30|        scalar|
|block_read       |   in|   32|     ap_none|                              block_read|        scalar|
|W_47_out         |  out|   32|      ap_vld|                                W_47_out|       pointer|
|W_47_out_ap_vld  |  out|    1|      ap_vld|                                W_47_out|       pointer|
|W_46_out         |  out|   32|      ap_vld|                                W_46_out|       pointer|
|W_46_out_ap_vld  |  out|    1|      ap_vld|                                W_46_out|       pointer|
|W_45_out         |  out|   32|      ap_vld|                                W_45_out|       pointer|
|W_45_out_ap_vld  |  out|    1|      ap_vld|                                W_45_out|       pointer|
|W_44_out         |  out|   32|      ap_vld|                                W_44_out|       pointer|
|W_44_out_ap_vld  |  out|    1|      ap_vld|                                W_44_out|       pointer|
|W_43_out         |  out|   32|      ap_vld|                                W_43_out|       pointer|
|W_43_out_ap_vld  |  out|    1|      ap_vld|                                W_43_out|       pointer|
|W_42_out         |  out|   32|      ap_vld|                                W_42_out|       pointer|
|W_42_out_ap_vld  |  out|    1|      ap_vld|                                W_42_out|       pointer|
|W_41_out         |  out|   32|      ap_vld|                                W_41_out|       pointer|
|W_41_out_ap_vld  |  out|    1|      ap_vld|                                W_41_out|       pointer|
|W_40_out         |  out|   32|      ap_vld|                                W_40_out|       pointer|
|W_40_out_ap_vld  |  out|    1|      ap_vld|                                W_40_out|       pointer|
|W_39_out         |  out|   32|      ap_vld|                                W_39_out|       pointer|
|W_39_out_ap_vld  |  out|    1|      ap_vld|                                W_39_out|       pointer|
|W_38_out         |  out|   32|      ap_vld|                                W_38_out|       pointer|
|W_38_out_ap_vld  |  out|    1|      ap_vld|                                W_38_out|       pointer|
|W_37_out         |  out|   32|      ap_vld|                                W_37_out|       pointer|
|W_37_out_ap_vld  |  out|    1|      ap_vld|                                W_37_out|       pointer|
|W_36_out         |  out|   32|      ap_vld|                                W_36_out|       pointer|
|W_36_out_ap_vld  |  out|    1|      ap_vld|                                W_36_out|       pointer|
|W_35_out         |  out|   32|      ap_vld|                                W_35_out|       pointer|
|W_35_out_ap_vld  |  out|    1|      ap_vld|                                W_35_out|       pointer|
|W_34_out         |  out|   32|      ap_vld|                                W_34_out|       pointer|
|W_34_out_ap_vld  |  out|    1|      ap_vld|                                W_34_out|       pointer|
|W_33_out         |  out|   32|      ap_vld|                                W_33_out|       pointer|
|W_33_out_ap_vld  |  out|    1|      ap_vld|                                W_33_out|       pointer|
|W_32_out         |  out|   32|      ap_vld|                                W_32_out|       pointer|
|W_32_out_ap_vld  |  out|    1|      ap_vld|                                W_32_out|       pointer|
|W_31_out         |  out|   32|      ap_vld|                                W_31_out|       pointer|
|W_31_out_ap_vld  |  out|    1|      ap_vld|                                W_31_out|       pointer|
|W_30_out         |  out|   32|      ap_vld|                                W_30_out|       pointer|
|W_30_out_ap_vld  |  out|    1|      ap_vld|                                W_30_out|       pointer|
|W_29_out         |  out|   32|      ap_vld|                                W_29_out|       pointer|
|W_29_out_ap_vld  |  out|    1|      ap_vld|                                W_29_out|       pointer|
|W_28_out         |  out|   32|      ap_vld|                                W_28_out|       pointer|
|W_28_out_ap_vld  |  out|    1|      ap_vld|                                W_28_out|       pointer|
|W_27_out         |  out|   32|      ap_vld|                                W_27_out|       pointer|
|W_27_out_ap_vld  |  out|    1|      ap_vld|                                W_27_out|       pointer|
|W_26_out         |  out|   32|      ap_vld|                                W_26_out|       pointer|
|W_26_out_ap_vld  |  out|    1|      ap_vld|                                W_26_out|       pointer|
|W_25_out         |  out|   32|      ap_vld|                                W_25_out|       pointer|
|W_25_out_ap_vld  |  out|    1|      ap_vld|                                W_25_out|       pointer|
|W_24_out         |  out|   32|      ap_vld|                                W_24_out|       pointer|
|W_24_out_ap_vld  |  out|    1|      ap_vld|                                W_24_out|       pointer|
|W_23_out         |  out|   32|      ap_vld|                                W_23_out|       pointer|
|W_23_out_ap_vld  |  out|    1|      ap_vld|                                W_23_out|       pointer|
|W_22_out         |  out|   32|      ap_vld|                                W_22_out|       pointer|
|W_22_out_ap_vld  |  out|    1|      ap_vld|                                W_22_out|       pointer|
|W_21_out         |  out|   32|      ap_vld|                                W_21_out|       pointer|
|W_21_out_ap_vld  |  out|    1|      ap_vld|                                W_21_out|       pointer|
|W_20_out         |  out|   32|      ap_vld|                                W_20_out|       pointer|
|W_20_out_ap_vld  |  out|    1|      ap_vld|                                W_20_out|       pointer|
|W_19_out         |  out|   32|      ap_vld|                                W_19_out|       pointer|
|W_19_out_ap_vld  |  out|    1|      ap_vld|                                W_19_out|       pointer|
|W_18_out         |  out|   32|      ap_vld|                                W_18_out|       pointer|
|W_18_out_ap_vld  |  out|    1|      ap_vld|                                W_18_out|       pointer|
|W_17_out         |  out|   32|      ap_vld|                                W_17_out|       pointer|
|W_17_out_ap_vld  |  out|    1|      ap_vld|                                W_17_out|       pointer|
|W_16_out         |  out|   32|      ap_vld|                                W_16_out|       pointer|
|W_16_out_ap_vld  |  out|    1|      ap_vld|                                W_16_out|       pointer|
|W_15_out         |  out|   32|      ap_vld|                                W_15_out|       pointer|
|W_15_out_ap_vld  |  out|    1|      ap_vld|                                W_15_out|       pointer|
|W_14_out         |  out|   32|      ap_vld|                                W_14_out|       pointer|
|W_14_out_ap_vld  |  out|    1|      ap_vld|                                W_14_out|       pointer|
|W_13_out         |  out|   32|      ap_vld|                                W_13_out|       pointer|
|W_13_out_ap_vld  |  out|    1|      ap_vld|                                W_13_out|       pointer|
|W_12_out         |  out|   32|      ap_vld|                                W_12_out|       pointer|
|W_12_out_ap_vld  |  out|    1|      ap_vld|                                W_12_out|       pointer|
|W_11_out         |  out|   32|      ap_vld|                                W_11_out|       pointer|
|W_11_out_ap_vld  |  out|    1|      ap_vld|                                W_11_out|       pointer|
|W_10_out         |  out|   32|      ap_vld|                                W_10_out|       pointer|
|W_10_out_ap_vld  |  out|    1|      ap_vld|                                W_10_out|       pointer|
|W_9_out          |  out|   32|      ap_vld|                                 W_9_out|       pointer|
|W_9_out_ap_vld   |  out|    1|      ap_vld|                                 W_9_out|       pointer|
|W_8_out          |  out|   32|      ap_vld|                                 W_8_out|       pointer|
|W_8_out_ap_vld   |  out|    1|      ap_vld|                                 W_8_out|       pointer|
|W_7_out          |  out|   32|      ap_vld|                                 W_7_out|       pointer|
|W_7_out_ap_vld   |  out|    1|      ap_vld|                                 W_7_out|       pointer|
|W_6_out          |  out|   32|      ap_vld|                                 W_6_out|       pointer|
|W_6_out_ap_vld   |  out|    1|      ap_vld|                                 W_6_out|       pointer|
|W_5_out          |  out|   32|      ap_vld|                                 W_5_out|       pointer|
|W_5_out_ap_vld   |  out|    1|      ap_vld|                                 W_5_out|       pointer|
|W_4_out          |  out|   32|      ap_vld|                                 W_4_out|       pointer|
|W_4_out_ap_vld   |  out|    1|      ap_vld|                                 W_4_out|       pointer|
|W_3_out          |  out|   32|      ap_vld|                                 W_3_out|       pointer|
|W_3_out_ap_vld   |  out|    1|      ap_vld|                                 W_3_out|       pointer|
|W_2_out          |  out|   32|      ap_vld|                                 W_2_out|       pointer|
|W_2_out_ap_vld   |  out|    1|      ap_vld|                                 W_2_out|       pointer|
|W_1_out          |  out|   32|      ap_vld|                                 W_1_out|       pointer|
|W_1_out_ap_vld   |  out|    1|      ap_vld|                                 W_1_out|       pointer|
|W_out            |  out|   32|      ap_vld|                                   W_out|       pointer|
|W_out_ap_vld     |  out|    1|      ap_vld|                                   W_out|       pointer|
+-----------------+-----+-----+------------+----------------------------------------+--------------+

