

================================================================
== Vitis HLS Report for 'sha256_process_block_Pipeline_COMPRESS'
================================================================
* Date:           Sun Aug 23 12:50:46 2026

* Version:        2022.1 (Build 3526262 on Mon Apr 18 15:48:16 MDT 2022)
* Project:        sha256
* Solution:       solution1 (Vivado IP Flow Target)
* Product family: zynq
* Target device:  xc7z020-clg484-1


================================================================
== Performance Estimates
================================================================
+ Timing: 
    * Summary: 
    +--------+----------+----------+------------+
    |  Clock |  Target  | Estimated| Uncertainty|
    +--------+----------+----------+------------+
    |ap_clk  |  10.00 ns|  8.511 ns|     1.25 ns|
    +--------+----------+----------+------------+

+ Latency: 
    * Summary: 
    +---------+---------+----------+----------+-----+-----+---------+
    |  Latency (cycles) |  Latency (absolute) |  Interval | Pipeline|
    |   min   |   max   |    min   |    max   | min | max |   Type  |
    +---------+---------+----------+----------+-----+-----+---------+
    |      131|      131|  1.310 us|  1.310 us|  131|  131|       no|
    +---------+---------+----------+----------+-----+-----+---------+

    + Detail: 
        * Instance: 
        N/A

        * Loop: 
        +------------+---------+---------+----------+-----------+-----------+------+----------+
        |            |  Latency (cycles) | Iteration|  Initiation Interval  | Trip |          |
        |  Loop Name |   min   |   max   |  Latency |  achieved |   target  | Count| Pipelined|
        +------------+---------+---------+----------+-----------+-----------+------+----------+
        |- COMPRESS  |      129|      129|         3|          2|          2|    64|       yes|
        +------------+---------+---------+----------+-----------+-----------+------+----------+



================================================================
== Utilization Estimates
================================================================
* Summary: 
+-----------------+---------+-----+--------+-------+-----+
|       Name      | BRAM_18K| DSP |   FF   |  LUT  | URAM|
+-----------------+---------+-----+--------+-------+-----+
|DSP              |        -|    -|       -|      -|    -|
|Expression       |        -|    -|       0|    642|    -|
|FIFO             |        -|    -|       -|      -|    -|
|Instance         |        -|    -|       0|    546|    -|
|Memory           |        -|    -|       -|      -|    -|
|Multiplexer      |        -|    -|       -|    131|    -|
|Register         |        -|    -|     558|      -|    -|
+-----------------+---------+-----+--------+-------+-----+
|Total            |        0|    0|     558|   1319|    0|
+-----------------+---------+-----+--------+-------+-----+
|Available        |      280|  220|  106400|  53200|    0|
+-----------------+---------+-----+--------+-------+-----+
|Utilization (%)  |        0|    0|      ~0|      2|    0|
+-----------------+---------+-----+--------+-------+-----+

+ Detail: 
    * Instance: 
    +----------------------+------------------+---------+----+---+-----+-----+
    |       Instance       |      Module      | BRAM_18K| DSP| FF| LUT | URAM|
    +----------------------+------------------+---------+----+---+-----+-----+
    |mux_647_32_1_1_U91    |mux_647_32_1_1    |        0|   0|  0|  273|    0|
    |mux_647_32_1_1_x_U90  |mux_647_32_1_1_x  |        0|   0|  0|  273|    0|
    +----------------------+------------------+---------+----+---+-----+-----+
    |Total                 |                  |        0|   0|  0|  546|    0|
    +----------------------+------------------+---------+----+---+-----+-----+

    * DSP: 
    N/A

    * Memory: 
    N/A

    * FIFO: 
    N/A

    * Expression: 
    +-----------------------+----------+----+---+----+------------+------------+
    |     Variable Name     | Operation| DSP| FF| LUT| Bitwidth P0| Bitwidth P1|
    +-----------------------+----------+----+---+----+------------+------------+
    |T1_fu_1319_p2          |         +|   0|  0|  32|          32|          32|
    |a_2_fu_1446_p2         |         +|   0|  0|  32|          32|          32|
    |add_ln66_fu_950_p2     |         +|   0|  0|  14|           7|           1|
    |add_ln80_1_fu_1268_p2  |         +|   0|  0|  32|          32|          32|
    |add_ln80_2_fu_1274_p2  |         +|   0|  0|  32|          32|          32|
    |add_ln80_fu_1315_p2    |         +|   0|  0|  32|          32|          32|
    |add_ln91_fu_1441_p2    |         +|   0|  0|  32|          32|          32|
    |e_2_fu_1324_p2         |         +|   0|  0|  39|          32|          32|
    |and_ln71_1_fu_1052_p2  |       and|   0|  0|  32|          32|          32|
    |and_ln71_fu_1040_p2    |       and|   0|  0|  32|          32|          32|
    |and_ln73_1_fu_1431_p2  |       and|   0|  0|  32|          32|          32|
    |and_ln73_fu_1426_p2    |       and|   0|  0|  32|          32|          32|
    |icmp_ln66_fu_944_p2    |      icmp|   0|  0|  11|           7|           8|
    |ap_enable_pp0          |       xor|   0|  0|   2|           1|           2|
    |ch_fu_1058_p2          |       xor|   0|  0|  32|          32|          32|
    |maj_fu_1435_p2         |       xor|   0|  0|  32|          32|          32|
    |s0_fu_1416_p2          |       xor|   0|  0|  32|          32|          32|
    |s1_fu_1034_p2          |       xor|   0|  0|  32|          32|          32|
    |xor_ln70_fu_1028_p2    |       xor|   0|  0|  32|          32|          32|
    |xor_ln71_fu_1046_p2    |       xor|   0|  0|  32|          32|           2|
    |xor_ln72_fu_1410_p2    |       xor|   0|  0|  32|          32|          32|
    |xor_ln73_fu_1422_p2    |       xor|   0|  0|  32|          32|          32|
    +-----------------------+----------+----+---+----+------------+------------+
    |Total                  |          |   0|  0| 642|         623|         589|
    +-----------------------+----------+----+---+----+------------+------------+

    * Multiplexer: 
    +----------------------------------+----+-----------+-----+-----------+
    |               Name               | LUT| Input Size| Bits| Total Bits|
    +----------------------------------+----+-----------+-----+-----------+
    |ap_NS_fsm                         |  14|          3|    1|          3|
    |ap_done_int                       |   9|          2|    1|          2|
    |ap_enable_reg_pp0_iter0           |   9|          2|    1|          2|
    |ap_enable_reg_pp0_iter1           |   9|          2|    1|          2|
    |ap_loop_exit_ready_pp0_iter1_reg  |   9|          2|    1|          2|
    |b_1_fu_390                        |   9|          2|   32|         64|
    |c_1_fu_386                        |   9|          2|   32|         64|
    |d_1_fu_366                        |   9|          2|   32|         64|
    |d_2_fu_382                        |   9|          2|   32|         64|
    |f_1_fu_394                        |   9|          2|   32|         64|
    |g_1_fu_370                        |   9|          2|   32|         64|
    |h_1_fu_374                        |   9|          2|   32|         64|
    |h_2_fu_398                        |   9|          2|   32|         64|
    |t_1_fu_378                        |   9|          2|    7|         14|
    +----------------------------------+----+-----------+-----+-----------+
    |Total                             | 131|         29|  268|        537|
    +----------------------------------+----+-----------+-----+-----------+

    * Register: 
    +----------------------------------+----+----+-----+-----------+
    |               Name               | FF | LUT| Bits| Const Bits|
    +----------------------------------+----+----+-----+-----------+
    |T1_reg_1907                       |  32|   0|   32|          0|
    |a_3_reg_1896                      |  32|   0|   32|          0|
    |add_ln80_2_reg_1879               |  32|   0|   32|          0|
    |ap_CS_fsm                         |   2|   0|    2|          0|
    |ap_done_reg                       |   1|   0|    1|          0|
    |ap_enable_reg_pp0_iter0_reg       |   1|   0|    1|          0|
    |ap_enable_reg_pp0_iter1           |   1|   0|    1|          0|
    |ap_loop_exit_ready_pp0_iter1_reg  |   1|   0|    1|          0|
    |b_1_fu_390                        |  32|   0|   32|          0|
    |b_4_reg_1890                      |  32|   0|   32|          0|
    |c_1_fu_386                        |  32|   0|   32|          0|
    |c_4_reg_1884                      |  32|   0|   32|          0|
    |d_1_fu_366                        |  32|   0|   32|          0|
    |d_2_fu_382                        |  32|   0|   32|          0|
    |e_3_reg_1855                      |  32|   0|   32|          0|
    |f_1_fu_394                        |  32|   0|   32|          0|
    |g_1_fu_370                        |  32|   0|   32|          0|
    |g_3_reg_1860                      |  32|   0|   32|          0|
    |h_1_fu_374                        |  32|   0|   32|          0|
    |h_2_fu_398                        |  32|   0|   32|          0|
    |icmp_ln66_reg_1865                |   1|   0|    1|          0|
    |kt_reg_1874                       |  32|   0|   32|          0|
    |s1_reg_1869                       |  32|   0|   32|          0|
    |t_1_fu_378                        |   7|   0|    7|          0|
    +----------------------------------+----+----+-----+-----------+
    |Total                             | 558|   0|  558|          0|
    +----------------------------------+----+----+-----+-----------+



================================================================
== Interface
================================================================
* Summary: 
+----------------+-----+-----+------------+----------------------------------------+--------------+
|    RTL Ports   | Dir | Bits|  Protocol  |              Source Object             |    C Type    |
+----------------+-----+-----+------------+----------------------------------------+--------------+
|ap_clk          |   in|    1|  ap_ctrl_hs|  sha256_process_block_Pipeline_COMPRESS|  return value|
|ap_rst          |   in|    1|  ap_ctrl_hs|  sha256_process_block_Pipeline_COMPRESS|  return value|
|ap_start        |   in|    1|  ap_ctrl_hs|  sha256_process_block_Pipeline_COMPRESS|  return value|
|ap_done         |  out|    1|  ap_ctrl_hs|  sha256_process_block_Pipeline_COMPRESS|  return value|
|ap_idle         |  out|    1|  ap_ctrl_hs|  sha256_process_block_Pipeline_COMPRESS|  return value|
|ap_ready        |  out|    1|  ap_ctrl_hs|  sha256_process_block_Pipeline_COMPRESS|  return value|
|h               |   in|   32|     ap_none|                                       h|        scalar|
|g               |   in|   32|     ap_none|                                       g|        scalar|
|f               |   in|   32|     ap_none|                                       f|        scalar|
|e               |   in|   32|     ap_none|                                       e|        scalar|
|d               |   in|   32|     ap_none|                                       d|        scalar|
|a               |   in|   32|     ap_none|                                       a|        scalar|
|b               |   in|   32|     ap_none|                                       b|        scalar|
|c               |   in|   32|     ap_none|                                       c|        scalar|
|block_read      |   in|   32|     ap_none|                              block_read|        scalar|
|block_read_16   |   in|   32|     ap_none|                           block_read_16|        scalar|
|block_read_17   |   in|   32|     ap_none|                           block_read_17|        scalar|
|block_read_18   |   in|   32|     ap_none|                           block_read_18|        scalar|
|block_read_19   |   in|   32|     ap_none|                           block_read_19|        scalar|
|block_read_20   |   in|   32|     ap_none|                           block_read_20|        scalar|
|block_read_21   |   in|   32|     ap_none|                           block_read_21|        scalar|
|block_read_22   |   in|   32|     ap_none|                           block_read_22|        scalar|
|block_read_23   |   in|   32|     ap_none|                           block_read_23|        scalar|
|block_read_24   |   in|   32|     ap_none|                           block_read_24|        scalar|
|block_read_25   |   in|   32|     ap_none|                           block_read_25|        scalar|
|block_read_26   |   in|   32|     ap_none|                           block_read_26|        scalar|
|block_read_27   |   in|   32|     ap_none|                           block_read_27|        scalar|
|block_read_28   |   in|   32|     ap_none|                           block_read_28|        scalar|
|block_read_29   |   in|   32|     ap_none|                           block_read_29|        scalar|
|block_read_30   |   in|   32|     ap_none|                           block_read_30|        scalar|
|W_16_reload     |   in|   32|     ap_none|                             W_16_reload|        scalar|
|W_17_reload     |   in|   32|     ap_none|                             W_17_reload|        scalar|
|W_18_reload     |   in|   32|     ap_none|                             W_18_reload|        scalar|
|W_19_reload     |   in|   32|     ap_none|                             W_19_reload|        scalar|
|W_20_reload     |   in|   32|     ap_none|                             W_20_reload|        scalar|
|W_21_reload     |   in|   32|     ap_none|                             W_21_reload|        scalar|
|W_22_reload     |   in|   32|     ap_none|                             W_22_reload|        scalar|
|W_23_reload     |   in|   32|     ap_none|                             W_23_reload|        scalar|
|W_24_reload     |   in|   32|     ap_none|                             W_24_reload|        scalar|
|W_25_reload     |   in|   32|     ap_none|                             W_25_reload|        scalar|
|W_26_reload     |   in|   32|     ap_none|                             W_26_reload|        scalar|
|W_27_reload     |   in|   32|     ap_none|                             W_27_reload|        scalar|
|W_28_reload     |   in|   32|     ap_none|                             W_28_reload|        scalar|
|W_29_reload     |   in|   32|     ap_none|                             W_29_reload|        scalar|
|W_30_reload     |   in|   32|     ap_none|                             W_30_reload|        scalar|
|W_31_reload     |   in|   32|     ap_none|                             W_31_reload|        scalar|
|W_32_reload     |   in|   32|     ap_none|                             W_32_reload|        scalar|
|W_33_reload     |   in|   32|     ap_none|                             W_33_reload|        scalar|
|W_34_reload     |   in|   32|     ap_none|                             W_34_reload|        scalar|
|W_35_reload     |   in|   32|     ap_none|                             W_35_reload|        scalar|
|W_36_reload     |   in|   32|     ap_none|                             W_36_reload|        scalar|
|W_37_reload     |   in|   32|     ap_none|                             W_37_reload|        scalar|
|W_38_reload     |   in|   32|     ap_none|                             W_38_reload|        scalar|
|W_39_reload     |   in|   32|     ap_none|                             W_39_reload|        scalar|
|W_40_reload     |   in|   32|     ap_none|                             W_40_reload|        scalar|
|W_41_reload     |   in|   32|     ap_none|                             W_41_reload|        scalar|
|W_42_reload     |   in|   32|     ap_none|                             W_42_reload|        scalar|
|W_43_reload     |   in|   32|     ap_none|                             W_43_reload|        scalar|
|W_44_reload     |   in|   32|     ap_none|                             W_44_reload|        scalar|
|W_45_reload     |   in|   32|     ap_none|                             W_45_reload|        scalar|
|W_46_reload     |   in|   32|     ap_none|                             W_46_reload|        scalar|
|W_47_reload     |   in|   32|     ap_none|                             W_47_reload|        scalar|
|W_15_reload     |   in|   32|     ap_none|                             W_15_reload|        scalar|
|W_14_reload     |   in|   32|     ap_none|                             W_14_reload|        scalar|
|W_13_reload     |   in|   32|     ap_none|                             W_13_reload|        scalar|
|W_12_reload     |   in|   32|     ap_none|                             W_12_reload|        scalar|
|W_11_reload     |   in|   32|     ap_none|                             W_11_reload|        scalar|
|W_10_reload     |   in|   32|     ap_none|                             W_10_reload|        scalar|
|W_9_reload      |   in|   32|     ap_none|                              W_9_reload|        scalar|
|W_8_reload      |   in|   32|     ap_none|                              W_8_reload|        scalar|
|W_7_reload      |   in|   32|     ap_none|                              W_7_reload|        scalar|
|W_6_reload      |   in|   32|     ap_none|                              W_6_reload|        scalar|
|W_5_reload      |   in|   32|     ap_none|                              W_5_reload|        scalar|
|W_4_reload      |   in|   32|     ap_none|                              W_4_reload|        scalar|
|W_3_reload      |   in|   32|     ap_none|                              W_3_reload|        scalar|
|W_2_reload      |   in|   32|     ap_none|                              W_2_reload|        scalar|
|W_1_reload      |   in|   32|     ap_none|                              W_1_reload|        scalar|
|W_reload        |   in|   32|     ap_none|                                W_reload|        scalar|
|h_1_out         |  out|   32|      ap_vld|                                 h_1_out|       pointer|
|h_1_out_ap_vld  |  out|    1|      ap_vld|                                 h_1_out|       pointer|
|g_3_out         |  out|   32|      ap_vld|                                 g_3_out|       pointer|
|g_3_out_ap_vld  |  out|    1|      ap_vld|                                 g_3_out|       pointer|
|f_3_out         |  out|   32|      ap_vld|                                 f_3_out|       pointer|
|f_3_out_ap_vld  |  out|    1|      ap_vld|                                 f_3_out|       pointer|
|e_3_out         |  out|   32|      ap_vld|                                 e_3_out|       pointer|
|e_3_out_ap_vld  |  out|    1|      ap_vld|                                 e_3_out|       pointer|
|d_1_out         |  out|   32|      ap_vld|                                 d_1_out|       pointer|
|d_1_out_ap_vld  |  out|    1|      ap_vld|                                 d_1_out|       pointer|
|a_3_out         |  out|   32|      ap_vld|                                 a_3_out|       pointer|
|a_3_out_ap_vld  |  out|    1|      ap_vld|                                 a_3_out|       pointer|
|b_3_out         |  out|   32|      ap_vld|                                 b_3_out|       pointer|
|b_3_out_ap_vld  |  out|    1|      ap_vld|                                 b_3_out|       pointer|
|c_3_out         |  out|   32|      ap_vld|                                 c_3_out|       pointer|
|c_3_out_ap_vld  |  out|    1|      ap_vld|                                 c_3_out|       pointer|
+----------------+-----+-----+------------+----------------------------------------+--------------+

