

================================================================
== Vitis HLS Report for 'aes128_encrypt_Pipeline_VITIS_LOOP_38_2'
================================================================
* Date:           Sun Aug 23 13:00:55 2026

* Version:        2022.1 (Build 3526262 on Mon Apr 18 15:48:16 MDT 2022)
* Project:        aes128
* Solution:       solution1 (Vivado IP Flow Target)
* Product family: zynq
* Target device:  xc7z020-clg484-1


================================================================
== Performance Estimates
================================================================
+ Timing: 
    * Summary: 
    +--------+----------+----------+------------+
    |  Clock |  Target  | Estimated| Uncertainty|
    +--------+----------+----------+------------+
    |ap_clk  |  10.00 ns|  7.702 ns|     1.25 ns|
    +--------+----------+----------+------------+

+ Latency: 
    * Summary: 
    +---------+---------+----------+----------+-----+-----+---------+
    |  Latency (cycles) |  Latency (absolute) |  Interval | Pipeline|
    |   min   |   max   |    min   |    max   | min | max |   Type  |
    +---------+---------+----------+----------+-----+-----+---------+
    |       43|       43|  0.430 us|  0.430 us|   43|   43|       no|
    +---------+---------+----------+----------+-----+-----+---------+

    + Detail: 
        * Instance: 
        N/A

        * Loop: 
        +-------------------+---------+---------+----------+-----------+-----------+------+----------+
        |                   |  Latency (cycles) | Iteration|  Initiation Interval  | Trip |          |
        |     Loop Name     |   min   |   max   |  Latency |  achieved |   target  | Count| Pipelined|
        +-------------------+---------+---------+----------+-----------+-----------+------+----------+
        |- VITIS_LOOP_38_2  |       41|       41|         3|          1|          1|    40|       yes|
        +-------------------+---------+---------+----------+-----------+-----------+------+----------+



================================================================
== Utilization Estimates
================================================================
* Summary: 
+-----------------+---------+-----+--------+-------+-----+
|       Name      | BRAM_18K| DSP |   FF   |  LUT  | URAM|
+-----------------+---------+-----+--------+-------+-----+
|DSP              |        -|    -|       -|      -|    -|
|Expression       |        -|    -|       0|    156|    -|
|FIFO             |        -|    -|       -|      -|    -|
|Instance         |        -|    -|       0|   6956|    -|
|Memory           |        0|    -|       8|      2|    -|
|Multiplexer      |        -|    -|       -|   1440|    -|
|Register         |        -|    -|    1372|      -|    -|
+-----------------+---------+-----+--------+-------+-----+
|Total            |        0|    0|    1380|   8554|    0|
+-----------------+---------+-----+--------+-------+-----+
|Available        |      280|  220|  106400|  53200|    0|
+-----------------+---------+-----+--------+-------+-----+
|Utilization (%)  |        0|    0|       1|     16|    0|
+-----------------+---------+-----+--------+-------+-----+

+ Detail: 
    * Instance: 
    +--------------------+----------------+---------+----+---+-----+-----+
    |      Instance      |     Module     | BRAM_18K| DSP| FF| LUT | URAM|
    +--------------------+----------------+---------+----+---+-----+-----+
    |mux_1578_8_1_1_U13  |mux_1578_8_1_1  |        0|   0|  0|  838|    0|
    |mux_1578_8_1_1_U14  |mux_1578_8_1_1  |        0|   0|  0|  838|    0|
    |mux_1578_8_1_1_U15  |mux_1578_8_1_1  |        0|   0|  0|  838|    0|
    |mux_1578_8_1_1_U16  |mux_1578_8_1_1  |        0|   0|  0|  838|    0|
    |mux_1698_8_1_1_U9   |mux_1698_8_1_1  |        0|   0|  0|  901|    0|
    |mux_1698_8_1_1_U10  |mux_1698_8_1_1  |        0|   0|  0|  901|    0|
    |mux_1698_8_1_1_U11  |mux_1698_8_1_1  |        0|   0|  0|  901|    0|
    |mux_1698_8_1_1_U12  |mux_1698_8_1_1  |        0|   0|  0|  901|    0|
    +--------------------+----------------+---------+----+---+-----+-----+
    |Total               |                |        0|   0|  0| 6956|    0|
    +--------------------+----------------+---------+----+---+-----+-----+

    * DSP: 
    N/A

    * Memory: 
    +--------+----------------------------------------------------------+---------+---+----+-----+------+-----+------+-------------+
    | Memory |                          Module                          | BRAM_18K| FF| LUT| URAM| Words| Bits| Banks| W*Bits*Banks|
    +--------+----------------------------------------------------------+---------+---+----+-----+------+-----+------+-------------+
    |RCON_U  |aes128_encrypt_Pipeline_VITIS_LOOP_38_2_RCON_ROM_AUTO_1R  |        0|  8|   2|    0|    10|    8|     1|           80|
    +--------+----------------------------------------------------------+---------+---+----+-----+------+-----+------+-------------+
    |Total   |                                                          |        0|  8|   2|    0|    10|    8|     1|           80|
    +--------+----------------------------------------------------------+---------+---+----+-----+------+-----+------+-------------+

    * FIFO: 
    N/A

    * Expression: 
    +---------------------------+----------+----+---+----+------------+------------+
    |       Variable Name       | Operation| DSP| FF| LUT| Bitwidth P0| Bitwidth P1|
    +---------------------------+----------+----+---+----+------------+------------+
    |add_ln38_fu_2467_p2        |         +|   0|  0|  14|           6|           1|
    |add_ln42_fu_2424_p2        |         +|   0|  0|  15|           8|           4|
    |add_ln59_fu_2450_p2        |         +|   0|  0|  13|           4|           2|
    |add_ln62_fu_4334_p2        |         +|   0|  0|  15|           8|           6|
    |icmp_ln38_fu_2410_p2       |      icmp|   0|  0|  10|           6|           6|
    |icmp_ln47_fu_2434_p2       |      icmp|   0|  0|   8|           2|           1|
    |temp_10_fu_4666_p3         |    select|   0|  0|   8|           1|           8|
    |temp_11_fu_4672_p3         |    select|   0|  0|   8|           1|           8|
    |temp_12_fu_4678_p3         |    select|   0|  0|   8|           1|           8|
    |temp_9_fu_4660_p3          |    select|   0|  0|   8|           1|           8|
    |ap_enable_pp0              |       xor|   0|  0|   2|           1|           2|
    |round_keys_176_fu_4684_p2  |       xor|   0|  0|   8|           8|           8|
    |round_keys_177_fu_5312_p2  |       xor|   0|  0|   8|           8|           8|
    |round_keys_178_fu_5941_p2  |       xor|   0|  0|   8|           8|           8|
    |round_keys_179_fu_6570_p2  |       xor|   0|  0|   8|           8|           8|
    |temp_8_fu_4655_p2          |       xor|   0|  0|   8|           8|           8|
    |xor_ln62_fu_2461_p2        |       xor|   0|  0|   7|           6|           7|
    +---------------------------+----------+----+---+----+------------+------------+
    |Total                      |          |   0|  0| 156|          85|         101|
    +---------------------------+----------+----+---+----+------------+------------+

    * Multiplexer: 
    +----------------------------------------+----+-----------+-----+-----------+
    |                  Name                  | LUT| Input Size| Bits| Total Bits|
    +----------------------------------------+----+-----------+-----+-----------+
    |ap_done_int                             |   9|          2|    1|          2|
    |ap_enable_reg_pp0_iter1                 |   9|          2|    1|          2|
    |ap_sig_allocacmp_i_4                    |   9|          2|    6|         12|
    |ap_sig_allocacmp_round_keys_100_load_1  |   9|          2|    8|         16|
    |ap_sig_allocacmp_round_keys_101_load_1  |   9|          2|    8|         16|
    |ap_sig_allocacmp_round_keys_102_load_1  |   9|          2|    8|         16|
    |ap_sig_allocacmp_round_keys_103_load_1  |   9|          2|    8|         16|
    |ap_sig_allocacmp_round_keys_104_load_1  |   9|          2|    8|         16|
    |ap_sig_allocacmp_round_keys_105_load_1  |   9|          2|    8|         16|
    |ap_sig_allocacmp_round_keys_106_load_1  |   9|          2|    8|         16|
    |ap_sig_allocacmp_round_keys_107_load_1  |   9|          2|    8|         16|
    |ap_sig_allocacmp_round_keys_108_load_1  |   9|          2|    8|         16|
    |ap_sig_allocacmp_round_keys_109_load_1  |   9|          2|    8|         16|
    |ap_sig_allocacmp_round_keys_110_load_1  |   9|          2|    8|         16|
    |ap_sig_allocacmp_round_keys_111_load_1  |   9|          2|    8|         16|
    |ap_sig_allocacmp_round_keys_112_load_1  |   9|          2|    8|         16|
    |ap_sig_allocacmp_round_keys_113_load_1  |   9|          2|    8|         16|
    |ap_sig_allocacmp_round_keys_114_load_1  |   9|          2|    8|         16|
    |ap_sig_allocacmp_round_keys_115_load_1  |   9|          2|    8|         16|
    |ap_sig_allocacmp_round_keys_116_load_1  |   9|          2|    8|         16|
    |ap_sig_allocacmp_round_keys_117_load_1  |   9|          2|    8|         16|
    |ap_sig_allocacmp_round_keys_118_load_1  |   9|          2|    8|         16|
    |ap_sig_allocacmp_round_keys_119_load_1  |   9|          2|    8|         16|
    |ap_sig_allocacmp_round_keys_120_load_1  |   9|          2|    8|         16|
    |ap_sig_allocacmp_round_keys_121_load_1  |   9|          2|    8|         16|
    |ap_sig_allocacmp_round_keys_122_load_1  |   9|          2|    8|         16|
    |ap_sig_allocacmp_round_keys_123_load_1  |   9|          2|    8|         16|
    |ap_sig_allocacmp_round_keys_124_load_1  |   9|          2|    8|         16|
    |ap_sig_allocacmp_round_keys_125_load_1  |   9|          2|    8|         16|
    |ap_sig_allocacmp_round_keys_126_load_1  |   9|          2|    8|         16|
    |ap_sig_allocacmp_round_keys_127_load_1  |   9|          2|    8|         16|
    |ap_sig_allocacmp_round_keys_128_load_1  |   9|          2|    8|         16|
    |ap_sig_allocacmp_round_keys_129_load_1  |   9|          2|    8|         16|
    |ap_sig_allocacmp_round_keys_130_load_1  |   9|          2|    8|         16|
    |ap_sig_allocacmp_round_keys_131_load_1  |   9|          2|    8|         16|
    |ap_sig_allocacmp_round_keys_132_load_1  |   9|          2|    8|         16|
    |ap_sig_allocacmp_round_keys_133_load_1  |   9|          2|    8|         16|
    |ap_sig_allocacmp_round_keys_134_load_1  |   9|          2|    8|         16|
    |ap_sig_allocacmp_round_keys_135_load_1  |   9|          2|    8|         16|
    |ap_sig_allocacmp_round_keys_136_load_1  |   9|          2|    8|         16|
    |ap_sig_allocacmp_round_keys_137_load_1  |   9|          2|    8|         16|
    |ap_sig_allocacmp_round_keys_138_load_1  |   9|          2|    8|         16|
    |ap_sig_allocacmp_round_keys_139_load_1  |   9|          2|    8|         16|
    |ap_sig_allocacmp_round_keys_140_load_1  |   9|          2|    8|         16|
    |ap_sig_allocacmp_round_keys_141_load_1  |   9|          2|    8|         16|
    |ap_sig_allocacmp_round_keys_142_load_1  |   9|          2|    8|         16|
    |ap_sig_allocacmp_round_keys_143_load_1  |   9|          2|    8|         16|
    |ap_sig_allocacmp_round_keys_144_load_1  |   9|          2|    8|         16|
    |ap_sig_allocacmp_round_keys_145_load_1  |   9|          2|    8|         16|
    |ap_sig_allocacmp_round_keys_146_load_1  |   9|          2|    8|         16|
    |ap_sig_allocacmp_round_keys_147_load_1  |   9|          2|    8|         16|
    |ap_sig_allocacmp_round_keys_148_load_1  |   9|          2|    8|         16|
    |ap_sig_allocacmp_round_keys_149_load_1  |   9|          2|    8|         16|
    |ap_sig_allocacmp_round_keys_150_load_1  |   9|          2|    8|         16|
    |ap_sig_allocacmp_round_keys_151_load_1  |   9|          2|    8|         16|
    |ap_sig_allocacmp_round_keys_152_load_1  |   9|          2|    8|         16|
    |ap_sig_allocacmp_round_keys_153_load_1  |   9|          2|    8|         16|
    |ap_sig_allocacmp_round_keys_154_load_1  |   9|          2|    8|         16|
    |ap_sig_allocacmp_round_keys_155_load_1  |   9|          2|    8|         16|
    |ap_sig_allocacmp_round_keys_156_load_1  |   9|          2|    8|         16|
    |ap_sig_allocacmp_round_keys_157_load_1  |   9|          2|    8|         16|
    |ap_sig_allocacmp_round_keys_158_load_1  |   9|          2|    8|         16|
    |ap_sig_allocacmp_round_keys_159_load_1  |   9|          2|    8|         16|
    |ap_sig_allocacmp_round_keys_160_load_1  |   9|          2|    8|         16|
    |ap_sig_allocacmp_round_keys_161_load_1  |   9|          2|    8|         16|
    |ap_sig_allocacmp_round_keys_162_load_1  |   9|          2|    8|         16|
    |ap_sig_allocacmp_round_keys_163_load_1  |   9|          2|    8|         16|
    |ap_sig_allocacmp_round_keys_164_load_1  |   9|          2|    8|         16|
    |ap_sig_allocacmp_round_keys_165_load_1  |   9|          2|    8|         16|
    |ap_sig_allocacmp_round_keys_166_load_1  |   9|          2|    8|         16|
    |ap_sig_allocacmp_round_keys_167_load_1  |   9|          2|    8|         16|
    |ap_sig_allocacmp_round_keys_168_load_1  |   9|          2|    8|         16|
    |ap_sig_allocacmp_round_keys_169_load_1  |   9|          2|    8|         16|
    |ap_sig_allocacmp_round_keys_16_load_1   |   9|          2|    8|         16|
    |ap_sig_allocacmp_round_keys_170_load_1  |   9|          2|    8|         16|
    |ap_sig_allocacmp_round_keys_171_load_1  |   9|          2|    8|         16|
    |ap_sig_allocacmp_round_keys_17_load_1   |   9|          2|    8|         16|
    |ap_sig_allocacmp_round_keys_18_load_1   |   9|          2|    8|         16|
    |ap_sig_allocacmp_round_keys_19_load_1   |   9|          2|    8|         16|
    |ap_sig_allocacmp_round_keys_20_load_1   |   9|          2|    8|         16|
    |ap_sig_allocacmp_round_keys_21_load_1   |   9|          2|    8|         16|
    |ap_sig_allocacmp_round_keys_22_load_1   |   9|          2|    8|         16|
    |ap_sig_allocacmp_round_keys_23_load_1   |   9|          2|    8|         16|
    |ap_sig_allocacmp_round_keys_24_load_1   |   9|          2|    8|         16|
    |ap_sig_allocacmp_round_keys_25_load_1   |   9|          2|    8|         16|
    |ap_sig_allocacmp_round_keys_26_load_1   |   9|          2|    8|         16|
    |ap_sig_allocacmp_round_keys_27_load_1   |   9|          2|    8|         16|
    |ap_sig_allocacmp_round_keys_28_load_1   |   9|          2|    8|         16|
    |ap_sig_allocacmp_round_keys_29_load_1   |   9|          2|    8|         16|
    |ap_sig_allocacmp_round_keys_30_load_1   |   9|          2|    8|         16|
    |ap_sig_allocacmp_round_keys_31_load_1   |   9|          2|    8|         16|
    |ap_sig_allocacmp_round_keys_32_load_1   |   9|          2|    8|         16|
    |ap_sig_allocacmp_round_keys_33_load_1   |   9|          2|    8|         16|
    |ap_sig_allocacmp_round_keys_34_load_1   |   9|          2|    8|         16|
    |ap_sig_allocacmp_round_keys_35_load_1   |   9|          2|    8|         16|
    |ap_sig_allocacmp_round_keys_36_load_1   |   9|          2|    8|         16|
    |ap_sig_allocacmp_round_keys_37_load_1   |   9|          2|    8|         16|
    |ap_sig_allocacmp_round_keys_38_load_1   |   9|          2|    8|         16|
    |ap_sig_allocacmp_round_keys_39_load_1   |   9|          2|    8|         16|
    |ap_sig_allocacmp_round_keys_40_load_1   |   9|          2|    8|         16|
    |ap_sig_allocacmp_round_keys_41_load_1   |   9|          2|    8|         16|
    |ap_sig_allocacmp_round_keys_42_load_1   |   9|          2|    8|         16|
    |ap_sig_allocacmp_round_keys_43_load_1   |   9|          2|    8|         16|
    |ap_sig_allocacmp_round_keys_44_load_1   |   9|          2|    8|         16|
    |ap_sig_allocacmp_round_keys_45_load_1   |   9|          2|    8|         16|
    |ap_sig_allocacmp_round_keys_46_load_1   |   9|          2|    8|         16|
    |ap_sig_allocacmp_round_keys_47_load_1   |   9|          2|    8|         16|
    |ap_sig_allocacmp_round_keys_48_load_1   |   9|          2|    8|         16|
    |ap_sig_allocacmp_round_keys_49_load_1   |   9|          2|    8|         16|
    |ap_sig_allocacmp_round_keys_50_load_1   |   9|          2|    8|         16|
    |ap_sig_allocacmp_round_keys_51_load_1   |   9|          2|    8|         16|
    |ap_sig_allocacmp_round_keys_52_load_1   |   9|          2|    8|         16|
    |ap_sig_allocacmp_round_keys_53_load_1   |   9|          2|    8|         16|
    |ap_sig_allocacmp_round_keys_54_load_1   |   9|          2|    8|         16|
    |ap_sig_allocacmp_round_keys_55_load_1   |   9|          2|    8|         16|
    |ap_sig_allocacmp_round_keys_56_load_1   |   9|          2|    8|         16|
    |ap_sig_allocacmp_round_keys_57_load_1   |   9|          2|    8|         16|
    |ap_sig_allocacmp_round_keys_58_load_1   |   9|          2|    8|         16|
    |ap_sig_allocacmp_round_keys_59_load_1   |   9|          2|    8|         16|
    |ap_sig_allocacmp_round_keys_60_load_1   |   9|          2|    8|         16|
    |ap_sig_allocacmp_round_keys_61_load_1   |   9|          2|    8|         16|
    |ap_sig_allocacmp_round_keys_62_load_1   |   9|          2|    8|         16|
    |ap_sig_allocacmp_round_keys_63_load_1   |   9|          2|    8|         16|
    |ap_sig_allocacmp_round_keys_64_load_1   |   9|          2|    8|         16|
    |ap_sig_allocacmp_round_keys_65_load_1   |   9|          2|    8|         16|
    |ap_sig_allocacmp_round_keys_66_load_1   |   9|          2|    8|         16|
    |ap_sig_allocacmp_round_keys_67_load_1   |   9|          2|    8|         16|
    |ap_sig_allocacmp_round_keys_68_load_1   |   9|          2|    8|         16|
    |ap_sig_allocacmp_round_keys_69_load_1   |   9|          2|    8|         16|
    |ap_sig_allocacmp_round_keys_70_load_1   |   9|          2|    8|         16|
    |ap_sig_allocacmp_round_keys_71_load_1   |   9|          2|    8|         16|
    |ap_sig_allocacmp_round_keys_72_load_1   |   9|          2|    8|         16|
    |ap_sig_allocacmp_round_keys_73_load_1   |   9|          2|    8|         16|
    |ap_sig_allocacmp_round_keys_74_load_1   |   9|          2|    8|         16|
    |ap_sig_allocacmp_round_keys_75_load_1   |   9|          2|    8|         16|
    |ap_sig_allocacmp_round_keys_76_load_1   |   9|          2|    8|         16|
    |ap_sig_allocacmp_round_keys_77_load_1   |   9|          2|    8|         16|
    |ap_sig_allocacmp_round_keys_78_load_1   |   9|          2|    8|         16|
    |ap_sig_allocacmp_round_keys_79_load_1   |   9|          2|    8|         16|
    |ap_sig_allocacmp_round_keys_80_load_1   |   9|          2|    8|         16|
    |ap_sig_allocacmp_round_keys_81_load_1   |   9|          2|    8|         16|
    |ap_sig_allocacmp_round_keys_82_load_1   |   9|          2|    8|         16|
    |ap_sig_allocacmp_round_keys_83_load_1   |   9|          2|    8|         16|
    |ap_sig_allocacmp_round_keys_84_load_1   |   9|          2|    8|         16|
    |ap_sig_allocacmp_round_keys_85_load_1   |   9|          2|    8|         16|
    |ap_sig_allocacmp_round_keys_86_load_1   |   9|          2|    8|         16|
    |ap_sig_allocacmp_round_keys_87_load_1   |   9|          2|    8|         16|
    |ap_sig_allocacmp_round_keys_88_load_1   |   9|          2|    8|         16|
    |ap_sig_allocacmp_round_keys_89_load_1   |   9|          2|    8|         16|
    |ap_sig_allocacmp_round_keys_90_load_1   |   9|          2|    8|         16|
    |ap_sig_allocacmp_round_keys_91_load_1   |   9|          2|    8|         16|
    |ap_sig_allocacmp_round_keys_92_load_1   |   9|          2|    8|         16|
    |ap_sig_allocacmp_round_keys_93_load_1   |   9|          2|    8|         16|
    |ap_sig_allocacmp_round_keys_94_load_1   |   9|          2|    8|         16|
    |ap_sig_allocacmp_round_keys_95_load_1   |   9|          2|    8|         16|
    |ap_sig_allocacmp_round_keys_96_load_1   |   9|          2|    8|         16|
    |ap_sig_allocacmp_round_keys_97_load_1   |   9|          2|    8|         16|
    |ap_sig_allocacmp_round_keys_98_load_1   |   9|          2|    8|         16|
    |ap_sig_allocacmp_round_keys_99_load_1   |   9|          2|    8|         16|
    |i_fu_480                                |   9|          2|    6|         12|
    +----------------------------------------+----+-----------+-----+-----------+
    |Total                                   |1440|        320| 1262|       2524|
    +----------------------------------------+----+-----------+-----+-----------+

    * Register: 
    +----------------------------------+----+----+-----+-----------+
    |               Name               | FF | LUT| Bits| Const Bits|
    +----------------------------------+----+----+-----+-----------+
    |RCON_load_reg_8805                |   8|   0|    8|          0|
    |add_ln42_reg_8740                 |   6|   0|    8|          2|
    |add_ln62_reg_8810                 |   6|   0|    8|          2|
    |ap_CS_fsm                         |   1|   0|    1|          0|
    |ap_done_reg                       |   1|   0|    1|          0|
    |ap_enable_reg_pp0_iter1           |   1|   0|    1|          0|
    |ap_enable_reg_pp0_iter2           |   1|   0|    1|          0|
    |ap_loop_exit_ready_pp0_iter1_reg  |   1|   0|    1|          0|
    |i_fu_480                          |   6|   0|    6|          0|
    |icmp_ln38_reg_8731                |   1|   0|    1|          0|
    |icmp_ln47_reg_8748                |   1|   0|    1|          0|
    |icmp_ln47_reg_8748_pp0_iter1_reg  |   1|   0|    1|          0|
    |round_keys_100_fu_820             |   8|   0|    8|          0|
    |round_keys_101_fu_824             |   8|   0|    8|          0|
    |round_keys_102_fu_828             |   8|   0|    8|          0|
    |round_keys_103_fu_832             |   8|   0|    8|          0|
    |round_keys_104_fu_836             |   8|   0|    8|          0|
    |round_keys_105_fu_840             |   8|   0|    8|          0|
    |round_keys_106_fu_844             |   8|   0|    8|          0|
    |round_keys_107_fu_848             |   8|   0|    8|          0|
    |round_keys_108_fu_852             |   8|   0|    8|          0|
    |round_keys_109_fu_856             |   8|   0|    8|          0|
    |round_keys_110_fu_860             |   8|   0|    8|          0|
    |round_keys_111_fu_864             |   8|   0|    8|          0|
    |round_keys_112_fu_868             |   8|   0|    8|          0|
    |round_keys_113_fu_872             |   8|   0|    8|          0|
    |round_keys_114_fu_876             |   8|   0|    8|          0|
    |round_keys_115_fu_880             |   8|   0|    8|          0|
    |round_keys_116_fu_884             |   8|   0|    8|          0|
    |round_keys_117_fu_888             |   8|   0|    8|          0|
    |round_keys_118_fu_892             |   8|   0|    8|          0|
    |round_keys_119_fu_896             |   8|   0|    8|          0|
    |round_keys_120_fu_900             |   8|   0|    8|          0|
    |round_keys_121_fu_904             |   8|   0|    8|          0|
    |round_keys_122_fu_908             |   8|   0|    8|          0|
    |round_keys_123_fu_912             |   8|   0|    8|          0|
    |round_keys_124_fu_916             |   8|   0|    8|          0|
    |round_keys_125_fu_920             |   8|   0|    8|          0|
    |round_keys_126_fu_924             |   8|   0|    8|          0|
    |round_keys_127_fu_928             |   8|   0|    8|          0|
    |round_keys_128_fu_932             |   8|   0|    8|          0|
    |round_keys_129_fu_936             |   8|   0|    8|          0|
    |round_keys_130_fu_940             |   8|   0|    8|          0|
    |round_keys_131_fu_944             |   8|   0|    8|          0|
    |round_keys_132_fu_948             |   8|   0|    8|          0|
    |round_keys_133_fu_952             |   8|   0|    8|          0|
    |round_keys_134_fu_956             |   8|   0|    8|          0|
    |round_keys_135_fu_960             |   8|   0|    8|          0|
    |round_keys_136_fu_964             |   8|   0|    8|          0|
    |round_keys_137_fu_968             |   8|   0|    8|          0|
    |round_keys_138_fu_972             |   8|   0|    8|          0|
    |round_keys_139_fu_976             |   8|   0|    8|          0|
    |round_keys_140_fu_980             |   8|   0|    8|          0|
    |round_keys_141_fu_984             |   8|   0|    8|          0|
    |round_keys_142_fu_988             |   8|   0|    8|          0|
    |round_keys_143_fu_992             |   8|   0|    8|          0|
    |round_keys_144_fu_996             |   8|   0|    8|          0|
    |round_keys_145_fu_1000            |   8|   0|    8|          0|
    |round_keys_146_fu_1004            |   8|   0|    8|          0|
    |round_keys_147_fu_1008            |   8|   0|    8|          0|
    |round_keys_148_fu_1012            |   8|   0|    8|          0|
    |round_keys_149_fu_1016            |   8|   0|    8|          0|
    |round_keys_150_fu_1020            |   8|   0|    8|          0|
    |round_keys_151_fu_1024            |   8|   0|    8|          0|
    |round_keys_152_fu_1028            |   8|   0|    8|          0|
    |round_keys_153_fu_1032            |   8|   0|    8|          0|
    |round_keys_154_fu_1036            |   8|   0|    8|          0|
    |round_keys_155_fu_1040            |   8|   0|    8|          0|
    |round_keys_156_fu_1044            |   8|   0|    8|          0|
    |round_keys_157_fu_1048            |   8|   0|    8|          0|
    |round_keys_158_fu_1052            |   8|   0|    8|          0|
    |round_keys_159_fu_1056            |   8|   0|    8|          0|
    |round_keys_160_fu_1060            |   8|   0|    8|          0|
    |round_keys_161_fu_1064            |   8|   0|    8|          0|
    |round_keys_162_fu_1068            |   8|   0|    8|          0|
    |round_keys_163_fu_1072            |   8|   0|    8|          0|
    |round_keys_164_fu_1076            |   8|   0|    8|          0|
    |round_keys_165_fu_1080            |   8|   0|    8|          0|
    |round_keys_166_fu_1084            |   8|   0|    8|          0|
    |round_keys_167_fu_1088            |   8|   0|    8|          0|
    |round_keys_168_fu_1092            |   8|   0|    8|          0|
    |round_keys_169_fu_1096            |   8|   0|    8|          0|
    |round_keys_16_fu_484              |   8|   0|    8|          0|
    |round_keys_170_fu_1100            |   8|   0|    8|          0|
    |round_keys_171_fu_1104            |   8|   0|    8|          0|
    |round_keys_172_fu_1108            |   8|   0|    8|          0|
    |round_keys_173_fu_1112            |   8|   0|    8|          0|
    |round_keys_174_fu_1116            |   8|   0|    8|          0|
    |round_keys_175_fu_1120            |   8|   0|    8|          0|
    |round_keys_17_fu_488              |   8|   0|    8|          0|
    |round_keys_18_fu_492              |   8|   0|    8|          0|
    |round_keys_19_fu_496              |   8|   0|    8|          0|
    |round_keys_20_fu_500              |   8|   0|    8|          0|
    |round_keys_21_fu_504              |   8|   0|    8|          0|
    |round_keys_22_fu_508              |   8|   0|    8|          0|
    |round_keys_23_fu_512              |   8|   0|    8|          0|
    |round_keys_24_fu_516              |   8|   0|    8|          0|
    |round_keys_25_fu_520              |   8|   0|    8|          0|
    |round_keys_26_fu_524              |   8|   0|    8|          0|
    |round_keys_27_fu_528              |   8|   0|    8|          0|
    |round_keys_28_fu_532              |   8|   0|    8|          0|
    |round_keys_29_fu_536              |   8|   0|    8|          0|
    |round_keys_30_fu_540              |   8|   0|    8|          0|
    |round_keys_31_fu_544              |   8|   0|    8|          0|
    |round_keys_32_fu_548              |   8|   0|    8|          0|
    |round_keys_33_fu_552              |   8|   0|    8|          0|
    |round_keys_34_fu_556              |   8|   0|    8|          0|
    |round_keys_35_fu_560              |   8|   0|    8|          0|
    |round_keys_36_fu_564              |   8|   0|    8|          0|
    |round_keys_37_fu_568              |   8|   0|    8|          0|
    |round_keys_38_fu_572              |   8|   0|    8|          0|
    |round_keys_39_fu_576              |   8|   0|    8|          0|
    |round_keys_40_fu_580              |   8|   0|    8|          0|
    |round_keys_41_fu_584              |   8|   0|    8|          0|
    |round_keys_42_fu_588              |   8|   0|    8|          0|
    |round_keys_43_fu_592              |   8|   0|    8|          0|
    |round_keys_44_fu_596              |   8|   0|    8|          0|
    |round_keys_45_fu_600              |   8|   0|    8|          0|
    |round_keys_46_fu_604              |   8|   0|    8|          0|
    |round_keys_47_fu_608              |   8|   0|    8|          0|
    |round_keys_48_fu_612              |   8|   0|    8|          0|
    |round_keys_49_fu_616              |   8|   0|    8|          0|
    |round_keys_50_fu_620              |   8|   0|    8|          0|
    |round_keys_51_fu_624              |   8|   0|    8|          0|
    |round_keys_52_fu_628              |   8|   0|    8|          0|
    |round_keys_53_fu_632              |   8|   0|    8|          0|
    |round_keys_54_fu_636              |   8|   0|    8|          0|
    |round_keys_55_fu_640              |   8|   0|    8|          0|
    |round_keys_56_fu_644              |   8|   0|    8|          0|
    |round_keys_57_fu_648              |   8|   0|    8|          0|
    |round_keys_58_fu_652              |   8|   0|    8|          0|
    |round_keys_59_fu_656              |   8|   0|    8|          0|
    |round_keys_60_fu_660              |   8|   0|    8|          0|
    |round_keys_61_fu_664              |   8|   0|    8|          0|
    |round_keys_62_fu_668              |   8|   0|    8|          0|
    |round_keys_63_fu_672              |   8|   0|    8|          0|
    |round_keys_64_fu_676              |   8|   0|    8|          0|
    |round_keys_65_fu_680              |   8|   0|    8|          0|
    |round_keys_66_fu_684              |   8|   0|    8|          0|
    |round_keys_67_fu_688              |   8|   0|    8|          0|
    |round_keys_68_fu_692              |   8|   0|    8|          0|
    |round_keys_69_fu_696              |   8|   0|    8|          0|
    |round_keys_70_fu_700              |   8|   0|    8|          0|
    |round_keys_71_fu_704              |   8|   0|    8|          0|
    |round_keys_72_fu_708              |   8|   0|    8|          0|
    |round_keys_73_fu_712              |   8|   0|    8|          0|
    |round_keys_74_fu_716              |   8|   0|    8|          0|
    |round_keys_75_fu_720              |   8|   0|    8|          0|
    |round_keys_76_fu_724              |   8|   0|    8|          0|
    |round_keys_77_fu_728              |   8|   0|    8|          0|
    |round_keys_78_fu_732              |   8|   0|    8|          0|
    |round_keys_79_fu_736              |   8|   0|    8|          0|
    |round_keys_80_fu_740              |   8|   0|    8|          0|
    |round_keys_81_fu_744              |   8|   0|    8|          0|
    |round_keys_82_fu_748              |   8|   0|    8|          0|
    |round_keys_83_fu_752              |   8|   0|    8|          0|
    |round_keys_84_fu_756              |   8|   0|    8|          0|
    |round_keys_85_fu_760              |   8|   0|    8|          0|
    |round_keys_86_fu_764              |   8|   0|    8|          0|
    |round_keys_87_fu_768              |   8|   0|    8|          0|
    |round_keys_88_fu_772              |   8|   0|    8|          0|
    |round_keys_89_fu_776              |   8|   0|    8|          0|
    |round_keys_90_fu_780              |   8|   0|    8|          0|
    |round_keys_91_fu_784              |   8|   0|    8|          0|
    |round_keys_92_fu_788              |   8|   0|    8|          0|
    |round_keys_93_fu_792              |   8|   0|    8|          0|
    |round_keys_94_fu_796              |   8|   0|    8|          0|
    |round_keys_95_fu_800              |   8|   0|    8|          0|
    |round_keys_96_fu_804              |   8|   0|    8|          0|
    |round_keys_97_fu_808              |   8|   0|    8|          0|
    |round_keys_98_fu_812              |   8|   0|    8|          0|
    |round_keys_99_fu_816              |   8|   0|    8|          0|
    |shl_ln_reg_8735                   |   6|   0|    8|          2|
    |temp_13_reg_8765                  |   8|   0|    8|          0|
    |temp_1_reg_8770                   |   8|   0|    8|          0|
    |temp_2_reg_8775                   |   8|   0|    8|          0|
    |temp_3_reg_8780                   |   8|   0|    8|          0|
    |tmp_reg_8817                      |   8|   0|    8|          0|
    |xor_ln62_reg_8761                 |   6|   0|    6|          0|
    |xor_ln62_reg_8761_pp0_iter1_reg   |   6|   0|    6|          0|
    +----------------------------------+----+----+-----+-----------+
    |Total                             |1372|   0| 1378|          6|
    +----------------------------------+----+----+-----+-----------+



================================================================
== Interface
================================================================
* Summary: 
+---------------------------+-----+-----+------------+-----------------------------------------+--------------+
|         RTL Ports         | Dir | Bits|  Protocol  |              Source Object              |    C Type    |
+---------------------------+-----+-----+------------+-----------------------------------------+--------------+
|ap_clk                     |   in|    1|  ap_ctrl_hs|  aes128_encrypt_Pipeline_VITIS_LOOP_38_2|  return value|
|ap_rst                     |   in|    1|  ap_ctrl_hs|  aes128_encrypt_Pipeline_VITIS_LOOP_38_2|  return value|
|ap_start                   |   in|    1|  ap_ctrl_hs|  aes128_encrypt_Pipeline_VITIS_LOOP_38_2|  return value|
|ap_done                    |  out|    1|  ap_ctrl_hs|  aes128_encrypt_Pipeline_VITIS_LOOP_38_2|  return value|
|ap_idle                    |  out|    1|  ap_ctrl_hs|  aes128_encrypt_Pipeline_VITIS_LOOP_38_2|  return value|
|ap_ready                   |  out|    1|  ap_ctrl_hs|  aes128_encrypt_Pipeline_VITIS_LOOP_38_2|  return value|
|round_keys_3               |   in|    8|     ap_none|                             round_keys_3|        scalar|
|round_keys_7               |   in|    8|     ap_none|                             round_keys_7|        scalar|
|round_keys_11              |   in|    8|     ap_none|                            round_keys_11|        scalar|
|round_keys_15              |   in|    8|     ap_none|                            round_keys_15|        scalar|
|round_keys_2               |   in|    8|     ap_none|                             round_keys_2|        scalar|
|round_keys_6               |   in|    8|     ap_none|                             round_keys_6|        scalar|
|round_keys_10              |   in|    8|     ap_none|                            round_keys_10|        scalar|
|round_keys_14              |   in|    8|     ap_none|                            round_keys_14|        scalar|
|round_keys_1               |   in|    8|     ap_none|                             round_keys_1|        scalar|
|round_keys_5               |   in|    8|     ap_none|                             round_keys_5|        scalar|
|round_keys_9               |   in|    8|     ap_none|                             round_keys_9|        scalar|
|round_keys_13              |   in|    8|     ap_none|                            round_keys_13|        scalar|
|round_keys_12              |   in|    8|     ap_none|                            round_keys_12|        scalar|
|round_keys                 |   in|    8|     ap_none|                               round_keys|        scalar|
|round_keys_4               |   in|    8|     ap_none|                             round_keys_4|        scalar|
|round_keys_8               |   in|    8|     ap_none|                             round_keys_8|        scalar|
|round_keys_175_out         |  out|    8|      ap_vld|                       round_keys_175_out|       pointer|
|round_keys_175_out_ap_vld  |  out|    1|      ap_vld|                       round_keys_175_out|       pointer|
|round_keys_174_out         |  out|    8|      ap_vld|                       round_keys_174_out|       pointer|
|round_keys_174_out_ap_vld  |  out|    1|      ap_vld|                       round_keys_174_out|       pointer|
|round_keys_173_out         |  out|    8|      ap_vld|                       round_keys_173_out|       pointer|
|round_keys_173_out_ap_vld  |  out|    1|      ap_vld|                       round_keys_173_out|       pointer|
|round_keys_172_out         |  out|    8|      ap_vld|                       round_keys_172_out|       pointer|
|round_keys_172_out_ap_vld  |  out|    1|      ap_vld|                       round_keys_172_out|       pointer|
|round_keys_171_out         |  out|    8|      ap_vld|                       round_keys_171_out|       pointer|
|round_keys_171_out_ap_vld  |  out|    1|      ap_vld|                       round_keys_171_out|       pointer|
|round_keys_170_out         |  out|    8|      ap_vld|                       round_keys_170_out|       pointer|
|round_keys_170_out_ap_vld  |  out|    1|      ap_vld|                       round_keys_170_out|       pointer|
|round_keys_169_out         |  out|    8|      ap_vld|                       round_keys_169_out|       pointer|
|round_keys_169_out_ap_vld  |  out|    1|      ap_vld|                       round_keys_169_out|       pointer|
|round_keys_168_out         |  out|    8|      ap_vld|                       round_keys_168_out|       pointer|
|round_keys_168_out_ap_vld  |  out|    1|      ap_vld|                       round_keys_168_out|       pointer|
|round_keys_167_out         |  out|    8|      ap_vld|                       round_keys_167_out|       pointer|
|round_keys_167_out_ap_vld  |  out|    1|      ap_vld|                       round_keys_167_out|       pointer|
|round_keys_166_out         |  out|    8|      ap_vld|                       round_keys_166_out|       pointer|
|round_keys_166_out_ap_vld  |  out|    1|      ap_vld|                       round_keys_166_out|       pointer|
|round_keys_165_out         |  out|    8|      ap_vld|                       round_keys_165_out|       pointer|
|round_keys_165_out_ap_vld  |  out|    1|      ap_vld|                       round_keys_165_out|       pointer|
|round_keys_164_out         |  out|    8|      ap_vld|                       round_keys_164_out|       pointer|
|round_keys_164_out_ap_vld  |  out|    1|      ap_vld|                       round_keys_164_out|       pointer|
|round_keys_163_out         |  out|    8|      ap_vld|                       round_keys_163_out|       pointer|
|round_keys_163_out_ap_vld  |  out|    1|      ap_vld|                       round_keys_163_out|       pointer|
|round_keys_162_out         |  out|    8|      ap_vld|                       round_keys_162_out|       pointer|
|round_keys_162_out_ap_vld  |  out|    1|      ap_vld|                       round_keys_162_out|       pointer|
|round_keys_161_out         |  out|    8|      ap_vld|                       round_keys_161_out|       pointer|
|round_keys_161_out_ap_vld  |  out|    1|      ap_vld|                       round_keys_161_out|       pointer|
|round_keys_160_out         |  out|    8|      ap_vld|                       round_keys_160_out|       pointer|
|round_keys_160_out_ap_vld  |  out|    1|      ap_vld|                       round_keys_160_out|       pointer|
|round_keys_159_out         |  out|    8|      ap_vld|                       round_keys_159_out|       pointer|
|round_keys_159_out_ap_vld  |  out|    1|      ap_vld|                       round_keys_159_out|       pointer|
|round_keys_158_out         |  out|    8|      ap_vld|                       round_keys_158_out|       pointer|
|round_keys_158_out_ap_vld  |  out|    1|      ap_vld|                       round_keys_158_out|       pointer|
|round_keys_157_out         |  out|    8|      ap_vld|                       round_keys_157_out|       pointer|
|round_keys_157_out_ap_vld  |  out|    1|      ap_vld|                       round_keys_157_out|       pointer|
|round_keys_156_out         |  out|    8|      ap_vld|                       round_keys_156_out|       pointer|
|round_keys_156_out_ap_vld  |  out|    1|      ap_vld|                       round_keys_156_out|       pointer|
|round_keys_155_out         |  out|    8|      ap_vld|                       round_keys_155_out|       pointer|
|round_keys_155_out_ap_vld  |  out|    1|      ap_vld|                       round_keys_155_out|       pointer|
|round_keys_154_out         |  out|    8|      ap_vld|                       round_keys_154_out|       pointer|
|round_keys_154_out_ap_vld  |  out|    1|      ap_vld|                       round_keys_154_out|       pointer|
|round_keys_153_out         |  out|    8|      ap_vld|                       round_keys_153_out|       pointer|
|round_keys_153_out_ap_vld  |  out|    1|      ap_vld|                       round_keys_153_out|       pointer|
|round_keys_152_out         |  out|    8|      ap_vld|                       round_keys_152_out|       pointer|
|round_keys_152_out_ap_vld  |  out|    1|      ap_vld|                       round_keys_152_out|       pointer|
|round_keys_151_out         |  out|    8|      ap_vld|                       round_keys_151_out|       pointer|
|round_keys_151_out_ap_vld  |  out|    1|      ap_vld|                       round_keys_151_out|       pointer|
|round_keys_150_out         |  out|    8|      ap_vld|                       round_keys_150_out|       pointer|
|round_keys_150_out_ap_vld  |  out|    1|      ap_vld|                       round_keys_150_out|       pointer|
|round_keys_149_out         |  out|    8|      ap_vld|                       round_keys_149_out|       pointer|
|round_keys_149_out_ap_vld  |  out|    1|      ap_vld|                       round_keys_149_out|       pointer|
|round_keys_148_out         |  out|    8|      ap_vld|                       round_keys_148_out|       pointer|
|round_keys_148_out_ap_vld  |  out|    1|      ap_vld|                       round_keys_148_out|       pointer|
|round_keys_147_out         |  out|    8|      ap_vld|                       round_keys_147_out|       pointer|
|round_keys_147_out_ap_vld  |  out|    1|      ap_vld|                       round_keys_147_out|       pointer|
|round_keys_146_out         |  out|    8|      ap_vld|                       round_keys_146_out|       pointer|
|round_keys_146_out_ap_vld  |  out|    1|      ap_vld|                       round_keys_146_out|       pointer|
|round_keys_145_out         |  out|    8|      ap_vld|                       round_keys_145_out|       pointer|
|round_keys_145_out_ap_vld  |  out|    1|      ap_vld|                       round_keys_145_out|       pointer|
|round_keys_144_out         |  out|    8|      ap_vld|                       round_keys_144_out|       pointer|
|round_keys_144_out_ap_vld  |  out|    1|      ap_vld|                       round_keys_144_out|       pointer|
|round_keys_143_out         |  out|    8|      ap_vld|                       round_keys_143_out|       pointer|
|round_keys_143_out_ap_vld  |  out|    1|      ap_vld|                       round_keys_143_out|       pointer|
|round_keys_142_out         |  out|    8|      ap_vld|                       round_keys_142_out|       pointer|
|round_keys_142_out_ap_vld  |  out|    1|      ap_vld|                       round_keys_142_out|       pointer|
|round_keys_141_out         |  out|    8|      ap_vld|                       round_keys_141_out|       pointer|
|round_keys_141_out_ap_vld  |  out|    1|      ap_vld|                       round_keys_141_out|       pointer|
|round_keys_140_out         |  out|    8|      ap_vld|                       round_keys_140_out|       pointer|
|round_keys_140_out_ap_vld  |  out|    1|      ap_vld|                       round_keys_140_out|       pointer|
|round_keys_139_out         |  out|    8|      ap_vld|                       round_keys_139_out|       pointer|
|round_keys_139_out_ap_vld  |  out|    1|      ap_vld|                       round_keys_139_out|       pointer|
|round_keys_138_out         |  out|    8|      ap_vld|                       round_keys_138_out|       pointer|
|round_keys_138_out_ap_vld  |  out|    1|      ap_vld|                       round_keys_138_out|       pointer|
|round_keys_137_out         |  out|    8|      ap_vld|                       round_keys_137_out|       pointer|
|round_keys_137_out_ap_vld  |  out|    1|      ap_vld|                       round_keys_137_out|       pointer|
|round_keys_136_out         |  out|    8|      ap_vld|                       round_keys_136_out|       pointer|
|round_keys_136_out_ap_vld  |  out|    1|      ap_vld|                       round_keys_136_out|       pointer|
|round_keys_135_out         |  out|    8|      ap_vld|                       round_keys_135_out|       pointer|
|round_keys_135_out_ap_vld  |  out|    1|      ap_vld|                       round_keys_135_out|       pointer|
|round_keys_134_out         |  out|    8|      ap_vld|                       round_keys_134_out|       pointer|
|round_keys_134_out_ap_vld  |  out|    1|      ap_vld|                       round_keys_134_out|       pointer|
|round_keys_133_out         |  out|    8|      ap_vld|                       round_keys_133_out|       pointer|
|round_keys_133_out_ap_vld  |  out|    1|      ap_vld|                       round_keys_133_out|       pointer|
|round_keys_132_out         |  out|    8|      ap_vld|                       round_keys_132_out|       pointer|
|round_keys_132_out_ap_vld  |  out|    1|      ap_vld|                       round_keys_132_out|       pointer|
|round_keys_131_out         |  out|    8|      ap_vld|                       round_keys_131_out|       pointer|
|round_keys_131_out_ap_vld  |  out|    1|      ap_vld|                       round_keys_131_out|       pointer|
|round_keys_130_out         |  out|    8|      ap_vld|                       round_keys_130_out|       pointer|
|round_keys_130_out_ap_vld  |  out|    1|      ap_vld|                       round_keys_130_out|       pointer|
|round_keys_129_out         |  out|    8|      ap_vld|                       round_keys_129_out|       pointer|
|round_keys_129_out_ap_vld  |  out|    1|      ap_vld|                       round_keys_129_out|       pointer|
|round_keys_128_out         |  out|    8|      ap_vld|                       round_keys_128_out|       pointer|
|round_keys_128_out_ap_vld  |  out|    1|      ap_vld|                       round_keys_128_out|       pointer|
|round_keys_127_out         |  out|    8|      ap_vld|                       round_keys_127_out|       pointer|
|round_keys_127_out_ap_vld  |  out|    1|      ap_vld|                       round_keys_127_out|       pointer|
|round_keys_126_out         |  out|    8|      ap_vld|                       round_keys_126_out|       pointer|
|round_keys_126_out_ap_vld  |  out|    1|      ap_vld|                       round_keys_126_out|       pointer|
|round_keys_125_out         |  out|    8|      ap_vld|                       round_keys_125_out|       pointer|
|round_keys_125_out_ap_vld  |  out|    1|      ap_vld|                       round_keys_125_out|       pointer|
|round_keys_124_out         |  out|    8|      ap_vld|                       round_keys_124_out|       pointer|
|round_keys_124_out_ap_vld  |  out|    1|      ap_vld|                       round_keys_124_out|       pointer|
|round_keys_123_out         |  out|    8|      ap_vld|                       round_keys_123_out|       pointer|
|round_keys_123_out_ap_vld  |  out|    1|      ap_vld|                       round_keys_123_out|       pointer|
|round_keys_122_out         |  out|    8|      ap_vld|                       round_keys_122_out|       pointer|
|round_keys_122_out_ap_vld  |  out|    1|      ap_vld|                       round_keys_122_out|       pointer|
|round_keys_121_out         |  out|    8|      ap_vld|                       round_keys_121_out|       pointer|
|round_keys_121_out_ap_vld  |  out|    1|      ap_vld|                       round_keys_121_out|       pointer|
|round_keys_120_out         |  out|    8|      ap_vld|                       round_keys_120_out|       pointer|
|round_keys_120_out_ap_vld  |  out|    1|      ap_vld|                       round_keys_120_out|       pointer|
|round_keys_119_out         |  out|    8|      ap_vld|                       round_keys_119_out|       pointer|
|round_keys_119_out_ap_vld  |  out|    1|      ap_vld|                       round_keys_119_out|       pointer|
|round_keys_118_out         |  out|    8|      ap_vld|                       round_keys_118_out|       pointer|
|round_keys_118_out_ap_vld  |  out|    1|      ap_vld|                       round_keys_118_out|       pointer|
|round_keys_117_out         |  out|    8|      ap_vld|                       round_keys_117_out|       pointer|
|round_keys_117_out_ap_vld  |  out|    1|      ap_vld|                       round_keys_117_out|       pointer|
|round_keys_116_out         |  out|    8|      ap_vld|                       round_keys_116_out|       pointer|
|round_keys_116_out_ap_vld  |  out|    1|      ap_vld|                       round_keys_116_out|       pointer|
|round_keys_115_out         |  out|    8|      ap_vld|                       round_keys_115_out|       pointer|
|round_keys_115_out_ap_vld  |  out|    1|      ap_vld|                       round_keys_115_out|       pointer|
|round_keys_114_out         |  out|    8|      ap_vld|                       round_keys_114_out|       pointer|
|round_keys_114_out_ap_vld  |  out|    1|      ap_vld|                       round_keys_114_out|       pointer|
|round_keys_113_out         |  out|    8|      ap_vld|                       round_keys_113_out|       pointer|
|round_keys_113_out_ap_vld  |  out|    1|      ap_vld|                       round_keys_113_out|       pointer|
|round_keys_112_out         |  out|    8|      ap_vld|                       round_keys_112_out|       pointer|
|round_keys_112_out_ap_vld  |  out|    1|      ap_vld|                       round_keys_112_out|       pointer|
|round_keys_111_out         |  out|    8|      ap_vld|                       round_keys_111_out|       pointer|
|round_keys_111_out_ap_vld  |  out|    1|      ap_vld|                       round_keys_111_out|       pointer|
|round_keys_110_out         |  out|    8|      ap_vld|                       round_keys_110_out|       pointer|
|round_keys_110_out_ap_vld  |  out|    1|      ap_vld|                       round_keys_110_out|       pointer|
|round_keys_109_out         |  out|    8|      ap_vld|                       round_keys_109_out|       pointer|
|round_keys_109_out_ap_vld  |  out|    1|      ap_vld|                       round_keys_109_out|       pointer|
|round_keys_108_out         |  out|    8|      ap_vld|                       round_keys_108_out|       pointer|
|round_keys_108_out_ap_vld  |  out|    1|      ap_vld|                       round_keys_108_out|       pointer|
|round_keys_107_out         |  out|    8|      ap_vld|                       round_keys_107_out|       pointer|
|round_keys_107_out_ap_vld  |  out|    1|      ap_vld|                       round_keys_107_out|       pointer|
|round_keys_106_out         |  out|    8|      ap_vld|                       round_keys_106_out|       pointer|
|round_keys_106_out_ap_vld  |  out|    1|      ap_vld|                       round_keys_106_out|       pointer|
|round_keys_105_out         |  out|    8|      ap_vld|                       round_keys_105_out|       pointer|
|round_keys_105_out_ap_vld  |  out|    1|      ap_vld|                       round_keys_105_out|       pointer|
|round_keys_104_out         |  out|    8|      ap_vld|                       round_keys_104_out|       pointer|
|round_keys_104_out_ap_vld  |  out|    1|      ap_vld|                       round_keys_104_out|       pointer|
|round_keys_103_out         |  out|    8|      ap_vld|                       round_keys_103_out|       pointer|
|round_keys_103_out_ap_vld  |  out|    1|      ap_vld|                       round_keys_103_out|       pointer|
|round_keys_102_out         |  out|    8|      ap_vld|                       round_keys_102_out|       pointer|
|round_keys_102_out_ap_vld  |  out|    1|      ap_vld|                       round_keys_102_out|       pointer|
|round_keys_101_out         |  out|    8|      ap_vld|                       round_keys_101_out|       pointer|
|round_keys_101_out_ap_vld  |  out|    1|      ap_vld|                       round_keys_101_out|       pointer|
|round_keys_100_out         |  out|    8|      ap_vld|                       round_keys_100_out|       pointer|
|round_keys_100_out_ap_vld  |  out|    1|      ap_vld|                       round_keys_100_out|       pointer|
|round_keys_99_out          |  out|    8|      ap_vld|                        round_keys_99_out|       pointer|
|round_keys_99_out_ap_vld   |  out|    1|      ap_vld|                        round_keys_99_out|       pointer|
|round_keys_98_out          |  out|    8|      ap_vld|                        round_keys_98_out|       pointer|
|round_keys_98_out_ap_vld   |  out|    1|      ap_vld|                        round_keys_98_out|       pointer|
|round_keys_97_out          |  out|    8|      ap_vld|                        round_keys_97_out|       pointer|
|round_keys_97_out_ap_vld   |  out|    1|      ap_vld|                        round_keys_97_out|       pointer|
|round_keys_96_out          |  out|    8|      ap_vld|                        round_keys_96_out|       pointer|
|round_keys_96_out_ap_vld   |  out|    1|      ap_vld|                        round_keys_96_out|       pointer|
|round_keys_95_out          |  out|    8|      ap_vld|                        round_keys_95_out|       pointer|
|round_keys_95_out_ap_vld   |  out|    1|      ap_vld|                        round_keys_95_out|       pointer|
|round_keys_94_out          |  out|    8|      ap_vld|                        round_keys_94_out|       pointer|
|round_keys_94_out_ap_vld   |  out|    1|      ap_vld|                        round_keys_94_out|       pointer|
|round_keys_93_out          |  out|    8|      ap_vld|                        round_keys_93_out|       pointer|
|round_keys_93_out_ap_vld   |  out|    1|      ap_vld|                        round_keys_93_out|       pointer|
|round_keys_92_out          |  out|    8|      ap_vld|                        round_keys_92_out|       pointer|
|round_keys_92_out_ap_vld   |  out|    1|      ap_vld|                        round_keys_92_out|       pointer|
|round_keys_91_out          |  out|    8|      ap_vld|                        round_keys_91_out|       pointer|
|round_keys_91_out_ap_vld   |  out|    1|      ap_vld|                        round_keys_91_out|       pointer|
|round_keys_90_out          |  out|    8|      ap_vld|                        round_keys_90_out|       pointer|
|round_keys_90_out_ap_vld   |  out|    1|      ap_vld|                        round_keys_90_out|       pointer|
|round_keys_89_out          |  out|    8|      ap_vld|                        round_keys_89_out|       pointer|
|round_keys_89_out_ap_vld   |  out|    1|      ap_vld|                        round_keys_89_out|       pointer|
|round_keys_88_out          |  out|    8|      ap_vld|                        round_keys_88_out|       pointer|
|round_keys_88_out_ap_vld   |  out|    1|      ap_vld|                        round_keys_88_out|       pointer|
|round_keys_87_out          |  out|    8|      ap_vld|                        round_keys_87_out|       pointer|
|round_keys_87_out_ap_vld   |  out|    1|      ap_vld|                        round_keys_87_out|       pointer|
|round_keys_86_out          |  out|    8|      ap_vld|                        round_keys_86_out|       pointer|
|round_keys_86_out_ap_vld   |  out|    1|      ap_vld|                        round_keys_86_out|       pointer|
|round_keys_85_out          |  out|    8|      ap_vld|                        round_keys_85_out|       pointer|
|round_keys_85_out_ap_vld   |  out|    1|      ap_vld|                        round_keys_85_out|       pointer|
|round_keys_84_out          |  out|    8|      ap_vld|                        round_keys_84_out|       pointer|
|round_keys_84_out_ap_vld   |  out|    1|      ap_vld|                        round_keys_84_out|       pointer|
|round_keys_83_out          |  out|    8|      ap_vld|                        round_keys_83_out|       pointer|
|round_keys_83_out_ap_vld   |  out|    1|      ap_vld|                        round_keys_83_out|       pointer|
|round_keys_82_out          |  out|    8|      ap_vld|                        round_keys_82_out|       pointer|
|round_keys_82_out_ap_vld   |  out|    1|      ap_vld|                        round_keys_82_out|       pointer|
|round_keys_81_out          |  out|    8|      ap_vld|                        round_keys_81_out|       pointer|
|round_keys_81_out_ap_vld   |  out|    1|      ap_vld|                        round_keys_81_out|       pointer|
|round_keys_80_out          |  out|    8|      ap_vld|                        round_keys_80_out|       pointer|
|round_keys_80_out_ap_vld   |  out|    1|      ap_vld|                        round_keys_80_out|       pointer|
|round_keys_79_out          |  out|    8|      ap_vld|                        round_keys_79_out|       pointer|
|round_keys_79_out_ap_vld   |  out|    1|      ap_vld|                        round_keys_79_out|       pointer|
|round_keys_78_out          |  out|    8|      ap_vld|                        round_keys_78_out|       pointer|
|round_keys_78_out_ap_vld   |  out|    1|      ap_vld|                        round_keys_78_out|       pointer|
|round_keys_77_out          |  out|    8|      ap_vld|                        round_keys_77_out|       pointer|
|round_keys_77_out_ap_vld   |  out|    1|      ap_vld|                        round_keys_77_out|       pointer|
|round_keys_76_out          |  out|    8|      ap_vld|                        round_keys_76_out|       pointer|
|round_keys_76_out_ap_vld   |  out|    1|      ap_vld|                        round_keys_76_out|       pointer|
|round_keys_75_out          |  out|    8|      ap_vld|                        round_keys_75_out|       pointer|
|round_keys_75_out_ap_vld   |  out|    1|      ap_vld|                        round_keys_75_out|       pointer|
|round_keys_74_out          |  out|    8|      ap_vld|                        round_keys_74_out|       pointer|
|round_keys_74_out_ap_vld   |  out|    1|      ap_vld|                        round_keys_74_out|       pointer|
|round_keys_73_out          |  out|    8|      ap_vld|                        round_keys_73_out|       pointer|
|round_keys_73_out_ap_vld   |  out|    1|      ap_vld|                        round_keys_73_out|       pointer|
|round_keys_72_out          |  out|    8|      ap_vld|                        round_keys_72_out|       pointer|
|round_keys_72_out_ap_vld   |  out|    1|      ap_vld|                        round_keys_72_out|       pointer|
|round_keys_71_out          |  out|    8|      ap_vld|                        round_keys_71_out|       pointer|
|round_keys_71_out_ap_vld   |  out|    1|      ap_vld|                        round_keys_71_out|       pointer|
|round_keys_70_out          |  out|    8|      ap_vld|                        round_keys_70_out|       pointer|
|round_keys_70_out_ap_vld   |  out|    1|      ap_vld|                        round_keys_70_out|       pointer|
|round_keys_69_out          |  out|    8|      ap_vld|                        round_keys_69_out|       pointer|
|round_keys_69_out_ap_vld   |  out|    1|      ap_vld|                        round_keys_69_out|       pointer|
|round_keys_68_out          |  out|    8|      ap_vld|                        round_keys_68_out|       pointer|
|round_keys_68_out_ap_vld   |  out|    1|      ap_vld|                        round_keys_68_out|       pointer|
|round_keys_67_out          |  out|    8|      ap_vld|                        round_keys_67_out|       pointer|
|round_keys_67_out_ap_vld   |  out|    1|      ap_vld|                        round_keys_67_out|       pointer|
|round_keys_66_out          |  out|    8|      ap_vld|                        round_keys_66_out|       pointer|
|round_keys_66_out_ap_vld   |  out|    1|      ap_vld|                        round_keys_66_out|       pointer|
|round_keys_65_out          |  out|    8|      ap_vld|                        round_keys_65_out|       pointer|
|round_keys_65_out_ap_vld   |  out|    1|      ap_vld|                        round_keys_65_out|       pointer|
|round_keys_64_out          |  out|    8|      ap_vld|                        round_keys_64_out|       pointer|
|round_keys_64_out_ap_vld   |  out|    1|      ap_vld|                        round_keys_64_out|       pointer|
|round_keys_63_out          |  out|    8|      ap_vld|                        round_keys_63_out|       pointer|
|round_keys_63_out_ap_vld   |  out|    1|      ap_vld|                        round_keys_63_out|       pointer|
|round_keys_62_out          |  out|    8|      ap_vld|                        round_keys_62_out|       pointer|
|round_keys_62_out_ap_vld   |  out|    1|      ap_vld|                        round_keys_62_out|       pointer|
|round_keys_61_out          |  out|    8|      ap_vld|                        round_keys_61_out|       pointer|
|round_keys_61_out_ap_vld   |  out|    1|      ap_vld|                        round_keys_61_out|       pointer|
|round_keys_60_out          |  out|    8|      ap_vld|                        round_keys_60_out|       pointer|
|round_keys_60_out_ap_vld   |  out|    1|      ap_vld|                        round_keys_60_out|       pointer|
|round_keys_59_out          |  out|    8|      ap_vld|                        round_keys_59_out|       pointer|
|round_keys_59_out_ap_vld   |  out|    1|      ap_vld|                        round_keys_59_out|       pointer|
|round_keys_58_out          |  out|    8|      ap_vld|                        round_keys_58_out|       pointer|
|round_keys_58_out_ap_vld   |  out|    1|      ap_vld|                        round_keys_58_out|       pointer|
|round_keys_57_out          |  out|    8|      ap_vld|                        round_keys_57_out|       pointer|
|round_keys_57_out_ap_vld   |  out|    1|      ap_vld|                        round_keys_57_out|       pointer|
|round_keys_56_out          |  out|    8|      ap_vld|                        round_keys_56_out|       pointer|
|round_keys_56_out_ap_vld   |  out|    1|      ap_vld|                        round_keys_56_out|       pointer|
|round_keys_55_out          |  out|    8|      ap_vld|                        round_keys_55_out|       pointer|
|round_keys_55_out_ap_vld   |  out|    1|      ap_vld|                        round_keys_55_out|       pointer|
|round_keys_54_out          |  out|    8|      ap_vld|                        round_keys_54_out|       pointer|
|round_keys_54_out_ap_vld   |  out|    1|      ap_vld|                        round_keys_54_out|       pointer|
|round_keys_53_out          |  out|    8|      ap_vld|                        round_keys_53_out|       pointer|
|round_keys_53_out_ap_vld   |  out|    1|      ap_vld|                        round_keys_53_out|       pointer|
|round_keys_52_out          |  out|    8|      ap_vld|                        round_keys_52_out|       pointer|
|round_keys_52_out_ap_vld   |  out|    1|      ap_vld|                        round_keys_52_out|       pointer|
|round_keys_51_out          |  out|    8|      ap_vld|                        round_keys_51_out|       pointer|
|round_keys_51_out_ap_vld   |  out|    1|      ap_vld|                        round_keys_51_out|       pointer|
|round_keys_50_out          |  out|    8|      ap_vld|                        round_keys_50_out|       pointer|
|round_keys_50_out_ap_vld   |  out|    1|      ap_vld|                        round_keys_50_out|       pointer|
|round_keys_49_out          |  out|    8|      ap_vld|                        round_keys_49_out|       pointer|
|round_keys_49_out_ap_vld   |  out|    1|      ap_vld|                        round_keys_49_out|       pointer|
|round_keys_48_out          |  out|    8|      ap_vld|                        round_keys_48_out|       pointer|
|round_keys_48_out_ap_vld   |  out|    1|      ap_vld|                        round_keys_48_out|       pointer|
|round_keys_47_out          |  out|    8|      ap_vld|                        round_keys_47_out|       pointer|
|round_keys_47_out_ap_vld   |  out|    1|      ap_vld|                        round_keys_47_out|       pointer|
|round_keys_46_out          |  out|    8|      ap_vld|                        round_keys_46_out|       pointer|
|round_keys_46_out_ap_vld   |  out|    1|      ap_vld|                        round_keys_46_out|       pointer|
|round_keys_45_out          |  out|    8|      ap_vld|                        round_keys_45_out|       pointer|
|round_keys_45_out_ap_vld   |  out|    1|      ap_vld|                        round_keys_45_out|       pointer|
|round_keys_44_out          |  out|    8|      ap_vld|                        round_keys_44_out|       pointer|
|round_keys_44_out_ap_vld   |  out|    1|      ap_vld|                        round_keys_44_out|       pointer|
|round_keys_43_out          |  out|    8|      ap_vld|                        round_keys_43_out|       pointer|
|round_keys_43_out_ap_vld   |  out|    1|      ap_vld|                        round_keys_43_out|       pointer|
|round_keys_42_out          |  out|    8|      ap_vld|                        round_keys_42_out|       pointer|
|round_keys_42_out_ap_vld   |  out|    1|      ap_vld|                        round_keys_42_out|       pointer|
|round_keys_41_out          |  out|    8|      ap_vld|                        round_keys_41_out|       pointer|
|round_keys_41_out_ap_vld   |  out|    1|      ap_vld|                        round_keys_41_out|       pointer|
|round_keys_40_out          |  out|    8|      ap_vld|                        round_keys_40_out|       pointer|
|round_keys_40_out_ap_vld   |  out|    1|      ap_vld|                        round_keys_40_out|       pointer|
|round_keys_39_out          |  out|    8|      ap_vld|                        round_keys_39_out|       pointer|
|round_keys_39_out_ap_vld   |  out|    1|      ap_vld|                        round_keys_39_out|       pointer|
|round_keys_38_out          |  out|    8|      ap_vld|                        round_keys_38_out|       pointer|
|round_keys_38_out_ap_vld   |  out|    1|      ap_vld|                        round_keys_38_out|       pointer|
|round_keys_37_out          |  out|    8|      ap_vld|                        round_keys_37_out|       pointer|
|round_keys_37_out_ap_vld   |  out|    1|      ap_vld|                        round_keys_37_out|       pointer|
|round_keys_36_out          |  out|    8|      ap_vld|                        round_keys_36_out|       pointer|
|round_keys_36_out_ap_vld   |  out|    1|      ap_vld|                        round_keys_36_out|       pointer|
|round_keys_35_out          |  out|    8|      ap_vld|                        round_keys_35_out|       pointer|
|round_keys_35_out_ap_vld   |  out|    1|      ap_vld|                        round_keys_35_out|       pointer|
|round_keys_34_out          |  out|    8|      ap_vld|                        round_keys_34_out|       pointer|
|round_keys_34_out_ap_vld   |  out|    1|      ap_vld|                        round_keys_34_out|       pointer|
|round_keys_33_out          |  out|    8|      ap_vld|                        round_keys_33_out|       pointer|
|round_keys_33_out_ap_vld   |  out|    1|      ap_vld|                        round_keys_33_out|       pointer|
|round_keys_32_out          |  out|    8|      ap_vld|                        round_keys_32_out|       pointer|
|round_keys_32_out_ap_vld   |  out|    1|      ap_vld|                        round_keys_32_out|       pointer|
|round_keys_31_out          |  out|    8|      ap_vld|                        round_keys_31_out|       pointer|
|round_keys_31_out_ap_vld   |  out|    1|      ap_vld|                        round_keys_31_out|       pointer|
|round_keys_30_out          |  out|    8|      ap_vld|                        round_keys_30_out|       pointer|
|round_keys_30_out_ap_vld   |  out|    1|      ap_vld|                        round_keys_30_out|       pointer|
|round_keys_29_out          |  out|    8|      ap_vld|                        round_keys_29_out|       pointer|
|round_keys_29_out_ap_vld   |  out|    1|      ap_vld|                        round_keys_29_out|       pointer|
|round_keys_28_out          |  out|    8|      ap_vld|                        round_keys_28_out|       pointer|
|round_keys_28_out_ap_vld   |  out|    1|      ap_vld|                        round_keys_28_out|       pointer|
|round_keys_27_out          |  out|    8|      ap_vld|                        round_keys_27_out|       pointer|
|round_keys_27_out_ap_vld   |  out|    1|      ap_vld|                        round_keys_27_out|       pointer|
|round_keys_26_out          |  out|    8|      ap_vld|                        round_keys_26_out|       pointer|
|round_keys_26_out_ap_vld   |  out|    1|      ap_vld|                        round_keys_26_out|       pointer|
|round_keys_25_out          |  out|    8|      ap_vld|                        round_keys_25_out|       pointer|
|round_keys_25_out_ap_vld   |  out|    1|      ap_vld|                        round_keys_25_out|       pointer|
|round_keys_24_out          |  out|    8|      ap_vld|                        round_keys_24_out|       pointer|
|round_keys_24_out_ap_vld   |  out|    1|      ap_vld|                        round_keys_24_out|       pointer|
|round_keys_23_out          |  out|    8|      ap_vld|                        round_keys_23_out|       pointer|
|round_keys_23_out_ap_vld   |  out|    1|      ap_vld|                        round_keys_23_out|       pointer|
|round_keys_22_out          |  out|    8|      ap_vld|                        round_keys_22_out|       pointer|
|round_keys_22_out_ap_vld   |  out|    1|      ap_vld|                        round_keys_22_out|       pointer|
|round_keys_21_out          |  out|    8|      ap_vld|                        round_keys_21_out|       pointer|
|round_keys_21_out_ap_vld   |  out|    1|      ap_vld|                        round_keys_21_out|       pointer|
|round_keys_20_out          |  out|    8|      ap_vld|                        round_keys_20_out|       pointer|
|round_keys_20_out_ap_vld   |  out|    1|      ap_vld|                        round_keys_20_out|       pointer|
|round_keys_19_out          |  out|    8|      ap_vld|                        round_keys_19_out|       pointer|
|round_keys_19_out_ap_vld   |  out|    1|      ap_vld|                        round_keys_19_out|       pointer|
|round_keys_18_out          |  out|    8|      ap_vld|                        round_keys_18_out|       pointer|
|round_keys_18_out_ap_vld   |  out|    1|      ap_vld|                        round_keys_18_out|       pointer|
|round_keys_17_out          |  out|    8|      ap_vld|                        round_keys_17_out|       pointer|
|round_keys_17_out_ap_vld   |  out|    1|      ap_vld|                        round_keys_17_out|       pointer|
|round_keys_16_out          |  out|    8|      ap_vld|                        round_keys_16_out|       pointer|
|round_keys_16_out_ap_vld   |  out|    1|      ap_vld|                        round_keys_16_out|       pointer|
|SBOX_address0              |  out|    8|   ap_memory|                                     SBOX|         array|
|SBOX_ce0                   |  out|    1|   ap_memory|                                     SBOX|         array|
|SBOX_q0                    |   in|    8|   ap_memory|                                     SBOX|         array|
|SBOX_address1              |  out|    8|   ap_memory|                                     SBOX|         array|
|SBOX_ce1                   |  out|    1|   ap_memory|                                     SBOX|         array|
|SBOX_q1                    |   in|    8|   ap_memory|                                     SBOX|         array|
|SBOX_address2              |  out|    8|   ap_memory|                                     SBOX|         array|
|SBOX_ce2                   |  out|    1|   ap_memory|                                     SBOX|         array|
|SBOX_q2                    |   in|    8|   ap_memory|                                     SBOX|         array|
|SBOX_address3              |  out|    8|   ap_memory|                                     SBOX|         array|
|SBOX_ce3                   |  out|    1|   ap_memory|                                     SBOX|         array|
|SBOX_q3                    |   in|    8|   ap_memory|                                     SBOX|         array|
+---------------------------+-----+-----+------------+-----------------------------------------+--------------+

