

================================================================
== Vitis HLS Report for 'aes128_top'
================================================================
* Date:           Sun Aug 23 13:01:00 2026

* Version:        2022.1 (Build 3526262 on Mon Apr 18 15:48:16 MDT 2022)
* Project:        aes128
* Solution:       solution1 (Vivado IP Flow Target)
* Product family: zynq
* Target device:  xc7z020-clg484-1


================================================================
== Performance Estimates
================================================================
+ Timing: 
    * Summary: 
    +--------+----------+----------+------------+
    |  Clock |  Target  | Estimated| Uncertainty|
    +--------+----------+----------+------------+
    |ap_clk  |  10.00 ns|  8.750 ns|     1.25 ns|
    +--------+----------+----------+------------+

+ Latency: 
    * Summary: 
    +---------+---------+----------+----------+-----+-----+---------+
    |  Latency (cycles) |  Latency (absolute) |  Interval | Pipeline|
    |   min   |   max   |    min   |    max   | min | max |   Type  |
    +---------+---------+----------+----------+-----+-----+---------+
    |       66|      114|  0.660 us|  1.140 us|   67|  115|       no|
    +---------+---------+----------+----------+-----+-----+---------+

    + Detail: 
        * Instance: 
        +------------------------------------------------+-------------------------------------+---------+---------+-----------+-----------+-----+-----+---------+
        |                                                |                                     |  Latency (cycles) |   Latency (absolute)  |  Interval | Pipeline|
        |                    Instance                    |                Module               |   min   |   max   |    min    |    max    | min | max |   Type  |
        +------------------------------------------------+-------------------------------------+---------+---------+-----------+-----------+-----+-----+---------+
        |grp_aes128_top_Pipeline_LOAD_DATA_fu_152        |aes128_top_Pipeline_LOAD_DATA        |        7|        7|  70.000 ns|  70.000 ns|    7|    7|       no|
        |grp_aes128_top_Pipeline_LOAD_KEY_fu_161         |aes128_top_Pipeline_LOAD_KEY         |        7|        7|  70.000 ns|  70.000 ns|    7|    7|       no|
        |grp_aes128_top_Pipeline_VITIS_LOOP_69_1_fu_170  |aes128_top_Pipeline_VITIS_LOOP_69_1  |       18|       18|   0.180 us|   0.180 us|   18|   18|       no|
        |grp_aes128_encrypt_fu_178                       |aes128_encrypt                       |       66|       66|   0.660 us|   0.660 us|   66|   66|       no|
        |grp_aes128_top_Pipeline_STORE_DATA_fu_192       |aes128_top_Pipeline_STORE_DATA       |        7|        7|  70.000 ns|  70.000 ns|    7|    7|       no|
        +------------------------------------------------+-------------------------------------+---------+---------+-----------+-----------+-----+-----+---------+

        * Loop: 
        N/A



================================================================
== Utilization Estimates
================================================================
* Summary: 
+-----------------+---------+-----+--------+-------+-----+
|       Name      | BRAM_18K| DSP |   FF   |  LUT  | URAM|
+-----------------+---------+-----+--------+-------+-----+
|DSP              |        -|    -|       -|      -|    -|
|Expression       |        -|    -|       0|     20|    -|
|FIFO             |        -|    -|       -|      -|    -|
|Instance         |       15|    -|    3099|  25247|    -|
|Memory           |        0|    -|      96|      6|    0|
|Multiplexer      |        -|    -|       -|    835|    -|
|Register         |        -|    -|     285|      -|    -|
+-----------------+---------+-----+--------+-------+-----+
|Total            |       15|    0|    3480|  26108|    0|
+-----------------+---------+-----+--------+-------+-----+
|Available        |      280|  220|  106400|  53200|    0|
+-----------------+---------+-----+--------+-------+-----+
|Utilization (%)  |        5|    0|       3|     49|    0|
+-----------------+---------+-----+--------+-------+-----+

+ Detail: 
    * Instance: 
    +------------------------------------------------+-------------------------------------+---------+----+------+-------+-----+
    |                    Instance                    |                Module               | BRAM_18K| DSP|  FF  |  LUT  | URAM|
    +------------------------------------------------+-------------------------------------+---------+----+------+-------+-----+
    |CTRL_s_axi_U                                    |CTRL_s_axi                           |        0|   0|   284|    488|    0|
    |DATA_m_axi_U                                    |DATA_m_axi                           |        0|   0|   718|   1318|    0|
    |grp_aes128_encrypt_fu_178                       |aes128_encrypt                       |       15|   0|  1947|  23151|    0|
    |grp_aes128_top_Pipeline_LOAD_DATA_fu_152        |aes128_top_Pipeline_LOAD_DATA        |        0|   0|    47|     74|    0|
    |grp_aes128_top_Pipeline_LOAD_KEY_fu_161         |aes128_top_Pipeline_LOAD_KEY         |        0|   0|    47|     74|    0|
    |grp_aes128_top_Pipeline_STORE_DATA_fu_192       |aes128_top_Pipeline_STORE_DATA       |        0|   0|    41|     72|    0|
    |grp_aes128_top_Pipeline_VITIS_LOOP_69_1_fu_170  |aes128_top_Pipeline_VITIS_LOOP_69_1  |        0|   0|    15|     70|    0|
    +------------------------------------------------+-------------------------------------+---------+----+------+-------+-----+
    |Total                                           |                                     |       15|   0|  3099|  25247|    0|
    +------------------------------------------------+-------------------------------------+---------+----+------+-------+-----+

    * DSP: 
    N/A

    * Memory: 
    +----------------+-------------------------+---------+----+----+-----+------+-----+------+-------------+
    |     Memory     |          Module         | BRAM_18K| FF | LUT| URAM| Words| Bits| Banks| W*Bits*Banks|
    +----------------+-------------------------+---------+----+----+-----+------+-----+------+-------------+
    |plaintext_U     |plaintext_RAM_AUTO_1R1W  |        0|  16|   1|    0|     8|    8|     1|           64|
    |plaintext_1_U   |plaintext_RAM_AUTO_1R1W  |        0|  16|   1|    0|     8|    8|     1|           64|
    |key_U           |plaintext_RAM_AUTO_1R1W  |        0|  16|   1|    0|     8|    8|     1|           64|
    |key_1_U         |plaintext_RAM_AUTO_1R1W  |        0|  16|   1|    0|     8|    8|     1|           64|
    |ciphertext_U    |plaintext_RAM_AUTO_1R1W  |        0|  16|   1|    0|     8|    8|     1|           64|
    |ciphertext_1_U  |plaintext_RAM_AUTO_1R1W  |        0|  16|   1|    0|     8|    8|     1|           64|
    +----------------+-------------------------+---------+----+----+-----+------+-----+------+-------------+
    |Total           |                         |        0|  96|   6|    0|    48|   48|     6|          384|
    +----------------+-------------------------+---------+----+----+-----+------+-----+------+-------------+

    * FIFO: 
    N/A

    * Expression: 
    +----------------------------------+----------+----+---+----+------------+------------+
    |           Variable Name          | Operation| DSP| FF| LUT| Bitwidth P0| Bitwidth P1|
    +----------------------------------+----------+----+---+----+------------+------------+
    |ap_block_state21_on_subcall_done  |       and|   0|  0|   2|           1|           1|
    |icmp_ln64_fu_221_p2               |      icmp|   0|  0|  18|          32|           1|
    +----------------------------------+----------+----+---+----+------------+------------+
    |Total                             |          |   0|  0|  20|          33|           2|
    +----------------------------------+----------+----+---+----+------------+------------+

    * Multiplexer: 
    +-----------------------+-----+-----------+-----+-----------+
    |          Name         | LUT | Input Size| Bits| Total Bits|
    +-----------------------+-----+-----------+-----+-----------+
    |DATA_ARADDR            |   25|          5|   64|        320|
    |DATA_ARLEN             |   20|          4|   32|        128|
    |DATA_ARVALID           |   20|          4|    1|          4|
    |DATA_AWADDR            |   14|          3|   64|        192|
    |DATA_AWLEN             |   14|          3|   32|         96|
    |DATA_AWVALID           |   14|          3|    1|          3|
    |DATA_BREADY            |   14|          3|    1|          3|
    |DATA_RREADY            |   14|          3|    1|          3|
    |DATA_WVALID            |    9|          2|    1|          2|
    |DATA_blk_n_AR          |    9|          2|    1|          2|
    |DATA_blk_n_AW          |    9|          2|    1|          2|
    |DATA_blk_n_B           |    9|          2|    1|          2|
    |ap_NS_fsm              |  134|         30|    1|         30|
    |ciphertext_1_address0  |   20|          4|    3|         12|
    |ciphertext_1_address1  |   14|          3|    3|          9|
    |ciphertext_1_ce0       |   20|          4|    1|          4|
    |ciphertext_1_ce1       |   14|          3|    1|          3|
    |ciphertext_1_d0        |   14|          3|    8|         24|
    |ciphertext_1_we0       |   14|          3|    1|          3|
    |ciphertext_1_we1       |    9|          2|    1|          2|
    |ciphertext_address0    |   20|          4|    3|         12|
    |ciphertext_address1    |   14|          3|    3|          9|
    |ciphertext_ce0         |   20|          4|    1|          4|
    |ciphertext_ce1         |   14|          3|    1|          3|
    |ciphertext_d0          |   14|          3|    8|         24|
    |ciphertext_we0         |   14|          3|    1|          3|
    |ciphertext_we1         |    9|          2|    1|          2|
    |key_1_address0         |   14|          3|    3|          9|
    |key_1_address1         |   14|          3|    3|          9|
    |key_1_ce0              |   14|          3|    1|          3|
    |key_1_ce1              |   14|          3|    1|          3|
    |key_1_we0              |    9|          2|    1|          2|
    |key_1_we1              |    9|          2|    1|          2|
    |key_address0           |   14|          3|    3|          9|
    |key_address1           |   14|          3|    3|          9|
    |key_ce0                |   14|          3|    1|          3|
    |key_ce1                |   14|          3|    1|          3|
    |key_we0                |    9|          2|    1|          2|
    |key_we1                |    9|          2|    1|          2|
    |plaintext_1_address0   |   20|          4|    3|         12|
    |plaintext_1_address1   |   14|          3|    3|          9|
    |plaintext_1_ce0        |   20|          4|    1|          4|
    |plaintext_1_ce1        |   14|          3|    1|          3|
    |plaintext_1_we0        |    9|          2|    1|          2|
    |plaintext_1_we1        |    9|          2|    1|          2|
    |plaintext_address0     |   20|          4|    3|         12|
    |plaintext_address1     |   14|          3|    3|          9|
    |plaintext_ce0          |   20|          4|    1|          4|
    |plaintext_ce1          |   14|          3|    1|          3|
    |plaintext_we0          |    9|          2|    1|          2|
    |plaintext_we1          |    9|          2|    1|          2|
    +-----------------------+-----+-----------+-----+-----------+
    |Total                  |  835|        178|  277|       1021|
    +-----------------------+-----+-----------+-----+-----------+

    * Register: 
    +-------------------------------------------------------------+----+----+-----+-----------+
    |                             Name                            | FF | LUT| Bits| Const Bits|
    +-------------------------------------------------------------+----+----+-----+-----------+
    |ap_CS_fsm                                                    |  29|   0|   29|          0|
    |data_out_read_reg_267                                        |  64|   0|   64|          0|
    |grp_aes128_encrypt_fu_178_ap_start_reg                       |   1|   0|    1|          0|
    |grp_aes128_top_Pipeline_LOAD_DATA_fu_152_ap_start_reg        |   1|   0|    1|          0|
    |grp_aes128_top_Pipeline_LOAD_KEY_fu_161_ap_start_reg         |   1|   0|    1|          0|
    |grp_aes128_top_Pipeline_STORE_DATA_fu_192_ap_start_reg       |   1|   0|    1|          0|
    |grp_aes128_top_Pipeline_VITIS_LOOP_69_1_fu_170_ap_start_reg  |   1|   0|    1|          0|
    |icmp_ln64_reg_284                                            |   1|   0|    1|          0|
    |trunc_ln1_reg_278                                            |  62|   0|   62|          0|
    |trunc_ln2_reg_298                                            |  62|   0|   62|          0|
    |trunc_ln_reg_272                                             |  62|   0|   62|          0|
    +-------------------------------------------------------------+----+----+-----+-----------+
    |Total                                                        | 285|   0|  285|          0|
    +-------------------------------------------------------------+----+----+-----+-----------+



================================================================
== Interface
================================================================
* Summary: 
+---------------------+-----+-----+------------+--------------+--------------+
|      RTL Ports      | Dir | Bits|  Protocol  | Source Object|    C Type    |
+---------------------+-----+-----+------------+--------------+--------------+
|s_axi_CTRL_AWVALID   |   in|    1|       s_axi|          CTRL|        scalar|
|s_axi_CTRL_AWREADY   |  out|    1|       s_axi|          CTRL|        scalar|
|s_axi_CTRL_AWADDR    |   in|    6|       s_axi|          CTRL|        scalar|
|s_axi_CTRL_WVALID    |   in|    1|       s_axi|          CTRL|        scalar|
|s_axi_CTRL_WREADY    |  out|    1|       s_axi|          CTRL|        scalar|
|s_axi_CTRL_WDATA     |   in|   32|       s_axi|          CTRL|        scalar|
|s_axi_CTRL_WSTRB     |   in|    4|       s_axi|          CTRL|        scalar|
|s_axi_CTRL_ARVALID   |   in|    1|       s_axi|          CTRL|        scalar|
|s_axi_CTRL_ARREADY   |  out|    1|       s_axi|          CTRL|        scalar|
|s_axi_CTRL_ARADDR    |   in|    6|       s_axi|          CTRL|        scalar|
|s_axi_CTRL_RVALID    |  out|    1|       s_axi|          CTRL|        scalar|
|s_axi_CTRL_RREADY    |   in|    1|       s_axi|          CTRL|        scalar|
|s_axi_CTRL_RDATA     |  out|   32|       s_axi|          CTRL|        scalar|
|s_axi_CTRL_RRESP     |  out|    2|       s_axi|          CTRL|        scalar|
|s_axi_CTRL_BVALID    |  out|    1|       s_axi|          CTRL|        scalar|
|s_axi_CTRL_BREADY    |   in|    1|       s_axi|          CTRL|        scalar|
|s_axi_CTRL_BRESP     |  out|    2|       s_axi|          CTRL|        scalar|
|ap_clk               |   in|    1|  ap_ctrl_hs|    aes128_top|  return value|
|ap_rst_n             |   in|    1|  ap_ctrl_hs|    aes128_top|  return value|
|interrupt            |  out|    1|  ap_ctrl_hs|    aes128_top|  return value|
|m_axi_DATA_AWVALID   |  out|    1|       m_axi|          DATA|       pointer|
|m_axi_DATA_AWREADY   |   in|    1|       m_axi|          DATA|       pointer|
|m_axi_DATA_AWADDR    |  out|   64|       m_axi|          DATA|       pointer|
|m_axi_DATA_AWID      |  out|    1|       m_axi|          DATA|       pointer|
|m_axi_DATA_AWLEN     |  out|    8|       m_axi|          DATA|       pointer|
|m_axi_DATA_AWSIZE    |  out|    3|       m_axi|          DATA|       pointer|
|m_axi_DATA_AWBURST   |  out|    2|       m_axi|          DATA|       pointer|
|m_axi_DATA_AWLOCK    |  out|    2|       m_axi|          DATA|       pointer|
|m_axi_DATA_AWCACHE   |  out|    4|       m_axi|          DATA|       pointer|
|m_axi_DATA_AWPROT    |  out|    3|       m_axi|          DATA|       pointer|
|m_axi_DATA_AWQOS     |  out|    4|       m_axi|          DATA|       pointer|
|m_axi_DATA_AWREGION  |  out|    4|       m_axi|          DATA|       pointer|
|m_axi_DATA_AWUSER    |  out|    1|       m_axi|          DATA|       pointer|
|m_axi_DATA_WVALID    |  out|    1|       m_axi|          DATA|       pointer|
|m_axi_DATA_WREADY    |   in|    1|       m_axi|          DATA|       pointer|
|m_axi_DATA_WDATA     |  out|   32|       m_axi|          DATA|       pointer|
|m_axi_DATA_WSTRB     |  out|    4|       m_axi|          DATA|       pointer|
|m_axi_DATA_WLAST     |  out|    1|       m_axi|          DATA|       pointer|
|m_axi_DATA_WID       |  out|    1|       m_axi|          DATA|       pointer|
|m_axi_DATA_WUSER     |  out|    1|       m_axi|          DATA|       pointer|
|m_axi_DATA_ARVALID   |  out|    1|       m_axi|          DATA|       pointer|
|m_axi_DATA_ARREADY   |   in|    1|       m_axi|          DATA|       pointer|
|m_axi_DATA_ARADDR    |  out|   64|       m_axi|          DATA|       pointer|
|m_axi_DATA_ARID      |  out|    1|       m_axi|          DATA|       pointer|
|m_axi_DATA_ARLEN     |  out|    8|       m_axi|          DATA|       pointer|
|m_axi_DATA_ARSIZE    |  out|    3|       m_axi|          DATA|       pointer|
|m_axi_DATA_ARBURST   |  out|    2|       m_axi|          DATA|       pointer|
|m_axi_DATA_ARLOCK    |  out|    2|       m_axi|          DATA|       pointer|
|m_axi_DATA_ARCACHE   |  out|    4|       m_axi|          DATA|       pointer|
|m_axi_DATA_ARPROT    |  out|    3|       m_axi|          DATA|       pointer|
|m_axi_DATA_ARQOS     |  out|    4|       m_axi|          DATA|       pointer|
|m_axi_DATA_ARREGION  |  out|    4|       m_axi|          DATA|       pointer|
|m_axi_DATA_ARUSER    |  out|    1|       m_axi|          DATA|       pointer|
|m_axi_DATA_RVALID    |   in|    1|       m_axi|          DATA|       pointer|
|m_axi_DATA_RREADY    |  out|    1|       m_axi|          DATA|       pointer|
|m_axi_DATA_RDATA     |   in|   32|       m_axi|          DATA|       pointer|
|m_axi_DATA_RLAST     |   in|    1|       m_axi|          DATA|       pointer|
|m_axi_DATA_RID       |   in|    1|       m_axi|          DATA|       pointer|
|m_axi_DATA_RUSER     |   in|    1|       m_axi|          DATA|       pointer|
|m_axi_DATA_RRESP     |   in|    2|       m_axi|          DATA|       pointer|
|m_axi_DATA_BVALID    |   in|    1|       m_axi|          DATA|       pointer|
|m_axi_DATA_BREADY    |  out|    1|       m_axi|          DATA|       pointer|
|m_axi_DATA_BRESP     |   in|    2|       m_axi|          DATA|       pointer|
|m_axi_DATA_BID       |   in|    1|       m_axi|          DATA|       pointer|
|m_axi_DATA_BUSER     |   in|    1|       m_axi|          DATA|       pointer|
+---------------------+-----+-----+------------+--------------+--------------+

