

================================================================
== Vitis HLS Report for 'aes128_encrypt_Pipeline_AES_ROUNDS_LOOP'
================================================================
* Date:           Sun Aug 23 13:00:57 2026

* Version:        2022.1 (Build 3526262 on Mon Apr 18 15:48:16 MDT 2022)
* Project:        aes128
* Solution:       solution1 (Vivado IP Flow Target)
* Product family: zynq
* Target device:  xc7z020-clg484-1


================================================================
== Performance Estimates
================================================================
+ Timing: 
    * Summary: 
    +--------+----------+----------+------------+
    |  Clock |  Target  | Estimated| Uncertainty|
    +--------+----------+----------+------------+
    |ap_clk  |  10.00 ns|  7.020 ns|     1.25 ns|
    +--------+----------+----------+------------+

+ Latency: 
    * Summary: 
    +---------+---------+----------+----------+-----+-----+---------+
    |  Latency (cycles) |  Latency (absolute) |  Interval | Pipeline|
    |   min   |   max   |    min   |    max   | min | max |   Type  |
    +---------+---------+----------+----------+-----+-----+---------+
    |       11|       11|  0.110 us|  0.110 us|   11|   11|       no|
    +---------+---------+----------+----------+-----+-----+---------+

    + Detail: 
        * Instance: 
        N/A

        * Loop: 
        +-------------------+---------+---------+----------+-----------+-----------+------+----------+
        |                   |  Latency (cycles) | Iteration|  Initiation Interval  | Trip |          |
        |     Loop Name     |   min   |   max   |  Latency |  achieved |   target  | Count| Pipelined|
        +-------------------+---------+---------+----------+-----------+-----------+------+----------+
        |- AES_ROUNDS_LOOP  |        9|        9|         2|          1|          1|     9|       yes|
        +-------------------+---------+---------+----------+-----------+-----------+------+----------+



================================================================
== Utilization Estimates
================================================================
* Summary: 
+-----------------+---------+-----+--------+-------+-----+
|       Name      | BRAM_18K| DSP |   FF   |  LUT  | URAM|
+-----------------+---------+-----+--------+-------+-----+
|DSP              |        -|    -|       -|      -|    -|
|Expression       |        -|    -|       0|    832|    -|
|FIFO             |        -|    -|       -|      -|    -|
|Instance         |        -|    -|       0|  12384|    -|
|Memory           |        -|    -|       -|      -|    -|
|Multiplexer      |        -|    -|       -|    324|    -|
|Register         |        -|    -|     264|      -|    -|
+-----------------+---------+-----+--------+-------+-----+
|Total            |        0|    0|     264|  13540|    0|
+-----------------+---------+-----+--------+-------+-----+
|Available        |      280|  220|  106400|  53200|    0|
+-----------------+---------+-----+--------+-------+-----+
|Utilization (%)  |        0|    0|      ~0|     25|    0|
+-----------------+---------+-----+--------+-------+-----+

+ Detail: 
    * Instance: 
    +---------------------+----------------+---------+----+---+-----+-----+
    |       Instance      |     Module     | BRAM_18K| DSP| FF| LUT | URAM|
    +---------------------+----------------+---------+----+---+-----+-----+
    |mux_1458_8_1_1_U197  |mux_1458_8_1_1  |        0|   0|  0|  774|    0|
    |mux_1458_8_1_1_U198  |mux_1458_8_1_1  |        0|   0|  0|  774|    0|
    |mux_1458_8_1_1_U199  |mux_1458_8_1_1  |        0|   0|  0|  774|    0|
    |mux_1458_8_1_1_U200  |mux_1458_8_1_1  |        0|   0|  0|  774|    0|
    |mux_1458_8_1_1_U201  |mux_1458_8_1_1  |        0|   0|  0|  774|    0|
    |mux_1458_8_1_1_U202  |mux_1458_8_1_1  |        0|   0|  0|  774|    0|
    |mux_1458_8_1_1_U203  |mux_1458_8_1_1  |        0|   0|  0|  774|    0|
    |mux_1458_8_1_1_U204  |mux_1458_8_1_1  |        0|   0|  0|  774|    0|
    |mux_1458_8_1_1_U205  |mux_1458_8_1_1  |        0|   0|  0|  774|    0|
    |mux_1458_8_1_1_U206  |mux_1458_8_1_1  |        0|   0|  0|  774|    0|
    |mux_1458_8_1_1_U207  |mux_1458_8_1_1  |        0|   0|  0|  774|    0|
    |mux_1458_8_1_1_U208  |mux_1458_8_1_1  |        0|   0|  0|  774|    0|
    |mux_1458_8_1_1_U209  |mux_1458_8_1_1  |        0|   0|  0|  774|    0|
    |mux_1458_8_1_1_U210  |mux_1458_8_1_1  |        0|   0|  0|  774|    0|
    |mux_1458_8_1_1_U211  |mux_1458_8_1_1  |        0|   0|  0|  774|    0|
    |mux_1458_8_1_1_U212  |mux_1458_8_1_1  |        0|   0|  0|  774|    0|
    +---------------------+----------------+---------+----+---+-----+-----+
    |Total                |                |        0|   0|  0|12384|    0|
    +---------------------+----------------+---------+----+---+-----+-----+

    * DSP: 
    N/A

    * Memory: 
    N/A

    * FIFO: 
    N/A

    * Expression: 
    +---------------------------+----------+----+---+----+------------+------------+
    |       Variable Name       | Operation| DSP| FF| LUT| Bitwidth P0| Bitwidth P1|
    +---------------------------+----------+----+---+----+------------+------------+
    |add_ln167_fu_6553_p2       |         +|   0|  0|  13|           4|           1|
    |icmp_ln167_fu_1819_p2      |      icmp|   0|  0|   9|           4|           4|
    |select_ln22_10_fu_6858_p3  |    select|   0|  0|   5|           1|           5|
    |select_ln22_11_fu_6886_p3  |    select|   0|  0|   5|           1|           5|
    |select_ln22_12_fu_6914_p3  |    select|   0|  0|   5|           1|           5|
    |select_ln22_13_fu_6942_p3  |    select|   0|  0|   5|           1|           5|
    |select_ln22_14_fu_6970_p3  |    select|   0|  0|   5|           1|           5|
    |select_ln22_15_fu_6998_p3  |    select|   0|  0|   5|           1|           5|
    |select_ln22_1_fu_6606_p3   |    select|   0|  0|   5|           1|           5|
    |select_ln22_2_fu_6634_p3   |    select|   0|  0|   5|           1|           5|
    |select_ln22_3_fu_6662_p3   |    select|   0|  0|   5|           1|           5|
    |select_ln22_4_fu_6690_p3   |    select|   0|  0|   5|           1|           5|
    |select_ln22_5_fu_6718_p3   |    select|   0|  0|   5|           1|           5|
    |select_ln22_6_fu_6746_p3   |    select|   0|  0|   5|           1|           5|
    |select_ln22_7_fu_6774_p3   |    select|   0|  0|   5|           1|           5|
    |select_ln22_8_fu_6802_p3   |    select|   0|  0|   5|           1|           5|
    |select_ln22_9_fu_6830_p3   |    select|   0|  0|   5|           1|           5|
    |select_ln22_fu_6578_p3     |    select|   0|  0|   5|           1|           5|
    |ap_enable_pp0              |       xor|   0|  0|   2|           1|           2|
    |xor_ln136_fu_7151_p2       |       xor|   0|  0|   8|           8|           8|
    |xor_ln22_10_fu_6866_p2     |       xor|   0|  0|   8|           8|           8|
    |xor_ln22_11_fu_6894_p2     |       xor|   0|  0|   8|           8|           8|
    |xor_ln22_12_fu_6922_p2     |       xor|   0|  0|   8|           8|           8|
    |xor_ln22_13_fu_6950_p2     |       xor|   0|  0|   8|           8|           8|
    |xor_ln22_14_fu_6978_p2     |       xor|   0|  0|   8|           8|           8|
    |xor_ln22_15_fu_7006_p2     |       xor|   0|  0|   8|           8|           8|
    |xor_ln22_1_fu_6614_p2      |       xor|   0|  0|   8|           8|           8|
    |xor_ln22_2_fu_6642_p2      |       xor|   0|  0|   8|           8|           8|
    |xor_ln22_3_fu_6670_p2      |       xor|   0|  0|   8|           8|           8|
    |xor_ln22_4_fu_6698_p2      |       xor|   0|  0|   8|           8|           8|
    |xor_ln22_5_fu_6726_p2      |       xor|   0|  0|   8|           8|           8|
    |xor_ln22_6_fu_6754_p2      |       xor|   0|  0|   8|           8|           8|
    |xor_ln22_7_fu_6782_p2      |       xor|   0|  0|   8|           8|           8|
    |xor_ln22_8_fu_6810_p2      |       xor|   0|  0|   8|           8|           8|
    |xor_ln22_9_fu_6838_p2      |       xor|   0|  0|   8|           8|           8|
    |xor_ln22_fu_6586_p2        |       xor|   0|  0|   8|           8|           8|
    |xor_ln76_10_fu_7307_p2     |       xor|   0|  0|   8|           8|           8|
    |xor_ln76_11_fu_7330_p2     |       xor|   0|  0|   8|           8|           8|
    |xor_ln76_12_fu_7359_p2     |       xor|   0|  0|   8|           8|           8|
    |xor_ln76_13_fu_7388_p2     |       xor|   0|  0|   8|           8|           8|
    |xor_ln76_14_fu_7411_p2     |       xor|   0|  0|   8|           8|           8|
    |xor_ln76_15_fu_7440_p2     |       xor|   0|  0|   8|           8|           8|
    |xor_ln76_16_fu_7012_p2     |       xor|   0|  0|   8|           8|           8|
    |xor_ln76_17_fu_7018_p2     |       xor|   0|  0|   8|           8|           8|
    |xor_ln76_18_fu_7024_p2     |       xor|   0|  0|   8|           8|           8|
    |xor_ln76_19_fu_7029_p2     |       xor|   0|  0|   8|           8|           8|
    |xor_ln76_1_fu_7058_p2      |       xor|   0|  0|   8|           8|           8|
    |xor_ln76_20_fu_7041_p2     |       xor|   0|  0|   8|           8|           8|
    |xor_ln76_21_fu_7047_p2     |       xor|   0|  0|   8|           8|           8|
    |xor_ln76_22_fu_7052_p2     |       xor|   0|  0|   8|           8|           8|
    |xor_ln76_23_fu_7064_p2     |       xor|   0|  0|   8|           8|           8|
    |xor_ln76_24_fu_7070_p2     |       xor|   0|  0|   8|           8|           8|
    |xor_ln76_25_fu_7076_p2     |       xor|   0|  0|   8|           8|           8|
    |xor_ln76_26_fu_7081_p2     |       xor|   0|  0|   8|           8|           8|
    |xor_ln76_27_fu_7093_p2     |       xor|   0|  0|   8|           8|           8|
    |xor_ln76_28_fu_7099_p2     |       xor|   0|  0|   8|           8|           8|
    |xor_ln76_29_fu_7105_p2     |       xor|   0|  0|   8|           8|           8|
    |xor_ln76_2_fu_7087_p2      |       xor|   0|  0|   8|           8|           8|
    |xor_ln76_30_fu_7110_p2     |       xor|   0|  0|   8|           8|           8|
    |xor_ln76_31_fu_7122_p2     |       xor|   0|  0|   8|           8|           8|
    |xor_ln76_32_fu_7128_p2     |       xor|   0|  0|   8|           8|           8|
    |xor_ln76_33_fu_7134_p2     |       xor|   0|  0|   8|           8|           8|
    |xor_ln76_34_fu_7139_p2     |       xor|   0|  0|   8|           8|           8|
    |xor_ln76_35_fu_7157_p2     |       xor|   0|  0|   8|           8|           8|
    |xor_ln76_36_fu_7163_p2     |       xor|   0|  0|   8|           8|           8|
    |xor_ln76_37_fu_7168_p2     |       xor|   0|  0|   8|           8|           8|
    |xor_ln76_38_fu_7180_p2     |       xor|   0|  0|   8|           8|           8|
    |xor_ln76_39_fu_7186_p2     |       xor|   0|  0|   8|           8|           8|
    |xor_ln76_3_fu_7116_p2      |       xor|   0|  0|   8|           8|           8|
    |xor_ln76_40_fu_7191_p2     |       xor|   0|  0|   8|           8|           8|
    |xor_ln76_41_fu_7203_p2     |       xor|   0|  0|   8|           8|           8|
    |xor_ln76_42_fu_7209_p2     |       xor|   0|  0|   8|           8|           8|
    |xor_ln76_43_fu_7214_p2     |       xor|   0|  0|   8|           8|           8|
    |xor_ln76_44_fu_7226_p2     |       xor|   0|  0|   8|           8|           8|
    |xor_ln76_45_fu_7232_p2     |       xor|   0|  0|   8|           8|           8|
    |xor_ln76_46_fu_7238_p2     |       xor|   0|  0|   8|           8|           8|
    |xor_ln76_47_fu_7243_p2     |       xor|   0|  0|   8|           8|           8|
    |xor_ln76_48_fu_7255_p2     |       xor|   0|  0|   8|           8|           8|
    |xor_ln76_49_fu_7261_p2     |       xor|   0|  0|   8|           8|           8|
    |xor_ln76_4_fu_7145_p2      |       xor|   0|  0|   8|           8|           8|
    |xor_ln76_50_fu_7267_p2     |       xor|   0|  0|   8|           8|           8|
    |xor_ln76_51_fu_7272_p2     |       xor|   0|  0|   8|           8|           8|
    |xor_ln76_52_fu_7284_p2     |       xor|   0|  0|   8|           8|           8|
    |xor_ln76_53_fu_7290_p2     |       xor|   0|  0|   8|           8|           8|
    |xor_ln76_54_fu_7296_p2     |       xor|   0|  0|   8|           8|           8|
    |xor_ln76_55_fu_7301_p2     |       xor|   0|  0|   8|           8|           8|
    |xor_ln76_56_fu_7313_p2     |       xor|   0|  0|   8|           8|           8|
    |xor_ln76_57_fu_7319_p2     |       xor|   0|  0|   8|           8|           8|
    |xor_ln76_58_fu_7324_p2     |       xor|   0|  0|   8|           8|           8|
    |xor_ln76_59_fu_7336_p2     |       xor|   0|  0|   8|           8|           8|
    |xor_ln76_5_fu_7174_p2      |       xor|   0|  0|   8|           8|           8|
    |xor_ln76_60_fu_7342_p2     |       xor|   0|  0|   8|           8|           8|
    |xor_ln76_61_fu_7348_p2     |       xor|   0|  0|   8|           8|           8|
    |xor_ln76_62_fu_7353_p2     |       xor|   0|  0|   8|           8|           8|
    |xor_ln76_63_fu_7365_p2     |       xor|   0|  0|   8|           8|           8|
    |xor_ln76_64_fu_7371_p2     |       xor|   0|  0|   8|           8|           8|
    |xor_ln76_65_fu_7377_p2     |       xor|   0|  0|   8|           8|           8|
    |xor_ln76_66_fu_7382_p2     |       xor|   0|  0|   8|           8|           8|
    |xor_ln76_67_fu_7394_p2     |       xor|   0|  0|   8|           8|           8|
    |xor_ln76_68_fu_7400_p2     |       xor|   0|  0|   8|           8|           8|
    |xor_ln76_69_fu_7405_p2     |       xor|   0|  0|   8|           8|           8|
    |xor_ln76_6_fu_7197_p2      |       xor|   0|  0|   8|           8|           8|
    |xor_ln76_70_fu_7417_p2     |       xor|   0|  0|   8|           8|           8|
    |xor_ln76_71_fu_7423_p2     |       xor|   0|  0|   8|           8|           8|
    |xor_ln76_72_fu_7429_p2     |       xor|   0|  0|   8|           8|           8|
    |xor_ln76_73_fu_7434_p2     |       xor|   0|  0|   8|           8|           8|
    |xor_ln76_7_fu_7220_p2      |       xor|   0|  0|   8|           8|           8|
    |xor_ln76_8_fu_7249_p2      |       xor|   0|  0|   8|           8|           8|
    |xor_ln76_9_fu_7278_p2      |       xor|   0|  0|   8|           8|           8|
    |xor_ln76_fu_7035_p2        |       xor|   0|  0|   8|           8|           8|
    +---------------------------+----------+----+---+----+------------+------------+
    |Total                      |          |   0|  0| 832|         753|         815|
    +---------------------------+----------+----+---+----+------------+------------+

    * Multiplexer: 
    +----------------------------+----+-----------+-----+-----------+
    |            Name            | LUT| Input Size| Bits| Total Bits|
    +----------------------------+----+-----------+-----+-----------+
    |ap_done_int                 |   9|          2|    1|          2|
    |ap_enable_reg_pp0_iter1     |   9|          2|    1|          2|
    |ap_enable_reg_pp0_iter2     |   9|          2|    1|          2|
    |ap_sig_allocacmp_p_load192  |   9|          2|    8|         16|
    |ap_sig_allocacmp_p_load194  |   9|          2|    8|         16|
    |ap_sig_allocacmp_p_load196  |   9|          2|    8|         16|
    |ap_sig_allocacmp_p_load198  |   9|          2|    8|         16|
    |ap_sig_allocacmp_p_load200  |   9|          2|    8|         16|
    |ap_sig_allocacmp_p_load202  |   9|          2|    8|         16|
    |ap_sig_allocacmp_p_load204  |   9|          2|    8|         16|
    |ap_sig_allocacmp_p_load206  |   9|          2|    8|         16|
    |ap_sig_allocacmp_p_load208  |   9|          2|    8|         16|
    |ap_sig_allocacmp_p_load210  |   9|          2|    8|         16|
    |ap_sig_allocacmp_p_load212  |   9|          2|    8|         16|
    |ap_sig_allocacmp_p_load214  |   9|          2|    8|         16|
    |ap_sig_allocacmp_p_load216  |   9|          2|    8|         16|
    |ap_sig_allocacmp_p_load218  |   9|          2|    8|         16|
    |ap_sig_allocacmp_p_load220  |   9|          2|    8|         16|
    |ap_sig_allocacmp_p_load222  |   9|          2|    8|         16|
    |empty_34_fu_402             |   9|          2|    8|         16|
    |empty_35_fu_406             |   9|          2|    8|         16|
    |empty_36_fu_410             |   9|          2|    8|         16|
    |empty_37_fu_414             |   9|          2|    8|         16|
    |empty_38_fu_418             |   9|          2|    8|         16|
    |empty_39_fu_422             |   9|          2|    8|         16|
    |empty_40_fu_426             |   9|          2|    8|         16|
    |empty_41_fu_430             |   9|          2|    8|         16|
    |empty_42_fu_434             |   9|          2|    8|         16|
    |empty_43_fu_438             |   9|          2|    8|         16|
    |empty_44_fu_442             |   9|          2|    8|         16|
    |empty_45_fu_446             |   9|          2|    8|         16|
    |empty_46_fu_450             |   9|          2|    8|         16|
    |empty_47_fu_454             |   9|          2|    8|         16|
    |empty_48_fu_458             |   9|          2|    8|         16|
    |empty_fu_398                |   9|          2|    8|         16|
    |round_fu_462                |   9|          2|    4|          8|
    +----------------------------+----+-----------+-----+-----------+
    |Total                       | 324|         72|  263|        526|
    +----------------------------+----+-----------+-----+-----------+

    * Register: 
    +-------------------------+---+----+-----+-----------+
    |           Name          | FF| LUT| Bits| Const Bits|
    +-------------------------+---+----+-----+-----------+
    |ap_CS_fsm                |  1|   0|    1|          0|
    |ap_done_reg              |  1|   0|    1|          0|
    |ap_enable_reg_pp0_iter1  |  1|   0|    1|          0|
    |ap_enable_reg_pp0_iter2  |  1|   0|    1|          0|
    |empty_34_fu_402          |  8|   0|    8|          0|
    |empty_35_fu_406          |  8|   0|    8|          0|
    |empty_36_fu_410          |  8|   0|    8|          0|
    |empty_37_fu_414          |  8|   0|    8|          0|
    |empty_38_fu_418          |  8|   0|    8|          0|
    |empty_39_fu_422          |  8|   0|    8|          0|
    |empty_40_fu_426          |  8|   0|    8|          0|
    |empty_41_fu_430          |  8|   0|    8|          0|
    |empty_42_fu_434          |  8|   0|    8|          0|
    |empty_43_fu_438          |  8|   0|    8|          0|
    |empty_44_fu_442          |  8|   0|    8|          0|
    |empty_45_fu_446          |  8|   0|    8|          0|
    |empty_46_fu_450          |  8|   0|    8|          0|
    |empty_47_fu_454          |  8|   0|    8|          0|
    |empty_48_fu_458          |  8|   0|    8|          0|
    |empty_fu_398             |  8|   0|    8|          0|
    |round_fu_462             |  4|   0|    4|          0|
    |tmp_10_reg_8578          |  8|   0|    8|          0|
    |tmp_11_reg_8583          |  8|   0|    8|          0|
    |tmp_12_reg_8588          |  8|   0|    8|          0|
    |tmp_13_reg_8593          |  8|   0|    8|          0|
    |tmp_14_reg_8598          |  8|   0|    8|          0|
    |tmp_15_reg_8603          |  8|   0|    8|          0|
    |tmp_1_reg_8558           |  8|   0|    8|          0|
    |tmp_2_reg_8563           |  8|   0|    8|          0|
    |tmp_3_reg_8568           |  8|   0|    8|          0|
    |tmp_4_reg_8573           |  8|   0|    8|          0|
    |tmp_5_reg_8528           |  8|   0|    8|          0|
    |tmp_6_reg_8533           |  8|   0|    8|          0|
    |tmp_7_reg_8538           |  8|   0|    8|          0|
    |tmp_8_reg_8543           |  8|   0|    8|          0|
    |tmp_9_reg_8548           |  8|   0|    8|          0|
    |tmp_s_reg_8553           |  8|   0|    8|          0|
    +-------------------------+---+----+-----+-----------+
    |Total                    |264|   0|  264|          0|
    +-------------------------+---+----+-----+-----------+



================================================================
== Interface
================================================================
* Summary: 
+-----------------------+-----+-----+------------+-----------------------------------------+--------------+
|       RTL Ports       | Dir | Bits|  Protocol  |              Source Object              |    C Type    |
+-----------------------+-----+-----+------------+-----------------------------------------+--------------+
|ap_clk                 |   in|    1|  ap_ctrl_hs|  aes128_encrypt_Pipeline_AES_ROUNDS_LOOP|  return value|
|ap_rst                 |   in|    1|  ap_ctrl_hs|  aes128_encrypt_Pipeline_AES_ROUNDS_LOOP|  return value|
|ap_start               |   in|    1|  ap_ctrl_hs|  aes128_encrypt_Pipeline_AES_ROUNDS_LOOP|  return value|
|ap_done                |  out|    1|  ap_ctrl_hs|  aes128_encrypt_Pipeline_AES_ROUNDS_LOOP|  return value|
|ap_idle                |  out|    1|  ap_ctrl_hs|  aes128_encrypt_Pipeline_AES_ROUNDS_LOOP|  return value|
|ap_ready               |  out|    1|  ap_ctrl_hs|  aes128_encrypt_Pipeline_AES_ROUNDS_LOOP|  return value|
|state_23               |   in|    8|     ap_none|                                 state_23|        scalar|
|state_22               |   in|    8|     ap_none|                                 state_22|        scalar|
|state_21               |   in|    8|     ap_none|                                 state_21|        scalar|
|state_20               |   in|    8|     ap_none|                                 state_20|        scalar|
|state_19               |   in|    8|     ap_none|                                 state_19|        scalar|
|state_18               |   in|    8|     ap_none|                                 state_18|        scalar|
|state_17               |   in|    8|     ap_none|                                 state_17|        scalar|
|state_16               |   in|    8|     ap_none|                                 state_16|        scalar|
|state_15               |   in|    8|     ap_none|                                 state_15|        scalar|
|state_14               |   in|    8|     ap_none|                                 state_14|        scalar|
|state_13               |   in|    8|     ap_none|                                 state_13|        scalar|
|state_12               |   in|    8|     ap_none|                                 state_12|        scalar|
|state_11               |   in|    8|     ap_none|                                 state_11|        scalar|
|state_10               |   in|    8|     ap_none|                                 state_10|        scalar|
|state_9                |   in|    8|     ap_none|                                  state_9|        scalar|
|state_8                |   in|    8|     ap_none|                                  state_8|        scalar|
|round_keys_16_reload   |   in|    8|     ap_none|                     round_keys_16_reload|        scalar|
|round_keys_32_reload   |   in|    8|     ap_none|                     round_keys_32_reload|        scalar|
|round_keys_48_reload   |   in|    8|     ap_none|                     round_keys_48_reload|        scalar|
|round_keys_64_reload   |   in|    8|     ap_none|                     round_keys_64_reload|        scalar|
|round_keys_80_reload   |   in|    8|     ap_none|                     round_keys_80_reload|        scalar|
|round_keys_96_reload   |   in|    8|     ap_none|                     round_keys_96_reload|        scalar|
|round_keys_112_reload  |   in|    8|     ap_none|                    round_keys_112_reload|        scalar|
|round_keys_128_reload  |   in|    8|     ap_none|                    round_keys_128_reload|        scalar|
|round_keys_144_reload  |   in|    8|     ap_none|                    round_keys_144_reload|        scalar|
|round_keys_17_reload   |   in|    8|     ap_none|                     round_keys_17_reload|        scalar|
|round_keys_33_reload   |   in|    8|     ap_none|                     round_keys_33_reload|        scalar|
|round_keys_49_reload   |   in|    8|     ap_none|                     round_keys_49_reload|        scalar|
|round_keys_65_reload   |   in|    8|     ap_none|                     round_keys_65_reload|        scalar|
|round_keys_81_reload   |   in|    8|     ap_none|                     round_keys_81_reload|        scalar|
|round_keys_97_reload   |   in|    8|     ap_none|                     round_keys_97_reload|        scalar|
|round_keys_113_reload  |   in|    8|     ap_none|                    round_keys_113_reload|        scalar|
|round_keys_129_reload  |   in|    8|     ap_none|                    round_keys_129_reload|        scalar|
|round_keys_145_reload  |   in|    8|     ap_none|                    round_keys_145_reload|        scalar|
|round_keys_18_reload   |   in|    8|     ap_none|                     round_keys_18_reload|        scalar|
|round_keys_34_reload   |   in|    8|     ap_none|                     round_keys_34_reload|        scalar|
|round_keys_50_reload   |   in|    8|     ap_none|                     round_keys_50_reload|        scalar|
|round_keys_66_reload   |   in|    8|     ap_none|                     round_keys_66_reload|        scalar|
|round_keys_82_reload   |   in|    8|     ap_none|                     round_keys_82_reload|        scalar|
|round_keys_98_reload   |   in|    8|     ap_none|                     round_keys_98_reload|        scalar|
|round_keys_114_reload  |   in|    8|     ap_none|                    round_keys_114_reload|        scalar|
|round_keys_130_reload  |   in|    8|     ap_none|                    round_keys_130_reload|        scalar|
|round_keys_146_reload  |   in|    8|     ap_none|                    round_keys_146_reload|        scalar|
|round_keys_19_reload   |   in|    8|     ap_none|                     round_keys_19_reload|        scalar|
|round_keys_35_reload   |   in|    8|     ap_none|                     round_keys_35_reload|        scalar|
|round_keys_51_reload   |   in|    8|     ap_none|                     round_keys_51_reload|        scalar|
|round_keys_67_reload   |   in|    8|     ap_none|                     round_keys_67_reload|        scalar|
|round_keys_83_reload   |   in|    8|     ap_none|                     round_keys_83_reload|        scalar|
|round_keys_99_reload   |   in|    8|     ap_none|                     round_keys_99_reload|        scalar|
|round_keys_115_reload  |   in|    8|     ap_none|                    round_keys_115_reload|        scalar|
|round_keys_131_reload  |   in|    8|     ap_none|                    round_keys_131_reload|        scalar|
|round_keys_147_reload  |   in|    8|     ap_none|                    round_keys_147_reload|        scalar|
|round_keys_20_reload   |   in|    8|     ap_none|                     round_keys_20_reload|        scalar|
|round_keys_36_reload   |   in|    8|     ap_none|                     round_keys_36_reload|        scalar|
|round_keys_52_reload   |   in|    8|     ap_none|                     round_keys_52_reload|        scalar|
|round_keys_68_reload   |   in|    8|     ap_none|                     round_keys_68_reload|        scalar|
|round_keys_84_reload   |   in|    8|     ap_none|                     round_keys_84_reload|        scalar|
|round_keys_100_reload  |   in|    8|     ap_none|                    round_keys_100_reload|        scalar|
|round_keys_116_reload  |   in|    8|     ap_none|                    round_keys_116_reload|        scalar|
|round_keys_132_reload  |   in|    8|     ap_none|                    round_keys_132_reload|        scalar|
|round_keys_148_reload  |   in|    8|     ap_none|                    round_keys_148_reload|        scalar|
|round_keys_21_reload   |   in|    8|     ap_none|                     round_keys_21_reload|        scalar|
|round_keys_37_reload   |   in|    8|     ap_none|                     round_keys_37_reload|        scalar|
|round_keys_53_reload   |   in|    8|     ap_none|                     round_keys_53_reload|        scalar|
|round_keys_69_reload   |   in|    8|     ap_none|                     round_keys_69_reload|        scalar|
|round_keys_85_reload   |   in|    8|     ap_none|                     round_keys_85_reload|        scalar|
|round_keys_101_reload  |   in|    8|     ap_none|                    round_keys_101_reload|        scalar|
|round_keys_117_reload  |   in|    8|     ap_none|                    round_keys_117_reload|        scalar|
|round_keys_133_reload  |   in|    8|     ap_none|                    round_keys_133_reload|        scalar|
|round_keys_149_reload  |   in|    8|     ap_none|                    round_keys_149_reload|        scalar|
|round_keys_22_reload   |   in|    8|     ap_none|                     round_keys_22_reload|        scalar|
|round_keys_38_reload   |   in|    8|     ap_none|                     round_keys_38_reload|        scalar|
|round_keys_54_reload   |   in|    8|     ap_none|                     round_keys_54_reload|        scalar|
|round_keys_70_reload   |   in|    8|     ap_none|                     round_keys_70_reload|        scalar|
|round_keys_86_reload   |   in|    8|     ap_none|                     round_keys_86_reload|        scalar|
|round_keys_102_reload  |   in|    8|     ap_none|                    round_keys_102_reload|        scalar|
|round_keys_118_reload  |   in|    8|     ap_none|                    round_keys_118_reload|        scalar|
|round_keys_134_reload  |   in|    8|     ap_none|                    round_keys_134_reload|        scalar|
|round_keys_150_reload  |   in|    8|     ap_none|                    round_keys_150_reload|        scalar|
|round_keys_23_reload   |   in|    8|     ap_none|                     round_keys_23_reload|        scalar|
|round_keys_39_reload   |   in|    8|     ap_none|                     round_keys_39_reload|        scalar|
|round_keys_55_reload   |   in|    8|     ap_none|                     round_keys_55_reload|        scalar|
|round_keys_71_reload   |   in|    8|     ap_none|                     round_keys_71_reload|        scalar|
|round_keys_87_reload   |   in|    8|     ap_none|                     round_keys_87_reload|        scalar|
|round_keys_103_reload  |   in|    8|     ap_none|                    round_keys_103_reload|        scalar|
|round_keys_119_reload  |   in|    8|     ap_none|                    round_keys_119_reload|        scalar|
|round_keys_135_reload  |   in|    8|     ap_none|                    round_keys_135_reload|        scalar|
|round_keys_151_reload  |   in|    8|     ap_none|                    round_keys_151_reload|        scalar|
|round_keys_24_reload   |   in|    8|     ap_none|                     round_keys_24_reload|        scalar|
|round_keys_40_reload   |   in|    8|     ap_none|                     round_keys_40_reload|        scalar|
|round_keys_56_reload   |   in|    8|     ap_none|                     round_keys_56_reload|        scalar|
|round_keys_72_reload   |   in|    8|     ap_none|                     round_keys_72_reload|        scalar|
|round_keys_88_reload   |   in|    8|     ap_none|                     round_keys_88_reload|        scalar|
|round_keys_104_reload  |   in|    8|     ap_none|                    round_keys_104_reload|        scalar|
|round_keys_120_reload  |   in|    8|     ap_none|                    round_keys_120_reload|        scalar|
|round_keys_136_reload  |   in|    8|     ap_none|                    round_keys_136_reload|        scalar|
|round_keys_152_reload  |   in|    8|     ap_none|                    round_keys_152_reload|        scalar|
|round_keys_25_reload   |   in|    8|     ap_none|                     round_keys_25_reload|        scalar|
|round_keys_41_reload   |   in|    8|     ap_none|                     round_keys_41_reload|        scalar|
|round_keys_57_reload   |   in|    8|     ap_none|                     round_keys_57_reload|        scalar|
|round_keys_73_reload   |   in|    8|     ap_none|                     round_keys_73_reload|        scalar|
|round_keys_89_reload   |   in|    8|     ap_none|                     round_keys_89_reload|        scalar|
|round_keys_105_reload  |   in|    8|     ap_none|                    round_keys_105_reload|        scalar|
|round_keys_121_reload  |   in|    8|     ap_none|                    round_keys_121_reload|        scalar|
|round_keys_137_reload  |   in|    8|     ap_none|                    round_keys_137_reload|        scalar|
|round_keys_153_reload  |   in|    8|     ap_none|                    round_keys_153_reload|        scalar|
|round_keys_26_reload   |   in|    8|     ap_none|                     round_keys_26_reload|        scalar|
|round_keys_42_reload   |   in|    8|     ap_none|                     round_keys_42_reload|        scalar|
|round_keys_58_reload   |   in|    8|     ap_none|                     round_keys_58_reload|        scalar|
|round_keys_74_reload   |   in|    8|     ap_none|                     round_keys_74_reload|        scalar|
|round_keys_90_reload   |   in|    8|     ap_none|                     round_keys_90_reload|        scalar|
|round_keys_106_reload  |   in|    8|     ap_none|                    round_keys_106_reload|        scalar|
|round_keys_122_reload  |   in|    8|     ap_none|                    round_keys_122_reload|        scalar|
|round_keys_138_reload  |   in|    8|     ap_none|                    round_keys_138_reload|        scalar|
|round_keys_154_reload  |   in|    8|     ap_none|                    round_keys_154_reload|        scalar|
|round_keys_27_reload   |   in|    8|     ap_none|                     round_keys_27_reload|        scalar|
|round_keys_43_reload   |   in|    8|     ap_none|                     round_keys_43_reload|        scalar|
|round_keys_59_reload   |   in|    8|     ap_none|                     round_keys_59_reload|        scalar|
|round_keys_75_reload   |   in|    8|     ap_none|                     round_keys_75_reload|        scalar|
|round_keys_91_reload   |   in|    8|     ap_none|                     round_keys_91_reload|        scalar|
|round_keys_107_reload  |   in|    8|     ap_none|                    round_keys_107_reload|        scalar|
|round_keys_123_reload  |   in|    8|     ap_none|                    round_keys_123_reload|        scalar|
|round_keys_139_reload  |   in|    8|     ap_none|                    round_keys_139_reload|        scalar|
|round_keys_155_reload  |   in|    8|     ap_none|                    round_keys_155_reload|        scalar|
|round_keys_28_reload   |   in|    8|     ap_none|                     round_keys_28_reload|        scalar|
|round_keys_44_reload   |   in|    8|     ap_none|                     round_keys_44_reload|        scalar|
|round_keys_60_reload   |   in|    8|     ap_none|                     round_keys_60_reload|        scalar|
|round_keys_76_reload   |   in|    8|     ap_none|                     round_keys_76_reload|        scalar|
|round_keys_92_reload   |   in|    8|     ap_none|                     round_keys_92_reload|        scalar|
|round_keys_108_reload  |   in|    8|     ap_none|                    round_keys_108_reload|        scalar|
|round_keys_124_reload  |   in|    8|     ap_none|                    round_keys_124_reload|        scalar|
|round_keys_140_reload  |   in|    8|     ap_none|                    round_keys_140_reload|        scalar|
|round_keys_156_reload  |   in|    8|     ap_none|                    round_keys_156_reload|        scalar|
|round_keys_29_reload   |   in|    8|     ap_none|                     round_keys_29_reload|        scalar|
|round_keys_45_reload   |   in|    8|     ap_none|                     round_keys_45_reload|        scalar|
|round_keys_61_reload   |   in|    8|     ap_none|                     round_keys_61_reload|        scalar|
|round_keys_77_reload   |   in|    8|     ap_none|                     round_keys_77_reload|        scalar|
|round_keys_93_reload   |   in|    8|     ap_none|                     round_keys_93_reload|        scalar|
|round_keys_109_reload  |   in|    8|     ap_none|                    round_keys_109_reload|        scalar|
|round_keys_125_reload  |   in|    8|     ap_none|                    round_keys_125_reload|        scalar|
|round_keys_141_reload  |   in|    8|     ap_none|                    round_keys_141_reload|        scalar|
|round_keys_157_reload  |   in|    8|     ap_none|                    round_keys_157_reload|        scalar|
|round_keys_30_reload   |   in|    8|     ap_none|                     round_keys_30_reload|        scalar|
|round_keys_46_reload   |   in|    8|     ap_none|                     round_keys_46_reload|        scalar|
|round_keys_62_reload   |   in|    8|     ap_none|                     round_keys_62_reload|        scalar|
|round_keys_78_reload   |   in|    8|     ap_none|                     round_keys_78_reload|        scalar|
|round_keys_94_reload   |   in|    8|     ap_none|                     round_keys_94_reload|        scalar|
|round_keys_110_reload  |   in|    8|     ap_none|                    round_keys_110_reload|        scalar|
|round_keys_126_reload  |   in|    8|     ap_none|                    round_keys_126_reload|        scalar|
|round_keys_142_reload  |   in|    8|     ap_none|                    round_keys_142_reload|        scalar|
|round_keys_158_reload  |   in|    8|     ap_none|                    round_keys_158_reload|        scalar|
|round_keys_31_reload   |   in|    8|     ap_none|                     round_keys_31_reload|        scalar|
|round_keys_47_reload   |   in|    8|     ap_none|                     round_keys_47_reload|        scalar|
|round_keys_63_reload   |   in|    8|     ap_none|                     round_keys_63_reload|        scalar|
|round_keys_79_reload   |   in|    8|     ap_none|                     round_keys_79_reload|        scalar|
|round_keys_95_reload   |   in|    8|     ap_none|                     round_keys_95_reload|        scalar|
|round_keys_111_reload  |   in|    8|     ap_none|                    round_keys_111_reload|        scalar|
|round_keys_127_reload  |   in|    8|     ap_none|                    round_keys_127_reload|        scalar|
|round_keys_143_reload  |   in|    8|     ap_none|                    round_keys_143_reload|        scalar|
|round_keys_159_reload  |   in|    8|     ap_none|                    round_keys_159_reload|        scalar|
|p_out                  |  out|    8|      ap_vld|                                    p_out|       pointer|
|p_out_ap_vld           |  out|    1|      ap_vld|                                    p_out|       pointer|
|p_out1                 |  out|    8|      ap_vld|                                   p_out1|       pointer|
|p_out1_ap_vld          |  out|    1|      ap_vld|                                   p_out1|       pointer|
|p_out2                 |  out|    8|      ap_vld|                                   p_out2|       pointer|
|p_out2_ap_vld          |  out|    1|      ap_vld|                                   p_out2|       pointer|
|p_out3                 |  out|    8|      ap_vld|                                   p_out3|       pointer|
|p_out3_ap_vld          |  out|    1|      ap_vld|                                   p_out3|       pointer|
|p_out4                 |  out|    8|      ap_vld|                                   p_out4|       pointer|
|p_out4_ap_vld          |  out|    1|      ap_vld|                                   p_out4|       pointer|
|p_out5                 |  out|    8|      ap_vld|                                   p_out5|       pointer|
|p_out5_ap_vld          |  out|    1|      ap_vld|                                   p_out5|       pointer|
|p_out6                 |  out|    8|      ap_vld|                                   p_out6|       pointer|
|p_out6_ap_vld          |  out|    1|      ap_vld|                                   p_out6|       pointer|
|p_out7                 |  out|    8|      ap_vld|                                   p_out7|       pointer|
|p_out7_ap_vld          |  out|    1|      ap_vld|                                   p_out7|       pointer|
|p_out8                 |  out|    8|      ap_vld|                                   p_out8|       pointer|
|p_out8_ap_vld          |  out|    1|      ap_vld|                                   p_out8|       pointer|
|p_out9                 |  out|    8|      ap_vld|                                   p_out9|       pointer|
|p_out9_ap_vld          |  out|    1|      ap_vld|                                   p_out9|       pointer|
|p_out10                |  out|    8|      ap_vld|                                  p_out10|       pointer|
|p_out10_ap_vld         |  out|    1|      ap_vld|                                  p_out10|       pointer|
|p_out11                |  out|    8|      ap_vld|                                  p_out11|       pointer|
|p_out11_ap_vld         |  out|    1|      ap_vld|                                  p_out11|       pointer|
|p_out12                |  out|    8|      ap_vld|                                  p_out12|       pointer|
|p_out12_ap_vld         |  out|    1|      ap_vld|                                  p_out12|       pointer|
|p_out13                |  out|    8|      ap_vld|                                  p_out13|       pointer|
|p_out13_ap_vld         |  out|    1|      ap_vld|                                  p_out13|       pointer|
|p_out14                |  out|    8|      ap_vld|                                  p_out14|       pointer|
|p_out14_ap_vld         |  out|    1|      ap_vld|                                  p_out14|       pointer|
|p_out15                |  out|    8|      ap_vld|                                  p_out15|       pointer|
|p_out15_ap_vld         |  out|    1|      ap_vld|                                  p_out15|       pointer|
|SBOX_address0          |  out|    8|   ap_memory|                                     SBOX|         array|
|SBOX_ce0               |  out|    1|   ap_memory|                                     SBOX|         array|
|SBOX_q0                |   in|    8|   ap_memory|                                     SBOX|         array|
|SBOX_address1          |  out|    8|   ap_memory|                                     SBOX|         array|
|SBOX_ce1               |  out|    1|   ap_memory|                                     SBOX|         array|
|SBOX_q1                |   in|    8|   ap_memory|                                     SBOX|         array|
|SBOX_address2          |  out|    8|   ap_memory|                                     SBOX|         array|
|SBOX_ce2               |  out|    1|   ap_memory|                                     SBOX|         array|
|SBOX_q2                |   in|    8|   ap_memory|                                     SBOX|         array|
|SBOX_address3          |  out|    8|   ap_memory|                                     SBOX|         array|
|SBOX_ce3               |  out|    1|   ap_memory|                                     SBOX|         array|
|SBOX_q3                |   in|    8|   ap_memory|                                     SBOX|         array|
|SBOX_address4          |  out|    8|   ap_memory|                                     SBOX|         array|
|SBOX_ce4               |  out|    1|   ap_memory|                                     SBOX|         array|
|SBOX_q4                |   in|    8|   ap_memory|                                     SBOX|         array|
|SBOX_address5          |  out|    8|   ap_memory|                                     SBOX|         array|
|SBOX_ce5               |  out|    1|   ap_memory|                                     SBOX|         array|
|SBOX_q5                |   in|    8|   ap_memory|                                     SBOX|         array|
|SBOX_address6          |  out|    8|   ap_memory|                                     SBOX|         array|
|SBOX_ce6               |  out|    1|   ap_memory|                                     SBOX|         array|
|SBOX_q6                |   in|    8|   ap_memory|                                     SBOX|         array|
|SBOX_address7          |  out|    8|   ap_memory|                                     SBOX|         array|
|SBOX_ce7               |  out|    1|   ap_memory|                                     SBOX|         array|
|SBOX_q7                |   in|    8|   ap_memory|                                     SBOX|         array|
|SBOX_address8          |  out|    8|   ap_memory|                                     SBOX|         array|
|SBOX_ce8               |  out|    1|   ap_memory|                                     SBOX|         array|
|SBOX_q8                |   in|    8|   ap_memory|                                     SBOX|         array|
|SBOX_address9          |  out|    8|   ap_memory|                                     SBOX|         array|
|SBOX_ce9               |  out|    1|   ap_memory|                                     SBOX|         array|
|SBOX_q9                |   in|    8|   ap_memory|                                     SBOX|         array|
|SBOX_address10         |  out|    8|   ap_memory|                                     SBOX|         array|
|SBOX_ce10              |  out|    1|   ap_memory|                                     SBOX|         array|
|SBOX_q10               |   in|    8|   ap_memory|                                     SBOX|         array|
|SBOX_address11         |  out|    8|   ap_memory|                                     SBOX|         array|
|SBOX_ce11              |  out|    1|   ap_memory|                                     SBOX|         array|
|SBOX_q11               |   in|    8|   ap_memory|                                     SBOX|         array|
|SBOX_address12         |  out|    8|   ap_memory|                                     SBOX|         array|
|SBOX_ce12              |  out|    1|   ap_memory|                                     SBOX|         array|
|SBOX_q12               |   in|    8|   ap_memory|                                     SBOX|         array|
|SBOX_address13         |  out|    8|   ap_memory|                                     SBOX|         array|
|SBOX_ce13              |  out|    1|   ap_memory|                                     SBOX|         array|
|SBOX_q13               |   in|    8|   ap_memory|                                     SBOX|         array|
|SBOX_address14         |  out|    8|   ap_memory|                                     SBOX|         array|
|SBOX_ce14              |  out|    1|   ap_memory|                                     SBOX|         array|
|SBOX_q14               |   in|    8|   ap_memory|                                     SBOX|         array|
|SBOX_address15         |  out|    8|   ap_memory|                                     SBOX|         array|
|SBOX_ce15              |  out|    1|   ap_memory|                                     SBOX|         array|
|SBOX_q15               |   in|    8|   ap_memory|                                     SBOX|         array|
+-----------------------+-----+-----+------------+-----------------------------------------+--------------+

