

================================================================
== Vitis HLS Report for 'aes128_top_Pipeline_STORE_DATA'
================================================================
* Date:           Sun Aug 23 13:01:00 2026

* Version:        2022.1 (Build 3526262 on Mon Apr 18 15:48:16 MDT 2022)
* Project:        aes128
* Solution:       solution1 (Vivado IP Flow Target)
* Product family: zynq
* Target device:  xc7z020-clg484-1


================================================================
== Performance Estimates
================================================================
+ Timing: 
    * Summary: 
    +--------+----------+----------+------------+
    |  Clock |  Target  | Estimated| Uncertainty|
    +--------+----------+----------+------------+
    |ap_clk  |  10.00 ns|  8.750 ns|     1.25 ns|
    +--------+----------+----------+------------+

+ Latency: 
    * Summary: 
    +---------+---------+-----------+-----------+-----+-----+---------+
    |  Latency (cycles) |   Latency (absolute)  |  Interval | Pipeline|
    |   min   |   max   |    min    |    max    | min | max |   Type  |
    +---------+---------+-----------+-----------+-----+-----+---------+
    |        7|        7|  70.000 ns|  70.000 ns|    7|    7|       no|
    +---------+---------+-----------+-----------+-----+-----+---------+

    + Detail: 
        * Instance: 
        N/A

        * Loop: 
        +--------------+---------+---------+----------+-----------+-----------+------+----------+
        |              |  Latency (cycles) | Iteration|  Initiation Interval  | Trip |          |
        |   Loop Name  |   min   |   max   |  Latency |  achieved |   target  | Count| Pipelined|
        +--------------+---------+---------+----------+-----------+-----------+------+----------+
        |- STORE_DATA  |        5|        5|         3|          1|          1|     4|       yes|
        +--------------+---------+---------+----------+-----------+-----------+------+----------+



================================================================
== Utilization Estimates
================================================================
* Summary: 
+-----------------+---------+-----+--------+-------+-----+
|       Name      | BRAM_18K| DSP |   FF   |  LUT  | URAM|
+-----------------+---------+-----+--------+-------+-----+
|DSP              |        -|    -|       -|      -|    -|
|Expression       |        -|    -|       0|     27|    -|
|FIFO             |        -|    -|       -|      -|    -|
|Instance         |        -|    -|       -|      -|    -|
|Memory           |        -|    -|       -|      -|    -|
|Multiplexer      |        -|    -|       -|     45|    -|
|Register         |        -|    -|      41|      -|    -|
+-----------------+---------+-----+--------+-------+-----+
|Total            |        0|    0|      41|     72|    0|
+-----------------+---------+-----+--------+-------+-----+
|Available        |      280|  220|  106400|  53200|    0|
+-----------------+---------+-----+--------+-------+-----+
|Utilization (%)  |        0|    0|      ~0|     ~0|    0|
+-----------------+---------+-----+--------+-------+-----+

+ Detail: 
    * Instance: 
    N/A

    * DSP: 
    N/A

    * Memory: 
    N/A

    * FIFO: 
    N/A

    * Expression: 
    +---------------------------+----------+----+---+----+------------+------------+
    |       Variable Name       | Operation| DSP| FF| LUT| Bitwidth P0| Bitwidth P1|
    +---------------------------+----------+----+---+----+------------+------------+
    |add_ln77_fu_142_p2         |         +|   0|  0|  11|           3|           1|
    |ap_block_pp0_stage0_11001  |       and|   0|  0|   2|           1|           1|
    |icmp_ln77_fu_136_p2        |      icmp|   0|  0|   9|           3|           4|
    |or_ln81_fu_160_p2          |        or|   0|  0|   3|           3|           1|
    |ap_enable_pp0              |       xor|   0|  0|   2|           1|           2|
    +---------------------------+----------+----+---+----+------------+------------+
    |Total                      |          |   0|  0|  27|          11|           9|
    +---------------------------+----------+----+---+----+------------+------------+

    * Multiplexer: 
    +-------------------------+----+-----------+-----+-----------+
    |           Name          | LUT| Input Size| Bits| Total Bits|
    +-------------------------+----+-----------+-----+-----------+
    |DATA_blk_n_W             |   9|          2|    1|          2|
    |ap_done_int              |   9|          2|    1|          2|
    |ap_enable_reg_pp0_iter2  |   9|          2|    1|          2|
    |ap_sig_allocacmp_i_2     |   9|          2|    3|          6|
    |i_fu_56                  |   9|          2|    3|          6|
    +-------------------------+----+-----------+-----+-----------+
    |Total                    |  45|         10|    9|         18|
    +-------------------------+----+-----------+-----+-----------+

    * Register: 
    +----------------------------------+---+----+-----+-----------+
    |               Name               | FF| LUT| Bits| Const Bits|
    +----------------------------------+---+----+-----+-----------+
    |ap_CS_fsm                         |  1|   0|    1|          0|
    |ap_done_reg                       |  1|   0|    1|          0|
    |ap_enable_reg_pp0_iter1           |  1|   0|    1|          0|
    |ap_enable_reg_pp0_iter2           |  1|   0|    1|          0|
    |ap_loop_exit_ready_pp0_iter1_reg  |  1|   0|    1|          0|
    |ciphertext_1_load_1_reg_247       |  8|   0|    8|          0|
    |ciphertext_1_load_reg_237         |  8|   0|    8|          0|
    |ciphertext_load_1_reg_242         |  8|   0|    8|          0|
    |ciphertext_load_reg_232           |  8|   0|    8|          0|
    |i_fu_56                           |  3|   0|    3|          0|
    |icmp_ln77_reg_203                 |  1|   0|    1|          0|
    +----------------------------------+---+----+-----+-----------+
    |Total                             | 41|   0|   41|          0|
    +----------------------------------+---+----+-----+-----------+



================================================================
== Interface
================================================================
* Summary: 
+-----------------------+-----+-----+------------+--------------------------------+--------------+
|       RTL Ports       | Dir | Bits|  Protocol  |          Source Object         |    C Type    |
+-----------------------+-----+-----+------------+--------------------------------+--------------+
|ap_clk                 |   in|    1|  ap_ctrl_hs|  aes128_top_Pipeline_STORE_DATA|  return value|
|ap_rst                 |   in|    1|  ap_ctrl_hs|  aes128_top_Pipeline_STORE_DATA|  return value|
|ap_start               |   in|    1|  ap_ctrl_hs|  aes128_top_Pipeline_STORE_DATA|  return value|
|ap_done                |  out|    1|  ap_ctrl_hs|  aes128_top_Pipeline_STORE_DATA|  return value|
|ap_idle                |  out|    1|  ap_ctrl_hs|  aes128_top_Pipeline_STORE_DATA|  return value|
|ap_ready               |  out|    1|  ap_ctrl_hs|  aes128_top_Pipeline_STORE_DATA|  return value|
|m_axi_DATA_AWVALID     |  out|    1|       m_axi|                            DATA|       pointer|
|m_axi_DATA_AWREADY     |   in|    1|       m_axi|                            DATA|       pointer|
|m_axi_DATA_AWADDR      |  out|   64|       m_axi|                            DATA|       pointer|
|m_axi_DATA_AWID        |  out|    1|       m_axi|                            DATA|       pointer|
|m_axi_DATA_AWLEN       |  out|   32|       m_axi|                            DATA|       pointer|
|m_axi_DATA_AWSIZE      |  out|    3|       m_axi|                            DATA|       pointer|
|m_axi_DATA_AWBURST     |  out|    2|       m_axi|                            DATA|       pointer|
|m_axi_DATA_AWLOCK      |  out|    2|       m_axi|                            DATA|       pointer|
|m_axi_DATA_AWCACHE     |  out|    4|       m_axi|                            DATA|       pointer|
|m_axi_DATA_AWPROT      |  out|    3|       m_axi|                            DATA|       pointer|
|m_axi_DATA_AWQOS       |  out|    4|       m_axi|                            DATA|       pointer|
|m_axi_DATA_AWREGION    |  out|    4|       m_axi|                            DATA|       pointer|
|m_axi_DATA_AWUSER      |  out|    1|       m_axi|                            DATA|       pointer|
|m_axi_DATA_WVALID      |  out|    1|       m_axi|                            DATA|       pointer|
|m_axi_DATA_WREADY      |   in|    1|       m_axi|                            DATA|       pointer|
|m_axi_DATA_WDATA       |  out|   32|       m_axi|                            DATA|       pointer|
|m_axi_DATA_WSTRB       |  out|    4|       m_axi|                            DATA|       pointer|
|m_axi_DATA_WLAST       |  out|    1|       m_axi|                            DATA|       pointer|
|m_axi_DATA_WID         |  out|    1|       m_axi|                            DATA|       pointer|
|m_axi_DATA_WUSER       |  out|    1|       m_axi|                            DATA|       pointer|
|m_axi_DATA_ARVALID     |  out|    1|       m_axi|                            DATA|       pointer|
|m_axi_DATA_ARREADY     |   in|    1|       m_axi|                            DATA|       pointer|
|m_axi_DATA_ARADDR      |  out|   64|       m_axi|                            DATA|       pointer|
|m_axi_DATA_ARID        |  out|    1|       m_axi|                            DATA|       pointer|
|m_axi_DATA_ARLEN       |  out|   32|       m_axi|                            DATA|       pointer|
|m_axi_DATA_ARSIZE      |  out|    3|       m_axi|                            DATA|       pointer|
|m_axi_DATA_ARBURST     |  out|    2|       m_axi|                            DATA|       pointer|
|m_axi_DATA_ARLOCK      |  out|    2|       m_axi|                            DATA|       pointer|
|m_axi_DATA_ARCACHE     |  out|    4|       m_axi|                            DATA|       pointer|
|m_axi_DATA_ARPROT      |  out|    3|       m_axi|                            DATA|       pointer|
|m_axi_DATA_ARQOS       |  out|    4|       m_axi|                            DATA|       pointer|
|m_axi_DATA_ARREGION    |  out|    4|       m_axi|                            DATA|       pointer|
|m_axi_DATA_ARUSER      |  out|    1|       m_axi|                            DATA|       pointer|
|m_axi_DATA_RVALID      |   in|    1|       m_axi|                            DATA|       pointer|
|m_axi_DATA_RREADY      |  out|    1|       m_axi|                            DATA|       pointer|
|m_axi_DATA_RDATA       |   in|   32|       m_axi|                            DATA|       pointer|
|m_axi_DATA_RLAST       |   in|    1|       m_axi|                            DATA|       pointer|
|m_axi_DATA_RID         |   in|    1|       m_axi|                            DATA|       pointer|
|m_axi_DATA_RFIFONUM    |   in|    9|       m_axi|                            DATA|       pointer|
|m_axi_DATA_RUSER       |   in|    1|       m_axi|                            DATA|       pointer|
|m_axi_DATA_RRESP       |   in|    2|       m_axi|                            DATA|       pointer|
|m_axi_DATA_BVALID      |   in|    1|       m_axi|                            DATA|       pointer|
|m_axi_DATA_BREADY      |  out|    1|       m_axi|                            DATA|       pointer|
|m_axi_DATA_BRESP       |   in|    2|       m_axi|                            DATA|       pointer|
|m_axi_DATA_BID         |   in|    1|       m_axi|                            DATA|       pointer|
|m_axi_DATA_BUSER       |   in|    1|       m_axi|                            DATA|       pointer|
|sext_ln77              |   in|   62|     ap_none|                       sext_ln77|        scalar|
|ciphertext_address0    |  out|    3|   ap_memory|                      ciphertext|         array|
|ciphertext_ce0         |  out|    1|   ap_memory|                      ciphertext|         array|
|ciphertext_q0          |   in|    8|   ap_memory|                      ciphertext|         array|
|ciphertext_address1    |  out|    3|   ap_memory|                      ciphertext|         array|
|ciphertext_ce1         |  out|    1|   ap_memory|                      ciphertext|         array|
|ciphertext_q1          |   in|    8|   ap_memory|                      ciphertext|         array|
|ciphertext_1_address0  |  out|    3|   ap_memory|                    ciphertext_1|         array|
|ciphertext_1_ce0       |  out|    1|   ap_memory|                    ciphertext_1|         array|
|ciphertext_1_q0        |   in|    8|   ap_memory|                    ciphertext_1|         array|
|ciphertext_1_address1  |  out|    3|   ap_memory|                    ciphertext_1|         array|
|ciphertext_1_ce1       |  out|    1|   ap_memory|                    ciphertext_1|         array|
|ciphertext_1_q1        |   in|    8|   ap_memory|                    ciphertext_1|         array|
+-----------------------+-----+-----+------------+--------------------------------+--------------+

