

================================================================
== Vitis HLS Report for 'aes128_top_Pipeline_VITIS_LOOP_69_1'
================================================================
* Date:           Sun Aug 23 13:00:59 2026

* Version:        2022.1 (Build 3526262 on Mon Apr 18 15:48:16 MDT 2022)
* Project:        aes128
* Solution:       solution1 (Vivado IP Flow Target)
* Product family: zynq
* Target device:  xc7z020-clg484-1


================================================================
== Performance Estimates
================================================================
+ Timing: 
    * Summary: 
    +--------+----------+----------+------------+
    |  Clock |  Target  | Estimated| Uncertainty|
    +--------+----------+----------+------------+
    |ap_clk  |  10.00 ns|  6.232 ns|     1.25 ns|
    +--------+----------+----------+------------+

+ Latency: 
    * Summary: 
    +---------+---------+----------+----------+-----+-----+---------+
    |  Latency (cycles) |  Latency (absolute) |  Interval | Pipeline|
    |   min   |   max   |    min   |    max   | min | max |   Type  |
    +---------+---------+----------+----------+-----+-----+---------+
    |       18|       18|  0.180 us|  0.180 us|   18|   18|       no|
    +---------+---------+----------+----------+-----+-----+---------+

    + Detail: 
        * Instance: 
        N/A

        * Loop: 
        +-------------------+---------+---------+----------+-----------+-----------+------+----------+
        |                   |  Latency (cycles) | Iteration|  Initiation Interval  | Trip |          |
        |     Loop Name     |   min   |   max   |  Latency |  achieved |   target  | Count| Pipelined|
        +-------------------+---------+---------+----------+-----------+-----------+------+----------+
        |- VITIS_LOOP_69_1  |       16|       16|         2|          1|          1|    16|       yes|
        +-------------------+---------+---------+----------+-----------+-----------+------+----------+



================================================================
== Utilization Estimates
================================================================
* Summary: 
+-----------------+---------+-----+--------+-------+-----+
|       Name      | BRAM_18K| DSP |   FF   |  LUT  | URAM|
+-----------------+---------+-----+--------+-------+-----+
|DSP              |        -|    -|       -|      -|    -|
|Expression       |        -|    -|       0|     25|    -|
|FIFO             |        -|    -|       -|      -|    -|
|Instance         |        -|    -|       0|      9|    -|
|Memory           |        -|    -|       -|      -|    -|
|Multiplexer      |        -|    -|       -|     36|    -|
|Register         |        -|    -|      15|      -|    -|
+-----------------+---------+-----+--------+-------+-----+
|Total            |        0|    0|      15|     70|    0|
+-----------------+---------+-----+--------+-------+-----+
|Available        |      280|  220|  106400|  53200|    0|
+-----------------+---------+-----+--------+-------+-----+
|Utilization (%)  |        0|    0|      ~0|     ~0|    0|
+-----------------+---------+-----+--------+-------+-----+

+ Detail: 
    * Instance: 
    +-------------------+--------------+---------+----+---+----+-----+
    |      Instance     |    Module    | BRAM_18K| DSP| FF| LUT| URAM|
    +-------------------+--------------+---------+----+---+----+-----+
    |mux_21_8_1_1_U398  |mux_21_8_1_1  |        0|   0|  0|   9|    0|
    +-------------------+--------------+---------+----+---+----+-----+
    |Total              |              |        0|   0|  0|   9|    0|
    +-------------------+--------------+---------+----+---+----+-----+

    * DSP: 
    N/A

    * Memory: 
    N/A

    * FIFO: 
    N/A

    * Expression: 
    +---------------------+----------+----+---+----+------------+------------+
    |    Variable Name    | Operation| DSP| FF| LUT| Bitwidth P0| Bitwidth P1|
    +---------------------+----------+----+---+----+------------+------------+
    |add_ln69_fu_108_p2   |         +|   0|  0|  13|           5|           1|
    |icmp_ln69_fu_102_p2  |      icmp|   0|  0|  10|           5|           6|
    |ap_enable_pp0        |       xor|   0|  0|   2|           1|           2|
    +---------------------+----------+----+---+----+------------+------------+
    |Total                |          |   0|  0|  25|          11|           9|
    +---------------------+----------+----+---+----+------------+------------+

    * Multiplexer: 
    +-------------------------+----+-----------+-----+-----------+
    |           Name          | LUT| Input Size| Bits| Total Bits|
    +-------------------------+----+-----------+-----+-----------+
    |ap_done_int              |   9|          2|    1|          2|
    |ap_enable_reg_pp0_iter1  |   9|          2|    1|          2|
    |ap_sig_allocacmp_i_1     |   9|          2|    5|         10|
    |i_fu_40                  |   9|          2|    5|         10|
    +-------------------------+----+-----------+-----+-----------+
    |Total                    |  36|          8|   12|         24|
    +-------------------------+----+-----------+-----+-----------+

    * Register: 
    +---------------------------+---+----+-----+-----------+
    |            Name           | FF| LUT| Bits| Const Bits|
    +---------------------------+---+----+-----+-----------+
    |ap_CS_fsm                  |  1|   0|    1|          0|
    |ap_done_reg                |  1|   0|    1|          0|
    |ap_enable_reg_pp0_iter1    |  1|   0|    1|          0|
    |ciphertext_1_addr_reg_182  |  3|   0|    3|          0|
    |ciphertext_addr_reg_177    |  3|   0|    3|          0|
    |empty_29_reg_162           |  1|   0|    1|          0|
    |i_fu_40                    |  5|   0|    5|          0|
    +---------------------------+---+----+-----+-----------+
    |Total                      | 15|   0|   15|          0|
    +---------------------------+---+----+-----+-----------+



================================================================
== Interface
================================================================
* Summary: 
+-----------------------+-----+-----+------------+-------------------------------------+--------------+
|       RTL Ports       | Dir | Bits|  Protocol  |            Source Object            |    C Type    |
+-----------------------+-----+-----+------------+-------------------------------------+--------------+
|ap_clk                 |   in|    1|  ap_ctrl_hs|  aes128_top_Pipeline_VITIS_LOOP_69_1|  return value|
|ap_rst                 |   in|    1|  ap_ctrl_hs|  aes128_top_Pipeline_VITIS_LOOP_69_1|  return value|
|ap_start               |   in|    1|  ap_ctrl_hs|  aes128_top_Pipeline_VITIS_LOOP_69_1|  return value|
|ap_done                |  out|    1|  ap_ctrl_hs|  aes128_top_Pipeline_VITIS_LOOP_69_1|  return value|
|ap_idle                |  out|    1|  ap_ctrl_hs|  aes128_top_Pipeline_VITIS_LOOP_69_1|  return value|
|ap_ready               |  out|    1|  ap_ctrl_hs|  aes128_top_Pipeline_VITIS_LOOP_69_1|  return value|
|plaintext_address0     |  out|    3|   ap_memory|                            plaintext|         array|
|plaintext_ce0          |  out|    1|   ap_memory|                            plaintext|         array|
|plaintext_q0           |   in|    8|   ap_memory|                            plaintext|         array|
|plaintext_1_address0   |  out|    3|   ap_memory|                          plaintext_1|         array|
|plaintext_1_ce0        |  out|    1|   ap_memory|                          plaintext_1|         array|
|plaintext_1_q0         |   in|    8|   ap_memory|                          plaintext_1|         array|
|ciphertext_address0    |  out|    3|   ap_memory|                           ciphertext|         array|
|ciphertext_ce0         |  out|    1|   ap_memory|                           ciphertext|         array|
|ciphertext_we0         |  out|    1|   ap_memory|                           ciphertext|         array|
|ciphertext_d0          |  out|    8|   ap_memory|                           ciphertext|         array|
|ciphertext_1_address0  |  out|    3|   ap_memory|                         ciphertext_1|         array|
|ciphertext_1_ce0       |  out|    1|   ap_memory|                         ciphertext_1|         array|
|ciphertext_1_we0       |  out|    1|   ap_memory|                         ciphertext_1|         array|
|ciphertext_1_d0        |  out|    8|   ap_memory|                         ciphertext_1|         array|
+-----------------------+-----+-----+------------+-------------------------------------+--------------+

