

================================================================
== Vitis HLS Report for 'accel_top_Pipeline_LOAD_INPUT_H_LOAD_INPUT_W'
================================================================
* Date:           Fri Aug 21 20:16:13 2026

* Version:        2022.1 (Build 3526262 on Mon Apr 18 15:48:16 MDT 2022)
* Project:        cnn_accelerator
* Solution:       solution1 (Vivado IP Flow Target)
* Product family: zynq
* Target device:  xc7z020-clg484-1


================================================================
== Performance Estimates
================================================================
+ Timing: 
    * Summary: 
    +--------+----------+----------+------------+
    |  Clock |  Target  | Estimated| Uncertainty|
    +--------+----------+----------+------------+
    |ap_clk  |  10.00 ns|  8.750 ns|     1.25 ns|
    +--------+----------+----------+------------+

+ Latency: 
    * Summary: 
    +---------+---------+----------+----------+-----+-----+---------+
    |  Latency (cycles) |  Latency (absolute) |  Interval | Pipeline|
    |   min   |   max   |    min   |    max   | min | max |   Type  |
    +---------+---------+----------+----------+-----+-----+---------+
    |        ?|        ?|         ?|         ?|    ?|    ?|       no|
    +---------+---------+----------+----------+-----+-----+---------+

    + Detail: 
        * Instance: 
        N/A

        * Loop: 
        +-----------------------------+---------+---------+----------+-----------+-----------+------+----------+
        |                             |  Latency (cycles) | Iteration|  Initiation Interval  | Trip |          |
        |          Loop Name          |   min   |   max   |  Latency |  achieved |   target  | Count| Pipelined|
        +-----------------------------+---------+---------+----------+-----------+-----------+------+----------+
        |- LOAD_INPUT_H_LOAD_INPUT_W  |        ?|        ?|        12|          1|          1|     ?|       yes|
        +-----------------------------+---------+---------+----------+-----------+-----------+------+----------+



================================================================
== Utilization Estimates
================================================================
* Summary: 
+-----------------+---------+-----+--------+-------+-----+
|       Name      | BRAM_18K| DSP |   FF   |  LUT  | URAM|
+-----------------+---------+-----+--------+-------+-----+
|DSP              |        -|    -|       -|      -|    -|
|Expression       |        -|    -|       0|    536|    -|
|FIFO             |        -|    -|       -|      -|    -|
|Instance         |        -|    3|       0|     23|    -|
|Memory           |        -|    -|       -|      -|    -|
|Multiplexer      |        -|    -|       -|     72|    -|
|Register         |        -|    -|     520|     64|    -|
+-----------------+---------+-----+--------+-------+-----+
|Total            |        0|    3|     520|    695|    0|
+-----------------+---------+-----+--------+-------+-----+
|Available        |      280|  220|  106400|  53200|    0|
+-----------------+---------+-----+--------+-------+-----+
|Utilization (%)  |        0|    1|      ~0|      1|    0|
+-----------------+---------+-----+--------+-------+-----+

+ Detail: 
    * Instance: 
    +-------------------------+----------------------+---------+----+---+----+-----+
    |         Instance        |        Module        | BRAM_18K| DSP| FF| LUT| URAM|
    +-------------------------+----------------------+---------+----+---+----+-----+
    |mul_31ns_31ns_32_1_1_U1  |mul_31ns_31ns_32_1_1  |        0|   3|  0|  23|    0|
    +-------------------------+----------------------+---------+----+---+----+-----+
    |Total                    |                      |        0|   3|  0|  23|    0|
    +-------------------------+----------------------+---------+----+---+----+-----+

    * DSP: 
    N/A

    * Memory: 
    N/A

    * FIFO: 
    N/A

    * Expression: 
    +---------------------------+----------+----+---+-----+------------+------------+
    |       Variable Name       | Operation| DSP| FF| LUT | Bitwidth P0| Bitwidth P1|
    +---------------------------+----------+----+---+-----+------------+------------+
    |add_ln88_1_fu_235_p2       |         +|   0|  0|   38|          31|           1|
    |add_ln88_2_fu_317_p2       |         +|   0|  0|   39|          32|          32|
    |add_ln88_3_fu_329_p2       |         +|   0|  0|   64|          64|          64|
    |add_ln88_fu_226_p2         |         +|   0|  0|   70|          63|           1|
    |add_ln89_fu_288_p2         |         +|   0|  0|   24|          17|           1|
    |add_ln91_1_fu_261_p2       |         +|   0|  0|   12|          11|          11|
    |add_ln91_2_fu_367_p2       |         +|   0|  0|    2|           2|           2|
    |add_ln91_3_fu_363_p2       |         +|   0|  0|    2|           2|           2|
    |add_ln91_4_fu_278_p2       |         +|   0|  0|   23|          16|          16|
    |add_ln91_fu_337_p2         |         +|   0|  0|   64|          64|          64|
    |icmp_ln88_fu_221_p2        |      icmp|   0|  0|   28|          63|          63|
    |icmp_ln89_fu_216_p2        |      icmp|   0|  0|   18|          32|          32|
    |lshr_ln91_fu_388_p2        |      lshr|   0|  0|  100|          32|          32|
    |ap_block_pp0_stage0_11001  |        or|   0|  0|    2|           1|           1|
    |select_ln88_1_fu_249_p3    |    select|   0|  0|   31|           1|          31|
    |select_ln88_fu_241_p3      |    select|   0|  0|   17|           1|           1|
    |ap_enable_pp0              |       xor|   0|  0|    2|           1|           2|
    +---------------------------+----------+----+---+-----+------------+------------+
    |Total                      |          |   0|  0|  536|         433|         356|
    +---------------------------+----------+----+---+-----+------------+------------+

    * Multiplexer: 
    +-------------------------+----+-----------+-----+-----------+
    |           Name          | LUT| Input Size| Bits| Total Bits|
    +-------------------------+----+-----------+-----+-----------+
    |DATA_blk_n_AR            |   9|          2|    1|          2|
    |DATA_blk_n_R             |   9|          2|    1|          2|
    |ap_done_int              |   9|          2|    1|          2|
    |ap_enable_reg_pp0_iter1  |   9|          2|    1|          2|
    |ap_enable_reg_pp0_iter2  |   9|          2|    1|          2|
    |h_fu_104                 |   9|          2|   31|         62|
    |indvar_flatten_fu_108    |   9|          2|   63|        126|
    |w_fu_100                 |   9|          2|   17|         34|
    +-------------------------+----+-----------+-----+-----------+
    |Total                    |  72|         16|  116|        232|
    +-------------------------+----+-----------+-----+-----------+

    * Register: 
    +------------------------------------+----+----+-----+-----------+
    |                Name                | FF | LUT| Bits| Const Bits|
    +------------------------------------+----+----+-----+-----------+
    |DATA_addr_read_reg_494              |  32|   0|   32|          0|
    |DATA_addr_reg_483                   |  64|   0|   64|          0|
    |add_ln91_2_reg_489                  |   2|   0|    2|          0|
    |add_ln91_4_reg_468                  |  16|   0|   16|          0|
    |ap_CS_fsm                           |   1|   0|    1|          0|
    |ap_done_reg                         |   1|   0|    1|          0|
    |ap_enable_reg_pp0_iter1             |   1|   0|    1|          0|
    |ap_enable_reg_pp0_iter10            |   1|   0|    1|          0|
    |ap_enable_reg_pp0_iter11            |   1|   0|    1|          0|
    |ap_enable_reg_pp0_iter12            |   1|   0|    1|          0|
    |ap_enable_reg_pp0_iter2             |   1|   0|    1|          0|
    |ap_enable_reg_pp0_iter3             |   1|   0|    1|          0|
    |ap_enable_reg_pp0_iter4             |   1|   0|    1|          0|
    |ap_enable_reg_pp0_iter5             |   1|   0|    1|          0|
    |ap_enable_reg_pp0_iter6             |   1|   0|    1|          0|
    |ap_enable_reg_pp0_iter7             |   1|   0|    1|          0|
    |ap_enable_reg_pp0_iter8             |   1|   0|    1|          0|
    |ap_enable_reg_pp0_iter9             |   1|   0|    1|          0|
    |ap_loop_exit_ready_pp0_iter10_reg   |   1|   0|    1|          0|
    |ap_loop_exit_ready_pp0_iter11_reg   |   1|   0|    1|          0|
    |ap_loop_exit_ready_pp0_iter2_reg    |   1|   0|    1|          0|
    |ap_loop_exit_ready_pp0_iter3_reg    |   1|   0|    1|          0|
    |ap_loop_exit_ready_pp0_iter4_reg    |   1|   0|    1|          0|
    |ap_loop_exit_ready_pp0_iter5_reg    |   1|   0|    1|          0|
    |ap_loop_exit_ready_pp0_iter6_reg    |   1|   0|    1|          0|
    |ap_loop_exit_ready_pp0_iter7_reg    |   1|   0|    1|          0|
    |ap_loop_exit_ready_pp0_iter8_reg    |   1|   0|    1|          0|
    |ap_loop_exit_ready_pp0_iter9_reg    |   1|   0|    1|          0|
    |h_fu_104                            |  31|   0|   31|          0|
    |indvar_flatten_fu_108               |  63|   0|   63|          0|
    |mul_ln88_reg_478                    |  32|   0|   32|          0|
    |select_ln88_1_reg_463               |  31|   0|   31|          0|
    |select_ln88_reg_458                 |  17|   0|   17|          0|
    |select_ln88_reg_458_pp0_iter2_reg   |  17|   0|   17|          0|
    |trunc_ln91_4_reg_473                |   2|   0|    2|          0|
    |trunc_ln91_4_reg_473_pp0_iter2_reg  |   2|   0|    2|          0|
    |trunc_ln91_reg_449                  |  11|   0|   11|          0|
    |w_fu_100                            |  17|   0|   17|          0|
    |zext_ln87_cast_reg_444              |  31|   0|   32|          1|
    |add_ln91_2_reg_489                  |  64|  32|    2|          0|
    |add_ln91_4_reg_468                  |  64|  32|   16|          0|
    +------------------------------------+----+----+-----+-----------+
    |Total                               | 520|  64|  411|          1|
    +------------------------------------+----+----+-----+-----------+



================================================================
== Interface
================================================================
* Summary: 
+------------------------+-----+-----+------------+----------------------------------------------+--------------+
|        RTL Ports       | Dir | Bits|  Protocol  |                 Source Object                |    C Type    |
+------------------------+-----+-----+------------+----------------------------------------------+--------------+
|ap_clk                  |   in|    1|  ap_ctrl_hs|  accel_top_Pipeline_LOAD_INPUT_H_LOAD_INPUT_W|  return value|
|ap_rst                  |   in|    1|  ap_ctrl_hs|  accel_top_Pipeline_LOAD_INPUT_H_LOAD_INPUT_W|  return value|
|ap_start                |   in|    1|  ap_ctrl_hs|  accel_top_Pipeline_LOAD_INPUT_H_LOAD_INPUT_W|  return value|
|ap_done                 |  out|    1|  ap_ctrl_hs|  accel_top_Pipeline_LOAD_INPUT_H_LOAD_INPUT_W|  return value|
|ap_idle                 |  out|    1|  ap_ctrl_hs|  accel_top_Pipeline_LOAD_INPUT_H_LOAD_INPUT_W|  return value|
|ap_ready                |  out|    1|  ap_ctrl_hs|  accel_top_Pipeline_LOAD_INPUT_H_LOAD_INPUT_W|  return value|
|m_axi_DATA_AWVALID      |  out|    1|       m_axi|                                          DATA|       pointer|
|m_axi_DATA_AWREADY      |   in|    1|       m_axi|                                          DATA|       pointer|
|m_axi_DATA_AWADDR       |  out|   64|       m_axi|                                          DATA|       pointer|
|m_axi_DATA_AWID         |  out|    1|       m_axi|                                          DATA|       pointer|
|m_axi_DATA_AWLEN        |  out|   32|       m_axi|                                          DATA|       pointer|
|m_axi_DATA_AWSIZE       |  out|    3|       m_axi|                                          DATA|       pointer|
|m_axi_DATA_AWBURST      |  out|    2|       m_axi|                                          DATA|       pointer|
|m_axi_DATA_AWLOCK       |  out|    2|       m_axi|                                          DATA|       pointer|
|m_axi_DATA_AWCACHE      |  out|    4|       m_axi|                                          DATA|       pointer|
|m_axi_DATA_AWPROT       |  out|    3|       m_axi|                                          DATA|       pointer|
|m_axi_DATA_AWQOS        |  out|    4|       m_axi|                                          DATA|       pointer|
|m_axi_DATA_AWREGION     |  out|    4|       m_axi|                                          DATA|       pointer|
|m_axi_DATA_AWUSER       |  out|    1|       m_axi|                                          DATA|       pointer|
|m_axi_DATA_WVALID       |  out|    1|       m_axi|                                          DATA|       pointer|
|m_axi_DATA_WREADY       |   in|    1|       m_axi|                                          DATA|       pointer|
|m_axi_DATA_WDATA        |  out|   32|       m_axi|                                          DATA|       pointer|
|m_axi_DATA_WSTRB        |  out|    4|       m_axi|                                          DATA|       pointer|
|m_axi_DATA_WLAST        |  out|    1|       m_axi|                                          DATA|       pointer|
|m_axi_DATA_WID          |  out|    1|       m_axi|                                          DATA|       pointer|
|m_axi_DATA_WUSER        |  out|    1|       m_axi|                                          DATA|       pointer|
|m_axi_DATA_ARVALID      |  out|    1|       m_axi|                                          DATA|       pointer|
|m_axi_DATA_ARREADY      |   in|    1|       m_axi|                                          DATA|       pointer|
|m_axi_DATA_ARADDR       |  out|   64|       m_axi|                                          DATA|       pointer|
|m_axi_DATA_ARID         |  out|    1|       m_axi|                                          DATA|       pointer|
|m_axi_DATA_ARLEN        |  out|   32|       m_axi|                                          DATA|       pointer|
|m_axi_DATA_ARSIZE       |  out|    3|       m_axi|                                          DATA|       pointer|
|m_axi_DATA_ARBURST      |  out|    2|       m_axi|                                          DATA|       pointer|
|m_axi_DATA_ARLOCK       |  out|    2|       m_axi|                                          DATA|       pointer|
|m_axi_DATA_ARCACHE      |  out|    4|       m_axi|                                          DATA|       pointer|
|m_axi_DATA_ARPROT       |  out|    3|       m_axi|                                          DATA|       pointer|
|m_axi_DATA_ARQOS        |  out|    4|       m_axi|                                          DATA|       pointer|
|m_axi_DATA_ARREGION     |  out|    4|       m_axi|                                          DATA|       pointer|
|m_axi_DATA_ARUSER       |  out|    1|       m_axi|                                          DATA|       pointer|
|m_axi_DATA_RVALID       |   in|    1|       m_axi|                                          DATA|       pointer|
|m_axi_DATA_RREADY       |  out|    1|       m_axi|                                          DATA|       pointer|
|m_axi_DATA_RDATA        |   in|   32|       m_axi|                                          DATA|       pointer|
|m_axi_DATA_RLAST        |   in|    1|       m_axi|                                          DATA|       pointer|
|m_axi_DATA_RID          |   in|    1|       m_axi|                                          DATA|       pointer|
|m_axi_DATA_RFIFONUM     |   in|    9|       m_axi|                                          DATA|       pointer|
|m_axi_DATA_RUSER        |   in|    1|       m_axi|                                          DATA|       pointer|
|m_axi_DATA_RRESP        |   in|    2|       m_axi|                                          DATA|       pointer|
|m_axi_DATA_BVALID       |   in|    1|       m_axi|                                          DATA|       pointer|
|m_axi_DATA_BREADY       |  out|    1|       m_axi|                                          DATA|       pointer|
|m_axi_DATA_BRESP        |   in|    2|       m_axi|                                          DATA|       pointer|
|m_axi_DATA_BID          |   in|    1|       m_axi|                                          DATA|       pointer|
|m_axi_DATA_BUSER        |   in|    1|       m_axi|                                          DATA|       pointer|
|in_width                |   in|   32|     ap_none|                                      in_width|        scalar|
|mul_ln24                |   in|   63|     ap_none|                                      mul_ln24|        scalar|
|zext_ln91               |   in|   37|     ap_none|                                     zext_ln91|        scalar|
|zext_ln87               |   in|   31|     ap_none|                                     zext_ln87|        scalar|
|in_ptr                  |   in|   32|     ap_none|                                        in_ptr|        scalar|
|input_data              |   in|   64|     ap_none|                                    input_data|        scalar|
|local_input_V_address1  |  out|   16|   ap_memory|                                 local_input_V|         array|
|local_input_V_ce1       |  out|    1|   ap_memory|                                 local_input_V|         array|
|local_input_V_we1       |  out|    1|   ap_memory|                                 local_input_V|         array|
|local_input_V_d1        |  out|    8|   ap_memory|                                 local_input_V|         array|
|trunc_ln89_1            |   in|    2|     ap_none|                                  trunc_ln89_1|        scalar|
+------------------------+-----+-----+------------+----------------------------------------------+--------------+

