

================================================================
== Vitis HLS Report for 'accel_top_Pipeline_LOAD_W_KH_LOAD_W_KW'
================================================================
* Date:           Fri Aug 21 20:16:13 2026

* Version:        2022.1 (Build 3526262 on Mon Apr 18 15:48:16 MDT 2022)
* Project:        cnn_accelerator
* Solution:       solution1 (Vivado IP Flow Target)
* Product family: zynq
* Target device:  xc7z020-clg484-1


================================================================
== Performance Estimates
================================================================
+ Timing: 
    * Summary: 
    +--------+----------+----------+------------+
    |  Clock |  Target  | Estimated| Uncertainty|
    +--------+----------+----------+------------+
    |ap_clk  |  10.00 ns|  8.750 ns|     1.25 ns|
    +--------+----------+----------+------------+

+ Latency: 
    * Summary: 
    +---------+---------+----------+----------+-----+-----+---------+
    |  Latency (cycles) |  Latency (absolute) |  Interval | Pipeline|
    |   min   |   max   |    min   |    max   | min | max |   Type  |
    +---------+---------+----------+----------+-----+-----+---------+
    |       11|        ?|  0.110 us|         ?|   11|    ?|       no|
    +---------+---------+----------+----------+-----+-----+---------+

    + Detail: 
        * Instance: 
        N/A

        * Loop: 
        +-----------------------+---------+---------+----------+-----------+-----------+-------+----------+
        |                       |  Latency (cycles) | Iteration|  Initiation Interval  |  Trip |          |
        |       Loop Name       |   min   |   max   |  Latency |  achieved |   target  | Count | Pipelined|
        +-----------------------+---------+---------+----------+-----------+-----------+-------+----------+
        |- LOAD_W_KH_LOAD_W_KW  |        9|        ?|        10|          1|          1|  1 ~ ?|       yes|
        +-----------------------+---------+---------+----------+-----------+-----------+-------+----------+



================================================================
== Utilization Estimates
================================================================
* Summary: 
+-----------------+---------+-----+--------+-------+-----+
|       Name      | BRAM_18K| DSP |   FF   |  LUT  | URAM|
+-----------------+---------+-----+--------+-------+-----+
|DSP              |        -|    -|       -|      -|    -|
|Expression       |        -|    -|       0|    582|    -|
|FIFO             |        -|    -|       -|      -|    -|
|Instance         |        -|    -|       -|      -|    -|
|Memory           |        -|    -|       -|      -|    -|
|Multiplexer      |        -|    -|       -|     81|    -|
|Register         |        -|    -|     496|     64|    -|
+-----------------+---------+-----+--------+-------+-----+
|Total            |        0|    0|     496|    727|    0|
+-----------------+---------+-----+--------+-------+-----+
|Available        |      280|  220|  106400|  53200|    0|
+-----------------+---------+-----+--------+-------+-----+
|Utilization (%)  |        0|    0|      ~0|      1|    0|
+-----------------+---------+-----+--------+-------+-----+

+ Detail: 
    * Instance: 
    N/A

    * DSP: 
    N/A

    * Memory: 
    N/A

    * FIFO: 
    N/A

    * Expression: 
    +---------------------------+----------+----+---+-----+------------+------------+
    |       Variable Name       | Operation| DSP| FF| LUT | Bitwidth P0| Bitwidth P1|
    +---------------------------+----------+----+---+-----+------------+------------+
    |add_ln116_1_fu_241_p2      |         +|   0|  0|   39|          32|          32|
    |add_ln116_2_fu_246_p2      |         +|   0|  0|   38|          31|           1|
    |add_ln116_3_fu_301_p2      |         +|   0|  0|   64|          64|          64|
    |add_ln116_fu_229_p2        |         +|   0|  0|   69|          62|           1|
    |add_ln117_fu_351_p2        |         +|   0|  0|   12|          12|           1|
    |add_ln119_1_fu_272_p2      |         +|   0|  0|   44|          37|          37|
    |add_ln119_2_fu_345_p2      |         +|   0|  0|    2|           2|           2|
    |add_ln119_3_fu_340_p2      |         +|   0|  0|    2|           2|           2|
    |add_ln119_4_fu_389_p2      |         +|   0|  0|   12|          12|          12|
    |add_ln119_fu_314_p2        |         +|   0|  0|   64|          64|          64|
    |sub_ln119_1_fu_384_p2      |         -|   0|  0|   12|          12|          12|
    |icmp_ln116_fu_224_p2       |      icmp|   0|  0|   28|          62|          62|
    |icmp_ln117_fu_219_p2       |      icmp|   0|  0|   17|          31|          31|
    |lshr_ln119_fu_409_p2       |      lshr|   0|  0|  100|          32|          32|
    |ap_block_pp0_stage0_11001  |        or|   0|  0|    2|           1|           1|
    |select_ln116_1_fu_260_p3   |    select|   0|  0|   31|           1|          31|
    |select_ln116_2_fu_285_p3   |    select|   0|  0|   32|           1|          32|
    |select_ln116_fu_252_p3     |    select|   0|  0|   12|           1|           1|
    |ap_enable_pp0              |       xor|   0|  0|    2|           1|           2|
    +---------------------------+----------+----+---+-----+------------+------------+
    |Total                      |          |   0|  0|  582|         460|         420|
    +---------------------------+----------+----+---+-----+------------+------------+

    * Multiplexer: 
    +-------------------------+----+-----------+-----+-----------+
    |           Name          | LUT| Input Size| Bits| Total Bits|
    +-------------------------+----+-----------+-----+-----------+
    |DATA_blk_n_AR            |   9|          2|    1|          2|
    |DATA_blk_n_R             |   9|          2|    1|          2|
    |ap_done_int              |   9|          2|    1|          2|
    |ap_enable_reg_pp0_iter1  |   9|          2|    1|          2|
    |ap_enable_reg_pp0_iter2  |   9|          2|    1|          2|
    |indvar_flatten12_fu_112  |   9|          2|   62|        124|
    |kh_fu_108                |   9|          2|   31|         62|
    |kw_fu_100                |   9|          2|   12|         24|
    |w_ptr_fu_104             |   9|          2|   32|         64|
    +-------------------------+----+-----------+-----+-----------+
    |Total                    |  81|         18|  142|        284|
    +-------------------------+----+-----------+-----+-----------+

    * Register: 
    +----------------------------------+----+----+-----+-----------+
    |               Name               | FF | LUT| Bits| Const Bits|
    +----------------------------------+----+----+-----+-----------+
    |DATA_addr_read_reg_512            |  32|   0|   32|          0|
    |DATA_addr_reg_496                 |  64|   0|   64|          0|
    |add_ln119_2_reg_502               |   2|   0|    2|          0|
    |add_ln119_4_reg_507               |  12|   0|   12|          0|
    |ap_CS_fsm                         |   1|   0|    1|          0|
    |ap_done_reg                       |   1|   0|    1|          0|
    |ap_enable_reg_pp0_iter1           |   1|   0|    1|          0|
    |ap_enable_reg_pp0_iter10          |   1|   0|    1|          0|
    |ap_enable_reg_pp0_iter2           |   1|   0|    1|          0|
    |ap_enable_reg_pp0_iter3           |   1|   0|    1|          0|
    |ap_enable_reg_pp0_iter4           |   1|   0|    1|          0|
    |ap_enable_reg_pp0_iter5           |   1|   0|    1|          0|
    |ap_enable_reg_pp0_iter6           |   1|   0|    1|          0|
    |ap_enable_reg_pp0_iter7           |   1|   0|    1|          0|
    |ap_enable_reg_pp0_iter8           |   1|   0|    1|          0|
    |ap_enable_reg_pp0_iter9           |   1|   0|    1|          0|
    |ap_loop_exit_ready_pp0_iter2_reg  |   1|   0|    1|          0|
    |ap_loop_exit_ready_pp0_iter3_reg  |   1|   0|    1|          0|
    |ap_loop_exit_ready_pp0_iter4_reg  |   1|   0|    1|          0|
    |ap_loop_exit_ready_pp0_iter5_reg  |   1|   0|    1|          0|
    |ap_loop_exit_ready_pp0_iter6_reg  |   1|   0|    1|          0|
    |ap_loop_exit_ready_pp0_iter7_reg  |   1|   0|    1|          0|
    |ap_loop_exit_ready_pp0_iter8_reg  |   1|   0|    1|          0|
    |ap_loop_exit_ready_pp0_iter9_reg  |   1|   0|    1|          0|
    |indvar_flatten12_fu_112           |  62|   0|   62|          0|
    |kernel_size_cast_reg_467          |  31|   0|   32|          1|
    |kh_fu_108                         |  31|   0|   31|          0|
    |kw_fu_100                         |  12|   0|   12|          0|
    |select_ln116_reg_481              |  12|   0|   12|          0|
    |sub_ln119_cast_reg_472            |  37|   0|   37|          0|
    |trunc_ln119_1_reg_491             |   9|   0|    9|          0|
    |trunc_ln119_reg_486               |  12|   0|   12|          0|
    |w_ptr_fu_104                      |  32|   0|   32|          0|
    |add_ln119_2_reg_502               |  64|  32|    2|          0|
    |add_ln119_4_reg_507               |  64|  32|   12|          0|
    +----------------------------------+----+----+-----+-----------+
    |Total                             | 496|  64|  383|          1|
    +----------------------------------+----+----+-----+-----------+



================================================================
== Interface
================================================================
* Summary: 
+--------------------------+-----+-----+------------+----------------------------------------+--------------+
|         RTL Ports        | Dir | Bits|  Protocol  |              Source Object             |    C Type    |
+--------------------------+-----+-----+------------+----------------------------------------+--------------+
|ap_clk                    |   in|    1|  ap_ctrl_hs|  accel_top_Pipeline_LOAD_W_KH_LOAD_W_KW|  return value|
|ap_rst                    |   in|    1|  ap_ctrl_hs|  accel_top_Pipeline_LOAD_W_KH_LOAD_W_KW|  return value|
|ap_start                  |   in|    1|  ap_ctrl_hs|  accel_top_Pipeline_LOAD_W_KH_LOAD_W_KW|  return value|
|ap_done                   |  out|    1|  ap_ctrl_hs|  accel_top_Pipeline_LOAD_W_KH_LOAD_W_KW|  return value|
|ap_idle                   |  out|    1|  ap_ctrl_hs|  accel_top_Pipeline_LOAD_W_KH_LOAD_W_KW|  return value|
|ap_ready                  |  out|    1|  ap_ctrl_hs|  accel_top_Pipeline_LOAD_W_KH_LOAD_W_KW|  return value|
|m_axi_DATA_AWVALID        |  out|    1|       m_axi|                                    DATA|       pointer|
|m_axi_DATA_AWREADY        |   in|    1|       m_axi|                                    DATA|       pointer|
|m_axi_DATA_AWADDR         |  out|   64|       m_axi|                                    DATA|       pointer|
|m_axi_DATA_AWID           |  out|    1|       m_axi|                                    DATA|       pointer|
|m_axi_DATA_AWLEN          |  out|   32|       m_axi|                                    DATA|       pointer|
|m_axi_DATA_AWSIZE         |  out|    3|       m_axi|                                    DATA|       pointer|
|m_axi_DATA_AWBURST        |  out|    2|       m_axi|                                    DATA|       pointer|
|m_axi_DATA_AWLOCK         |  out|    2|       m_axi|                                    DATA|       pointer|
|m_axi_DATA_AWCACHE        |  out|    4|       m_axi|                                    DATA|       pointer|
|m_axi_DATA_AWPROT         |  out|    3|       m_axi|                                    DATA|       pointer|
|m_axi_DATA_AWQOS          |  out|    4|       m_axi|                                    DATA|       pointer|
|m_axi_DATA_AWREGION       |  out|    4|       m_axi|                                    DATA|       pointer|
|m_axi_DATA_AWUSER         |  out|    1|       m_axi|                                    DATA|       pointer|
|m_axi_DATA_WVALID         |  out|    1|       m_axi|                                    DATA|       pointer|
|m_axi_DATA_WREADY         |   in|    1|       m_axi|                                    DATA|       pointer|
|m_axi_DATA_WDATA          |  out|   32|       m_axi|                                    DATA|       pointer|
|m_axi_DATA_WSTRB          |  out|    4|       m_axi|                                    DATA|       pointer|
|m_axi_DATA_WLAST          |  out|    1|       m_axi|                                    DATA|       pointer|
|m_axi_DATA_WID            |  out|    1|       m_axi|                                    DATA|       pointer|
|m_axi_DATA_WUSER          |  out|    1|       m_axi|                                    DATA|       pointer|
|m_axi_DATA_ARVALID        |  out|    1|       m_axi|                                    DATA|       pointer|
|m_axi_DATA_ARREADY        |   in|    1|       m_axi|                                    DATA|       pointer|
|m_axi_DATA_ARADDR         |  out|   64|       m_axi|                                    DATA|       pointer|
|m_axi_DATA_ARID           |  out|    1|       m_axi|                                    DATA|       pointer|
|m_axi_DATA_ARLEN          |  out|   32|       m_axi|                                    DATA|       pointer|
|m_axi_DATA_ARSIZE         |  out|    3|       m_axi|                                    DATA|       pointer|
|m_axi_DATA_ARBURST        |  out|    2|       m_axi|                                    DATA|       pointer|
|m_axi_DATA_ARLOCK         |  out|    2|       m_axi|                                    DATA|       pointer|
|m_axi_DATA_ARCACHE        |  out|    4|       m_axi|                                    DATA|       pointer|
|m_axi_DATA_ARPROT         |  out|    3|       m_axi|                                    DATA|       pointer|
|m_axi_DATA_ARQOS          |  out|    4|       m_axi|                                    DATA|       pointer|
|m_axi_DATA_ARREGION       |  out|    4|       m_axi|                                    DATA|       pointer|
|m_axi_DATA_ARUSER         |  out|    1|       m_axi|                                    DATA|       pointer|
|m_axi_DATA_RVALID         |   in|    1|       m_axi|                                    DATA|       pointer|
|m_axi_DATA_RREADY         |  out|    1|       m_axi|                                    DATA|       pointer|
|m_axi_DATA_RDATA          |   in|   32|       m_axi|                                    DATA|       pointer|
|m_axi_DATA_RLAST          |   in|    1|       m_axi|                                    DATA|       pointer|
|m_axi_DATA_RID            |   in|    1|       m_axi|                                    DATA|       pointer|
|m_axi_DATA_RFIFONUM       |   in|    9|       m_axi|                                    DATA|       pointer|
|m_axi_DATA_RUSER          |   in|    1|       m_axi|                                    DATA|       pointer|
|m_axi_DATA_RRESP          |   in|    2|       m_axi|                                    DATA|       pointer|
|m_axi_DATA_BVALID         |   in|    1|       m_axi|                                    DATA|       pointer|
|m_axi_DATA_BREADY         |  out|    1|       m_axi|                                    DATA|       pointer|
|m_axi_DATA_BRESP          |   in|    2|       m_axi|                                    DATA|       pointer|
|m_axi_DATA_BID            |   in|    1|       m_axi|                                    DATA|       pointer|
|m_axi_DATA_BUSER          |   in|    1|       m_axi|                                    DATA|       pointer|
|w_ptr_1                   |   in|   32|     ap_none|                                 w_ptr_1|        scalar|
|kernel_size               |   in|   31|     ap_none|                             kernel_size|        scalar|
|mul_ln101                 |   in|   62|     ap_none|                               mul_ln101|        scalar|
|sub_ln119                 |   in|   36|     ap_none|                               sub_ln119|        scalar|
|weight_data               |   in|   64|     ap_none|                             weight_data|        scalar|
|local_weights_V_address1  |  out|   12|   ap_memory|                         local_weights_V|         array|
|local_weights_V_ce1       |  out|    1|   ap_memory|                         local_weights_V|         array|
|local_weights_V_we1       |  out|    1|   ap_memory|                         local_weights_V|         array|
|local_weights_V_d1        |  out|    8|   ap_memory|                         local_weights_V|         array|
|trunc_ln4                 |   in|    2|     ap_none|                               trunc_ln4|        scalar|
+--------------------------+-----+-----+------------+----------------------------------------+--------------+

