

================================================================
== Vitis HLS Report for 'conv_engine_Pipeline_CONV_IC_CONV_KH_CONV_KW'
================================================================
* Date:           Fri Aug 21 20:16:14 2026

* Version:        2022.1 (Build 3526262 on Mon Apr 18 15:48:16 MDT 2022)
* Project:        cnn_accelerator
* Solution:       solution1 (Vivado IP Flow Target)
* Product family: zynq
* Target device:  xc7z020-clg484-1


================================================================
== Performance Estimates
================================================================
+ Timing: 
    * Summary: 
    +--------+----------+----------+------------+
    |  Clock |  Target  | Estimated| Uncertainty|
    +--------+----------+----------+------------+
    |ap_clk  |  10.00 ns|  8.639 ns|     1.25 ns|
    +--------+----------+----------+------------+

+ Latency: 
    * Summary: 
    +---------+---------+----------+----------+-----+-----+---------+
    |  Latency (cycles) |  Latency (absolute) |  Interval | Pipeline|
    |   min   |   max   |    min   |    max   | min | max |   Type  |
    +---------+---------+----------+----------+-----+-----+---------+
    |        ?|        ?|         ?|         ?|    ?|    ?|       no|
    +---------+---------+----------+----------+-----+-----+---------+

    + Detail: 
        * Instance: 
        N/A

        * Loop: 
        +---------------------------+---------+---------+----------+-----------+-----------+------+----------+
        |                           |  Latency (cycles) | Iteration|  Initiation Interval  | Trip |          |
        |         Loop Name         |   min   |   max   |  Latency |  achieved |   target  | Count| Pipelined|
        +---------------------------+---------+---------+----------+-----------+-----------+------+----------+
        |- CONV_IC_CONV_KH_CONV_KW  |        ?|        ?|         7|          1|          1|     ?|       yes|
        +---------------------------+---------+---------+----------+-----------+-----------+------+----------+



================================================================
== Utilization Estimates
================================================================
* Summary: 
+-----------------+---------+-----+--------+-------+-----+
|       Name      | BRAM_18K| DSP |   FF   |  LUT  | URAM|
+-----------------+---------+-----+--------+-------+-----+
|DSP              |        -|    1|       -|      -|    -|
|Expression       |        -|    -|       0|    985|    -|
|FIFO             |        -|    -|       -|      -|    -|
|Instance         |        -|    -|       -|      -|    -|
|Memory           |        -|    -|       -|      -|    -|
|Multiplexer      |        -|    -|       -|     90|    -|
|Register         |        -|    -|     651|     32|    -|
+-----------------+---------+-----+--------+-------+-----+
|Total            |        0|    1|     651|   1107|    0|
+-----------------+---------+-----+--------+-------+-----+
|Available        |      280|  220|  106400|  53200|    0|
+-----------------+---------+-----+--------+-------+-----+
|Utilization (%)  |        0|   ~0|      ~0|      2|    0|
+-----------------+---------+-----+--------+-------+-----+

+ Detail: 
    * Instance: 
    N/A

    * DSP: 
    +---------------------------------+-----------------------------+--------------+
    |             Instance            |            Module           |  Expression  |
    +---------------------------------+-----------------------------+--------------+
    |mac_muladd_8s_8s_32s_32_4_1_U20  |mac_muladd_8s_8s_32s_32_4_1  |  i0 * i1 + i2|
    +---------------------------------+-----------------------------+--------------+

    * Memory: 
    N/A

    * FIFO: 
    N/A

    * Expression: 
    +-------------------------+----------+----+---+-----+------------+------------+
    |      Variable Name      | Operation| DSP| FF| LUT | Bitwidth P0| Bitwidth P1|
    +-------------------------+----------+----+---+-----+------------+------------+
    |add_ln43_1_fu_259_p2     |         +|   0|  0|  103|          96|           1|
    |add_ln43_fu_340_p2       |         +|   0|  0|   39|          32|           1|
    |add_ln44_1_fu_273_p2     |         +|   0|  0|   71|          64|           1|
    |add_ln44_fu_409_p2       |         +|   0|  0|   39|          32|           1|
    |add_ln45_1_fu_458_p2     |         +|   0|  0|   41|          34|          34|
    |add_ln45_fu_304_p2       |         +|   0|  0|   41|          34|          34|
    |add_ln48_fu_504_p2       |         +|   0|  0|   39|          32|           1|
    |add_ln51_1_fu_584_p2     |         +|   0|  0|   39|          32|          32|
    |add_ln51_fu_606_p2       |         +|   0|  0|   41|          34|          34|
    |add_ln54_1_fu_592_p2     |         +|   0|  0|   23|          16|          16|
    |add_ln54_fu_489_p2       |         +|   0|  0|   12|          11|          11|
    |add_ln55_1_fu_574_p2     |         +|   0|  0|   12|          12|          12|
    |add_ln55_fu_440_p2       |         +|   0|  0|   44|          37|          37|
    |sub_ln55_1_fu_537_p2     |         -|   0|  0|   12|          12|          12|
    |sub_ln55_fu_388_p2       |         -|   0|  0|   43|          36|          36|
    |and_ln52_1_fu_630_p2     |       and|   0|  0|    2|           1|           1|
    |and_ln52_2_fu_636_p2     |       and|   0|  0|    2|           1|           1|
    |and_ln52_4_fu_562_p2     |       and|   0|  0|    2|           1|           1|
    |and_ln52_fu_328_p2       |       and|   0|  0|    2|           1|           1|
    |icmp_ln43_fu_254_p2      |      icmp|   0|  0|   39|          96|          96|
    |icmp_ln44_fu_268_p2      |      icmp|   0|  0|   29|          64|          64|
    |icmp_ln46_1_fu_495_p2    |      icmp|   0|  0|   18|          34|          34|
    |icmp_ln46_fu_323_p2      |      icmp|   0|  0|   18|          34|          34|
    |icmp_ln48_fu_398_p2      |      icmp|   0|  0|   18|          32|          32|
    |icmp_ln52_fu_625_p2      |      icmp|   0|  0|   18|          34|          34|
    |or_ln44_fu_415_p2        |        or|   0|  0|    2|           1|           1|
    |in_val_V_2_fu_641_p3     |    select|   0|  0|    8|           1|           8|
    |select_ln43_1_fu_353_p3  |    select|   0|  0|   32|           1|          32|
    |select_ln43_2_fu_525_p3  |    select|   0|  0|    2|           1|           1|
    |select_ln43_3_fu_403_p3  |    select|   0|  0|    2|           1|           1|
    |select_ln43_4_fu_474_p3  |    select|   0|  0|   11|           1|          11|
    |select_ln43_fu_346_p3    |    select|   0|  0|   32|           1|           1|
    |select_ln44_1_fu_428_p3  |    select|   0|  0|   32|           1|          32|
    |select_ln44_2_fu_481_p3  |    select|   0|  0|   11|           1|          11|
    |select_ln44_3_fu_567_p3  |    select|   0|  0|    2|           1|           1|
    |select_ln44_4_fu_279_p3  |    select|   0|  0|   64|           1|           1|
    |select_ln44_fu_420_p3    |    select|   0|  0|   32|           1|           1|
    |ap_enable_pp0            |       xor|   0|  0|    2|           1|           2|
    |xor_ln46_1_fu_556_p2     |       xor|   0|  0|    2|           1|           2|
    |xor_ln46_fu_317_p2       |       xor|   0|  0|    2|           1|           2|
    |xor_ln52_fu_619_p2       |       xor|   0|  0|    2|           1|           2|
    +-------------------------+----------+----+---+-----+------------+------------+
    |Total                    |          |   0|  0|  985|         828|         670|
    +-------------------------+----------+----+---+-----+------------+------------+

    * Multiplexer: 
    +-------------------------------+----+-----------+-----+-----------+
    |              Name             | LUT| Input Size| Bits| Total Bits|
    +-------------------------------+----+-----------+-----+-----------+
    |ap_done_int                    |   9|          2|    1|          2|
    |ap_enable_reg_pp0_iter1        |   9|          2|    1|          2|
    |ap_enable_reg_pp0_iter3        |   9|          2|    1|          2|
    |ap_sig_allocacmp_sum_V_1_load  |   9|          2|   32|         64|
    |ic_fu_104                      |   9|          2|   32|         64|
    |indvar_flatten27_fu_108        |   9|          2|   96|        192|
    |indvar_flatten_fu_100          |   9|          2|   64|        128|
    |kh_fu_96                       |   9|          2|   32|         64|
    |kw_fu_92                       |   9|          2|   32|         64|
    |sum_V_1_fu_88                  |   9|          2|   32|         64|
    +-------------------------------+----+-----------+-----+-----------+
    |Total                          |  90|         20|  323|        646|
    +-------------------------------+----+-----------+-----+-----------+

    * Register: 
    +-----------------------------------+----+----+-----+-----------+
    |                Name               | FF | LUT| Bits| Const Bits|
    +-----------------------------------+----+----+-----+-----------+
    |add_ln45_1_reg_817                 |  34|   0|   34|          0|
    |add_ln54_reg_822                   |  11|   0|   11|          0|
    |and_ln52_reg_791                   |   1|   0|    1|          0|
    |ap_CS_fsm                          |   1|   0|    1|          0|
    |ap_done_reg                        |   1|   0|    1|          0|
    |ap_enable_reg_pp0_iter1            |   1|   0|    1|          0|
    |ap_enable_reg_pp0_iter2            |   1|   0|    1|          0|
    |ap_enable_reg_pp0_iter3            |   1|   0|    1|          0|
    |ap_enable_reg_pp0_iter4            |   1|   0|    1|          0|
    |ap_enable_reg_pp0_iter5            |   1|   0|    1|          0|
    |ap_enable_reg_pp0_iter6            |   1|   0|    1|          0|
    |ap_enable_reg_pp0_iter7            |   1|   0|    1|          0|
    |ap_loop_exit_ready_pp0_iter2_reg   |   1|   0|    1|          0|
    |ap_loop_exit_ready_pp0_iter3_reg   |   1|   0|    1|          0|
    |ap_loop_exit_ready_pp0_iter4_reg   |   1|   0|    1|          0|
    |ap_loop_exit_ready_pp0_iter5_reg   |   1|   0|    1|          0|
    |ap_loop_exit_ready_pp0_iter6_reg   |   1|   0|    1|          0|
    |ic_fu_104                          |  32|   0|   32|          0|
    |icmp_ln43_reg_777                  |   1|   0|    1|          0|
    |icmp_ln44_reg_781                  |   1|   0|    1|          0|
    |icmp_ln44_reg_781_pp0_iter2_reg    |   1|   0|    1|          0|
    |icmp_ln46_1_reg_827                |   1|   0|    1|          0|
    |indvar_flatten27_fu_108            |  96|   0|   96|          0|
    |indvar_flatten_fu_100              |  64|   0|   64|          0|
    |kh_fu_96                           |  32|   0|   32|          0|
    |kw_fu_92                           |  32|   0|   32|          0|
    |select_ln43_3_reg_796              |   1|   0|    1|          0|
    |select_ln44_3_reg_837              |   1|   0|    1|          0|
    |select_ln44_reg_801                |  32|   0|   32|          0|
    |select_ln44_reg_801_pp0_iter3_reg  |  32|   0|   32|          0|
    |sext_ln36_1_cast_reg_765           |  34|   0|   34|          0|
    |sext_ln36_2_cast_reg_771           |  34|   0|   34|          0|
    |sext_ln36_cast_reg_755             |  34|   0|   34|          0|
    |sext_ln43_cast_reg_760             |  34|   0|   34|          0|
    |sum_V_1_fu_88                      |  32|   0|   32|          0|
    |trunc_ln55_1_reg_812               |   9|   0|    9|          0|
    |trunc_ln55_2_reg_832               |  12|   0|   12|          0|
    |trunc_ln55_reg_807                 |  12|   0|   12|          0|
    |icmp_ln43_reg_777                  |  64|  32|    1|          0|
    +-----------------------------------+----+----+-----+-----------+
    |Total                              | 651|  32|  588|          0|
    +-----------------------------------+----+----+-----+-----------+



================================================================
== Interface
================================================================
* Summary: 
+--------------------+-----+-----+------------+----------------------------------------------+--------------+
|      RTL Ports     | Dir | Bits|  Protocol  |                 Source Object                |    C Type    |
+--------------------+-----+-----+------------+----------------------------------------------+--------------+
|ap_clk              |   in|    1|  ap_ctrl_hs|  conv_engine_Pipeline_CONV_IC_CONV_KH_CONV_KW|  return value|
|ap_rst              |   in|    1|  ap_ctrl_hs|  conv_engine_Pipeline_CONV_IC_CONV_KH_CONV_KW|  return value|
|ap_start            |   in|    1|  ap_ctrl_hs|  conv_engine_Pipeline_CONV_IC_CONV_KH_CONV_KW|  return value|
|ap_done             |  out|    1|  ap_ctrl_hs|  conv_engine_Pipeline_CONV_IC_CONV_KH_CONV_KW|  return value|
|ap_idle             |  out|    1|  ap_ctrl_hs|  conv_engine_Pipeline_CONV_IC_CONV_KH_CONV_KW|  return value|
|ap_ready            |  out|    1|  ap_ctrl_hs|  conv_engine_Pipeline_CONV_IC_CONV_KH_CONV_KW|  return value|
|bias                |   in|   32|     ap_none|                                          bias|        scalar|
|sext_ln36_2         |   in|   32|     ap_none|                                   sext_ln36_2|        scalar|
|sext_ln36_1         |   in|   32|     ap_none|                                   sext_ln36_1|        scalar|
|bound4              |   in|   96|     ap_none|                                        bound4|        scalar|
|bound               |   in|   64|     ap_none|                                         bound|        scalar|
|and_ln52_3          |   in|    1|     ap_none|                                    and_ln52_3|        scalar|
|kernel_size         |   in|   32|     ap_none|                                   kernel_size|        scalar|
|icmp_ln48_1         |   in|    1|     ap_none|                                   icmp_ln48_1|        scalar|
|weights_address0    |  out|   12|   ap_memory|                                       weights|         array|
|weights_ce0         |  out|    1|   ap_memory|                                       weights|         array|
|weights_q0          |   in|    8|   ap_memory|                                       weights|         array|
|sext_ln43           |   in|   32|     ap_none|                                     sext_ln43|        scalar|
|input_r_address0    |  out|   16|   ap_memory|                                       input_r|         array|
|input_r_ce0         |  out|    1|   ap_memory|                                       input_r|         array|
|input_r_q0          |   in|    8|   ap_memory|                                       input_r|         array|
|sext_ln36           |   in|   32|     ap_none|                                     sext_ln36|        scalar|
|sum_V_1_out         |  out|   32|      ap_vld|                                   sum_V_1_out|       pointer|
|sum_V_1_out_ap_vld  |  out|    1|      ap_vld|                                   sum_V_1_out|       pointer|
+--------------------+-----+-----+------------+----------------------------------------------+--------------+

