

================================================================
== Synthesis Summary Report of 'accel_top'
================================================================
+ General Information: 
    * Date:           Fri Aug 21 20:16:17 2026
    * Version:        2022.1 (Build 3526262 on Mon Apr 18 15:48:16 MDT 2022)
    * Project:        cnn_accelerator
    * Solution:       solution1 (Vivado IP Flow Target)
    * Product family: zynq
    * Target device:  xc7z020-clg484-1
    

+ Performance & Resource Estimates: 
    
    PS: '+' for module; 'o' for loop; '*' for dataflow
    +----------------------------------------------------+------+------+---------+--------+----------+---------+------+----------+----------+----------+-----------+-------------+-----+
    |                       Modules                      | Issue|      | Latency | Latency| Iteration|         | Trip |          |          |          |           |             |     |
    |                       & Loops                      | Type | Slack| (cycles)|  (ns)  |  Latency | Interval| Count| Pipelined|   BRAM   |    DSP   |     FF    |     LUT     | URAM|
    +----------------------------------------------------+------+------+---------+--------+----------+---------+------+----------+----------+----------+-----------+-------------+-----+
    |+ accel_top                                         |     -|  0.00|        -|       -|         -|        -|     -|        no|  40 (14%)|  40 (18%)|  8308 (7%)|  10579 (19%)|    -|
    | o LOAD_INPUT_CH                                    |     -|  8.75|        -|       -|         -|        -|     -|        no|         -|         -|          -|            -|    -|
    |  + accel_top_Pipeline_LOAD_INPUT_H_LOAD_INPUT_W    |     -|  0.00|        -|       -|         -|        -|     -|        no|         -|    3 (1%)|  520 (~0%)|     695 (1%)|    -|
    |   o LOAD_INPUT_H_LOAD_INPUT_W                      |     -|  8.75|        -|       -|        12|        1|     -|       yes|         -|         -|          -|            -|    -|
    | o OUTPUT_CHANNEL                                   |     -|  8.75|        -|       -|         -|        -|     -|        no|         -|         -|          -|            -|    -|
    |  + conv_engine                                     |     -|  0.11|        -|       -|         -|        -|     -|        no|         -|   19 (8%)|  2607 (2%)|    2734 (5%)|    -|
    |   o CONV_OH_CONV_OW                                |     -|  8.75|        -|       -|         -|        -|     -|        no|         -|         -|          -|            -|    -|
    |    + conv_engine_Pipeline_CONV_IC_CONV_KH_CONV_KW  |     -|  0.11|        -|       -|         -|        -|     -|        no|         -|   1 (~0%)|  651 (~0%)|    1107 (2%)|    -|
    |     o CONV_IC_CONV_KH_CONV_KW                      |     -|  8.75|        -|       -|         7|        1|     -|       yes|         -|         -|          -|            -|    -|
    |  + relu                                            |     -|  0.24|        -|       -|         -|        -|     -|        no|         -|    3 (1%)|  270 (~0%)|    392 (~0%)|    -|
    |   + relu_Pipeline_RELU_ROW_RELU_COL                |     -|  0.33|        -|       -|         -|        -|     -|        no|         -|         -|  203 (~0%)|    358 (~0%)|    -|
    |    o RELU_ROW_RELU_COL                             |     -|  8.75|        -|       -|         3|        1|     -|       yes|         -|         -|          -|            -|    -|
    |  + maxpool_2x2                                     |     -|  0.24|        -|       -|         -|        -|     -|        no|         -|    3 (1%)|  329 (~0%)|     706 (1%)|    -|
    |   + maxpool_2x2_Pipeline_POOL_ROW_POOL_COL         |     -|  0.33|        -|       -|         -|        -|     -|        no|         -|         -|  197 (~0%)|    446 (~0%)|    -|
    |    o POOL_ROW_POOL_COL                             |     -|  8.75|        -|       -|         3|        1|     -|       yes|         -|         -|          -|            -|    -|
    |  o LOAD_W_IC                                       |     -|  8.75|        -|       -|         -|        -|     -|        no|         -|         -|          -|            -|    -|
    |   + accel_top_Pipeline_LOAD_W_KH_LOAD_W_KW         |     -|  0.00|        -|       -|         -|        -|     -|        no|         -|         -|  496 (~0%)|     727 (1%)|    -|
    |    o LOAD_W_KH_LOAD_W_KW                           |     -|  8.75|        -|       -|        10|        1|     -|       yes|         -|         -|          -|            -|    -|
    |  o STORE_H                                         |     -|  8.75|        -|       -|         -|        -|     -|        no|         -|         -|          -|            -|    -|
    |   + accel_top_Pipeline_STORE_W                     |     -|  0.00|        -|       -|         -|        -|     -|        no|         -|         -|  177 (~0%)|    331 (~0%)|    -|
    |    o STORE_W                                       |     -|  8.75|        -|       -|         8|        1|     -|       yes|         -|         -|          -|            -|    -|
    +----------------------------------------------------+------+------+---------+--------+----------+---------+------+----------+----------+----------+-----------+-------------+-----+


================================================================
== HW Interfaces
================================================================
* M_AXI
+------------+------------+---------------+---------+--------+----------+-----------+--------------+--------------+-------------+-------------+
| Interface  | Data Width | Address Width | Latency | Offset | Register | Max Widen | Max Read     | Max Write    | Num Read    | Num Write   |
|            | (SW->HW)   |               |         |        |          | Bitwidth  | Burst Length | Burst Length | Outstanding | Outstanding |
+------------+------------+---------------+---------+--------+----------+-----------+--------------+--------------+-------------+-------------+
| m_axi_DATA | 8 -> 32    | 64            | 0       | slave  | 0        | 0         | 16           | 16           | 16          | 16          |
+------------+------------+---------------+---------+--------+----------+-----------+--------------+--------------+-------------+-------------+

* S_AXILITE Interfaces
+------------+------------+---------------+--------+----------+
| Interface  | Data Width | Address Width | Offset | Register |
+------------+------------+---------------+--------+----------+
| s_axi_CTRL | 32         | 8             | 16     | 0        |
+------------+------------+---------------+--------+----------+

* S_AXILITE Registers
+------------+---------------+--------+-------+--------+----------------------------------+----------------------------------------------------------------------+
| Interface  | Register      | Offset | Width | Access | Description                      | Bit Fields                                                           |
+------------+---------------+--------+-------+--------+----------------------------------+----------------------------------------------------------------------+
| s_axi_CTRL | CTRL          | 0x00   | 32    | RW     | Control signals                  | 0=AP_START 1=AP_DONE 2=AP_IDLE 3=AP_READY 7=AUTO_RESTART 9=INTERRUPT |
| s_axi_CTRL | GIER          | 0x04   | 32    | RW     | Global Interrupt Enable Register | 0=Enable                                                             |
| s_axi_CTRL | IP_IER        | 0x08   | 32    | RW     | IP Interrupt Enable Register     | 0=CHAN0_INT_EN 1=CHAN1_INT_EN                                        |
| s_axi_CTRL | IP_ISR        | 0x0c   | 32    | RW     | IP Interrupt Status Register     | 0=CHAN0_INT_ST 1=CHAN1_INT_ST                                        |
| s_axi_CTRL | input_data_1  | 0x10   | 32    | W      | Data signal of input_data        |                                                                      |
| s_axi_CTRL | input_data_2  | 0x14   | 32    | W      | Data signal of input_data        |                                                                      |
| s_axi_CTRL | weight_data_1 | 0x1c   | 32    | W      | Data signal of weight_data       |                                                                      |
| s_axi_CTRL | weight_data_2 | 0x20   | 32    | W      | Data signal of weight_data       |                                                                      |
| s_axi_CTRL | bias_data_1   | 0x28   | 32    | W      | Data signal of bias_data         |                                                                      |
| s_axi_CTRL | bias_data_2   | 0x2c   | 32    | W      | Data signal of bias_data         |                                                                      |
| s_axi_CTRL | output_data_1 | 0x34   | 32    | W      | Data signal of output_data       |                                                                      |
| s_axi_CTRL | output_data_2 | 0x38   | 32    | W      | Data signal of output_data       |                                                                      |
| s_axi_CTRL | kernel_size   | 0x40   | 32    | W      | Data signal of kernel_size       |                                                                      |
| s_axi_CTRL | in_channels   | 0x48   | 32    | W      | Data signal of in_channels       |                                                                      |
| s_axi_CTRL | out_channels  | 0x50   | 32    | W      | Data signal of out_channels      |                                                                      |
| s_axi_CTRL | in_height     | 0x58   | 32    | W      | Data signal of in_height         |                                                                      |
| s_axi_CTRL | in_width      | 0x60   | 32    | W      | Data signal of in_width          |                                                                      |
| s_axi_CTRL | stride        | 0x68   | 32    | W      | Data signal of stride            |                                                                      |
| s_axi_CTRL | padding       | 0x70   | 32    | W      | Data signal of padding           |                                                                      |
| s_axi_CTRL | relu_enable   | 0x78   | 32    | W      | Data signal of relu_enable       |                                                                      |
| s_axi_CTRL | pool_enable   | 0x80   | 32    | W      | Data signal of pool_enable       |                                                                      |
+------------+---------------+--------+-------+--------+----------------------------------+----------------------------------------------------------------------+

* TOP LEVEL CONTROL
+-----------+------------+-----------+
| Interface | Type       | Ports     |
+-----------+------------+-----------+
| ap_clk    | clock      | ap_clk    |
| ap_rst_n  | reset      | ap_rst_n  |
| interrupt | interrupt  | interrupt |
| ap_ctrl   | ap_ctrl_hs |           |
+-----------+------------+-----------+


================================================================
== SW I/O Information
================================================================
* Top Function Arguments
+--------------+-----------+-------------+
| Argument     | Direction | Datatype    |
+--------------+-----------+-------------+
| input_data   | inout     | ap_int<8>*  |
| weight_data  | inout     | ap_int<8>*  |
| bias_data    | inout     | ap_int<32>* |
| output_data  | inout     | ap_int<32>* |
| kernel_size  | in        | int         |
| in_channels  | in        | int         |
| out_channels | in        | int         |
| in_height    | in        | int         |
| in_width     | in        | int         |
| stride       | in        | int         |
| padding      | in        | int         |
| relu_enable  | in        | int         |
| pool_enable  | in        | int         |
+--------------+-----------+-------------+

* SW-to-HW Mapping
+--------------+--------------+-----------+----------+-----------------------------------------+
| Argument     | HW Interface | HW Type   | HW Usage | HW Info                                 |
+--------------+--------------+-----------+----------+-----------------------------------------+
| input_data   | m_axi_DATA   | interface |          |                                         |
| input_data   | s_axi_CTRL   | register  | offset   | name=input_data_1 offset=0x10 range=32  |
| input_data   | s_axi_CTRL   | register  | offset   | name=input_data_2 offset=0x14 range=32  |
| weight_data  | m_axi_DATA   | interface |          |                                         |
| weight_data  | s_axi_CTRL   | register  | offset   | name=weight_data_1 offset=0x1c range=32 |
| weight_data  | s_axi_CTRL   | register  | offset   | name=weight_data_2 offset=0x20 range=32 |
| bias_data    | m_axi_DATA   | interface |          |                                         |
| bias_data    | s_axi_CTRL   | register  | offset   | name=bias_data_1 offset=0x28 range=32   |
| bias_data    | s_axi_CTRL   | register  | offset   | name=bias_data_2 offset=0x2c range=32   |
| output_data  | m_axi_DATA   | interface |          |                                         |
| output_data  | s_axi_CTRL   | register  | offset   | name=output_data_1 offset=0x34 range=32 |
| output_data  | s_axi_CTRL   | register  | offset   | name=output_data_2 offset=0x38 range=32 |
| kernel_size  | s_axi_CTRL   | register  |          | name=kernel_size offset=0x40 range=32   |
| in_channels  | s_axi_CTRL   | register  |          | name=in_channels offset=0x48 range=32   |
| out_channels | s_axi_CTRL   | register  |          | name=out_channels offset=0x50 range=32  |
| in_height    | s_axi_CTRL   | register  |          | name=in_height offset=0x58 range=32     |
| in_width     | s_axi_CTRL   | register  |          | name=in_width offset=0x60 range=32      |
| stride       | s_axi_CTRL   | register  |          | name=stride offset=0x68 range=32        |
| padding      | s_axi_CTRL   | register  |          | name=padding offset=0x70 range=32       |
| relu_enable  | s_axi_CTRL   | register  |          | name=relu_enable offset=0x78 range=32   |
| pool_enable  | s_axi_CTRL   | register  |          | name=pool_enable offset=0x80 range=32   |
+--------------+--------------+-----------+----------+-----------------------------------------+


================================================================
== M_AXI Burst Information
================================================================
 Note: All burst requests might be further partitioned into multiple requests during RTL generation based on max_read_burst_length or max_write_burst_length settings.

* Inferred Bursts and Widening Missed
+--------------+-------------+--------------+------------------------------------------------------------------------------------------------------+------------+--------------------------+
| HW Interface | Variable    | Loop         | Problem                                                                                              | Resolution | Location                 |
+--------------+-------------+--------------+------------------------------------------------------------------------------------------------------+------------+--------------------------+
| m_axi_DATA   | input_data  | LOAD_INPUT_H | Access call is in the conditional branch                                                             | 214-232    | src/accel_top.cpp:88:23  |
| m_axi_DATA   | weight_data | LOAD_W_KH    | Stride is incompatible                                                                               | 214-230    | src/accel_top.cpp:116:24 |
| m_axi_DATA   | output_data | STORE_W      | Access store is in the conditional branch                                                            | 214-232    | src/accel_top.cpp:161:22 |
| m_axi_DATA   | output_data | STORE_W      | Access store is in the conditional branch                                                            | 214-232    | src/accel_top.cpp:161:22 |
| m_axi_DATA   | bias_data   |              | Access is clobbered by load                                                                          | 214-231    | src/accel_top.cpp:133:13 |
| m_axi_DATA   | weight_data | LOAD_W_KW    | Could not widen since type i8 size is greater than or equal to the max_widen_bitwidth threshold of 0 | 214-353    | src/accel_top.cpp:117:28 |
| m_axi_DATA   | input_data  | LOAD_INPUT_W | Could not widen since type i8 size is greater than or equal to the max_widen_bitwidth threshold of 0 | 214-353    | src/accel_top.cpp:89:27  |
+--------------+-------------+--------------+------------------------------------------------------------------------------------------------------+------------+--------------------------+

    * Resolution URL: www.xilinx.com/cgi-bin/docs/rdoc?v=2022.1;t=hls+guidance;d=XXX-YYY.html (replace XXX-YYY with column value)

================================================================
== Bind Op Report
================================================================
+--------------------------------------------------+-----+--------+-------------+-----+--------+---------+
| Name                                             | DSP | Pragma | Variable    | Op  | Impl   | Latency |
+--------------------------------------------------+-----+--------+-------------+-----+--------+---------+
| + accel_top                                      | 40  |        |             |     |        |         |
|   mul_31ns_32s_32_1_1_U107                       | 3   |        | mul_ln87    | mul | auto   | 0       |
|   mul_32ns_32ns_63_1_1_U108                      | 3   |        | mul_ln24    | mul | auto   | 0       |
|   add_ln87_fu_478_p2                             | -   |        | add_ln87    | add | fabric | 0       |
|   add_ln88_fu_497_p2                             | -   |        | add_ln88    | add | fabric | 0       |
|   out_height_fu_596_p2                           | -   |        | out_height  | add | fabric | 0       |
|   out_width_fu_602_p2                            | -   |        | out_width   | add | fabric | 0       |
|   sub_ln104_fu_635_p2                            | -   |        | sub_ln104   | sub | fabric | 0       |
|   sub_ln105_fu_590_p2                            | -   |        | sub_ln105   | sub | fabric | 0       |
|   mul_32s_32s_32_1_1_U111                        | 3   |        | mul_ln110   | mul | auto   | 0       |
|   mul_32ns_32ns_62_1_1_U112                      | 3   |        | mul_ln101   | mul | auto   | 0       |
|   add_ln110_fu_745_p2                            | -   |        | add_ln110   | add | fabric | 0       |
|   add_ln115_fu_756_p2                            | -   |        | add_ln115   | add | fabric | 0       |
|   sub_ln119_fu_778_p2                            | -   |        | sub_ln119   | sub | fabric | 0       |
|   add_ln116_fu_789_p2                            | -   |        | add_ln116   | add | fabric | 0       |
|   add_ln133_fu_810_p2                            | -   |        | add_ln133   | add | fabric | 0       |
|   add_ln160_1_fu_844_p2                          | -   |        | add_ln160_1 | add | fabric | 0       |
|   add_ln160_fu_887_p2                            | -   |        | add_ln160   | add | fabric | 0       |
|  + accel_top_Pipeline_LOAD_INPUT_H_LOAD_INPUT_W  | 3   |        |             |     |        |         |
|    add_ln88_fu_226_p2                            | -   |        | add_ln88    | add | fabric | 0       |
|    add_ln88_1_fu_235_p2                          | -   |        | add_ln88_1  | add | fabric | 0       |
|    add_ln91_1_fu_261_p2                          | -   |        | add_ln91_1  | add | fabric | 0       |
|    mul_31ns_31ns_32_1_1_U1                       | 3   |        | mul_ln88    | mul | auto   | 0       |
|    add_ln88_2_fu_317_p2                          | -   |        | add_ln88_2  | add | fabric | 0       |
|    add_ln91_4_fu_278_p2                          | -   |        | add_ln91_4  | add | fabric | 0       |
|    add_ln89_fu_288_p2                            | -   |        | add_ln89    | add | fabric | 0       |
|  + accel_top_Pipeline_LOAD_W_KH_LOAD_W_KW        | 0   |        |             |     |        |         |
|    add_ln116_fu_229_p2                           | -   |        | add_ln116   | add | fabric | 0       |
|    add_ln116_1_fu_241_p2                         | -   |        | add_ln116_1 | add | fabric | 0       |
|    add_ln116_2_fu_246_p2                         | -   |        | add_ln116_2 | add | fabric | 0       |
|    add_ln119_1_fu_272_p2                         | -   |        | add_ln119_1 | add | fabric | 0       |
|    add_ln117_fu_351_p2                           | -   |        | add_ln117   | add | fabric | 0       |
|  + conv_engine                                   | 19  |        |             |     |        |         |
|    out_height_fu_294_p2                          | -   |        | out_height  | add | fabric | 0       |
|    out_width_fu_300_p2                           | -   |        | out_width   | add | fabric | 0       |
|    mul_32ns_32ns_64_1_1_U37                      | 3   |        | bound       | mul | auto   | 0       |
|    mul_32ns_64ns_96_5_1_U38                      | 6   |        | bound4      | mul | auto   | 4       |
|    mul_32ns_32ns_64_1_1_U39                      | 3   |        | bound32     | mul | auto   | 0       |
|    add_ln36_1_fu_331_p2                          | -   |        | add_ln36_1  | add | fabric | 0       |
|    add_ln36_fu_343_p2                            | -   |        | add_ln36    | add | fabric | 0       |
|    mul_32s_32s_32_1_1_U40                        | 3   |        | mul_ln36    | mul | auto   | 0       |
|    sub_ln36_fu_420_p2                            | -   |        | sub_ln36    | sub | fabric | 0       |
|    mul_32s_32s_32_1_1_U41                        | 3   |        | mul_ln40    | mul | auto   | 0       |
|    sub_ln40_fu_425_p2                            | -   |        | sub_ln40    | sub | fabric | 0       |
|    add_ln63_fu_402_p2                            | -   |        | add_ln63    | add | fabric | 0       |
|    add_ln39_fu_470_p2                            | -   |        | add_ln39    | add | fabric | 0       |
|   + conv_engine_Pipeline_CONV_IC_CONV_KH_CONV_KW | 1   |        |             |     |        |         |
|     add_ln45_fu_304_p2                           | -   |        | add_ln45    | add | fabric | 0       |
|     add_ln43_1_fu_259_p2                         | -   |        | add_ln43_1  | add | fabric | 0       |
|     add_ln43_fu_340_p2                           | -   |        | add_ln43    | add | fabric | 0       |
|     sub_ln55_fu_388_p2                           | -   |        | sub_ln55    | sub | fabric | 0       |
|     add_ln44_fu_409_p2                           | -   |        | add_ln44    | add | fabric | 0       |
|     add_ln55_fu_440_p2                           | -   |        | add_ln55    | add | fabric | 0       |
|     add_ln45_1_fu_458_p2                         | -   |        | add_ln45_1  | add | fabric | 0       |
|     add_ln54_fu_489_p2                           | -   |        | add_ln54    | add | fabric | 0       |
|     add_ln51_1_fu_584_p2                         | -   |        | add_ln51_1  | add | fabric | 0       |
|     add_ln51_fu_606_p2                           | -   |        | add_ln51    | add | fabric | 0       |
|     add_ln54_1_fu_592_p2                         | -   |        | add_ln54_1  | add | fabric | 0       |
|     mac_muladd_8s_8s_32s_32_4_1_U20              | 1   |        | ret_V       | mul | dsp48  | 3       |
|     mac_muladd_8s_8s_32s_32_4_1_U20              | 1   |        | sum_V       | add | dsp48  | 3       |
|     add_ln48_fu_504_p2                           | -   |        | add_ln48    | add | fabric | 0       |
|     add_ln44_1_fu_273_p2                         | -   |        | add_ln44_1  | add | fabric | 0       |
|  + relu                                          | 3   |        |             |     |        |         |
|    mul_32ns_32ns_64_1_1_U69                      | 3   |        | bound       | mul | auto   | 0       |
|   + relu_Pipeline_RELU_ROW_RELU_COL              | 0   |        |             |     |        |         |
|     add_ln23_1_fu_179_p2                         | -   |        | add_ln23_1  | add | fabric | 0       |
|     add_ln23_fu_191_p2                           | -   |        | add_ln23    | add | fabric | 0       |
|     add_ln27_fu_254_p2                           | -   |        | add_ln27    | add | fabric | 0       |
|     add_ln24_fu_268_p2                           | -   |        | add_ln24    | add | fabric | 0       |
|  + maxpool_2x2                                   | 3   |        |             |     |        |         |
|    sub_ln22_fu_72_p2                             | -   |        | sub_ln22    | sub | fabric | 0       |
|    sub_ln22_1_fu_92_p2                           | -   |        | sub_ln22_1  | sub | fabric | 0       |
|    sub_ln23_fu_128_p2                            | -   |        | sub_ln23    | sub | fabric | 0       |
|    sub_ln23_1_fu_148_p2                          | -   |        | sub_ln23_1  | sub | fabric | 0       |
|    mul_32ns_32ns_64_1_1_U83                      | 3   |        | bound       | mul | auto   | 0       |
|   + maxpool_2x2_Pipeline_POOL_ROW_POOL_COL       | 0   |        |             |     |        |         |
|     add_ln25_1_fu_184_p2                         | -   |        | add_ln25_1  | add | fabric | 0       |
|     add_ln25_fu_193_p2                           | -   |        | add_ln25    | add | fabric | 0       |
|     add_ln29_fu_247_p2                           | -   |        | add_ln29    | add | fabric | 0       |
|     add_ln38_fu_261_p2                           | -   |        | add_ln38    | add | fabric | 0       |
|     add_ln26_fu_267_p2                           | -   |        | add_ln26    | add | fabric | 0       |
|  + accel_top_Pipeline_STORE_W                    | 0   |        |             |     |        |         |
|    add_ln161_fu_263_p2                           | -   |        | add_ln161   | add | fabric | 0       |
|    add_ln164_fu_276_p2                           | -   |        | add_ln164   | add | fabric | 0       |
|    add_ln166_fu_290_p2                           | -   |        | add_ln166   | add | fabric | 0       |
|    add_ln166_1_fu_308_p2                         | -   |        | add_ln166_1 | add | fabric | 0       |
|    add_ln166_2_fu_343_p2                         | -   |        | add_ln166_2 | add | fabric | 0       |
+--------------------------------------------------+-----+--------+-------------+-----+--------+---------+


================================================================
== Bind Storage Report
================================================================
+---------------------+------+------+--------+-----------------+---------+------+---------+
| Name                | BRAM | URAM | Pragma | Variable        | Storage | Impl | Latency |
+---------------------+------+------+--------+-----------------+---------+------+---------+
| + accel_top         | 40   | 0    |        |                 |         |      |         |
|   local_input_V_U   | 32   | -    | yes    | local_input_V   | ram_2p  | bram | 1       |
|   local_weights_V_U | 2    | -    | yes    | local_weights_V | ram_2p  | bram | 1       |
|   conv_output_V_U   | 1    | -    | yes    | conv_output_V   | ram_2p  | bram | 1       |
|   conv_output_V_1_U | 1    | -    | yes    | conv_output_V_1 | ram_2p  | bram | 1       |
|   conv_output_V_2_U | 1    | -    | yes    | conv_output_V_2 | ram_2p  | bram | 1       |
|   conv_output_V_3_U | 1    | -    | yes    | conv_output_V_3 | ram_2p  | bram | 1       |
|   pool_output_V_U   | 2    | -    | yes    | pool_output_V   | ram_2p  | bram | 1       |
+---------------------+------+------+--------+-----------------+---------+------+---------+


================================================================
== Pragma Report
================================================================
* Valid Pragma Syntax
+--------------+-------------------------------------------------------------+--------------------------------------------------+
| Type         | Options                                                     | Location                                         |
+--------------+-------------------------------------------------------------+--------------------------------------------------+
| interface    | m_axi port=input_data offset=slave bundle=DATA depth=65536  | src/accel_top.cpp:44 in accel_top, input_data    |
| interface    | m_axi port=weight_data offset=slave bundle=DATA depth=65536 | src/accel_top.cpp:45 in accel_top, weight_data   |
| interface    | m_axi port=bias_data offset=slave bundle=DATA depth=64      | src/accel_top.cpp:46 in accel_top, bias_data     |
| interface    | m_axi port=output_data offset=slave bundle=DATA depth=65536 | src/accel_top.cpp:47 in accel_top, output_data   |
| interface    | s_axilite port=input_data bundle=CTRL                       | src/accel_top.cpp:50 in accel_top, input_data    |
| interface    | s_axilite port=weight_data bundle=CTRL                      | src/accel_top.cpp:51 in accel_top, weight_data   |
| interface    | s_axilite port=bias_data bundle=CTRL                        | src/accel_top.cpp:52 in accel_top, bias_data     |
| interface    | s_axilite port=output_data bundle=CTRL                      | src/accel_top.cpp:53 in accel_top, output_data   |
| interface    | s_axilite port=kernel_size bundle=CTRL                      | src/accel_top.cpp:54 in accel_top, kernel_size   |
| interface    | s_axilite port=in_channels bundle=CTRL                      | src/accel_top.cpp:55 in accel_top, in_channels   |
| interface    | s_axilite port=out_channels bundle=CTRL                     | src/accel_top.cpp:56 in accel_top, out_channels  |
| interface    | s_axilite port=in_height bundle=CTRL                        | src/accel_top.cpp:57 in accel_top, in_height     |
| interface    | s_axilite port=in_width bundle=CTRL                         | src/accel_top.cpp:58 in accel_top, in_width      |
| interface    | s_axilite port=stride bundle=CTRL                           | src/accel_top.cpp:59 in accel_top, stride        |
| interface    | s_axilite port=padding bundle=CTRL                          | src/accel_top.cpp:60 in accel_top, padding       |
| interface    | s_axilite port=relu_enable bundle=CTRL                      | src/accel_top.cpp:61 in accel_top, relu_enable   |
| interface    | s_axilite port=pool_enable bundle=CTRL                      | src/accel_top.cpp:62 in accel_top, pool_enable   |
| interface    | s_axilite port=return bundle=CTRL                           | src/accel_top.cpp:63 in accel_top, return        |
| bind_storage | variable=local_input type=ram_2p impl=bram                  | src/accel_top.cpp:70 in accel_top, local_input   |
| bind_storage | variable=local_weights type=ram_2p impl=bram                | src/accel_top.cpp:73 in accel_top, local_weights |
| bind_storage | variable=conv_output type=ram_2p impl=bram                  | src/accel_top.cpp:76 in accel_top, conv_output   |
| bind_storage | variable=pool_output type=ram_2p impl=bram                  | src/accel_top.cpp:79 in accel_top, pool_output   |
| pipeline     | II=1                                                        | src/accel_top.cpp:90 in accel_top                |
| pipeline     | II=1                                                        | src/accel_top.cpp:118 in accel_top               |
| pipeline     | II=1                                                        | src/accel_top.cpp:162 in accel_top               |
| inline       | off                                                         | src/conv_engine.cpp:31 in conv_engine            |
| pipeline     | II=1                                                        | src/conv_engine.cpp:49 in conv_engine            |
| inline       | off                                                         | src/maxpool.cpp:20 in maxpool_2x2                |
| pipeline     | II=1                                                        | src/maxpool.cpp:27 in maxpool_2x2                |
| inline       | off                                                         | src/relu.cpp:21 in relu                          |
| pipeline     | II=1                                                        | src/relu.cpp:25 in relu                          |
+--------------+-------------------------------------------------------------+--------------------------------------------------+

* Inferred Pragmas
+-----------------------------+-----------------+-------------------------------------------------+-----------------------------------+
| Source Pragma               | Inferred Pragma | Options                                         | Location                          |
+-----------------------------+-----------------+-------------------------------------------------+-----------------------------------+
| pipeline src/maxpool.cpp:27 | array_partition | dim=1 type=cyclic factor=2 variable=conv_output | variable conv_output in accel_top |
| pipeline src/maxpool.cpp:27 | array_partition | dim=2 type=cyclic factor=2 variable=conv_output | variable conv_output in accel_top |
+-----------------------------+-----------------+-------------------------------------------------+-----------------------------------+


