

================================================================
== Vitis HLS Report for 'maxpool_2x2_Pipeline_POOL_ROW_POOL_COL'
================================================================
* Date:           Fri Aug 21 20:16:15 2026

* Version:        2022.1 (Build 3526262 on Mon Apr 18 15:48:16 MDT 2022)
* Project:        cnn_accelerator
* Solution:       solution1 (Vivado IP Flow Target)
* Product family: zynq
* Target device:  xc7z020-clg484-1


================================================================
== Performance Estimates
================================================================
+ Timing: 
    * Summary: 
    +--------+----------+----------+------------+
    |  Clock |  Target  | Estimated| Uncertainty|
    +--------+----------+----------+------------+
    |ap_clk  |  10.00 ns|  8.419 ns|     1.25 ns|
    +--------+----------+----------+------------+

+ Latency: 
    * Summary: 
    +---------+---------+----------+----------+-----+-----+---------+
    |  Latency (cycles) |  Latency (absolute) |  Interval | Pipeline|
    |   min   |   max   |    min   |    max   | min | max |   Type  |
    +---------+---------+----------+----------+-----+-----+---------+
    |        ?|        ?|         ?|         ?|    ?|    ?|       no|
    +---------+---------+----------+----------+-----+-----+---------+

    + Detail: 
        * Instance: 
        N/A

        * Loop: 
        +---------------------+---------+---------+----------+-----------+-----------+------+----------+
        |                     |  Latency (cycles) | Iteration|  Initiation Interval  | Trip |          |
        |      Loop Name      |   min   |   max   |  Latency |  achieved |   target  | Count| Pipelined|
        +---------------------+---------+---------+----------+-----------+-----------+------+----------+
        |- POOL_ROW_POOL_COL  |        ?|        ?|         3|          1|          1|     ?|       yes|
        +---------------------+---------+---------+----------+-----------+-----------+------+----------+



================================================================
== Utilization Estimates
================================================================
* Summary: 
+-----------------+---------+-----+--------+-------+-----+
|       Name      | BRAM_18K| DSP |   FF   |  LUT  | URAM|
+-----------------+---------+-----+--------+-------+-----+
|DSP              |        -|    -|       -|      -|    -|
|Expression       |        -|    -|       0|    392|    -|
|FIFO             |        -|    -|       -|      -|    -|
|Instance         |        -|    -|       -|      -|    -|
|Memory           |        -|    -|       -|      -|    -|
|Multiplexer      |        -|    -|       -|     54|    -|
|Register         |        -|    -|     197|      -|    -|
+-----------------+---------+-----+--------+-------+-----+
|Total            |        0|    0|     197|    446|    0|
+-----------------+---------+-----+--------+-------+-----+
|Available        |      280|  220|  106400|  53200|    0|
+-----------------+---------+-----+--------+-------+-----+
|Utilization (%)  |        0|    0|      ~0|     ~0|    0|
+-----------------+---------+-----+--------+-------+-----+

+ Detail: 
    * Instance: 
    N/A

    * DSP: 
    N/A

    * Memory: 
    N/A

    * FIFO: 
    N/A

    * Expression: 
    +-------------------------+----------+----+---+----+------------+------------+
    |      Variable Name      | Operation| DSP| FF| LUT| Bitwidth P0| Bitwidth P1|
    +-------------------------+----------+----+---+----+------------+------------+
    |add_ln25_1_fu_184_p2     |         +|   0|  0|  71|          64|           1|
    |add_ln25_fu_193_p2       |         +|   0|  0|  39|          32|           1|
    |add_ln26_fu_267_p2       |         +|   0|  0|  12|          11|           1|
    |add_ln29_fu_247_p2       |         +|   0|  0|  15|           8|           8|
    |add_ln38_fu_261_p2       |         +|   0|  0|  13|          10|          10|
    |icmp_ln1081_1_fu_302_p2  |      icmp|   0|  0|  18|          32|          32|
    |icmp_ln1081_2_fu_320_p2  |      icmp|   0|  0|  18|          32|          32|
    |icmp_ln1081_fu_288_p2    |      icmp|   0|  0|  18|          32|          32|
    |icmp_ln25_fu_179_p2      |      icmp|   0|  0|  29|          64|          64|
    |icmp_ln26_fu_174_p2      |      icmp|   0|  0|  18|          32|          32|
    |output_r_d1              |    select|   0|  0|  32|           1|          32|
    |select_ln25_1_fu_207_p3  |    select|   0|  0|  32|           1|          32|
    |select_ln25_fu_199_p3    |    select|   0|  0|  11|           1|           1|
    |select_ln34_fu_294_p3    |    select|   0|  0|  32|           1|          32|
    |select_ln35_fu_308_p3    |    select|   0|  0|  32|           1|          32|
    |ap_enable_pp0            |       xor|   0|  0|   2|           1|           2|
    +-------------------------+----------+----+---+----+------------+------------+
    |Total                    |          |   0|  0| 392|         323|         344|
    +-------------------------+----------+----+---+----+------------+------------+

    * Multiplexer: 
    +-------------------------+----+-----------+-----+-----------+
    |           Name          | LUT| Input Size| Bits| Total Bits|
    +-------------------------+----+-----------+-----+-----------+
    |ap_done_int              |   9|          2|    1|          2|
    |ap_enable_reg_pp0_iter1  |   9|          2|    1|          2|
    |ap_enable_reg_pp0_iter2  |   9|          2|    1|          2|
    |indvar_flatten_fu_64     |   9|          2|   64|        128|
    |oh_fu_60                 |   9|          2|   32|         64|
    |ow_fu_56                 |   9|          2|   11|         22|
    +-------------------------+----+-----------+-----+-----------+
    |Total                    |  54|         12|  110|        220|
    +-------------------------+----+-----------+-----+-----------+

    * Register: 
    +----------------------------------+----+----+-----+-----------+
    |               Name               | FF | LUT| Bits| Const Bits|
    +----------------------------------+----+----+-----+-----------+
    |add_ln38_reg_386                  |  10|   0|   10|          0|
    |add_ln38_reg_386_pp0_iter2_reg    |  10|   0|   10|          0|
    |ap_CS_fsm                         |   1|   0|    1|          0|
    |ap_done_reg                       |   1|   0|    1|          0|
    |ap_enable_reg_pp0_iter1           |   1|   0|    1|          0|
    |ap_enable_reg_pp0_iter2           |   1|   0|    1|          0|
    |ap_enable_reg_pp0_iter3           |   1|   0|    1|          0|
    |ap_loop_exit_ready_pp0_iter2_reg  |   1|   0|    1|          0|
    |indvar_flatten_fu_64              |  64|   0|   64|          0|
    |oh_fu_60                          |  32|   0|   32|          0|
    |ow_fu_56                          |  11|   0|   11|          0|
    |select_ln34_reg_391               |  32|   0|   32|          0|
    |select_ln35_reg_397               |  32|   0|   32|          0|
    +----------------------------------+----+----+-----+-----------+
    |Total                             | 197|   0|  197|          0|
    +----------------------------------+----+----+-----+-----------+



================================================================
== Interface
================================================================
* Summary: 
+--------------------+-----+-----+------------+----------------------------------------+--------------+
|      RTL Ports     | Dir | Bits|  Protocol  |              Source Object             |    C Type    |
+--------------------+-----+-----+------------+----------------------------------------+--------------+
|ap_clk              |   in|    1|  ap_ctrl_hs|  maxpool_2x2_Pipeline_POOL_ROW_POOL_COL|  return value|
|ap_rst              |   in|    1|  ap_ctrl_hs|  maxpool_2x2_Pipeline_POOL_ROW_POOL_COL|  return value|
|ap_start            |   in|    1|  ap_ctrl_hs|  maxpool_2x2_Pipeline_POOL_ROW_POOL_COL|  return value|
|ap_done             |  out|    1|  ap_ctrl_hs|  maxpool_2x2_Pipeline_POOL_ROW_POOL_COL|  return value|
|ap_idle             |  out|    1|  ap_ctrl_hs|  maxpool_2x2_Pipeline_POOL_ROW_POOL_COL|  return value|
|ap_ready            |  out|    1|  ap_ctrl_hs|  maxpool_2x2_Pipeline_POOL_ROW_POOL_COL|  return value|
|out_width           |   in|   32|     ap_none|                               out_width|        scalar|
|bound               |   in|   64|     ap_none|                                   bound|        scalar|
|input_0_0_address0  |  out|    8|   ap_memory|                               input_0_0|         array|
|input_0_0_ce0       |  out|    1|   ap_memory|                               input_0_0|         array|
|input_0_0_q0        |   in|   32|   ap_memory|                               input_0_0|         array|
|input_0_1_address0  |  out|    8|   ap_memory|                               input_0_1|         array|
|input_0_1_ce0       |  out|    1|   ap_memory|                               input_0_1|         array|
|input_0_1_q0        |   in|   32|   ap_memory|                               input_0_1|         array|
|input_1_0_address0  |  out|    8|   ap_memory|                               input_1_0|         array|
|input_1_0_ce0       |  out|    1|   ap_memory|                               input_1_0|         array|
|input_1_0_q0        |   in|   32|   ap_memory|                               input_1_0|         array|
|input_1_1_address0  |  out|    8|   ap_memory|                               input_1_1|         array|
|input_1_1_ce0       |  out|    1|   ap_memory|                               input_1_1|         array|
|input_1_1_q0        |   in|   32|   ap_memory|                               input_1_1|         array|
|output_r_address1   |  out|   10|   ap_memory|                                output_r|         array|
|output_r_ce1        |  out|    1|   ap_memory|                                output_r|         array|
|output_r_we1        |  out|    1|   ap_memory|                                output_r|         array|
|output_r_d1         |  out|   32|   ap_memory|                                output_r|         array|
+--------------------+-----+-----+------------+----------------------------------------+--------------+

