

================================================================
== Vitis HLS Report for 'maxpool_2x2'
================================================================
* Date:           Fri Aug 21 20:16:15 2026

* Version:        2022.1 (Build 3526262 on Mon Apr 18 15:48:16 MDT 2022)
* Project:        cnn_accelerator
* Solution:       solution1 (Vivado IP Flow Target)
* Product family: zynq
* Target device:  xc7z020-clg484-1


================================================================
== Performance Estimates
================================================================
+ Timing: 
    * Summary: 
    +--------+----------+----------+------------+
    |  Clock |  Target  | Estimated| Uncertainty|
    +--------+----------+----------+------------+
    |ap_clk  |  10.00 ns|  8.510 ns|     1.25 ns|
    +--------+----------+----------+------------+

+ Latency: 
    * Summary: 
    +---------+---------+----------+----------+-----+-----+---------+
    |  Latency (cycles) |  Latency (absolute) |  Interval | Pipeline|
    |   min   |   max   |    min   |    max   | min | max |   Type  |
    +---------+---------+----------+----------+-----+-----+---------+
    |        ?|        ?|         ?|         ?|    ?|    ?|       no|
    +---------+---------+----------+----------+-----+-----+---------+

    + Detail: 
        * Instance: 
        +--------------------------------------------------+----------------------------------------+---------+---------+----------+----------+-----+-----+---------+
        |                                                  |                                        |  Latency (cycles) |  Latency (absolute) |  Interval | Pipeline|
        |                     Instance                     |                 Module                 |   min   |   max   |    min   |    max   | min | max |   Type  |
        +--------------------------------------------------+----------------------------------------+---------+---------+----------+----------+-----+-----+---------+
        |grp_maxpool_2x2_Pipeline_POOL_ROW_POOL_COL_fu_48  |maxpool_2x2_Pipeline_POOL_ROW_POOL_COL  |        ?|        ?|         ?|         ?|    ?|    ?|       no|
        +--------------------------------------------------+----------------------------------------+---------+---------+----------+----------+-----+-----+---------+

        * Loop: 
        N/A



================================================================
== Utilization Estimates
================================================================
* Summary: 
+-----------------+---------+-----+--------+-------+-----+
|       Name      | BRAM_18K| DSP |   FF   |  LUT  | URAM|
+-----------------+---------+-----+--------+-------+-----+
|DSP              |        -|    -|       -|      -|    -|
|Expression       |        -|    -|       0|    220|    -|
|FIFO             |        -|    -|       -|      -|    -|
|Instance         |        -|    3|     197|    466|    -|
|Memory           |        -|    -|       -|      -|    -|
|Multiplexer      |        -|    -|       -|     20|    -|
|Register         |        -|    -|     132|      -|    -|
+-----------------+---------+-----+--------+-------+-----+
|Total            |        0|    3|     329|    706|    0|
+-----------------+---------+-----+--------+-------+-----+
|Available        |      280|  220|  106400|  53200|    0|
+-----------------+---------+-----+--------+-------+-----+
|Utilization (%)  |        0|    1|      ~0|      1|    0|
+-----------------+---------+-----+--------+-------+-----+

+ Detail: 
    * Instance: 
    +--------------------------------------------------+----------------------------------------+---------+----+-----+-----+-----+
    |                     Instance                     |                 Module                 | BRAM_18K| DSP|  FF | LUT | URAM|
    +--------------------------------------------------+----------------------------------------+---------+----+-----+-----+-----+
    |grp_maxpool_2x2_Pipeline_POOL_ROW_POOL_COL_fu_48  |maxpool_2x2_Pipeline_POOL_ROW_POOL_COL  |        0|   0|  197|  446|    0|
    |mul_32ns_32ns_64_1_1_U83                          |mul_32ns_32ns_64_1_1                    |        0|   3|    0|   20|    0|
    +--------------------------------------------------+----------------------------------------+---------+----+-----+-----+-----+
    |Total                                             |                                        |        0|   3|  197|  466|    0|
    +--------------------------------------------------+----------------------------------------+---------+----+-----+-----+-----+

    * DSP: 
    N/A

    * Memory: 
    N/A

    * FIFO: 
    N/A

    * Expression: 
    +----------------------+----------+----+---+----+------------+------------+
    |     Variable Name    | Operation| DSP| FF| LUT| Bitwidth P0| Bitwidth P1|
    +----------------------+----------+----+---+----+------------+------------+
    |sub_ln22_1_fu_92_p2   |         -|   0|  0|  39|           1|          32|
    |sub_ln22_fu_72_p2     |         -|   0|  0|  39|           1|          32|
    |sub_ln23_1_fu_148_p2  |         -|   0|  0|  39|           1|          32|
    |sub_ln23_fu_128_p2    |         -|   0|  0|  39|           1|          32|
    |out_height_fu_112_p3  |    select|   0|  0|  32|           1|          32|
    |out_width_fu_168_p3   |    select|   0|  0|  32|           1|          32|
    +----------------------+----------+----+---+----+------------+------------+
    |Total                 |          |   0|  0| 220|           6|         192|
    +----------------------+----------+----+---+----+------------+------------+

    * Multiplexer: 
    +-----------+----+-----------+-----+-----------+
    |    Name   | LUT| Input Size| Bits| Total Bits|
    +-----------+----+-----------+-----+-----------+
    |ap_NS_fsm  |  20|          4|    1|          4|
    +-----------+----+-----------+-----+-----------+
    |Total      |  20|          4|    1|          4|
    +-----------+----+-----------+-----+-----------+

    * Register: 
    +---------------------------------------------------------------+----+----+-----+-----------+
    |                              Name                             | FF | LUT| Bits| Const Bits|
    +---------------------------------------------------------------+----+----+-----+-----------+
    |ap_CS_fsm                                                      |   3|   0|    3|          0|
    |bound_reg_200                                                  |  64|   0|   64|          0|
    |grp_maxpool_2x2_Pipeline_POOL_ROW_POOL_COL_fu_48_ap_start_reg  |   1|   0|    1|          0|
    |out_height_reg_189                                             |  32|   0|   32|          0|
    |out_width_reg_194                                              |  32|   0|   32|          0|
    +---------------------------------------------------------------+----+----+-----+-----------+
    |Total                                                          | 132|   0|  132|          0|
    +---------------------------------------------------------------+----+----+-----+-----------+



================================================================
== Interface
================================================================
* Summary: 
+--------------------+-----+-----+------------+--------------+--------------+
|      RTL Ports     | Dir | Bits|  Protocol  | Source Object|    C Type    |
+--------------------+-----+-----+------------+--------------+--------------+
|ap_clk              |   in|    1|  ap_ctrl_hs|   maxpool_2x2|  return value|
|ap_rst              |   in|    1|  ap_ctrl_hs|   maxpool_2x2|  return value|
|ap_start            |   in|    1|  ap_ctrl_hs|   maxpool_2x2|  return value|
|ap_done             |  out|    1|  ap_ctrl_hs|   maxpool_2x2|  return value|
|ap_idle             |  out|    1|  ap_ctrl_hs|   maxpool_2x2|  return value|
|ap_ready            |  out|    1|  ap_ctrl_hs|   maxpool_2x2|  return value|
|input_0_0_address0  |  out|    8|   ap_memory|     input_0_0|         array|
|input_0_0_ce0       |  out|    1|   ap_memory|     input_0_0|         array|
|input_0_0_q0        |   in|   32|   ap_memory|     input_0_0|         array|
|input_0_1_address0  |  out|    8|   ap_memory|     input_0_1|         array|
|input_0_1_ce0       |  out|    1|   ap_memory|     input_0_1|         array|
|input_0_1_q0        |   in|   32|   ap_memory|     input_0_1|         array|
|input_1_0_address0  |  out|    8|   ap_memory|     input_1_0|         array|
|input_1_0_ce0       |  out|    1|   ap_memory|     input_1_0|         array|
|input_1_0_q0        |   in|   32|   ap_memory|     input_1_0|         array|
|input_1_1_address0  |  out|    8|   ap_memory|     input_1_1|         array|
|input_1_1_ce0       |  out|    1|   ap_memory|     input_1_1|         array|
|input_1_1_q0        |   in|   32|   ap_memory|     input_1_1|         array|
|output_r_address1   |  out|   10|   ap_memory|      output_r|         array|
|output_r_ce1        |  out|    1|   ap_memory|      output_r|         array|
|output_r_we1        |  out|    1|   ap_memory|      output_r|         array|
|output_r_d1         |  out|   32|   ap_memory|      output_r|         array|
|in_height           |   in|   32|     ap_none|     in_height|        scalar|
|in_width            |   in|   32|     ap_none|      in_width|        scalar|
+--------------------+-----+-----+------------+--------------+--------------+

